
COMMAND ["C:\\nvm4w\\nodejs\\node.exe","tools/fairpane.mjs","corpus-fetch","opentype-fixtures"]
Download https://github.com/notofonts/latin-greek-cyrillic/releases/download/NotoSans-v2.015/NotoSans-v2.015.zip
Stored https://github.com/notofonts/latin-greek-cyrillic/releases/download/NotoSans-v2.015/NotoSans-v2.015.zip: 117491253 bytes, SHA-256 0c34df072a3fa7efbb7cbf34950e1f971a4447cffe365d3a359e2d4089b958f5
Run ["C:\\Program Files\\Git\\cmd\\git.exe","--no-replace-objects","ls-remote","https://github.com/notofonts/latin-greek-cyrillic","refs/tags/NotoSans-v2.015","refs/tags/NotoSans-v2.015^{}"]
0aabc14885f9edaf467f05a2499a1a00c09f0b56	refs/tags/NotoSans-v2.015
c4a321e123e4d4ff315f57f4e0adf294fe3a95be	refs/tags/NotoSans-v2.015^{}
Inventory of noto-sans: 375 file members, 214039017 bytes, SHA-256 7a89803f84f9f2d467a638fde34d41e21ca27db2a872214ad4932d4f766393f6
Download https://github.com/notofonts/arabic/releases/download/NotoSansArabic-v2.013/NotoSansArabic-v2.013.zip
Stored https://github.com/notofonts/arabic/releases/download/NotoSansArabic-v2.013/NotoSansArabic-v2.013.zip: 18777381 bytes, SHA-256 1301aceaea84c501cf2e6dcfb3182e2328c8eae5725817fcb239672bda7154f1
Run ["C:\\Program Files\\Git\\cmd\\git.exe","--no-replace-objects","ls-remote","https://github.com/notofonts/arabic","refs/tags/NotoSansArabic-v2.013","refs/tags/NotoSansArabic-v2.013^{}"]
00a10b6c8d8c33154133ae8b849a28cff4df1b78	refs/tags/NotoSansArabic-v2.013
1b2b7e5c6ce3ab4d50681c854892325530084c35	refs/tags/NotoSansArabic-v2.013^{}
Inventory of noto-sans-arabic: 190 file members, 36522259 bytes, SHA-256 b514d6c53440bec68de505c3ad51dbc3751b319c6acc613566681a20d8ca28f3
Download https://github.com/notofonts/devanagari/releases/download/NotoSansDevanagari-v2.007/NotoSansDevanagari-v2.007.zip
Stored https://github.com/notofonts/devanagari/releases/download/NotoSansDevanagari-v2.007/NotoSansDevanagari-v2.007.zip: 18449254 bytes, SHA-256 820c7da45b1e63562cb41c0a8cac5d9a4202312043a3a040ed1325857ef469b1
Run ["C:\\Program Files\\Git\\cmd\\git.exe","--no-replace-objects","ls-remote","https://github.com/notofonts/devanagari","refs/tags/NotoSansDevanagari-v2.007","refs/tags/NotoSansDevanagari-v2.007^{}"]
28eb70b4e0527c1c17eabf47f21b3e573971e2f1	refs/tags/NotoSansDevanagari-v2.007
e123d230c160ebe949d731cc19017cdb354180d1	refs/tags/NotoSansDevanagari-v2.007^{}
Inventory of noto-sans-devanagari: 190 file members, 39343602 bytes, SHA-256 c846b179249d8a4e7f4104a70780b14ee0408d5edc4616b2f1c1235a551d9999
Download https://raw.githubusercontent.com/notofonts/noto-cjk/Sans2.004/Sans/OTF/Japanese/NotoSansCJKjp-Regular.otf
Stored https://raw.githubusercontent.com/notofonts/noto-cjk/Sans2.004/Sans/OTF/Japanese/NotoSansCJKjp-Regular.otf: 16467736 bytes, SHA-256 68a3fc98800b2a27b371f2fb79991daf3633bd89309d4ffaa6946fd587f375b5
Run ["C:\\Program Files\\Git\\cmd\\git.exe","--no-replace-objects","ls-remote","https://github.com/notofonts/noto-cjk","refs/tags/Sans2.004","refs/tags/Sans2.004^{}"]
523d033d6cb47f4a80c58a35753646f5c3608a78	refs/tags/Sans2.004
Download https://raw.githubusercontent.com/notofonts/noto-cjk/Sans2.004/LICENSE
Stored https://raw.githubusercontent.com/notofonts/noto-cjk/Sans2.004/LICENSE: 4301 bytes, SHA-256 6a73f9541c2de74158c0e7cf6b0a58ef774f5a780bf191f2d7ec9cc53efe2bf2
Run ["C:\\Program Files\\Git\\cmd\\git.exe","--no-replace-objects","ls-remote","https://github.com/notofonts/noto-cjk","refs/tags/Sans2.004","refs/tags/Sans2.004^{}"]
523d033d6cb47f4a80c58a35753646f5c3608a78	refs/tags/Sans2.004
{
  "result": "pass",
  "corpus": "opentype-fixtures",
  "kind": "file-set",
  "record": "specs/snapshots/opentype-fixtures.json",
  "version": "fixtures-1",
  "sources": [
    {
      "id": "noto-sans",
      "size": 117491253,
      "sha256": "0c34df072a3fa7efbb7cbf34950e1f971a4447cffe365d3a359e2d4089b958f5",
      "release": {
        "name": "NotoSans-v2.015",
        "repository": "https://github.com/notofonts/latin-greek-cyrillic",
        "tag": "NotoSans-v2.015",
        "commit": "c4a321e123e4d4ff315f57f4e0adf294fe3a95be"
      },
      "inventory": {
        "entry_count": 375,
        "total_bytes": 214039017,
        "sha256": "7a89803f84f9f2d467a638fde34d41e21ca27db2a872214ad4932d4f766393f6"
      }
    },
    {
      "id": "noto-sans-arabic",
      "size": 18777381,
      "sha256": "1301aceaea84c501cf2e6dcfb3182e2328c8eae5725817fcb239672bda7154f1",
      "release": {
        "name": "NotoSansArabic-v2.013",
        "repository": "https://github.com/notofonts/arabic",
        "tag": "NotoSansArabic-v2.013",
        "commit": "1b2b7e5c6ce3ab4d50681c854892325530084c35"
      },
      "inventory": {
        "entry_count": 190,
        "total_bytes": 36522259,
        "sha256": "b514d6c53440bec68de505c3ad51dbc3751b319c6acc613566681a20d8ca28f3"
      }
    },
    {
      "id": "noto-sans-devanagari",
      "size": 18449254,
      "sha256": "820c7da45b1e63562cb41c0a8cac5d9a4202312043a3a040ed1325857ef469b1",
      "release": {
        "name": "NotoSansDevanagari-v2.007",
        "repository": "https://github.com/notofonts/devanagari",
        "tag": "NotoSansDevanagari-v2.007",
        "commit": "e123d230c160ebe949d731cc19017cdb354180d1"
      },
      "inventory": {
        "entry_count": 190,
        "total_bytes": 39343602,
        "sha256": "c846b179249d8a4e7f4104a70780b14ee0408d5edc4616b2f1c1235a551d9999"
      }
    },
    {
      "id": "noto-cjk-otf",
      "size": 16467736,
      "sha256": "68a3fc98800b2a27b371f2fb79991daf3633bd89309d4ffaa6946fd587f375b5",
      "release": {
        "name": "Sans2.004",
        "repository": "https://github.com/notofonts/noto-cjk",
        "tag": "Sans2.004",
        "commit": "523d033d6cb47f4a80c58a35753646f5c3608a78"
      }
    },
    {
      "id": "noto-cjk-license",
      "size": 4301,
      "sha256": "6a73f9541c2de74158c0e7cf6b0a58ef774f5a780bf191f2d7ec9cc53efe2bf2",
      "release": {
        "name": "Sans2.004",
        "repository": "https://github.com/notofonts/noto-cjk",
        "tag": "Sans2.004",
        "commit": "523d033d6cb47f4a80c58a35753646f5c3608a78"
      }
    }
  ],
  "selected": [
    {
      "path": "tests/text/fonts/noto-sans/NotoSans-Regular.ttf",
      "size": 431364,
      "sha256": "f3961a9cde016d41a4879aecda1474d3a36d6bf54fa0e4643de029cc2248b0e8"
    },
    {
      "path": "tests/text/fonts/noto-sans/OFL.txt",
      "size": 4396,
      "sha256": "cee9892f9f0cc8fe882c9e9537ee6a89621d86ee7ceaf70b02e2b2b1c25c061a"
    },
    {
      "path": "tests/text/fonts/noto-sans-arabic/NotoSansArabic-Regular.ttf",
      "size": 142140,
      "sha256": "bd86ca02f087d7f3c3788ba458fb6b73744c7639ed276b8d870dba6def6c40d0"
    },
    {
      "path": "tests/text/fonts/noto-sans-arabic/OFL.txt",
      "size": 4382,
      "sha256": "a7a5a25eb188bf1cd96982030d53e23c33485c69b1044a562254226857ee13af"
    },
    {
      "path": "tests/text/fonts/noto-sans-devanagari/NotoSansDevanagari-Regular.ttf",
      "size": 184228,
      "sha256": "9c7d935139ea6a1e6ad9dbac4f6d27ece1e04bca8123c8888d00a0f9df4724cd"
    },
    {
      "path": "tests/text/fonts/noto-sans-devanagari/OFL.txt",
      "size": 4386,
      "sha256": "a216f6f8d85c7228093e0ee5e258d9d377e6671f68acb4db1930b29583d0f331"
    },
    {
      "path": "tests/text/fonts/noto-sans-cjk-jp-subset/LICENSE",
      "size": 4301,
      "sha256": "6a73f9541c2de74158c0e7cf6b0a58ef774f5a780bf191f2d7ec9cc53efe2bf2"
    }
  ],
  "source_listing_sha256": "ce84ce970775ec86b39e1045d1622f2ddc5829df0a05844fd1569595cb150e34"
}
RESULT {"executable":"C:\\nvm4w\\nodejs\\node.exe","arguments":["tools/fairpane.mjs","corpus-fetch","opentype-fixtures"],"cwd":"C:\\Users\\requi\\.omp\\wt\\td072b9a64\\m","started_at":"2026-10-09T05:15:04.174Z","exit_code":0,"signal":null,"timed_out":false,"error":null,"duration_ms":74220,"environment_overrides":{"FAIRPANE_CORPORA_DIR":"C:\\src\\fairpane\\.tools\\corpora"}}
