
COMMAND ["C:\\Program Files\\nodejs\\node.exe","tools/fairpane.mjs","corpus-derive","opentype-fixtures"]
Verified 350 installed fontTools files against the RECORD of C:\Users\requi\.omp\wt\t2dec3085f\m\.tools\downloads\fonttools-4.66.1-py3-none-any.whl.
Run ["C:\\Users\\requi\\.omp\\wt\\t2dec3085f\\m\\.tools\\python\\fonttools-4.66.1\\Scripts\\python.exe","-m","fontTools.subset","C:/src/fairpane/.tools/corpora/opentype-fixtures/sources/noto-cjk/NotoSansCJKjp-Regular.otf","--unicodes=U+0020,U+3001,U+3002,U+3053,U+3055,U+3061,U+306A,U+306B,U+306E,U+306F,U+307F,U+3093,U+30AB,U+30FC,U+4E16,U+754C,U+AD6D,U+C5B4,U+D55C,U+20BB7","--layout-features=*","--name-IDs=0,7,13,14","--notdef-outline","--output-file=C:\\src\\fairpane\\.tools\\corpora\\opentype-fixtures.derive\\cjk-subset.otf"] in C:\src\fairpane\.tools\corpora\opentype-fixtures.derive
Derived tests/text/fonts/noto-sans-cjk-jp-subset/cjk-subset.otf: 9564 bytes, SHA-256 3f435bdd8198e124e9cbbbad75fa1fb4156dac25ba163d0d1386e3afb682a83c
{
  "result": "pass",
  "corpus": "opentype-fixtures",
  "derived": [
    {
      "path": "tests/text/fonts/noto-sans-cjk-jp-subset/cjk-subset.otf",
      "size": 9564,
      "sha256": "3f435bdd8198e124e9cbbbad75fa1fb4156dac25ba163d0d1386e3afb682a83c",
      "input": {
        "source": "noto-cjk-otf",
        "sha256": "68a3fc98800b2a27b371f2fb79991daf3633bd89309d4ffaa6946fd587f375b5"
      },
      "tool": {
        "name": "fontTools",
        "version": "4.66.1",
        "wheel_url": "https://files.pythonhosted.org/packages/f6/10/d45b74135d5d642cb3a4fb0a957c1613ef93de4c8548671dfc3a5bf38299/fonttools-4.66.1-py3-none-any.whl",
        "wheel_sha256": "7234ae9e28db64273fbbfa72caebd0a97e3bdba6b05064114741b9539ef339d0",
        "python": "3.13.15"
      },
      "argv": [
        "-m",
        "fontTools.subset",
        "<corpora-root>/opentype-fixtures/sources/noto-cjk/NotoSansCJKjp-Regular.otf",
        "--unicodes=U+0020,U+3001,U+3002,U+3053,U+3055,U+3061,U+306A,U+306B,U+306E,U+306F,U+307F,U+3093,U+30AB,U+30FC,U+4E16,U+754C,U+AD6D,U+C5B4,U+D55C,U+20BB7",
        "--layout-features=*",
        "--name-IDs=0,7,13,14",
        "--notdef-outline",
        "--output-file=<output>"
      ],
      "license_path": "tests/text/fonts/noto-sans-cjk-jp-subset/LICENSE",
      "copyright": "© 2014-2021 Adobe (http://www.adobe.com/).",
      "reserved_font_names": [],
      "rfn_resolution": "The subset is an OFL Modified Version distributed only under the OFL with the upstream LICENSE beside it. The OFL makes a Reserved Font Name a name stated after a copyright statement. The LICENSE has no copyright line, so name ID 0 of the source font, recorded verbatim as copyright, carries the statement, and reserved_font_names lists every Reserved Font Name that it states. The contract also treats \"Source\" as a Reserved Font Name whether or not name ID 0 states it. The subset keeps only name IDs 0, 7, 13, and 14, so it carries no family, subfamily, full, unique, PostScript, typographic, or WWS name; its CFF Name INDEX keeps the PostScript name NotoSansCJKjp-Regular, which does not contain \"Source\"; and the file name cjk-subset.otf uses no upstream font name."
    }
  ]
}
RESULT {"executable":"C:\\Program Files\\nodejs\\node.exe","arguments":["tools/fairpane.mjs","corpus-derive","opentype-fixtures"],"cwd":"C:\\Users\\requi\\.omp\\wt\\t2dec3085f\\m","started_at":"2026-10-09T10:37:28.870Z","exit_code":0,"signal":null,"timed_out":false,"error":null,"duration_ms":443,"environment_overrides":{"FAIRPANE_CORPORA_DIR":"C:\\src\\fairpane\\.tools\\corpora"}}

COMMAND ["C:\\Program Files\\nodejs\\node.exe","tools/fairpane.mjs","corpus-derive","opentype-fixtures"]
Verified 350 installed fontTools files against the RECORD of C:\Users\requi\.omp\wt\t2dec3085f\m\.tools\downloads\fonttools-4.66.1-py3-none-any.whl.
Run ["C:\\Users\\requi\\.omp\\wt\\t2dec3085f\\m\\.tools\\python\\fonttools-4.66.1\\Scripts\\python.exe","-m","fontTools.subset","C:/src/fairpane/.tools/corpora/opentype-fixtures/sources/noto-cjk/NotoSansCJKjp-Regular.otf","--unicodes=U+0020,U+3001,U+3002,U+3053,U+3055,U+3061,U+306A,U+306B,U+306E,U+306F,U+307F,U+3093,U+30AB,U+30FC,U+4E16,U+754C,U+AD6D,U+C5B4,U+D55C,U+20BB7","--layout-features=*","--name-IDs=0,7,13,14","--notdef-outline","--output-file=C:\\src\\fairpane\\.tools\\corpora\\opentype-fixtures.derive\\cjk-subset.otf"] in C:\src\fairpane\.tools\corpora\opentype-fixtures.derive
Derived tests/text/fonts/noto-sans-cjk-jp-subset/cjk-subset.otf: 9564 bytes, SHA-256 3f435bdd8198e124e9cbbbad75fa1fb4156dac25ba163d0d1386e3afb682a83c
{
  "result": "pass",
  "corpus": "opentype-fixtures",
  "derived": [
    {
      "path": "tests/text/fonts/noto-sans-cjk-jp-subset/cjk-subset.otf",
      "size": 9564,
      "sha256": "3f435bdd8198e124e9cbbbad75fa1fb4156dac25ba163d0d1386e3afb682a83c",
      "input": {
        "source": "noto-cjk-otf",
        "sha256": "68a3fc98800b2a27b371f2fb79991daf3633bd89309d4ffaa6946fd587f375b5"
      },
      "tool": {
        "name": "fontTools",
        "version": "4.66.1",
        "wheel_url": "https://files.pythonhosted.org/packages/f6/10/d45b74135d5d642cb3a4fb0a957c1613ef93de4c8548671dfc3a5bf38299/fonttools-4.66.1-py3-none-any.whl",
        "wheel_sha256": "7234ae9e28db64273fbbfa72caebd0a97e3bdba6b05064114741b9539ef339d0",
        "python": "3.13.15"
      },
      "argv": [
        "-m",
        "fontTools.subset",
        "<corpora-root>/opentype-fixtures/sources/noto-cjk/NotoSansCJKjp-Regular.otf",
        "--unicodes=U+0020,U+3001,U+3002,U+3053,U+3055,U+3061,U+306A,U+306B,U+306E,U+306F,U+307F,U+3093,U+30AB,U+30FC,U+4E16,U+754C,U+AD6D,U+C5B4,U+D55C,U+20BB7",
        "--layout-features=*",
        "--name-IDs=0,7,13,14",
        "--notdef-outline",
        "--output-file=<output>"
      ],
      "license_path": "tests/text/fonts/noto-sans-cjk-jp-subset/LICENSE",
      "copyright": "© 2014-2021 Adobe (http://www.adobe.com/).",
      "reserved_font_names": [],
      "rfn_resolution": "The subset is an OFL Modified Version distributed only under the OFL with the upstream LICENSE beside it. The OFL makes a Reserved Font Name a name stated after a copyright statement. The LICENSE has no copyright line, so name ID 0 of the source font, recorded verbatim as copyright, carries the statement, and reserved_font_names lists every Reserved Font Name that it states. The contract also treats \"Source\" as a Reserved Font Name whether or not name ID 0 states it. The subset keeps only name IDs 0, 7, 13, and 14, so it carries no family, subfamily, full, unique, PostScript, typographic, or WWS name; its CFF Name INDEX keeps the PostScript name NotoSansCJKjp-Regular, which does not contain \"Source\"; and the file name cjk-subset.otf uses no upstream font name."
    }
  ]
}
RESULT {"executable":"C:\\Program Files\\nodejs\\node.exe","arguments":["tools/fairpane.mjs","corpus-derive","opentype-fixtures"],"cwd":"C:\\Users\\requi\\.omp\\wt\\t2dec3085f\\m","started_at":"2026-10-09T10:41:34.157Z","exit_code":0,"signal":null,"timed_out":false,"error":null,"duration_ms":417,"environment_overrides":{"FAIRPANE_CORPORA_DIR":"C:\\src\\fairpane\\.tools\\corpora"}}
