
COMMAND ["C:\\Program Files\\nodejs\\node.exe","tools/fairpane.mjs","font-expectations","--check"]
Verified 350 installed fontTools files against the RECORD of C:\Users\requi\.omp\wt\t2dec3085f\m\.tools\downloads\fonttools-4.66.1-py3-none-any.whl.
Run ["C:\\Users\\requi\\.omp\\wt\\t2dec3085f\\m\\.tools\\python\\fonttools-4.66.1\\Scripts\\python.exe","tools/fonts/font_expectations.py","tests/text/fonts/noto-sans/NotoSans-Regular.ttf"] in C:\Users\requi\AppData\Local\Temp\fairpane-font-expectations-Qm6i6Q
Wrote tests/text/fonts/noto-sans/NotoSans-Regular.expect.json: font SHA-256 f3961a9cde016d41a4879aecda1474d3a36d6bf54fa0e4643de029cc2248b0e8, 13 tables, 67 seed code points, 2966 mapped glyphs
tests/text/fonts/noto-sans/NotoSans-Regular.expect.json: 754044 bytes, SHA-256 c29f5a4a9cac02a7d66434b9e68cec89ce34b786bf0c3a574c2088f11e825834, byte-identical to the committed file
Run ["C:\\Users\\requi\\.omp\\wt\\t2dec3085f\\m\\.tools\\python\\fonttools-4.66.1\\Scripts\\python.exe","tools/fonts/font_expectations.py","tests/text/fonts/noto-sans-arabic/NotoSansArabic-Regular.ttf"] in C:\Users\requi\AppData\Local\Temp\fairpane-font-expectations-Qm6i6Q
Wrote tests/text/fonts/noto-sans-arabic/NotoSansArabic-Regular.expect.json: font SHA-256 bd86ca02f087d7f3c3788ba458fb6b73744c7639ed276b8d870dba6def6c40d0, 13 tables, 67 seed code points, 1163 mapped glyphs
tests/text/fonts/noto-sans-arabic/NotoSansArabic-Regular.expect.json: 305477 bytes, SHA-256 a77355ff3aafdb72161028d67e72ab58d1bdc8c4c897571b08a883d67b0fa139, byte-identical to the committed file
Run ["C:\\Users\\requi\\.omp\\wt\\t2dec3085f\\m\\.tools\\python\\fonttools-4.66.1\\Scripts\\python.exe","tools/fonts/font_expectations.py","tests/text/fonts/noto-sans-devanagari/NotoSansDevanagari-Regular.ttf"] in C:\Users\requi\AppData\Local\Temp\fairpane-font-expectations-Qm6i6Q
Wrote tests/text/fonts/noto-sans-devanagari/NotoSansDevanagari-Regular.expect.json: font SHA-256 9c7d935139ea6a1e6ad9dbac4f6d27ece1e04bca8123c8888d00a0f9df4724cd, 13 tables, 67 seed code points, 282 mapped glyphs
tests/text/fonts/noto-sans-devanagari/NotoSansDevanagari-Regular.expect.json: 84302 bytes, SHA-256 529eb3234d7b2662afa44fab7ce46a8550fe86106c3d1f4e9a71ecdf47fdd68d, byte-identical to the committed file
Run ["C:\\Users\\requi\\.omp\\wt\\t2dec3085f\\m\\.tools\\python\\fonttools-4.66.1\\Scripts\\python.exe","tools/fonts/font_expectations.py","tests/text/fonts/noto-sans-cjk-jp-subset/cjk-subset.otf"] in C:\Users\requi\AppData\Local\Temp\fairpane-font-expectations-Qm6i6Q
Wrote tests/text/fonts/noto-sans-cjk-jp-subset/cjk-subset.expect.json: font SHA-256 3f435bdd8198e124e9cbbbad75fa1fb4156dac25ba163d0d1386e3afb682a83c, 15 tables, 67 seed code points, 21 mapped glyphs
tests/text/fonts/noto-sans-cjk-jp-subset/cjk-subset.expect.json: 13945 bytes, SHA-256 09fc2123afd8115ecf450f21c626606eec8e72d93048ed1f44bd33db4469f195, byte-identical to the committed file
{
  "result": "pass",
  "mode": "check",
  "tool": {
    "name": "fontTools",
    "version": "4.66.1",
    "wheel_sha256": "7234ae9e28db64273fbbfa72caebd0a97e3bdba6b05064114741b9539ef339d0",
    "verified_files": 350,
    "python": "3.13.15"
  },
  "environment": {
    "PYTHONSAFEPATH": "1",
    "other_python_variables": "removed"
  },
  "expectations": [
    {
      "path": "tests/text/fonts/noto-sans/NotoSans-Regular.expect.json",
      "size": 754044,
      "sha256": "c29f5a4a9cac02a7d66434b9e68cec89ce34b786bf0c3a574c2088f11e825834",
      "equals_committed": true
    },
    {
      "path": "tests/text/fonts/noto-sans-arabic/NotoSansArabic-Regular.expect.json",
      "size": 305477,
      "sha256": "a77355ff3aafdb72161028d67e72ab58d1bdc8c4c897571b08a883d67b0fa139",
      "equals_committed": true
    },
    {
      "path": "tests/text/fonts/noto-sans-devanagari/NotoSansDevanagari-Regular.expect.json",
      "size": 84302,
      "sha256": "529eb3234d7b2662afa44fab7ce46a8550fe86106c3d1f4e9a71ecdf47fdd68d",
      "equals_committed": true
    },
    {
      "path": "tests/text/fonts/noto-sans-cjk-jp-subset/cjk-subset.expect.json",
      "size": 13945,
      "sha256": "09fc2123afd8115ecf450f21c626606eec8e72d93048ed1f44bd33db4469f195",
      "equals_committed": true
    }
  ],
  "differing": []
}
RESULT {"executable":"C:\\Program Files\\nodejs\\node.exe","arguments":["tools/fairpane.mjs","font-expectations","--check"],"cwd":"C:\\Users\\requi\\.omp\\wt\\t2dec3085f\\m","started_at":"2026-10-09T10:33:27.864Z","exit_code":0,"signal":null,"timed_out":false,"error":null,"duration_ms":715}

COMMAND ["C:\\Program Files\\Git\\usr\\bin\\sha256sum.exe","tests/text/fonts/noto-sans/NotoSans-Regular.expect.json","tests/text/fonts/noto-sans-arabic/NotoSansArabic-Regular.expect.json","tests/text/fonts/noto-sans-devanagari/NotoSansDevanagari-Regular.expect.json","tests/text/fonts/noto-sans-cjk-jp-subset/cjk-subset.expect.json","tools/fonts/font_expectations.py"]
c29f5a4a9cac02a7d66434b9e68cec89ce34b786bf0c3a574c2088f11e825834 *tests/text/fonts/noto-sans/NotoSans-Regular.expect.json
a77355ff3aafdb72161028d67e72ab58d1bdc8c4c897571b08a883d67b0fa139 *tests/text/fonts/noto-sans-arabic/NotoSansArabic-Regular.expect.json
529eb3234d7b2662afa44fab7ce46a8550fe86106c3d1f4e9a71ecdf47fdd68d *tests/text/fonts/noto-sans-devanagari/NotoSansDevanagari-Regular.expect.json
09fc2123afd8115ecf450f21c626606eec8e72d93048ed1f44bd33db4469f195 *tests/text/fonts/noto-sans-cjk-jp-subset/cjk-subset.expect.json
ea1ee96f2b4fc16bab646b6665e8bd5fb7b9ec987b8461e1919521ac3350c51b *tools/fonts/font_expectations.py
RESULT {"executable":"C:\\Program Files\\Git\\usr\\bin\\sha256sum.exe","arguments":["tests/text/fonts/noto-sans/NotoSans-Regular.expect.json","tests/text/fonts/noto-sans-arabic/NotoSansArabic-Regular.expect.json","tests/text/fonts/noto-sans-devanagari/NotoSansDevanagari-Regular.expect.json","tests/text/fonts/noto-sans-cjk-jp-subset/cjk-subset.expect.json","tools/fonts/font_expectations.py"],"cwd":"C:\\Users\\requi\\.omp\\wt\\t2dec3085f\\m","started_at":"2026-10-09T10:33:28.631Z","exit_code":0,"signal":null,"timed_out":false,"error":null,"duration_ms":15}

COMMAND ["C:\\Program Files\\nodejs\\node.exe","tools/fairpane.mjs","font-expectations","--check"]
Verified 350 installed fontTools files against the RECORD of C:\Users\requi\.omp\wt\t2dec3085f\m\.tools\downloads\fonttools-4.66.1-py3-none-any.whl.
Run ["C:\\Users\\requi\\.omp\\wt\\t2dec3085f\\m\\.tools\\python\\fonttools-4.66.1\\Scripts\\python.exe","tools/fonts/font_expectations.py","tests/text/fonts/noto-sans/NotoSans-Regular.ttf"] in C:\Users\requi\AppData\Local\Temp\fairpane-font-expectations-hqsBgX
Wrote tests/text/fonts/noto-sans/NotoSans-Regular.expect.json: font SHA-256 f3961a9cde016d41a4879aecda1474d3a36d6bf54fa0e4643de029cc2248b0e8, 13 tables, 67 seed code points, 2966 mapped glyphs
tests/text/fonts/noto-sans/NotoSans-Regular.expect.json: 754044 bytes, SHA-256 c29f5a4a9cac02a7d66434b9e68cec89ce34b786bf0c3a574c2088f11e825834, byte-identical to the committed file
Run ["C:\\Users\\requi\\.omp\\wt\\t2dec3085f\\m\\.tools\\python\\fonttools-4.66.1\\Scripts\\python.exe","tools/fonts/font_expectations.py","tests/text/fonts/noto-sans-arabic/NotoSansArabic-Regular.ttf"] in C:\Users\requi\AppData\Local\Temp\fairpane-font-expectations-hqsBgX
Wrote tests/text/fonts/noto-sans-arabic/NotoSansArabic-Regular.expect.json: font SHA-256 bd86ca02f087d7f3c3788ba458fb6b73744c7639ed276b8d870dba6def6c40d0, 13 tables, 67 seed code points, 1163 mapped glyphs
tests/text/fonts/noto-sans-arabic/NotoSansArabic-Regular.expect.json: 305477 bytes, SHA-256 a77355ff3aafdb72161028d67e72ab58d1bdc8c4c897571b08a883d67b0fa139, byte-identical to the committed file
Run ["C:\\Users\\requi\\.omp\\wt\\t2dec3085f\\m\\.tools\\python\\fonttools-4.66.1\\Scripts\\python.exe","tools/fonts/font_expectations.py","tests/text/fonts/noto-sans-devanagari/NotoSansDevanagari-Regular.ttf"] in C:\Users\requi\AppData\Local\Temp\fairpane-font-expectations-hqsBgX
Wrote tests/text/fonts/noto-sans-devanagari/NotoSansDevanagari-Regular.expect.json: font SHA-256 9c7d935139ea6a1e6ad9dbac4f6d27ece1e04bca8123c8888d00a0f9df4724cd, 13 tables, 67 seed code points, 282 mapped glyphs
tests/text/fonts/noto-sans-devanagari/NotoSansDevanagari-Regular.expect.json: 84302 bytes, SHA-256 529eb3234d7b2662afa44fab7ce46a8550fe86106c3d1f4e9a71ecdf47fdd68d, byte-identical to the committed file
Run ["C:\\Users\\requi\\.omp\\wt\\t2dec3085f\\m\\.tools\\python\\fonttools-4.66.1\\Scripts\\python.exe","tools/fonts/font_expectations.py","tests/text/fonts/noto-sans-cjk-jp-subset/cjk-subset.otf"] in C:\Users\requi\AppData\Local\Temp\fairpane-font-expectations-hqsBgX
Wrote tests/text/fonts/noto-sans-cjk-jp-subset/cjk-subset.expect.json: font SHA-256 3f435bdd8198e124e9cbbbad75fa1fb4156dac25ba163d0d1386e3afb682a83c, 15 tables, 67 seed code points, 21 mapped glyphs
tests/text/fonts/noto-sans-cjk-jp-subset/cjk-subset.expect.json: 13945 bytes, SHA-256 09fc2123afd8115ecf450f21c626606eec8e72d93048ed1f44bd33db4469f195, byte-identical to the committed file
{
  "result": "pass",
  "mode": "check",
  "tool": {
    "name": "fontTools",
    "version": "4.66.1",
    "wheel_sha256": "7234ae9e28db64273fbbfa72caebd0a97e3bdba6b05064114741b9539ef339d0",
    "verified_files": 350,
    "python": "3.13.15"
  },
  "environment": {
    "PYTHONSAFEPATH": "1",
    "other_python_variables": "removed"
  },
  "expectations": [
    {
      "path": "tests/text/fonts/noto-sans/NotoSans-Regular.expect.json",
      "size": 754044,
      "sha256": "c29f5a4a9cac02a7d66434b9e68cec89ce34b786bf0c3a574c2088f11e825834",
      "equals_committed": true
    },
    {
      "path": "tests/text/fonts/noto-sans-arabic/NotoSansArabic-Regular.expect.json",
      "size": 305477,
      "sha256": "a77355ff3aafdb72161028d67e72ab58d1bdc8c4c897571b08a883d67b0fa139",
      "equals_committed": true
    },
    {
      "path": "tests/text/fonts/noto-sans-devanagari/NotoSansDevanagari-Regular.expect.json",
      "size": 84302,
      "sha256": "529eb3234d7b2662afa44fab7ce46a8550fe86106c3d1f4e9a71ecdf47fdd68d",
      "equals_committed": true
    },
    {
      "path": "tests/text/fonts/noto-sans-cjk-jp-subset/cjk-subset.expect.json",
      "size": 13945,
      "sha256": "09fc2123afd8115ecf450f21c626606eec8e72d93048ed1f44bd33db4469f195",
      "equals_committed": true
    }
  ],
  "differing": []
}
RESULT {"executable":"C:\\Program Files\\nodejs\\node.exe","arguments":["tools/fairpane.mjs","font-expectations","--check"],"cwd":"C:\\Users\\requi\\.omp\\wt\\t2dec3085f\\m","started_at":"2026-10-09T10:37:43.270Z","exit_code":0,"signal":null,"timed_out":false,"error":null,"duration_ms":711}

COMMAND ["C:\\Program Files\\nodejs\\node.exe","tools/fairpane.mjs","font-expectations","--check"]
Verified 350 installed fontTools files against the RECORD of C:\Users\requi\.omp\wt\t2dec3085f\m\.tools\downloads\fonttools-4.66.1-py3-none-any.whl.
Run ["C:\\Users\\requi\\.omp\\wt\\t2dec3085f\\m\\.tools\\python\\fonttools-4.66.1\\Scripts\\python.exe","tools/fonts/font_expectations.py","tests/text/fonts/noto-sans/NotoSans-Regular.ttf"] in C:\Users\requi\AppData\Local\Temp\fairpane-font-expectations-3xNWTH
Wrote tests/text/fonts/noto-sans/NotoSans-Regular.expect.json: font SHA-256 f3961a9cde016d41a4879aecda1474d3a36d6bf54fa0e4643de029cc2248b0e8, 13 tables, 67 seed code points, 2966 mapped glyphs
tests/text/fonts/noto-sans/NotoSans-Regular.expect.json: 754044 bytes, SHA-256 c29f5a4a9cac02a7d66434b9e68cec89ce34b786bf0c3a574c2088f11e825834, byte-identical to the committed file
Run ["C:\\Users\\requi\\.omp\\wt\\t2dec3085f\\m\\.tools\\python\\fonttools-4.66.1\\Scripts\\python.exe","tools/fonts/font_expectations.py","tests/text/fonts/noto-sans-arabic/NotoSansArabic-Regular.ttf"] in C:\Users\requi\AppData\Local\Temp\fairpane-font-expectations-3xNWTH
Wrote tests/text/fonts/noto-sans-arabic/NotoSansArabic-Regular.expect.json: font SHA-256 bd86ca02f087d7f3c3788ba458fb6b73744c7639ed276b8d870dba6def6c40d0, 13 tables, 67 seed code points, 1163 mapped glyphs
tests/text/fonts/noto-sans-arabic/NotoSansArabic-Regular.expect.json: 305477 bytes, SHA-256 a77355ff3aafdb72161028d67e72ab58d1bdc8c4c897571b08a883d67b0fa139, byte-identical to the committed file
Run ["C:\\Users\\requi\\.omp\\wt\\t2dec3085f\\m\\.tools\\python\\fonttools-4.66.1\\Scripts\\python.exe","tools/fonts/font_expectations.py","tests/text/fonts/noto-sans-devanagari/NotoSansDevanagari-Regular.ttf"] in C:\Users\requi\AppData\Local\Temp\fairpane-font-expectations-3xNWTH
Wrote tests/text/fonts/noto-sans-devanagari/NotoSansDevanagari-Regular.expect.json: font SHA-256 9c7d935139ea6a1e6ad9dbac4f6d27ece1e04bca8123c8888d00a0f9df4724cd, 13 tables, 67 seed code points, 282 mapped glyphs
tests/text/fonts/noto-sans-devanagari/NotoSansDevanagari-Regular.expect.json: 84302 bytes, SHA-256 529eb3234d7b2662afa44fab7ce46a8550fe86106c3d1f4e9a71ecdf47fdd68d, byte-identical to the committed file
Run ["C:\\Users\\requi\\.omp\\wt\\t2dec3085f\\m\\.tools\\python\\fonttools-4.66.1\\Scripts\\python.exe","tools/fonts/font_expectations.py","tests/text/fonts/noto-sans-cjk-jp-subset/cjk-subset.otf"] in C:\Users\requi\AppData\Local\Temp\fairpane-font-expectations-3xNWTH
Wrote tests/text/fonts/noto-sans-cjk-jp-subset/cjk-subset.expect.json: font SHA-256 3f435bdd8198e124e9cbbbad75fa1fb4156dac25ba163d0d1386e3afb682a83c, 15 tables, 67 seed code points, 21 mapped glyphs
tests/text/fonts/noto-sans-cjk-jp-subset/cjk-subset.expect.json: 13945 bytes, SHA-256 09fc2123afd8115ecf450f21c626606eec8e72d93048ed1f44bd33db4469f195, byte-identical to the committed file
{
  "result": "pass",
  "mode": "check",
  "tool": {
    "name": "fontTools",
    "version": "4.66.1",
    "wheel_sha256": "7234ae9e28db64273fbbfa72caebd0a97e3bdba6b05064114741b9539ef339d0",
    "verified_files": 350,
    "python": "3.13.15"
  },
  "environment": {
    "PYTHONSAFEPATH": "1",
    "other_python_variables": "removed"
  },
  "expectations": [
    {
      "path": "tests/text/fonts/noto-sans/NotoSans-Regular.expect.json",
      "size": 754044,
      "sha256": "c29f5a4a9cac02a7d66434b9e68cec89ce34b786bf0c3a574c2088f11e825834",
      "equals_committed": true
    },
    {
      "path": "tests/text/fonts/noto-sans-arabic/NotoSansArabic-Regular.expect.json",
      "size": 305477,
      "sha256": "a77355ff3aafdb72161028d67e72ab58d1bdc8c4c897571b08a883d67b0fa139",
      "equals_committed": true
    },
    {
      "path": "tests/text/fonts/noto-sans-devanagari/NotoSansDevanagari-Regular.expect.json",
      "size": 84302,
      "sha256": "529eb3234d7b2662afa44fab7ce46a8550fe86106c3d1f4e9a71ecdf47fdd68d",
      "equals_committed": true
    },
    {
      "path": "tests/text/fonts/noto-sans-cjk-jp-subset/cjk-subset.expect.json",
      "size": 13945,
      "sha256": "09fc2123afd8115ecf450f21c626606eec8e72d93048ed1f44bd33db4469f195",
      "equals_committed": true
    }
  ],
  "differing": []
}
RESULT {"executable":"C:\\Program Files\\nodejs\\node.exe","arguments":["tools/fairpane.mjs","font-expectations","--check"],"cwd":"C:\\Users\\requi\\.omp\\wt\\t2dec3085f\\m","started_at":"2026-10-09T10:41:33.357Z","exit_code":0,"signal":null,"timed_out":false,"error":null,"duration_ms":746}
