
COMMAND ["C:\\nvm4w\\nodejs\\node.exe","tools/fairpane.mjs","ucd-check"]
{
  "result": "pass",
  "version": "18.0.0",
  "file": "src/unicode/tables.zig"
}
RESULT {"executable":"C:\\nvm4w\\nodejs\\node.exe","arguments":["tools/fairpane.mjs","ucd-check"],"cwd":"C:\\src\\fairpane","started_at":"2026-10-09T10:45:43.494Z","exit_code":0,"signal":null,"timed_out":false,"error":null,"duration_ms":91}

COMMAND ["C:\\nvm4w\\nodejs\\node.exe","tools/fairpane.mjs","corpus-verify","unicode"]
{
  "result": "pass",
  "corpus": "unicode",
  "kind": "file-set",
  "version": "18.0.0",
  "sources": [
    {
      "id": "ucd-zip",
      "size": 5657953,
      "sha256": "7b3e555514060b92290d154f53655c5eb0fa62b16eb04c03434ff72d1a66a0d8",
      "inventory": {
        "entry_count": 71,
        "total_bytes": 39580113,
        "sha256": "37761bcf3660066413756e978f9d5ec7c7be3c187738f5d95785203c8dd8b2f4"
      }
    },
    {
      "id": "unicode-license",
      "size": 1995,
      "sha256": "e7a93b009565cfce55919a381437ac4db883e9da2126fa28b91d12732bc53d96"
    }
  ],
  "selected": 9,
  "derived": 0,
  "applicability": {
    "discovered": 71,
    "selected": 8,
    "excluded": 0,
    "unclassified": 63
  },
  "missing_denominators": [],
  "note": "Verification rehashed the local sources, their inventories, and every selected, derived, and license file. It does not qualify any engine behavior."
}
RESULT {"executable":"C:\\nvm4w\\nodejs\\node.exe","arguments":["tools/fairpane.mjs","corpus-verify","unicode"],"cwd":"C:\\src\\fairpane","started_at":"2026-10-09T10:45:43.639Z","exit_code":0,"signal":null,"timed_out":false,"error":null,"duration_ms":293}

COMMAND ["C:\\nvm4w\\nodejs\\node.exe","tools/fairpane.mjs","corpus-verify","opentype-fixtures"]
{
  "result": "pass",
  "corpus": "opentype-fixtures",
  "kind": "file-set",
  "version": "fixtures-1",
  "sources": [
    {
      "id": "noto-sans",
      "size": 117491253,
      "sha256": "0c34df072a3fa7efbb7cbf34950e1f971a4447cffe365d3a359e2d4089b958f5",
      "inventory": {
        "entry_count": 375,
        "total_bytes": 214039017,
        "sha256": "7a89803f84f9f2d467a638fde34d41e21ca27db2a872214ad4932d4f766393f6"
      }
    },
    {
      "id": "noto-sans-arabic",
      "size": 18777381,
      "sha256": "1301aceaea84c501cf2e6dcfb3182e2328c8eae5725817fcb239672bda7154f1",
      "inventory": {
        "entry_count": 190,
        "total_bytes": 36522259,
        "sha256": "b514d6c53440bec68de505c3ad51dbc3751b319c6acc613566681a20d8ca28f3"
      }
    },
    {
      "id": "noto-sans-devanagari",
      "size": 18449254,
      "sha256": "820c7da45b1e63562cb41c0a8cac5d9a4202312043a3a040ed1325857ef469b1",
      "inventory": {
        "entry_count": 190,
        "total_bytes": 39343602,
        "sha256": "c846b179249d8a4e7f4104a70780b14ee0408d5edc4616b2f1c1235a551d9999"
      }
    },
    {
      "id": "noto-cjk-otf",
      "size": 16467736,
      "sha256": "68a3fc98800b2a27b371f2fb79991daf3633bd89309d4ffaa6946fd587f375b5"
    },
    {
      "id": "noto-cjk-license",
      "size": 4301,
      "sha256": "6a73f9541c2de74158c0e7cf6b0a58ef774f5a780bf191f2d7ec9cc53efe2bf2"
    }
  ],
  "selected": 7,
  "derived": 1,
  "applicability": {
    "discovered": 741,
    "selected": 4,
    "excluded": 0,
    "unclassified": 737
  },
  "missing_denominators": [],
  "note": "Verification rehashed the local sources, their inventories, and every selected, derived, and license file. It does not qualify any engine behavior."
}
RESULT {"executable":"C:\\nvm4w\\nodejs\\node.exe","arguments":["tools/fairpane.mjs","corpus-verify","opentype-fixtures"],"cwd":"C:\\src\\fairpane","started_at":"2026-10-09T10:45:43.982Z","exit_code":0,"signal":null,"timed_out":false,"error":null,"duration_ms":1773}
