
COMMAND ["C:\\nvm4w\\nodejs\\node.exe","tools/fairpane.mjs","check"]
{
  "result": "pass",
  "level": "bootstrap-integrity-only",
  "tasks": 78,
  "gates": 9,
  "capability_families": 21,
  "fingerprints": {
    "source": {
      "sha256": "20265a43c2df64df79f431d7d73e038dcd8c17a3fdae9f31b650d5ee3945fc08",
      "file_count": 279
    },
    "policy": {
      "sha256": "7244083c32fa3e016846e5aafdbed9616899a9c617921d3f14d4ba5800f8e700",
      "file_count": 22
    }
  },
  "note": "This check is not browser conformance or an independent security attestation."
}
RESULT {"executable":"C:\\nvm4w\\nodejs\\node.exe","arguments":["tools/fairpane.mjs","check"],"cwd":"C:\\Users\\requi\\.omp\\wt\\t8ee29f43a\\m","started_at":"2026-10-09T12:40:14.032Z","exit_code":0,"signal":null,"timed_out":false,"error":null,"duration_ms":175}
