
COMMAND ["C:\\Program Files\\Git\\usr\\bin\\sha256sum.exe","src/css/selectors.zig","src/css/cascade.zig"]
fc630040821b5a84f0d3500422badf16fa0954fc4cd77ab821e07076cd7a7088 *src/css/selectors.zig
830b398de5490bf3a994ff6dff675fd44808a2bca737d18f75722de9b7d85b05 *src/css/cascade.zig
RESULT {"executable":"C:\\Program Files\\Git\\usr\\bin\\sha256sum.exe","arguments":["src/css/selectors.zig","src/css/cascade.zig"],"cwd":"C:\\Users\\requi\\.omp\\wt\\t8ee29f43a\\m","started_at":"2026-10-09T12:29:49.923Z","exit_code":0,"signal":null,"timed_out":false,"error":null,"duration_ms":17}

COMMAND ["C:\\Program Files\\Git\\cmd\\git.exe","apply","engineering/evidence/FP-0014/raw/mutation-r1.diff"]
RESULT {"executable":"C:\\Program Files\\Git\\cmd\\git.exe","arguments":["apply","engineering/evidence/FP-0014/raw/mutation-r1.diff"],"cwd":"C:\\Users\\requi\\.omp\\wt\\t8ee29f43a\\m","started_at":"2026-10-09T12:29:49.998Z","exit_code":0,"signal":null,"timed_out":false,"error":null,"duration_ms":22}

COMMAND ["C:\\Program Files\\Git\\usr\\bin\\sha256sum.exe","src/css/selectors.zig","src/css/cascade.zig"]
33bb64aaa09cf9275496e6e55b74e8233c0507e2095a0b240ae955ae3f764005 *src/css/selectors.zig
830b398de5490bf3a994ff6dff675fd44808a2bca737d18f75722de9b7d85b05 *src/css/cascade.zig
RESULT {"executable":"C:\\Program Files\\Git\\usr\\bin\\sha256sum.exe","arguments":["src/css/selectors.zig","src/css/cascade.zig"],"cwd":"C:\\Users\\requi\\.omp\\wt\\t8ee29f43a\\m","started_at":"2026-10-09T12:29:50.073Z","exit_code":0,"signal":null,"timed_out":false,"error":null,"duration_ms":14}

COMMAND ["C:\\src\\fairpane\\.tools\\zig\\0.18.0-dev.120+9fe22a29b\\x86_64-windows\\zig.exe","build","test","--summary","all","--cache-dir","out/fp0014-cache-mutation-r1"]
test
+- run test 232 pass, 1 fail (233 total)
error: 'css.tests.test.FP-0014 case 53: selector matching exits early, and class tokens deduplicate in n log n time' failed:
       case 53: 16244657 compound-match attempts after the element at depth 140 exceed the bound 16008000
       case 53: part "a 2000-deep chain stays within 4 * 2000 * 2001 compound-match attempts" fails with TestBoundExceeded
       case 53: part "20000 class tokens stay within 32 * 20000 class-token comparisons" passes
       C:\Users\requi\.omp\wt\t8ee29f43a\m\src\handles.zig:727:46: 0x7ff7b65b2c15 in expectation (test_zcu.obj)
                   if (handle.owner != model.owner) return error.WrongOwner;
                                                    ^
       C:\Users\requi\.omp\wt\t8ee29f43a\m\src\handles.zig:730:69: 0x7ff7b65adb82 in expectation (test_zcu.obj)
                   if (!slot.live or slot.generation != handle.generation) return error.StaleHandle;
                                                                           ^
       C:\Users\requi\.omp\wt\t8ee29f43a\m\src\handles.zig:730:69: 0x7ff7b65adb82 in expectation (test_zcu.obj)
                   if (!slot.live or slot.generation != handle.generation) return error.StaleHandle;
                                                                           ^
       C:\Users\requi\.omp\wt\t8ee29f43a\m\src\handles.zig:730:69: 0x7ff7b65adb82 in expectation (test_zcu.obj)
                   if (!slot.live or slot.generation != handle.generation) return error.StaleHandle;
                                                                           ^
       C:\Users\requi\.omp\wt\t8ee29f43a\m\src\handles.zig:728:70: 0x7ff7b65adb0d in expectation (test_zcu.obj)
                   if (handle.generation == 0 or handle.index >= model.len) return error.InvalidHandle;
                                                                            ^
       C:\Users\requi\.omp\wt\t8ee29f43a\m\src\handles.zig:730:69: 0x7ff7b65adb82 in expectation (test_zcu.obj)
                   if (!slot.live or slot.generation != handle.generation) return error.StaleHandle;
                                                                           ^
       C:\Users\requi\.omp\wt\t8ee29f43a\m\src\handles.zig:730:69: 0x7ff7b65afe02 in expectation (test_zcu.obj)
                   if (!slot.live or slot.generation != handle.generation) return error.StaleHandle;
                                                                           ^
       C:\Users\requi\.omp\wt\t8ee29f43a\m\src\handles.zig:730:69: 0x7ff7b65adb82 in expectation (test_zcu.obj)
                   if (!slot.live or slot.generation != handle.generation) return error.StaleHandle;
                                                                           ^
       C:\Users\requi\.omp\wt\t8ee29f43a\m\src\handles.zig:730:69: 0x7ff7b65adb82 in expectation (test_zcu.obj)
                   if (!slot.live or slot.generation != handle.generation) return error.StaleHandle;
                                                                           ^
       C:\Users\requi\.omp\wt\t8ee29f43a\m\src\handles.zig:730:69: 0x7ff7b65adb82 in expectation (test_zcu.obj)
                   if (!slot.live or slot.generation != handle.generation) return error.StaleHandle;
                                                                           ^
       C:\Users\requi\.omp\wt\t8ee29f43a\m\src\handles.zig:730:69: 0x7ff7b65adb82 in expectation (test_zcu.obj)
                   if (!slot.live or slot.generation != handle.generation) return error.StaleHandle;
                                                                           ^
       C:\Users\requi\.omp\wt\t8ee29f43a\m\src\handles.zig:730:69: 0x7ff7b65adb82 in expectation (test_zcu.obj)
                   if (!slot.live or slot.generation != handle.generation) return error.StaleHandle;
                                                                           ^
       C:\Users\requi\.omp\wt\t8ee29f43a\m\src\handles.zig:730:69: 0x7ff7b65adb82 in expectation (test_zcu.obj)
                   if (!slot.live or slot.generation != handle.generation) return error.StaleHandle;
                                                                           ^
       C:\Users\requi\.omp\wt\t8ee29f43a\m\src\handles.zig:730:69: 0x7ff7b65adb82 in expectation (test_zcu.obj)
                   if (!slot.live or slot.generation != handle.generation) return error.StaleHandle;
                                                                           ^
       C:\Users\requi\.omp\wt\t8ee29f43a\m\src\handles.zig:728:70: 0x7ff7b65adb0d in expectation (test_zcu.obj)
                   if (handle.generation == 0 or handle.index >= model.len) return error.InvalidHandle;
                                                                            ^
       C:\Users\requi\.omp\wt\t8ee29f43a\m\src\handles.zig:730:69: 0x7ff7b65afe02 in expectation (test_zcu.obj)
                   if (!slot.live or slot.generation != handle.generation) return error.StaleHandle;
                                                                           ^
       C:\Users\requi\.omp\wt\t8ee29f43a\m\src\handles.zig:730:69: 0x7ff7b65afe02 in expectation (test_zcu.obj)
                   if (!slot.live or slot.generation != handle.generation) return error.StaleHandle;
                                                                           ^
       C:\Users\requi\.omp\wt\t8ee29f43a\m\src\handles.zig:727:46: 0x7ff7b65adab5 in expectation (test_zcu.obj)
                   if (handle.owner != model.owner) return error.WrongOwner;
                                                    ^
       C:\Users\requi\.omp\wt\t8ee29f43a\m\src\handles.zig:730:69: 0x7ff7b65adb82 in expectation (test_zcu.obj)
                   if (!slot.live or slot.generation != handle.generation) return error.StaleHandle;
                                                                           ^
       C:\Users\requi\.omp\wt\t8ee29f43a\m\src\handles.zig:730:69: 0x7ff7b65adb82 in expectation (test_zcu.obj)
                   if (!slot.live or slot.generation != handle.generation) return error.StaleHandle;
                                                                           ^
       C:\Users\requi\.omp\wt\t8ee29f43a\m\src\css\tests.zig:1752:9: 0x7ff7b6721d4e in finish (test_zcu.obj)
               return error.TestCasePartsFailed;
               ^
       C:\Users\requi\.omp\wt\t8ee29f43a\m\src\css\tests.zig:1929:5: 0x7ff7b6721ec9 in test.FP-0014 case 53: selector matching exits early, and class tokens deduplicate in n log n time (test_zcu.obj)
           try parts.finish();
           ^
failed command: cd . && ".\\out\\fp0014-cache-mutation-r1\\o\\0d39762a8f34f6851cf06f5fe975685d\\test.exe" "--cache-dir=.\\out\\fp0014-cache-mutation-r1" --seed=0xf093d834 --listen=-

Build Summary: 63/65 steps succeeded (1 failed); 277/278 tests passed (1 failed)
test transitive failure
+- run test 232 pass, 1 fail (233 total)
|  +- compile test debug native success 8s MaxRSS:849M
+- run test 45 pass (45 total) 301ms MaxRSS:16M
|  +- compile test debug native success 3s MaxRSS:419M
+- FP-0007 case 13: case 2 passes with exit status 0 success 37ms
|  +- install fairpane-lab success
|     +- compile exe fairpane-lab debug native success 3s MaxRSS:357M
+- FP-0007 case 13: case 3 fails with exit status 1 success 35ms
|  +- install fairpane-lab (+1 more reused dependencies)
+- FP-0007 case 13: case 4 is unsupported with exit status 2 success 42ms
|  +- install fairpane-lab (+1 more reused dependencies)
+- FP-0007 case 13: case 1 is a harness error with exit status 3 success 40ms
|  +- install fairpane-lab (+1 more reused dependencies)
+- FP-0007 case 13: case 8 times out with exit status 4 success 43ms
|  +- install fairpane-lab (+1 more reused dependencies)
+- FP-0007 case 13: an unknown command exits with status 64 and writes no result success 36ms
|  +- install fairpane-lab (+1 more reused dependencies)
+- FP-0008 case 26: case 18 passes with exit status 0 success 41ms
|  +- install fairpane-lab (+1 more reused dependencies)
+- FP-0008 case 26: the token_count variant of case 19 fails with exit status 1 success 39ms
|  +- install fairpane-lab (+1 more reused dependencies)
+- FP-0008 case 26: the <p> case of case 21 is unsupported with exit status 2 success 39ms
|  +- install fairpane-lab (+1 more reused dependencies)
+- FP-0007 case 14: minimize reduces a failing fetch case with a 4096-byte body success 72ms
|  +- install fairpane-lab (+1 more reused dependencies)
+- FP-0007 case 14: the minimized case fails the same check success 16ms
|  +- install fairpane-lab (+1 more reused dependencies)
|  +- FP-0007 case 14: minimize reduces a failing fetch case with a 4096-byte body (+1 more reused dependencies)
+- FP-0007 case 14: the minimized document body is 1-minimal success 20ms
|  +- compile exe fairpane-lab-check debug native success 3s MaxRSS:342M
|  +- FP-0007 case 14: minimize reduces a failing fetch case with a 4096-byte body (+1 more reused dependencies)
+- FP-0007 case 14: minimize refuses a passing case success 53ms
|  +- install fairpane-lab (+1 more reused dependencies)
+- FP-0007 case 14: a refused minimization writes nothing success 33ms
|  +- compile exe fairpane-lab-check debug native (reused)
|  +- FP-0007 case 14: minimize refuses a passing case (+1 more reused dependencies)
+- FP-0054 case 5: minimize refuses an --out path that names the input file through another spelling success 34ms
|  +- install fairpane-lab (+1 more reused dependencies)
|  +- WriteFile case.json success
|  +- WriteFile case.json (reused)
+- FP-0054 case 5: the refused minimization leaves the input unchanged success 52ms
|  +- compile exe fairpane-lab-check debug native (reused)
|  +- WriteFile case.json (reused)
|  +- FP-0054 case 5: minimize refuses an --out path that names the input file through another spelling (+3 more reused dependencies)
+- FP-0054 revision 1 case 1: minimize refuses an --out path that is a hard link to the input file success 42ms
|  +- install fairpane-lab (+1 more reused dependencies)
|  +- FP-0054 revision 1 case 1: create a fresh directory success 44ms
|     +- compile exe fairpane-lab-check debug native (reused)
+- FP-0054 revision 1 case 1: the refused command leaves the input unchanged success 54ms
|  +- compile exe fairpane-lab-check debug native (reused)
|  +- FP-0054 revision 1 case 1: create a fresh directory (+1 more reused dependencies)
|  +- FP-0054 revision 1 case 1: minimize refuses an --out path that is a hard link to the input file (+2 more reused dependencies)
+- FP-0054 revision 1 case 2: run refuses a --transcript path that is a hard link to the input file success 45ms
|  +- install fairpane-lab (+1 more reused dependencies)
|  +- FP-0054 revision 1 case 2: create a fresh directory success 48ms
|     +- compile exe fairpane-lab-check debug native (reused)
+- FP-0054 revision 1 case 2: the refused command leaves the input unchanged success 54ms
|  +- compile exe fairpane-lab-check debug native (reused)
|  +- FP-0054 revision 1 case 2: create a fresh directory (+1 more reused dependencies)
|  +- FP-0054 revision 1 case 2: run refuses a --transcript path that is a hard link to the input file (+2 more reused dependencies)
+- FP-0054 revision 1 case 3: minimize refuses an --out path that names the input file in other letter case success 41ms
|  +- install fairpane-lab (+1 more reused dependencies)
|  +- FP-0054 revision 1 case 3: create a fresh directory success 47ms
|     +- compile exe fairpane-lab-check debug native (reused)
+- FP-0054 revision 1 case 3: the refused command leaves the input unchanged success 55ms
|  +- compile exe fairpane-lab-check debug native (reused)
|  +- FP-0054 revision 1 case 3: create a fresh directory (+1 more reused dependencies)
|  +- FP-0054 revision 1 case 3: minimize refuses an --out path that names the input file in other letter case (+2 more reused dependencies)
+- FP-0054 revision 1 case 4: minimize writes over a separate byte-identical copy of the input file success 45ms
|  +- install fairpane-lab (+1 more reused dependencies)
|  +- FP-0054 revision 1 case 4: create a fresh directory success 47ms
|     +- compile exe fairpane-lab-check debug native (reused)
+- FP-0054 revision 1 case 4: the written case is a version 2 case derived from the input digest success 54ms
|  +- compile exe fairpane-lab-check debug native (reused)
|  +- FP-0054 revision 1 case 4: create a fresh directory (+1 more reused dependencies)
|  +- FP-0054 revision 1 case 4: minimize writes over a separate byte-identical copy of the input file (+2 more reused dependencies)
+- FP-0054 revision 1 case 5: remove the oversized files success 7ms
|  +- compile exe fairpane-lab-check debug native (reused)
|  +- FP-0054 revision 1 case 5: create a fresh directory success 46ms
|  |  +- compile exe fairpane-lab-check debug native (reused)
|  +- FP-0054 revision 1 case 5: run reports a case file one byte above the size limit success 43ms
|  |  +- install fairpane-lab (+1 more reused dependencies)
|  |  +- FP-0054 revision 1 case 5: create a fresh directory (+1 more reused dependencies)
|  +- FP-0054 revision 1 case 5: the failed minimization creates no output file success 52ms
|  |  +- compile exe fairpane-lab-check debug native (reused)
|  |  +- FP-0054 revision 1 case 5: create a fresh directory (+1 more reused dependencies)
|  |  +- FP-0054 revision 1 case 5: minimize reports a case file one byte above the size limit success 45ms
|  |     +- install fairpane-lab (+1 more reused dependencies)
|  |     +- FP-0054 revision 1 case 5: create a fresh directory (+1 more reused dependencies)
|  +- FP-0054 revision 1 case 5: replay reports a transcript file one byte above the size limit success 40ms
|     +- install fairpane-lab (+1 more reused dependencies)
|     +- FP-0054 revision 1 case 5: create a fresh directory (+1 more reused dependencies)
+- FP-0011 case 4: leaf_invokes_to_number.zig success 444ms
+- FP-0011 case 4: leaf_invokes_number_to_string.zig success 412ms
+- FP-0011 case 4: allocation_invokes_call.zig success 452ms
+- FP-0011 case 4: leaf_allocates.zig success 407ms
+- FP-0011 case 4: mutation_throws.zig success 402ms
+- FP-0011 case 4: leaf_calls_behavior.zig success 416ms
+- FP-0011 case 4: leaf_positive.zig success 483ms
+- FP-0011 case 5: catalog_callback_alone.zig success 416ms
+- FP-0011 case 5: catalog_exception_alone.zig success 404ms
+- FP-0011 case 5: catalog_duplicate_id.zig success 396ms
+- FP-0011 case 5: kernel_wider_context.zig success 402ms
+- FP-0011 case 5: kernel_undeclared_throw.zig success 398ms
+- FP-0011 case 8: layout_undescribed_field.zig success 422ms
+- FP-0011 case 8: layout_plain_reference.zig success 417ms
+- FP-0011 case 8: layout_missing_field.zig success 389ms
+- FP-0011 case 20: abi_reference_value.zig success 423ms
+- FP-0011 case 20: abi_nan_box_value.zig success 394ms
+- FP-0011 case 20: abi_tagged_index_value.zig success 360ms
+- FP-0011 case 34: leaf_reaches_heap.zig success 369ms
+- FP-0011 case 35: leaf_widens_context.zig success 395ms
+- FP-0011 case 36: binding_missing_kernel.zig success 424ms
+- FP-0011 case 36: binding_stray_kernel.zig success 425ms

error: the following build command exited with code 1:
C:\src\fairpane\.zig-cache\global\o\253f29e51d3f235ff7bb0cfb57b92bf7\maker.exe build --zig-lib=C:\src\fairpane\.tools\zig\0.18.0-dev.120+9fe22a29b\x86_64-windows\lib --zig=C:\src\fairpane\.tools\zig\0.18.0-dev.120+9fe22a29b\x86_64-windows\zig.exe --global-cache=C:\src\fairpane\.zig-cache\global --seed=0xf093d834 test --summary all --cache-dir out/fp0014-cache-mutation-r1
RESULT {"executable":"C:\\src\\fairpane\\.tools\\zig\\0.18.0-dev.120+9fe22a29b\\x86_64-windows\\zig.exe","arguments":["build","test","--summary","all","--cache-dir","out/fp0014-cache-mutation-r1"],"cwd":"C:\\Users\\requi\\.omp\\wt\\t8ee29f43a\\m","started_at":"2026-10-09T12:29:53.159Z","exit_code":1,"signal":null,"timed_out":false,"error":null,"duration_ms":165439,"environment_overrides":{"ZIG_GLOBAL_CACHE_DIR":"C:\\src\\fairpane\\.zig-cache\\global"}}

COMMAND ["C:\\Program Files\\Git\\cmd\\git.exe","apply","-R","engineering/evidence/FP-0014/raw/mutation-r1.diff"]
RESULT {"executable":"C:\\Program Files\\Git\\cmd\\git.exe","arguments":["apply","-R","engineering/evidence/FP-0014/raw/mutation-r1.diff"],"cwd":"C:\\Users\\requi\\.omp\\wt\\t8ee29f43a\\m","started_at":"2026-10-09T12:32:42.407Z","exit_code":0,"signal":null,"timed_out":false,"error":null,"duration_ms":31}

COMMAND ["C:\\Program Files\\Git\\usr\\bin\\sha256sum.exe","src/css/selectors.zig","src/css/cascade.zig"]
fc630040821b5a84f0d3500422badf16fa0954fc4cd77ab821e07076cd7a7088 *src/css/selectors.zig
830b398de5490bf3a994ff6dff675fd44808a2bca737d18f75722de9b7d85b05 *src/css/cascade.zig
RESULT {"executable":"C:\\Program Files\\Git\\usr\\bin\\sha256sum.exe","arguments":["src/css/selectors.zig","src/css/cascade.zig"],"cwd":"C:\\Users\\requi\\.omp\\wt\\t8ee29f43a\\m","started_at":"2026-10-09T12:32:42.492Z","exit_code":0,"signal":null,"timed_out":false,"error":null,"duration_ms":14}
