
COMMAND ["C:\\Program Files\\Git\\usr\\bin\\sha256sum.exe","src/css/cascade.zig"]
c98a9521b39f08d2cfced231bf9ed7bc1c9f2cc580401c002692f765a2fe8f9b *src/css/cascade.zig
RESULT {"executable":"C:\\Program Files\\Git\\usr\\bin\\sha256sum.exe","arguments":["src/css/cascade.zig"],"cwd":"C:\\Users\\requi\\.omp\\wt\\tb5fa5c781\\m","started_at":"2026-10-09T11:19:28.405Z","exit_code":0,"signal":null,"timed_out":false,"error":null,"duration_ms":15}

COMMAND ["C:\\src\\fairpane\\.tools\\zig\\0.18.0-dev.120+9fe22a29b\\x86_64-windows\\zig.exe","build","test","--summary","all","--cache-dir","out/fp0014-cache-mutation"]
test
+- run test 193 pass, 1 fail (194 total)
error: 'css.tests.test.FP-0014 case 35: origin and importance decide before specificity, in the six-level order' failed:
       expected 5, found 4
       C:\Users\requi\.omp\wt\tb5fa5c781\m\src\handles.zig:727:46: 0x7ff6c4b9c915 in expectation (test_zcu.obj)
                   if (handle.owner != model.owner) return error.WrongOwner;
                                                    ^
       C:\Users\requi\.omp\wt\tb5fa5c781\m\src\handles.zig:730:69: 0x7ff6c4b97882 in expectation (test_zcu.obj)
                   if (!slot.live or slot.generation != handle.generation) return error.StaleHandle;
                                                                           ^
       C:\Users\requi\.omp\wt\tb5fa5c781\m\src\handles.zig:730:69: 0x7ff6c4b97882 in expectation (test_zcu.obj)
                   if (!slot.live or slot.generation != handle.generation) return error.StaleHandle;
                                                                           ^
       C:\Users\requi\.omp\wt\tb5fa5c781\m\src\handles.zig:730:69: 0x7ff6c4b97882 in expectation (test_zcu.obj)
                   if (!slot.live or slot.generation != handle.generation) return error.StaleHandle;
                                                                           ^
       C:\Users\requi\.omp\wt\tb5fa5c781\m\src\handles.zig:728:70: 0x7ff6c4b9780d in expectation (test_zcu.obj)
                   if (handle.generation == 0 or handle.index >= model.len) return error.InvalidHandle;
                                                                            ^
       C:\Users\requi\.omp\wt\tb5fa5c781\m\src\handles.zig:730:69: 0x7ff6c4b97882 in expectation (test_zcu.obj)
                   if (!slot.live or slot.generation != handle.generation) return error.StaleHandle;
                                                                           ^
       C:\Users\requi\.omp\wt\tb5fa5c781\m\src\handles.zig:730:69: 0x7ff6c4b99b02 in expectation (test_zcu.obj)
                   if (!slot.live or slot.generation != handle.generation) return error.StaleHandle;
                                                                           ^
       C:\Users\requi\.omp\wt\tb5fa5c781\m\src\handles.zig:730:69: 0x7ff6c4b97882 in expectation (test_zcu.obj)
                   if (!slot.live or slot.generation != handle.generation) return error.StaleHandle;
                                                                           ^
       C:\Users\requi\.omp\wt\tb5fa5c781\m\src\handles.zig:730:69: 0x7ff6c4b97882 in expectation (test_zcu.obj)
                   if (!slot.live or slot.generation != handle.generation) return error.StaleHandle;
                                                                           ^
       C:\Users\requi\.omp\wt\tb5fa5c781\m\src\handles.zig:730:69: 0x7ff6c4b97882 in expectation (test_zcu.obj)
                   if (!slot.live or slot.generation != handle.generation) return error.StaleHandle;
                                                                           ^
       C:\Users\requi\.omp\wt\tb5fa5c781\m\src\handles.zig:730:69: 0x7ff6c4b97882 in expectation (test_zcu.obj)
                   if (!slot.live or slot.generation != handle.generation) return error.StaleHandle;
                                                                           ^
       C:\Users\requi\.omp\wt\tb5fa5c781\m\src\handles.zig:730:69: 0x7ff6c4b97882 in expectation (test_zcu.obj)
                   if (!slot.live or slot.generation != handle.generation) return error.StaleHandle;
                                                                           ^
       C:\Users\requi\.omp\wt\tb5fa5c781\m\src\handles.zig:730:69: 0x7ff6c4b97882 in expectation (test_zcu.obj)
                   if (!slot.live or slot.generation != handle.generation) return error.StaleHandle;
                                                                           ^
       C:\Users\requi\.omp\wt\tb5fa5c781\m\src\handles.zig:730:69: 0x7ff6c4b97882 in expectation (test_zcu.obj)
                   if (!slot.live or slot.generation != handle.generation) return error.StaleHandle;
                                                                           ^
       C:\Users\requi\.omp\wt\tb5fa5c781\m\src\handles.zig:728:70: 0x7ff6c4b9780d in expectation (test_zcu.obj)
                   if (handle.generation == 0 or handle.index >= model.len) return error.InvalidHandle;
                                                                            ^
       C:\Users\requi\.omp\wt\tb5fa5c781\m\src\handles.zig:730:69: 0x7ff6c4b99b02 in expectation (test_zcu.obj)
                   if (!slot.live or slot.generation != handle.generation) return error.StaleHandle;
                                                                           ^
       C:\Users\requi\.omp\wt\tb5fa5c781\m\src\handles.zig:730:69: 0x7ff6c4b99b02 in expectation (test_zcu.obj)
                   if (!slot.live or slot.generation != handle.generation) return error.StaleHandle;
                                                                           ^
       C:\Users\requi\.omp\wt\tb5fa5c781\m\src\handles.zig:727:46: 0x7ff6c4b977b5 in expectation (test_zcu.obj)
                   if (handle.owner != model.owner) return error.WrongOwner;
                                                    ^
       C:\Users\requi\.omp\wt\tb5fa5c781\m\src\handles.zig:730:69: 0x7ff6c4b97882 in expectation (test_zcu.obj)
                   if (!slot.live or slot.generation != handle.generation) return error.StaleHandle;
                                                                           ^
       C:\Users\requi\.omp\wt\tb5fa5c781\m\src\handles.zig:730:69: 0x7ff6c4b97882 in expectation (test_zcu.obj)
                   if (!slot.live or slot.generation != handle.generation) return error.StaleHandle;
                                                                           ^
       C:\src\fairpane\.tools\zig\0.18.0-dev.120+9fe22a29b\x86_64-windows\lib\std\testing.zig:93:17: 0x7ff6c4a29327 in expectEqualInner__func_1241 (test_zcu.obj)
                       return error.TestExpectedEqual;
                       ^
       C:\src\fairpane\.tools\zig\0.18.0-dev.120+9fe22a29b\x86_64-windows\lib\std\testing.zig:57: 0x7ff6c4cac31a in expectEqual (test_zcu.obj)
           return expectEqualInner(T, expected, actual);
       
       C:\src\fairpane\.tools\zig\0.18.0-dev.120+9fe22a29b\x86_64-windows\lib\std\testing.zig:170:21: 0x7ff6c4cac345 in expectEqualInner__func_4344 (test_zcu.obj)
                           try expectEqual(expected_payload, actual_payload);
                           ^
       C:\src\fairpane\.tools\zig\0.18.0-dev.120+9fe22a29b\x86_64-windows\lib\std\testing.zig:57: 0x7ff6c4cac482 in expectEqual (test_zcu.obj)
           return expectEqualInner(T, expected, actual);
       
       C:\Users\requi\.omp\wt\tb5fa5c781\m\src\css\tests.zig:726:5: 0x7ff6c4cac4de in expectRgba (test_zcu.obj)
           try testing.expectEqual(red, rgba.red);
           ^
       C:\Users\requi\.omp\wt\tb5fa5c781\m\src\css\tests.zig:1127:9: 0x7ff6c4d263d2 in test.FP-0014 case 35: origin and importance decide before specificity, in the six-level order (test_zcu.obj)
               try expectRgba((try s.get(p)).color, @floatFromInt(k), 0, 0, 1);
               ^
failed command: cd . && ".\\out\\fp0014-cache-mutation\\o\\cd97cc079b41c4940ac1bf86e6f23eb1\\test.exe" "--cache-dir=.\\out\\fp0014-cache-mutation" --seed=0xc1e3403 --listen=-

Build Summary: 56/58 steps succeeded (1 failed); 226/227 tests passed (1 failed)
test transitive failure
+- run test 193 pass, 1 fail (194 total)
|  +- compile test debug native success 8s MaxRSS:796M
+- run test 33 pass (33 total) 210ms MaxRSS:15M
|  +- compile test debug native success 3s MaxRSS:411M
+- FP-0007 case 13: case 2 passes with exit status 0 success 42ms
|  +- install fairpane-lab success
|     +- compile exe fairpane-lab debug native success 2s MaxRSS:334M
+- FP-0007 case 13: case 3 fails with exit status 1 success 52ms
|  +- install fairpane-lab (+1 more reused dependencies)
+- FP-0007 case 13: case 4 is unsupported with exit status 2 success 40ms
|  +- install fairpane-lab (+1 more reused dependencies)
+- FP-0007 case 13: case 1 is a harness error with exit status 3 success 52ms
|  +- install fairpane-lab (+1 more reused dependencies)
+- FP-0007 case 13: case 8 times out with exit status 4 success 37ms
|  +- install fairpane-lab (+1 more reused dependencies)
+- FP-0007 case 13: an unknown command exits with status 64 and writes no result success 37ms
|  +- install fairpane-lab (+1 more reused dependencies)
+- FP-0007 case 14: minimize reduces a failing fetch case with a 4096-byte body success 67ms
|  +- install fairpane-lab (+1 more reused dependencies)
+- FP-0007 case 14: the minimized case fails the same check success 20ms
|  +- install fairpane-lab (+1 more reused dependencies)
|  +- FP-0007 case 14: minimize reduces a failing fetch case with a 4096-byte body (+1 more reused dependencies)
+- FP-0007 case 14: the minimized document body is 1-minimal success 24ms
|  +- compile exe fairpane-lab-check debug native success 2s MaxRSS:318M
|  +- FP-0007 case 14: minimize reduces a failing fetch case with a 4096-byte body (+1 more reused dependencies)
+- FP-0007 case 14: minimize refuses a passing case success 54ms
|  +- install fairpane-lab (+1 more reused dependencies)
+- FP-0007 case 14: a refused minimization writes nothing success 30ms
|  +- compile exe fairpane-lab-check debug native (reused)
|  +- FP-0007 case 14: minimize refuses a passing case (+1 more reused dependencies)
+- FP-0054 case 5: minimize refuses an --out path that names the input file through another spelling success 53ms
|  +- install fairpane-lab (+1 more reused dependencies)
|  +- WriteFile case.json success
|  +- WriteFile case.json (reused)
+- FP-0054 case 5: the refused minimization leaves the input unchanged success 30ms
|  +- compile exe fairpane-lab-check debug native (reused)
|  +- WriteFile case.json (reused)
|  +- FP-0054 case 5: minimize refuses an --out path that names the input file through another spelling (+3 more reused dependencies)
+- FP-0054 revision 1 case 1: minimize refuses an --out path that is a hard link to the input file success 41ms
|  +- install fairpane-lab (+1 more reused dependencies)
|  +- FP-0054 revision 1 case 1: create a fresh directory success 39ms
|     +- compile exe fairpane-lab-check debug native (reused)
+- FP-0054 revision 1 case 1: the refused command leaves the input unchanged success 49ms
|  +- compile exe fairpane-lab-check debug native (reused)
|  +- FP-0054 revision 1 case 1: create a fresh directory (+1 more reused dependencies)
|  +- FP-0054 revision 1 case 1: minimize refuses an --out path that is a hard link to the input file (+2 more reused dependencies)
+- FP-0054 revision 1 case 2: run refuses a --transcript path that is a hard link to the input file success 42ms
|  +- install fairpane-lab (+1 more reused dependencies)
|  +- FP-0054 revision 1 case 2: create a fresh directory success 37ms
|     +- compile exe fairpane-lab-check debug native (reused)
+- FP-0054 revision 1 case 2: the refused command leaves the input unchanged success 50ms
|  +- compile exe fairpane-lab-check debug native (reused)
|  +- FP-0054 revision 1 case 2: create a fresh directory (+1 more reused dependencies)
|  +- FP-0054 revision 1 case 2: run refuses a --transcript path that is a hard link to the input file (+2 more reused dependencies)
+- FP-0054 revision 1 case 3: minimize refuses an --out path that names the input file in other letter case success 38ms
|  +- install fairpane-lab (+1 more reused dependencies)
|  +- FP-0054 revision 1 case 3: create a fresh directory success 40ms
|     +- compile exe fairpane-lab-check debug native (reused)
+- FP-0054 revision 1 case 3: the refused command leaves the input unchanged success 50ms
|  +- compile exe fairpane-lab-check debug native (reused)
|  +- FP-0054 revision 1 case 3: create a fresh directory (+1 more reused dependencies)
|  +- FP-0054 revision 1 case 3: minimize refuses an --out path that names the input file in other letter case (+2 more reused dependencies)
+- FP-0054 revision 1 case 4: minimize writes over a separate byte-identical copy of the input file success 44ms
|  +- install fairpane-lab (+1 more reused dependencies)
|  +- FP-0054 revision 1 case 4: create a fresh directory success 40ms
|     +- compile exe fairpane-lab-check debug native (reused)
+- FP-0054 revision 1 case 4: the written case is a version 2 case derived from the input digest success 48ms
|  +- compile exe fairpane-lab-check debug native (reused)
|  +- FP-0054 revision 1 case 4: create a fresh directory (+1 more reused dependencies)
|  +- FP-0054 revision 1 case 4: minimize writes over a separate byte-identical copy of the input file (+2 more reused dependencies)
+- FP-0054 revision 1 case 5: remove the oversized files success 8ms
|  +- compile exe fairpane-lab-check debug native (reused)
|  +- FP-0054 revision 1 case 5: create a fresh directory success 36ms
|  |  +- compile exe fairpane-lab-check debug native (reused)
|  +- FP-0054 revision 1 case 5: run reports a case file one byte above the size limit success 39ms
|  |  +- install fairpane-lab (+1 more reused dependencies)
|  |  +- FP-0054 revision 1 case 5: create a fresh directory (+1 more reused dependencies)
|  +- FP-0054 revision 1 case 5: the failed minimization creates no output file success 49ms
|  |  +- compile exe fairpane-lab-check debug native (reused)
|  |  +- FP-0054 revision 1 case 5: create a fresh directory (+1 more reused dependencies)
|  |  +- FP-0054 revision 1 case 5: minimize reports a case file one byte above the size limit success 40ms
|  |     +- install fairpane-lab (+1 more reused dependencies)
|  |     +- FP-0054 revision 1 case 5: create a fresh directory (+1 more reused dependencies)
|  +- FP-0054 revision 1 case 5: replay reports a transcript file one byte above the size limit success 38ms
|     +- install fairpane-lab (+1 more reused dependencies)
|     +- FP-0054 revision 1 case 5: create a fresh directory (+1 more reused dependencies)
+- FP-0011 case 4: leaf_invokes_to_number.zig success 383ms
+- FP-0011 case 4: leaf_invokes_number_to_string.zig success 389ms
+- FP-0011 case 4: allocation_invokes_call.zig success 383ms
+- FP-0011 case 4: leaf_allocates.zig success 325ms
+- FP-0011 case 4: mutation_throws.zig success 315ms
+- FP-0011 case 4: leaf_calls_behavior.zig success 354ms
+- FP-0011 case 4: leaf_positive.zig success 361ms
+- FP-0011 case 5: catalog_callback_alone.zig success 337ms
+- FP-0011 case 5: catalog_exception_alone.zig success 324ms
+- FP-0011 case 5: catalog_duplicate_id.zig success 349ms
+- FP-0011 case 5: kernel_wider_context.zig success 346ms
+- FP-0011 case 5: kernel_undeclared_throw.zig success 328ms
+- FP-0011 case 8: layout_undescribed_field.zig success 353ms
+- FP-0011 case 8: layout_plain_reference.zig success 340ms
+- FP-0011 case 8: layout_missing_field.zig success 351ms
+- FP-0011 case 20: abi_reference_value.zig success 329ms
+- FP-0011 case 20: abi_nan_box_value.zig success 353ms
+- FP-0011 case 20: abi_tagged_index_value.zig success 325ms

error: the following build command exited with code 1:
C:\src\fairpane\.zig-cache\global\o\253f29e51d3f235ff7bb0cfb57b92bf7\maker.exe build --zig-lib=C:\src\fairpane\.tools\zig\0.18.0-dev.120+9fe22a29b\x86_64-windows\lib --zig=C:\src\fairpane\.tools\zig\0.18.0-dev.120+9fe22a29b\x86_64-windows\zig.exe --global-cache=C:\src\fairpane\.zig-cache\global --seed=0xc1e3403 test --summary all --cache-dir out/fp0014-cache-mutation
RESULT {"executable":"C:\\src\\fairpane\\.tools\\zig\\0.18.0-dev.120+9fe22a29b\\x86_64-windows\\zig.exe","arguments":["build","test","--summary","all","--cache-dir","out/fp0014-cache-mutation"],"cwd":"C:\\Users\\requi\\.omp\\wt\\tb5fa5c781\\m","started_at":"2026-10-09T11:19:37.095Z","exit_code":1,"signal":null,"timed_out":false,"error":null,"duration_ms":169213,"environment_overrides":{"ZIG_GLOBAL_CACHE_DIR":"C:\\src\\fairpane\\.zig-cache\\global"}}

COMMAND ["C:\\Program Files\\Git\\usr\\bin\\sha256sum.exe","src/css/cascade.zig"]
c98a9521b39f08d2cfced231bf9ed7bc1c9f2cc580401c002692f765a2fe8f9b *src/css/cascade.zig
RESULT {"executable":"C:\\Program Files\\Git\\usr\\bin\\sha256sum.exe","arguments":["src/css/cascade.zig"],"cwd":"C:\\Users\\requi\\.omp\\wt\\tb5fa5c781\\m","started_at":"2026-10-09T11:22:32.142Z","exit_code":0,"signal":null,"timed_out":false,"error":null,"duration_ms":15}
