
COMMAND ["C:\\Program Files\\Git\\usr\\bin\\sha256sum.exe","C:/src/fairpane/out/css-values-5-58354dac99cc8783a9b7b28957ece56bb48579eb.bs","C:/src/fairpane/out/css-grid-3-58354dac99cc8783a9b7b28957ece56bb48579eb.bs","C:/src/fairpane/out/selectors-5-58354dac99cc8783a9b7b28957ece56bb48579eb.bs","C:/src/fairpane/out/selectors-4-58354dac99cc8783a9b7b28957ece56bb48579eb.bs","C:/src/fairpane/out/mathml-core.html"]
e6d5093499619450110a8ce94b39a8fda8960a28c72eac49f1b2fbb051a000fd *C:/src/fairpane/out/css-values-5-58354dac99cc8783a9b7b28957ece56bb48579eb.bs
50c1312d6090bdf11802ff57915d93ce1f4f765f9c9058de3ea50de61c5598e7 *C:/src/fairpane/out/css-grid-3-58354dac99cc8783a9b7b28957ece56bb48579eb.bs
bd9fd9abadfb552990fd435cdab0e89fca133273ff775b81b6aa6b5d5bf5d38b *C:/src/fairpane/out/selectors-5-58354dac99cc8783a9b7b28957ece56bb48579eb.bs
0db7958a1744d95f7998f2451684e2cf270670091c8cd14a7681ac53cf068098 *C:/src/fairpane/out/selectors-4-58354dac99cc8783a9b7b28957ece56bb48579eb.bs
57cd75da4bedaf4f7fd7860b49b8502ab04935f5a151316164a83724ab77bfcc *C:/src/fairpane/out/mathml-core.html
RESULT {"executable":"C:\\Program Files\\Git\\usr\\bin\\sha256sum.exe","arguments":["C:/src/fairpane/out/css-values-5-58354dac99cc8783a9b7b28957ece56bb48579eb.bs","C:/src/fairpane/out/css-grid-3-58354dac99cc8783a9b7b28957ece56bb48579eb.bs","C:/src/fairpane/out/selectors-5-58354dac99cc8783a9b7b28957ece56bb48579eb.bs","C:/src/fairpane/out/selectors-4-58354dac99cc8783a9b7b28957ece56bb48579eb.bs","C:/src/fairpane/out/mathml-core.html"],"cwd":"C:\\Users\\requi\\.omp\\wt\\t8ee29f43a\\m","started_at":"2026-10-09T12:41:45.173Z","exit_code":0,"signal":null,"timed_out":false,"error":null,"duration_ms":23}

COMMAND ["C:\\Program Files\\Git\\usr\\bin\\sed.exe","-n","1680p;1911p;2194p;2358p;2741p","C:/src/fairpane/out/css-values-5-58354dac99cc8783a9b7b28957ece56bb48579eb.bs"]
	The <dfn>if()</dfn> function is an [=arbitrary substitution function=]
	''inherit()'' is an [=arbitrary substitution function=]
	''attr()'' is an [=arbitrary substitution function=],
	It is an [=arbitrary substitution function=].
	The ''random-item()'' function is an [=arbitrary substitution function=],
RESULT {"executable":"C:\\Program Files\\Git\\usr\\bin\\sed.exe","arguments":["-n","1680p;1911p;2194p;2358p;2741p","C:/src/fairpane/out/css-values-5-58354dac99cc8783a9b7b28957ece56bb48579eb.bs"],"cwd":"C:\\Users\\requi\\.omp\\wt\\t8ee29f43a\\m","started_at":"2026-10-09T12:41:45.256Z","exit_code":0,"signal":null,"timed_out":false,"error":null,"duration_ms":22}

COMMAND ["C:\\Program Files\\Git\\usr\\bin\\sed.exe","-n","348p","C:/src/fairpane/out/css-grid-3-58354dac99cc8783a9b7b28957ece56bb48579eb.bs"]
	New values: grid-lanes | inline-grid-lanes
RESULT {"executable":"C:\\Program Files\\Git\\usr\\bin\\sed.exe","arguments":["-n","348p","C:/src/fairpane/out/css-grid-3-58354dac99cc8783a9b7b28957ece56bb48579eb.bs"],"cwd":"C:\\Users\\requi\\.omp\\wt\\t8ee29f43a\\m","started_at":"2026-10-09T12:41:45.343Z","exit_code":0,"signal":null,"timed_out":false,"error":null,"duration_ms":14}

COMMAND ["C:\\Program Files\\Git\\usr\\bin\\sed.exe","-n","462p","C:/src/fairpane/out/selectors-5-58354dac99cc8783a9b7b28957ece56bb48579eb.bs"]
	The <dfn export>column combinator</dfn>, which consists of two pipes (<dfn selector id="selectordef-column">||</dfn>)
RESULT {"executable":"C:\\Program Files\\Git\\usr\\bin\\sed.exe","arguments":["-n","462p","C:/src/fairpane/out/selectors-5-58354dac99cc8783a9b7b28957ece56bb48579eb.bs"],"cwd":"C:\\Users\\requi\\.omp\\wt\\t8ee29f43a\\m","started_at":"2026-10-09T12:41:45.413Z","exit_code":0,"signal":null,"timed_out":false,"error":null,"duration_ms":14}

COMMAND ["C:\\Program Files\\Git\\usr\\bin\\sed.exe","-n","5232p","C:/src/fairpane/out/selectors-4-58354dac99cc8783a9b7b28957ece56bb48579eb.bs"]
	* Moved the column combinator to Selectors 5
RESULT {"executable":"C:\\Program Files\\Git\\usr\\bin\\sed.exe","arguments":["-n","5232p","C:/src/fairpane/out/selectors-4-58354dac99cc8783a9b7b28957ece56bb48579eb.bs"],"cwd":"C:\\Users\\requi\\.omp\\wt\\t8ee29f43a\\m","started_at":"2026-10-09T12:41:45.498Z","exit_code":0,"signal":null,"timed_out":false,"error":null,"duration_ms":15}

COMMAND ["C:\\Program Files\\Git\\usr\\bin\\sed.exe","-n","5801p","C:/src/fairpane/out/mathml-core.html"]
              <td class="prod"><a href="https://www.w3.org/TR/css-display-3/#typedef-display-outside">&lt;display-outside&gt;</a> <a href="https://www.w3.org/TR/css-values-4/#comb-any">||</a> [ <a href="https://www.w3.org/TR/css-display-3/#typedef-display-inside">&lt;display-inside&gt;</a> <a href="https://www.w3.org/TR/css-values-4/#comb-one">|</a> math ]</td>
RESULT {"executable":"C:\\Program Files\\Git\\usr\\bin\\sed.exe","arguments":["-n","5801p","C:/src/fairpane/out/mathml-core.html"],"cwd":"C:\\Users\\requi\\.omp\\wt\\t8ee29f43a\\m","started_at":"2026-10-09T12:41:45.571Z","exit_code":0,"signal":null,"timed_out":false,"error":null,"duration_ms":18}
