
COMMAND ["C:\\nvm4w\\nodejs\\node.exe","tools/fairpane.mjs","abi-generate"]
{
  "result": "written",
  "schema": "api/fairpane.schema.json",
  "files": [
    "include/fairpane.h",
    "src/abi_generated.zig",
    "tests/c/abi_layout.h"
  ]
}
RESULT {"executable":"C:\\nvm4w\\nodejs\\node.exe","arguments":["tools/fairpane.mjs","abi-generate"],"cwd":"C:\\Users\\requi\\.omp\\wt\\t9e67fc394\\m","started_at":"2026-10-09T13:27:10.228Z","exit_code":0,"signal":null,"timed_out":false,"error":null,"duration_ms":53}

COMMAND ["C:\\Program Files\\Git\\cmd\\git.exe","hash-object","include/fairpane.h","src/abi_generated.zig","tests/c/abi_layout.h"]
87a481a57ac3dd70ff72e324e05b497cccb4cf6d
a7be39af8566a245e3653809dd7f94fd247d6778
ca69be8b006d62ff0881f0fe2877aaa85d11767a
RESULT {"executable":"C:\\Program Files\\Git\\cmd\\git.exe","arguments":["hash-object","include/fairpane.h","src/abi_generated.zig","tests/c/abi_layout.h"],"cwd":"C:\\Users\\requi\\.omp\\wt\\t9e67fc394\\m","started_at":"2026-10-09T13:27:10.334Z","exit_code":0,"signal":null,"timed_out":false,"error":null,"duration_ms":18}

COMMAND ["C:\\nvm4w\\nodejs\\node.exe","tools/fairpane.mjs","abi-generate"]
{
  "result": "written",
  "schema": "api/fairpane.schema.json",
  "files": [
    "include/fairpane.h",
    "src/abi_generated.zig",
    "tests/c/abi_layout.h"
  ]
}
RESULT {"executable":"C:\\nvm4w\\nodejs\\node.exe","arguments":["tools/fairpane.mjs","abi-generate"],"cwd":"C:\\Users\\requi\\.omp\\wt\\t9e67fc394\\m","started_at":"2026-10-09T13:27:10.403Z","exit_code":0,"signal":null,"timed_out":false,"error":null,"duration_ms":50}

COMMAND ["C:\\Program Files\\Git\\cmd\\git.exe","hash-object","include/fairpane.h","src/abi_generated.zig","tests/c/abi_layout.h"]
87a481a57ac3dd70ff72e324e05b497cccb4cf6d
a7be39af8566a245e3653809dd7f94fd247d6778
ca69be8b006d62ff0881f0fe2877aaa85d11767a
RESULT {"executable":"C:\\Program Files\\Git\\cmd\\git.exe","arguments":["hash-object","include/fairpane.h","src/abi_generated.zig","tests/c/abi_layout.h"],"cwd":"C:\\Users\\requi\\.omp\\wt\\t9e67fc394\\m","started_at":"2026-10-09T13:27:10.521Z","exit_code":0,"signal":null,"timed_out":false,"error":null,"duration_ms":18}

COMMAND ["C:\\Program Files\\Git\\cmd\\git.exe","status","--short","include","src/abi_generated.zig","tests/c/abi_layout.h"]
 M include/fairpane.h
 M src/abi_generated.zig
 M tests/c/abi_layout.h
RESULT {"executable":"C:\\Program Files\\Git\\cmd\\git.exe","arguments":["status","--short","include","src/abi_generated.zig","tests/c/abi_layout.h"],"cwd":"C:\\Users\\requi\\.omp\\wt\\t9e67fc394\\m","started_at":"2026-10-09T13:27:10.591Z","exit_code":0,"signal":null,"timed_out":false,"error":null,"duration_ms":22}

COMMAND ["C:\\nvm4w\\nodejs\\node.exe","tools/fairpane.mjs","abi-check"]
{
  "result": "pass",
  "schema": "api/fairpane.schema.json",
  "files": [
    "include/fairpane.h",
    "src/abi_generated.zig",
    "tests/c/abi_layout.h"
  ]
}
RESULT {"executable":"C:\\nvm4w\\nodejs\\node.exe","arguments":["tools/fairpane.mjs","abi-check"],"cwd":"C:\\Users\\requi\\.omp\\wt\\t9e67fc394\\m","started_at":"2026-10-09T13:27:10.677Z","exit_code":0,"signal":null,"timed_out":false,"error":null,"duration_ms":50}

COMMAND ["C:\\nvm4w\\nodejs\\node.exe","tools/fairpane.mjs","abi-generate"]
{
  "result": "written",
  "schema": "api/fairpane.schema.json",
  "files": [
    "include/fairpane.h",
    "src/abi_generated.zig",
    "tests/c/abi_layout.h"
  ]
}
RESULT {"executable":"C:\\nvm4w\\nodejs\\node.exe","arguments":["tools/fairpane.mjs","abi-generate"],"cwd":"C:\\Users\\requi\\.omp\\wt\\t9e67fc394\\m","started_at":"2026-10-09T13:31:14.154Z","exit_code":0,"signal":null,"timed_out":false,"error":null,"duration_ms":58}

COMMAND ["C:\\Program Files\\Git\\cmd\\git.exe","hash-object","include/fairpane.h","src/abi_generated.zig","tests/c/abi_layout.h"]
6c31cf4d598e2aa29ca9d12e603c55919be3287f
acf6b439c98f47a2c0b9f03ecd357d3122ac17cc
8f24173a5be05d5fed42764dc1f48aa035c97513
RESULT {"executable":"C:\\Program Files\\Git\\cmd\\git.exe","arguments":["hash-object","include/fairpane.h","src/abi_generated.zig","tests/c/abi_layout.h"],"cwd":"C:\\Users\\requi\\.omp\\wt\\t9e67fc394\\m","started_at":"2026-10-09T13:31:14.265Z","exit_code":0,"signal":null,"timed_out":false,"error":null,"duration_ms":18}

COMMAND ["C:\\nvm4w\\nodejs\\node.exe","tools/fairpane.mjs","abi-generate"]
{
  "result": "written",
  "schema": "api/fairpane.schema.json",
  "files": [
    "include/fairpane.h",
    "src/abi_generated.zig",
    "tests/c/abi_layout.h"
  ]
}
RESULT {"executable":"C:\\nvm4w\\nodejs\\node.exe","arguments":["tools/fairpane.mjs","abi-generate"],"cwd":"C:\\Users\\requi\\.omp\\wt\\t9e67fc394\\m","started_at":"2026-10-09T13:31:14.335Z","exit_code":0,"signal":null,"timed_out":false,"error":null,"duration_ms":66}

COMMAND ["C:\\Program Files\\Git\\cmd\\git.exe","hash-object","include/fairpane.h","src/abi_generated.zig","tests/c/abi_layout.h"]
6c31cf4d598e2aa29ca9d12e603c55919be3287f
acf6b439c98f47a2c0b9f03ecd357d3122ac17cc
8f24173a5be05d5fed42764dc1f48aa035c97513
RESULT {"executable":"C:\\Program Files\\Git\\cmd\\git.exe","arguments":["hash-object","include/fairpane.h","src/abi_generated.zig","tests/c/abi_layout.h"],"cwd":"C:\\Users\\requi\\.omp\\wt\\t9e67fc394\\m","started_at":"2026-10-09T13:31:14.467Z","exit_code":0,"signal":null,"timed_out":false,"error":null,"duration_ms":18}

COMMAND ["C:\\nvm4w\\nodejs\\node.exe","tools/fairpane.mjs","abi-check"]
{
  "result": "pass",
  "schema": "api/fairpane.schema.json",
  "files": [
    "include/fairpane.h",
    "src/abi_generated.zig",
    "tests/c/abi_layout.h"
  ]
}
RESULT {"executable":"C:\\nvm4w\\nodejs\\node.exe","arguments":["tools/fairpane.mjs","abi-check"],"cwd":"C:\\Users\\requi\\.omp\\wt\\t9e67fc394\\m","started_at":"2026-10-09T13:31:14.545Z","exit_code":0,"signal":null,"timed_out":false,"error":null,"duration_ms":52}
