
COMMAND ["C:\\Windows\\System32\\wsl.exe","-d","Ubuntu","-e","sh","-c","command -v node && node --version"]
RESULT {"executable":"C:\\Windows\\System32\\wsl.exe","arguments":["-d","Ubuntu","-e","sh","-c","command -v node && node --version"],"cwd":"C:\\Users\\requi\\.omp\\wt\\t63eac3001\\m","started_at":"2026-10-09T14:00:30.518Z","exit_code":127,"signal":null,"timed_out":false,"error":null,"duration_ms":98}

COMMAND ["C:\\Windows\\System32\\wsl.exe","-d","Ubuntu","-e","sh","-c","uname -sr; command -v curl; ls $HOME"]
Linux 7.2.6-locietta-WSL2-xanmod1
/usr/bin/curl
Documents
Downloads
MArtsEvaluation
VIRAL-PRODUCT-NICHE-REPORT.md
VIRAL-TOKEN-NICHE-REPORT.md
actions-runner
android
audio-test-final.log
audio-test.log
audio-test2.log
autolith-baseline
autolith-bootstrap.log
autolith-port
ba
baseline-check-full.log
bc
bedlam-cross
bedlam-fix
bedlam-fuzz
bh
bn
bounties
bp
brands
bw
bw2
bx
ci-measure
comfy
compmeleon-flycast
compmeleon-flycast-apt.log
compmeleon-flycast-build
compmeleon-flycast-build.log
compmeleon-flycast-clone.log
compmeleon-flycast-config.log
compmeleon-flycast-rebuild.log
compmeleon-flycast-trace.patch
compmeleon-jp-bulk.log
compmeleon-jp-fast.log
compmeleon-phase3-trace.py
compmeleon-phase4-build.log
compmeleon-phase4-trace.py
compmeleon-ta-build.log
compmeleon-targets
compmeleon-toolchain
compmeleon-trace-progress-2.log
compmeleon-trace-progress.log
compmeleon-us-fast.log
compmeleon-us-progress.log
crypto-twitter-research-march-2026.md
dawn-official
deps
diagnose_trace.py
diagnosis-extra.json
diagnosis-extra.py
diagnosis-summary.log
docs
erl_crash.dump
fairpane-linux
fanout-quic
fastfetch-linux-amd64.deb
find-best-frame.py
find-visible.py
flexstudy-v4
flycast-extra-build.log
flycast-reference-frame.patch
flycast-timed.patch
flycast-trace-current.patch
flycast-trace.patch
flycast_trace.py
frame-expected-xyz.bin
fw-t409
gltest
go
hcloud-cli_1.69.0_amd64.deb
hexops-dawn
hunch-build
irruption
jp-aica-loader.log
jp-aica-uploaded.log
jp-diagnosis-long.log
jp-final.log
jp-fipr-other-sites.json
jp-fipr-sites.json
jp-fipr-third-sites.json
jp-phase3a-v2.log
jp-phase3a-v3.log
jp-phase3a-v4.log
jp-phase3a.log
jp-post-init.log
jp-replay-checked.log
jp-replay.log
jp-sq-sites.json
jp-timed-3a.log
jp-timed-final.log
jp-vector-wide-retry.log
jp-vector-wide.log
jp-vector.log
mmofps-target
ng
peep-load
phase3-debug-stack.txt
phase3-timed-build.log
port-check-focused.log
port-check-full-10.log
port-check-full-11.log
port-check-full-12.log
port-check-full-13.log
port-check-full-14.log
port-check-full-15.log
port-check-full-16.log
port-check-full-17.log
port-check-full-18.log
port-check-full-2.log
port-check-full-3.log
port-check-full-4.log
port-check-full-5.log
port-check-full-6.log
port-check-full-7.log
port-check-full-8.log
port-check-full-9.log
port-check-full.log
port-compile.log
port.patch
profiles
proton
proton.sh
quicklisp
rapier-det
reddit-crypto-token-research.md
reference-build.log
replay-build.log
spine-scripts
src
t409-appbuild.log
t409-baseline.log
t409-clippy.log
t409-linux-gate.log
t409-probe
t409-test.log
t409-wd-session
tmp
ulp
upterm_linux_amd64.deb
us-aica-uploaded.log
us-final.log
us-fipr-other-sites.json
us-fipr-sites.json
us-fipr-third-sites.json
us-init-table.log
us-phase3a-v2.log
us-phase3a-v3.log
us-phase3a.log
us-post-init.log
us-replay-checked.log
us-replay.log
us-timed-3a-v2.log
us-timed-3a.log
us-timed-final.log
us-vector.log
vast-fc-test
viral-token-growth-analysis.md
work
zidi
RESULT {"executable":"C:\\Windows\\System32\\wsl.exe","arguments":["-d","Ubuntu","-e","sh","-c","uname -sr; command -v curl; ls $HOME"],"cwd":"C:\\Users\\requi\\.omp\\wt\\t63eac3001\\m","started_at":"2026-10-09T14:00:44.479Z","exit_code":0,"signal":null,"timed_out":false,"error":null,"duration_ms":96}
