
COMMAND ["C:\\Program Files\\Git\\usr\\bin\\sha256sum.exe","src/dom.zig"]
bce8131d0f519de5f4ce91cdae866dfc1aa41cec7b1a706670d56fa647a2e157 *src/dom.zig
RESULT {"executable":"C:\\Program Files\\Git\\usr\\bin\\sha256sum.exe","arguments":["src/dom.zig"],"cwd":"C:\\Users\\requi\\.omp\\wt\\t9595b6f21\\m","started_at":"2026-10-09T02:27:05.025Z","exit_code":0,"signal":null,"timed_out":false,"error":null,"duration_ms":34}

COMMAND ["C:\\src\\fairpane\\.tools\\zig\\0.18.0-dev.120+9fe22a29b\\x86_64-windows\\zig.exe","build","test","--summary","all","--cache-dir","out/fp0009-cache-mutation"]
test
+- run test 73 pass, 2 fail (75 total)
error: 'dom.test.FP-0009 case 2: every condition of ensure pre-insert validity returns its standard error and changes nothing' failed:
       expected error.HierarchyRequest, found void
       C:\src\fairpane\.tools\zig\0.18.0-dev.120+9fe22a29b\x86_64-windows\lib\std\testing.zig:634:9: 0x7ff6ebddf66a in expectError__func_1526 (test_zcu.obj)
               return error.TestExpectedError;
               ^
       C:\Users\requi\.omp\wt\t9595b6f21\m\src\dom.zig:854:5: 0x7ff6ebddf7f1 in expectRejected__func_1525 (test_zcu.obj)
           try testing.expectError(expected, @call(.auto, operation, args));
           ^
       C:\Users\requi\.omp\wt\t9595b6f21\m\src\dom.zig:966:9: 0x7ff6ebe12e79 in test.FP-0009 case 2: every condition of ensure pre-insert validity returns its standard error and changes nothing (test_zcu.obj)
               try expectRejected(s, error.HierarchyRequest, Store.appendChild, .{ s, outer, outer });
               ^
error: 'dom.test.FP-0009 case 3: every condition of the replace validity checks returns its standard error and changes nothing' failed:
       expected error.HierarchyRequest, found void
       C:\src\fairpane\.tools\zig\0.18.0-dev.120+9fe22a29b\x86_64-windows\lib\std\testing.zig:634:9: 0x7ff6ebddf66a in expectError__func_1526 (test_zcu.obj)
               return error.TestExpectedError;
               ^
       C:\Users\requi\.omp\wt\t9595b6f21\m\src\dom.zig:854:5: 0x7ff6ebddfd2a in expectRejected__func_1529 (test_zcu.obj)
           try testing.expectError(expected, @call(.auto, operation, args));
           ^
       C:\Users\requi\.omp\wt\t9595b6f21\m\src\dom.zig:1148:9: 0x7ff6ebe0d64a in test.FP-0009 case 3: every condition of the replace validity checks returns its standard error and changes nothing (test_zcu.obj)
               try expectRejected(s, error.HierarchyRequest, Store.replaceChild, .{ s, middle, outer, inner });
               ^
failed command: ".\\out\\fp0009-cache-mutation\\o\\08b013779538df5e27e9388bfffa594a\\test.exe" "--cache-dir=.\\out\\fp0009-cache-mutation" --seed=0xb340ffda --listen=-

Build Summary: 1/3 steps succeeded (1 failed); 73/75 tests passed (2 failed)
test transitive failure
+- run test 73 pass, 2 fail (75 total)
   +- compile test debug native success 2s MaxRSS:388M

error: the following build command exited with code 1:
C:\src\fairpane\.zig-cache\global\o\253f29e51d3f235ff7bb0cfb57b92bf7\maker.exe build --zig-lib=C:\src\fairpane\.tools\zig\0.18.0-dev.120+9fe22a29b\x86_64-windows\lib --zig=C:\src\fairpane\.tools\zig\0.18.0-dev.120+9fe22a29b\x86_64-windows\zig.exe --global-cache=C:\src\fairpane\.zig-cache\global --seed=0xb340ffda test --summary all --cache-dir out/fp0009-cache-mutation
RESULT {"executable":"C:\\src\\fairpane\\.tools\\zig\\0.18.0-dev.120+9fe22a29b\\x86_64-windows\\zig.exe","arguments":["build","test","--summary","all","--cache-dir","out/fp0009-cache-mutation"],"cwd":"C:\\Users\\requi\\.omp\\wt\\t9595b6f21\\m","started_at":"2026-10-09T02:27:40.343Z","exit_code":1,"signal":null,"timed_out":false,"error":null,"duration_ms":5493,"environment_overrides":{"ZIG_GLOBAL_CACHE_DIR":"C:/src/fairpane/.zig-cache/global"}}

COMMAND ["C:\\Program Files\\Git\\usr\\bin\\sha256sum.exe","src/dom.zig"]
bce8131d0f519de5f4ce91cdae866dfc1aa41cec7b1a706670d56fa647a2e157 *src/dom.zig
RESULT {"executable":"C:\\Program Files\\Git\\usr\\bin\\sha256sum.exe","arguments":["src/dom.zig"],"cwd":"C:\\Users\\requi\\.omp\\wt\\t9595b6f21\\m","started_at":"2026-10-09T02:28:11.501Z","exit_code":0,"signal":null,"timed_out":false,"error":null,"duration_ms":14}
