Fairpane local gate: repo-check
Trust: unsigned-local-integrity-only

COMMAND ["C:\\nvm4w\\nodejs\\node.exe","C:\\src\\fairpane\\tools\\fairpane.mjs","check"]
{
  "result": "pass",
  "level": "bootstrap-integrity-only",
  "tasks": 51,
  "gates": 9,
  "capability_families": 21,
  "fingerprints": {
    "source": {
      "sha256": "07f4a9f8dfed4c4c6383488d9174a8647a4aa1c805cf206e25cc585ed042686d",
      "file_count": 98
    },
    "policy": {
      "sha256": "782bc4031600ed76e12e503135470bfd71c6b65e6fdf3fafc00880989f5f6d53",
      "file_count": 17
    }
  },
  "note": "This check is not browser conformance or an independent security attestation."
}
RESULT {"executable":"C:\\nvm4w\\nodejs\\node.exe","arguments":["C:\\src\\fairpane\\tools\\fairpane.mjs","check"],"cwd":"C:\\src\\fairpane","started_at":"2026-10-09T02:30:45.112Z","exit_code":0,"signal":null,"timed_out":false,"error":null,"duration_ms":78}
