Fairpane local gate: repo-check
Trust: unsigned-local-integrity-only

COMMAND ["C:\\hostedtoolcache\\windows\\node\\24.21.0\\x64\\node.exe","D:\\a\\fairpane\\fairpane\\tools\\fairpane.mjs","check"]
{
  "result": "pass",
  "level": "bootstrap-integrity-only",
  "tasks": 53,
  "gates": 9,
  "capability_families": 21,
  "fingerprints": {
    "source": {
      "sha256": "cc4463f7127ed00b4098dd0cecad78281995f4090c1331df6a0d9276ec673d33",
      "file_count": 105
    },
    "policy": {
      "sha256": "bb313e06aa163d637b1c2d51829d14f55ebcca9a7a84df2bba4f6fba9f57c8c2",
      "file_count": 17
    }
  },
  "note": "This check is not browser conformance or an independent security attestation."
}
RESULT {"executable":"C:\\hostedtoolcache\\windows\\node\\24.21.0\\x64\\node.exe","arguments":["D:\\a\\fairpane\\fairpane\\tools\\fairpane.mjs","check"],"cwd":"D:\\a\\fairpane\\fairpane","started_at":"2026-10-09T02:55:28.784Z","exit_code":0,"signal":null,"timed_out":false,"error":null,"duration_ms":116}
