Fairpane local gate: repo-check
Trust: unsigned-local-integrity-only

COMMAND ["C:\\nvm4w\\nodejs\\node.exe","C:\\src\\fairpane\\tools\\fairpane.mjs","check"]
{
  "result": "pass",
  "level": "bootstrap-integrity-only",
  "tasks": 63,
  "gates": 9,
  "capability_families": 21,
  "fingerprints": {
    "source": {
      "sha256": "5f12704a28c6fe13dd51f977c1f485aa7bd61527f8db8abcb971af55c3723622",
      "file_count": 128
    },
    "policy": {
      "sha256": "b142ba18629ac87351de6da7273563614be02a8042e940750babcac427ecd5b3",
      "file_count": 17
    }
  },
  "note": "This check is not browser conformance or an independent security attestation."
}
RESULT {"executable":"C:\\nvm4w\\nodejs\\node.exe","arguments":["C:\\src\\fairpane\\tools\\fairpane.mjs","check"],"cwd":"C:\\src\\fairpane","started_at":"2026-10-09T04:41:51.213Z","exit_code":0,"signal":null,"timed_out":false,"error":null,"duration_ms":84}
