Fairpane local gate: repo-check
Trust: unsigned-local-integrity-only

COMMAND ["C:\\nvm4w\\nodejs\\node.exe","C:\\src\\fairpane\\tools\\fairpane.mjs","check"]
{
  "result": "pass",
  "level": "bootstrap-integrity-only",
  "tasks": 52,
  "gates": 9,
  "capability_families": 21,
  "fingerprints": {
    "source": {
      "sha256": "37afb4e42258b95e8e351d6159d2f0942cb3845de4977395a5287e73aeae1bd6",
      "file_count": 100
    },
    "policy": {
      "sha256": "bb313e06aa163d637b1c2d51829d14f55ebcca9a7a84df2bba4f6fba9f57c8c2",
      "file_count": 17
    }
  },
  "note": "This check is not browser conformance or an independent security attestation."
}
RESULT {"executable":"C:\\nvm4w\\nodejs\\node.exe","arguments":["C:\\src\\fairpane\\tools\\fairpane.mjs","check"],"cwd":"C:\\src\\fairpane","started_at":"2026-10-09T02:41:12.233Z","exit_code":0,"signal":null,"timed_out":false,"error":null,"duration_ms":74}
