Fairpane local gate: repo-check
Trust: unsigned-local-integrity-only

COMMAND ["C:\\nvm4w\\nodejs\\node.exe","C:\\src\\fairpane\\tools\\fairpane.mjs","check"]
{
  "result": "pass",
  "level": "bootstrap-integrity-only",
  "tasks": 50,
  "gates": 9,
  "capability_families": 21,
  "fingerprints": {
    "source": {
      "sha256": "eb8424b7e2c56d7be293b50a476153d31470c5c785671781ca21cdd46da07d23",
      "file_count": 97
    },
    "policy": {
      "sha256": "782bc4031600ed76e12e503135470bfd71c6b65e6fdf3fafc00880989f5f6d53",
      "file_count": 17
    }
  },
  "note": "This check is not browser conformance or an independent security attestation."
}
RESULT {"executable":"C:\\nvm4w\\nodejs\\node.exe","arguments":["C:\\src\\fairpane\\tools\\fairpane.mjs","check"],"cwd":"C:\\src\\fairpane","started_at":"2026-10-09T02:07:08.832Z","exit_code":0,"signal":null,"timed_out":false,"error":null,"duration_ms":79}
