Fairpane local gate: repo-check
Trust: unsigned-local-integrity-only

COMMAND ["C:\\nvm4w\\nodejs\\node.exe","C:\\src\\fairpane\\tools\\fairpane.mjs","check"]
{
  "result": "pass",
  "level": "bootstrap-integrity-only",
  "tasks": 135,
  "gates": 9,
  "capability_families": 21,
  "fingerprints": {
    "source": {
      "sha256": "b384b1b9be6a2314fb121059c257af891ccb4ff5d17ad03e7b7ee03a41706733",
      "file_count": 350
    },
    "policy": {
      "sha256": "2ef4b764cdaa233ff80e90e35d97237e7c75fa048e1e1e09da4a610759f1fd7b",
      "file_count": 24
    }
  },
  "note": "This check is not browser conformance or an independent security attestation."
}
RESULT {"executable":"C:\\nvm4w\\nodejs\\node.exe","arguments":["C:\\src\\fairpane\\tools\\fairpane.mjs","check"],"cwd":"C:\\src\\fairpane","started_at":"2026-10-09T21:10:12.097Z","exit_code":0,"signal":null,"timed_out":false,"error":null,"duration_ms":247}
