
COMMAND ["C:\\Program Files\\Git\\usr\\bin\\sha256sum.exe","-c","BOOTSTRAP_MANIFEST.sha256"]
RESULT {"executable":"C:\\Program Files\\Git\\usr\\bin\\sha256sum.exe","arguments":["-c","BOOTSTRAP_MANIFEST.sha256"],"exit_code":1,"signal":null,"timed_out":false,"error":null,"duration_ms":24}

COMMAND ["C:\\nvm4w\\nodejs\\node.exe","out/wt-89109be/tools/fairpane.mjs","evidence-check","out/evidence/2026-10-08T23-09-34-005Z-repo-check-d8d2c96e.json"]
{
  "result": "pass",
  "gate": "repo-check",
  "trust": "unsigned-local-integrity-only",
  "current_source": true
}
RESULT {"executable":"C:\\nvm4w\\nodejs\\node.exe","arguments":["out/wt-89109be/tools/fairpane.mjs","evidence-check","out/evidence/2026-10-08T23-09-34-005Z-repo-check-d8d2c96e.json"],"exit_code":0,"signal":null,"timed_out":false,"error":null,"duration_ms":55}

COMMAND ["C:\\nvm4w\\nodejs\\node.exe","out/wt-89109be/tools/fairpane.mjs","evidence-check","out/evidence/2026-10-08T23-09-34-107Z-controller-test-69c613b5.json"]
{
  "result": "pass",
  "gate": "controller-test",
  "trust": "unsigned-local-integrity-only",
  "current_source": true
}
RESULT {"executable":"C:\\nvm4w\\nodejs\\node.exe","arguments":["out/wt-89109be/tools/fairpane.mjs","evidence-check","out/evidence/2026-10-08T23-09-34-107Z-controller-test-69c613b5.json"],"exit_code":0,"signal":null,"timed_out":false,"error":null,"duration_ms":55}

COMMAND ["C:\\nvm4w\\nodejs\\node.exe","out/wt-89109be/tools/fairpane.mjs","evidence-check","out/evidence/2026-10-08T23-11-23-342Z-zig-test-b9dff59e.json"]
Fairpane: The receipt does not report a passed gate.
RESULT {"executable":"C:\\nvm4w\\nodejs\\node.exe","arguments":["out/wt-89109be/tools/fairpane.mjs","evidence-check","out/evidence/2026-10-08T23-11-23-342Z-zig-test-b9dff59e.json"],"exit_code":1,"signal":null,"timed_out":false,"error":null,"duration_ms":34}

COMMAND ["C:\\Program Files\\Git\\usr\\bin\\sha256sum.exe","-c","BOOTSTRAP_MANIFEST.sha256"]
.editorconfig: OK
.gitattributes: OK
.gitignore: OK
.omp/RULES.md: OK
.omp/agents/fairpane-adversary.md: OK
.omp/agents/fairpane-bindings.md: OK
.omp/agents/fairpane-compiler.md: OK
.omp/agents/fairpane-core.md: OK
.omp/agents/fairpane-js.md: OK
.omp/agents/fairpane-platform.md: OK
.omp/agents/fairpane-review.md: OK
.omp/agents/fairpane-security.md: OK
.omp/agents/fairpane-spec.md: OK
.omp/agents/fairpane-text.md: OK
.omp/config.yml: OK
.omp/prompts/fairpane-audit.md: OK
.omp/prompts/fairpane-handoff.md: OK
.omp/prompts/fairpane-resume.md: OK
.omp/prompts/fairpane-start.md: OK
AGENTS.md: OK
AGENT_LAUNCH.md: OK
CONTRIBUTING.md: OK
LICENSE-DECISION.md: OK
README.md: OK
SECURITY.md: OK
START_HERE.md: OK
api/README.md: OK
api/bootstrap.json: OK
build.zig: OK
docs/ABI_AND_WRAPPERS.md: OK
docs/ADOPTION_AND_GOVERNANCE.md: OK
docs/AGENT_OPERATIONS.md: OK
docs/ARCHITECTURE.md: OK
docs/CHARTER.md: OK
docs/JAVASCRIPT_RUNTIME.md: OK
docs/PRODUCT.md: OK
docs/QUALIFICATION.md: OK
docs/RENDERING_AND_TEXT.md: OK
docs/ROADMAP.md: OK
docs/SECURITY.md: OK
docs/SOURCES.md: OK
docs/TOOLCHAIN.md: OK
engineering/BOOTSTRAP_VALIDATION.json: OK
engineering/BOOTSTRAP_VALIDATION.md: OK
engineering/HANDOFF.md: OK
engineering/decisions/0001-foundation.md: OK
engineering/dependencies.json: OK
engineering/gates.json: OK
engineering/plan.json: OK
engineering/policy.json: OK
engineering/qualification.json: OK
engineering/state.json: OK
engineering/templates/decision.md: OK
engineering/templates/experiment.md: OK
engineering/templates/review.md: OK
engineering/templates/task.md: OK
engineering/workstreams.json: OK
include/fairpane.h: OK
out/evidence/2026-10-08T23-09-34-005Z-repo-check-d8d2c96e.json: OK
out/evidence/2026-10-08T23-09-34-005Z-repo-check-d8d2c96e.log: OK
out/evidence/2026-10-08T23-09-34-107Z-controller-test-69c613b5.json: OK
out/evidence/2026-10-08T23-09-34-107Z-controller-test-69c613b5.log: OK
out/evidence/2026-10-08T23-11-23-342Z-zig-test-b9dff59e.json: OK
out/evidence/2026-10-08T23-11-23-342Z-zig-test-b9dff59e.log: OK
scripts/Get-Zig.ps1: OK
scripts/fp.ps1: OK
scripts/fp.sh: OK
specs/README.md: OK
specs/corpora.json: OK
specs/sources.json: OK
src/AGENTS.md: OK
src/c_api.zig: OK
src/root.zig: OK
src/web_string.zig: OK
tests/AGENTS.md: OK
tests/c/abi_smoke.c: OK
tests/fixtures/README.md: OK
tests/fixtures/app-shell.html: OK
tests/fixtures/multilingual.html: OK
toolchains/omp-baseline.json: OK
toolchains/zig-version.txt: OK
toolchains/zig.lock.json: OK
tools/README.md: OK
tools/fairpane.mjs: OK
tools/lib.mjs: OK
tools/selftest.mjs: OK
RESULT {"executable":"C:\\Program Files\\Git\\usr\\bin\\sha256sum.exe","arguments":["-c","BOOTSTRAP_MANIFEST.sha256"],"exit_code":0,"signal":null,"timed_out":false,"error":null,"duration_ms":20}
