
COMMAND ["C:\\nvm4w\\nodejs\\node.exe","out/wt-93de2e3/tools/fairpane.mjs","fingerprint"]
{
  "source": {
    "sha256": "f2d2e0e6d03370c93235066bb420fb81419448f05e97b7af54483579c4c46087",
    "file_count": 76
  },
  "policy": {
    "sha256": "ec1505889dbe8cc3aef2fa1e6a9d9da2afd5a7f847fcbe23e1559761d35f3e91",
    "file_count": 12
  }
}
RESULT {"executable":"C:\\nvm4w\\nodejs\\node.exe","arguments":["out/wt-93de2e3/tools/fairpane.mjs","fingerprint"],"exit_code":0,"signal":null,"timed_out":false,"error":null,"duration_ms":64}

COMMAND ["C:\\nvm4w\\nodejs\\node.exe","out/wt-93de2e3/tools/fairpane.mjs","evidence-check","engineering/evidence/FP-0001/gates/2026-10-08T23-49-19-760Z-repo-check-cc5d8116.json"]
{
  "result": "pass",
  "gate": "repo-check",
  "trust": "unsigned-local-integrity-only",
  "current_source": true
}
RESULT {"executable":"C:\\nvm4w\\nodejs\\node.exe","arguments":["out/wt-93de2e3/tools/fairpane.mjs","evidence-check","engineering/evidence/FP-0001/gates/2026-10-08T23-49-19-760Z-repo-check-cc5d8116.json"],"exit_code":0,"signal":null,"timed_out":false,"error":null,"duration_ms":70}

COMMAND ["C:\\nvm4w\\nodejs\\node.exe","out/wt-93de2e3/tools/fairpane.mjs","evidence-check","engineering/evidence/FP-0001/gates/2026-10-08T23-49-19-928Z-controller-test-bf4e0433.json"]
{
  "result": "pass",
  "gate": "controller-test",
  "trust": "unsigned-local-integrity-only",
  "current_source": true
}
RESULT {"executable":"C:\\nvm4w\\nodejs\\node.exe","arguments":["out/wt-93de2e3/tools/fairpane.mjs","evidence-check","engineering/evidence/FP-0001/gates/2026-10-08T23-49-19-928Z-controller-test-bf4e0433.json"],"exit_code":0,"signal":null,"timed_out":false,"error":null,"duration_ms":66}

COMMAND ["C:\\nvm4w\\nodejs\\node.exe","out/wt-93de2e3/tools/fairpane.mjs","evidence-check","engineering/evidence/FP-0001/gates/2026-10-08T23-49-21-150Z-zig-fmt-9fc2d1a2.json"]
{
  "result": "pass",
  "gate": "zig-fmt",
  "trust": "unsigned-local-integrity-only",
  "current_source": true
}
RESULT {"executable":"C:\\nvm4w\\nodejs\\node.exe","arguments":["out/wt-93de2e3/tools/fairpane.mjs","evidence-check","engineering/evidence/FP-0001/gates/2026-10-08T23-49-21-150Z-zig-fmt-9fc2d1a2.json"],"exit_code":0,"signal":null,"timed_out":false,"error":null,"duration_ms":60}

COMMAND ["C:\\nvm4w\\nodejs\\node.exe","out/wt-93de2e3/tools/fairpane.mjs","evidence-check","engineering/evidence/FP-0001/gates/2026-10-08T23-49-21-267Z-zig-test-6726867a.json"]
{
  "result": "pass",
  "gate": "zig-test",
  "trust": "unsigned-local-integrity-only",
  "current_source": true
}
RESULT {"executable":"C:\\nvm4w\\nodejs\\node.exe","arguments":["out/wt-93de2e3/tools/fairpane.mjs","evidence-check","engineering/evidence/FP-0001/gates/2026-10-08T23-49-21-267Z-zig-test-6726867a.json"],"exit_code":0,"signal":null,"timed_out":false,"error":null,"duration_ms":58}

COMMAND ["C:\\nvm4w\\nodejs\\node.exe","out/wt-93de2e3/tools/fairpane.mjs","evidence-check","engineering/evidence/FP-0001/gates/2026-10-08T23-49-25-782Z-zig-build-c348d3be.json"]
{
  "result": "pass",
  "gate": "zig-build",
  "trust": "unsigned-local-integrity-only",
  "current_source": true
}
RESULT {"executable":"C:\\nvm4w\\nodejs\\node.exe","arguments":["out/wt-93de2e3/tools/fairpane.mjs","evidence-check","engineering/evidence/FP-0001/gates/2026-10-08T23-49-25-782Z-zig-build-c348d3be.json"],"exit_code":0,"signal":null,"timed_out":false,"error":null,"duration_ms":57}

COMMAND ["C:\\nvm4w\\nodejs\\node.exe","out/wt-93de2e3/tools/fairpane.mjs","evidence-check","engineering/evidence/FP-0001/gates/2026-10-08T23-49-26-003Z-c-abi-b409c2bd.json"]
{
  "result": "pass",
  "gate": "c-abi",
  "trust": "unsigned-local-integrity-only",
  "current_source": true
}
RESULT {"executable":"C:\\nvm4w\\nodejs\\node.exe","arguments":["out/wt-93de2e3/tools/fairpane.mjs","evidence-check","engineering/evidence/FP-0001/gates/2026-10-08T23-49-26-003Z-c-abi-b409c2bd.json"],"exit_code":0,"signal":null,"timed_out":false,"error":null,"duration_ms":58}

COMMAND ["C:\\nvm4w\\nodejs\\node.exe","out/wt-93de2e3/tools/fairpane.mjs","evidence-check","engineering/evidence/FP-0001/gates/2026-10-08T23-49-26-317Z-cross-windows-x86_64-9bc40270.json"]
{
  "result": "pass",
  "gate": "cross-windows-x86_64",
  "trust": "unsigned-local-integrity-only",
  "current_source": true
}
RESULT {"executable":"C:\\nvm4w\\nodejs\\node.exe","arguments":["out/wt-93de2e3/tools/fairpane.mjs","evidence-check","engineering/evidence/FP-0001/gates/2026-10-08T23-49-26-317Z-cross-windows-x86_64-9bc40270.json"],"exit_code":0,"signal":null,"timed_out":false,"error":null,"duration_ms":64}

COMMAND ["C:\\nvm4w\\nodejs\\node.exe","out/wt-93de2e3/tools/fairpane.mjs","evidence-check","engineering/evidence/FP-0001/gates/2026-10-08T23-49-28-238Z-cross-linux-aarch64-d78b941a.json"]
{
  "result": "pass",
  "gate": "cross-linux-aarch64",
  "trust": "unsigned-local-integrity-only",
  "current_source": true
}
RESULT {"executable":"C:\\nvm4w\\nodejs\\node.exe","arguments":["out/wt-93de2e3/tools/fairpane.mjs","evidence-check","engineering/evidence/FP-0001/gates/2026-10-08T23-49-28-238Z-cross-linux-aarch64-d78b941a.json"],"exit_code":0,"signal":null,"timed_out":false,"error":null,"duration_ms":59}

COMMAND ["C:\\nvm4w\\nodejs\\node.exe","out/wt-93de2e3/tools/fairpane.mjs","evidence-check","engineering/evidence/FP-0001/gates/2026-10-08T23-49-30-111Z-cross-macos-aarch64-4ee913f4.json"]
{
  "result": "pass",
  "gate": "cross-macos-aarch64",
  "trust": "unsigned-local-integrity-only",
  "current_source": true
}
RESULT {"executable":"C:\\nvm4w\\nodejs\\node.exe","arguments":["out/wt-93de2e3/tools/fairpane.mjs","evidence-check","engineering/evidence/FP-0001/gates/2026-10-08T23-49-30-111Z-cross-macos-aarch64-4ee913f4.json"],"exit_code":0,"signal":null,"timed_out":false,"error":null,"duration_ms":57}
