
COMMAND ["C:\\nvm4w\\nodejs\\node.exe","tools/fairpane.mjs","doctor"]
{
  "platform": "win32",
  "architecture": "x64",
  "os_release": "10.0.26200",
  "os_version": "Windows 11 Pro",
  "runtime": "v26.7.0",
  "controller_bun": null,
  "bun": {
    "available": true,
    "version": "1.4.2"
  },
  "git": {
    "available": true,
    "version": "git version 2.54.0.windows.1"
  },
  "omp": {
    "available": true,
    "version": "omp/18.8.6"
  },
  "compiler": {
    "available": true,
    "path": "C:\\src\\fairpane\\.tools\\zig\\0.18.0-dev.120+9fe22a29b\\x86_64-windows\\zig.exe",
    "version": "0.18.0-dev.120+9fe22a29b"
  },
  "path_zig": {
    "available": true,
    "version": "0.17.0-dev.2453+zigpp.35608841b",
    "note": "Gates never use a compiler from PATH."
  },
  "git_checkout": true,
  "note": "No conformance test ran. On Windows, check an OMP shell shim with omp --version in PowerShell."
}
RESULT {"executable":"C:\\nvm4w\\nodejs\\node.exe","arguments":["tools/fairpane.mjs","doctor"],"exit_code":0,"signal":null,"timed_out":false,"error":null,"duration_ms":180}
