
COMMAND ["C:\\Program Files\\Git\\cmd\\git.exe","worktree","add","--detach","out/wt-05d2d42","05d2d42"]
Preparing worktree (detached HEAD 05d2d42)
HEAD is now at 05d2d42 FP-0001: Preserve raw baseline evidence and fix review findings
RESULT {"executable":"C:\\Program Files\\Git\\cmd\\git.exe","arguments":["worktree","add","--detach","out/wt-05d2d42","05d2d42"],"exit_code":0,"signal":null,"timed_out":false,"error":null,"duration_ms":71}

COMMAND ["C:\\Program Files\\Git\\cmd\\git.exe","-C","out/wt-05d2d42","rev-parse","HEAD","HEAD^{tree}"]
05d2d4200b8f63aa677391cf512a96a68742282c
b8bd08d0de04313f44951ec2c6661a29f1c36a5c
RESULT {"executable":"C:\\Program Files\\Git\\cmd\\git.exe","arguments":["-C","out/wt-05d2d42","rev-parse","HEAD","HEAD^{tree}"],"exit_code":0,"signal":null,"timed_out":false,"error":null,"duration_ms":19}

COMMAND ["C:\\nvm4w\\nodejs\\node.exe","out/wt-05d2d42/tools/fairpane.mjs","fingerprint"]
{
  "source": {
    "sha256": "f2d2e0e6d03370c93235066bb420fb81419448f05e97b7af54483579c4c46087",
    "file_count": 76
  },
  "policy": {
    "sha256": "ec1505889dbe8cc3aef2fa1e6a9d9da2afd5a7f847fcbe23e1559761d35f3e91",
    "file_count": 12
  }
}
RESULT {"executable":"C:\\nvm4w\\nodejs\\node.exe","arguments":["out/wt-05d2d42/tools/fairpane.mjs","fingerprint"],"exit_code":0,"signal":null,"timed_out":false,"error":null,"duration_ms":58}

COMMAND ["C:\\nvm4w\\nodejs\\node.exe","out/wt-05d2d42/tools/fairpane.mjs","evidence-check","engineering/evidence/FP-0001/gates/2026-10-08T23-49-19-760Z-repo-check-cc5d8116.json"]
{
  "result": "pass",
  "gate": "repo-check",
  "trust": "unsigned-local-integrity-only",
  "current_source": true
}
RESULT {"executable":"C:\\nvm4w\\nodejs\\node.exe","arguments":["out/wt-05d2d42/tools/fairpane.mjs","evidence-check","engineering/evidence/FP-0001/gates/2026-10-08T23-49-19-760Z-repo-check-cc5d8116.json"],"exit_code":0,"signal":null,"timed_out":false,"error":null,"duration_ms":56}

COMMAND ["C:\\nvm4w\\nodejs\\node.exe","out/wt-05d2d42/tools/fairpane.mjs","evidence-check","engineering/evidence/FP-0001/gates/2026-10-08T23-49-19-928Z-controller-test-bf4e0433.json"]
{
  "result": "pass",
  "gate": "controller-test",
  "trust": "unsigned-local-integrity-only",
  "current_source": true
}
RESULT {"executable":"C:\\nvm4w\\nodejs\\node.exe","arguments":["out/wt-05d2d42/tools/fairpane.mjs","evidence-check","engineering/evidence/FP-0001/gates/2026-10-08T23-49-19-928Z-controller-test-bf4e0433.json"],"exit_code":0,"signal":null,"timed_out":false,"error":null,"duration_ms":58}

COMMAND ["C:\\nvm4w\\nodejs\\node.exe","out/wt-05d2d42/tools/fairpane.mjs","evidence-check","engineering/evidence/FP-0001/gates/2026-10-08T23-49-21-150Z-zig-fmt-9fc2d1a2.json"]
{
  "result": "pass",
  "gate": "zig-fmt",
  "trust": "unsigned-local-integrity-only",
  "current_source": true
}
RESULT {"executable":"C:\\nvm4w\\nodejs\\node.exe","arguments":["out/wt-05d2d42/tools/fairpane.mjs","evidence-check","engineering/evidence/FP-0001/gates/2026-10-08T23-49-21-150Z-zig-fmt-9fc2d1a2.json"],"exit_code":0,"signal":null,"timed_out":false,"error":null,"duration_ms":60}

COMMAND ["C:\\nvm4w\\nodejs\\node.exe","out/wt-05d2d42/tools/fairpane.mjs","evidence-check","engineering/evidence/FP-0001/gates/2026-10-08T23-49-21-267Z-zig-test-6726867a.json"]
{
  "result": "pass",
  "gate": "zig-test",
  "trust": "unsigned-local-integrity-only",
  "current_source": true
}
RESULT {"executable":"C:\\nvm4w\\nodejs\\node.exe","arguments":["out/wt-05d2d42/tools/fairpane.mjs","evidence-check","engineering/evidence/FP-0001/gates/2026-10-08T23-49-21-267Z-zig-test-6726867a.json"],"exit_code":0,"signal":null,"timed_out":false,"error":null,"duration_ms":59}

COMMAND ["C:\\nvm4w\\nodejs\\node.exe","out/wt-05d2d42/tools/fairpane.mjs","evidence-check","engineering/evidence/FP-0001/gates/2026-10-08T23-49-25-782Z-zig-build-c348d3be.json"]
{
  "result": "pass",
  "gate": "zig-build",
  "trust": "unsigned-local-integrity-only",
  "current_source": true
}
RESULT {"executable":"C:\\nvm4w\\nodejs\\node.exe","arguments":["out/wt-05d2d42/tools/fairpane.mjs","evidence-check","engineering/evidence/FP-0001/gates/2026-10-08T23-49-25-782Z-zig-build-c348d3be.json"],"exit_code":0,"signal":null,"timed_out":false,"error":null,"duration_ms":59}

COMMAND ["C:\\nvm4w\\nodejs\\node.exe","out/wt-05d2d42/tools/fairpane.mjs","evidence-check","engineering/evidence/FP-0001/gates/2026-10-08T23-49-26-003Z-c-abi-b409c2bd.json"]
{
  "result": "pass",
  "gate": "c-abi",
  "trust": "unsigned-local-integrity-only",
  "current_source": true
}
RESULT {"executable":"C:\\nvm4w\\nodejs\\node.exe","arguments":["out/wt-05d2d42/tools/fairpane.mjs","evidence-check","engineering/evidence/FP-0001/gates/2026-10-08T23-49-26-003Z-c-abi-b409c2bd.json"],"exit_code":0,"signal":null,"timed_out":false,"error":null,"duration_ms":58}

COMMAND ["C:\\nvm4w\\nodejs\\node.exe","out/wt-05d2d42/tools/fairpane.mjs","evidence-check","engineering/evidence/FP-0001/gates/2026-10-08T23-49-26-317Z-cross-windows-x86_64-9bc40270.json"]
{
  "result": "pass",
  "gate": "cross-windows-x86_64",
  "trust": "unsigned-local-integrity-only",
  "current_source": true
}
RESULT {"executable":"C:\\nvm4w\\nodejs\\node.exe","arguments":["out/wt-05d2d42/tools/fairpane.mjs","evidence-check","engineering/evidence/FP-0001/gates/2026-10-08T23-49-26-317Z-cross-windows-x86_64-9bc40270.json"],"exit_code":0,"signal":null,"timed_out":false,"error":null,"duration_ms":69}

COMMAND ["C:\\nvm4w\\nodejs\\node.exe","out/wt-05d2d42/tools/fairpane.mjs","evidence-check","engineering/evidence/FP-0001/gates/2026-10-08T23-49-28-238Z-cross-linux-aarch64-d78b941a.json"]
{
  "result": "pass",
  "gate": "cross-linux-aarch64",
  "trust": "unsigned-local-integrity-only",
  "current_source": true
}
RESULT {"executable":"C:\\nvm4w\\nodejs\\node.exe","arguments":["out/wt-05d2d42/tools/fairpane.mjs","evidence-check","engineering/evidence/FP-0001/gates/2026-10-08T23-49-28-238Z-cross-linux-aarch64-d78b941a.json"],"exit_code":0,"signal":null,"timed_out":false,"error":null,"duration_ms":59}

COMMAND ["C:\\nvm4w\\nodejs\\node.exe","out/wt-05d2d42/tools/fairpane.mjs","evidence-check","engineering/evidence/FP-0001/gates/2026-10-08T23-49-30-111Z-cross-macos-aarch64-4ee913f4.json"]
{
  "result": "pass",
  "gate": "cross-macos-aarch64",
  "trust": "unsigned-local-integrity-only",
  "current_source": true
}
RESULT {"executable":"C:\\nvm4w\\nodejs\\node.exe","arguments":["out/wt-05d2d42/tools/fairpane.mjs","evidence-check","engineering/evidence/FP-0001/gates/2026-10-08T23-49-30-111Z-cross-macos-aarch64-4ee913f4.json"],"exit_code":0,"signal":null,"timed_out":false,"error":null,"duration_ms":57}

COMMAND ["C:\\Program Files\\Git\\cmd\\git.exe","diff","--stat","89109be","05d2d42","--","AGENTS.md","docs/CHARTER.md","engineering/qualification.json","engineering/policy.json","engineering/gates.json","toolchains/zig.lock.json","toolchains/zig-version.txt","specs/corpora.json"]
RESULT {"executable":"C:\\Program Files\\Git\\cmd\\git.exe","arguments":["diff","--stat","89109be","05d2d42","--","AGENTS.md","docs/CHARTER.md","engineering/qualification.json","engineering/policy.json","engineering/gates.json","toolchains/zig.lock.json","toolchains/zig-version.txt","specs/corpora.json"],"exit_code":0,"signal":null,"timed_out":false,"error":null,"duration_ms":18}

COMMAND ["C:\\Program Files\\Git\\cmd\\git.exe","diff","--name-status","89109be","05d2d42"]
M	.omp/agents/fairpane-compiler.md
M	.omp/agents/fairpane-spec.md
M	engineering/HANDOFF.md
A	engineering/evidence/.gitattributes
A	engineering/evidence/FP-0001/README.md
A	engineering/evidence/FP-0001/SHA256SUMS
A	engineering/evidence/FP-0001/controls/assert_fail.c
A	engineering/evidence/FP-0001/gates/2026-10-08T23-49-19-760Z-repo-check-cc5d8116.json
A	engineering/evidence/FP-0001/gates/2026-10-08T23-49-19-760Z-repo-check-cc5d8116.log
A	engineering/evidence/FP-0001/gates/2026-10-08T23-49-19-928Z-controller-test-bf4e0433.json
A	engineering/evidence/FP-0001/gates/2026-10-08T23-49-19-928Z-controller-test-bf4e0433.log
A	engineering/evidence/FP-0001/gates/2026-10-08T23-49-21-150Z-zig-fmt-9fc2d1a2.json
A	engineering/evidence/FP-0001/gates/2026-10-08T23-49-21-150Z-zig-fmt-9fc2d1a2.log
A	engineering/evidence/FP-0001/gates/2026-10-08T23-49-21-267Z-zig-test-6726867a.json
A	engineering/evidence/FP-0001/gates/2026-10-08T23-49-21-267Z-zig-test-6726867a.log
A	engineering/evidence/FP-0001/gates/2026-10-08T23-49-25-782Z-zig-build-c348d3be.json
A	engineering/evidence/FP-0001/gates/2026-10-08T23-49-25-782Z-zig-build-c348d3be.log
A	engineering/evidence/FP-0001/gates/2026-10-08T23-49-26-003Z-c-abi-b409c2bd.json
A	engineering/evidence/FP-0001/gates/2026-10-08T23-49-26-003Z-c-abi-b409c2bd.log
A	engineering/evidence/FP-0001/gates/2026-10-08T23-49-26-317Z-cross-windows-x86_64-9bc40270.json
A	engineering/evidence/FP-0001/gates/2026-10-08T23-49-26-317Z-cross-windows-x86_64-9bc40270.log
A	engineering/evidence/FP-0001/gates/2026-10-08T23-49-28-238Z-cross-linux-aarch64-d78b941a.json
A	engineering/evidence/FP-0001/gates/2026-10-08T23-49-28-238Z-cross-linux-aarch64-d78b941a.log
A	engineering/evidence/FP-0001/gates/2026-10-08T23-49-30-111Z-cross-macos-aarch64-4ee913f4.json
A	engineering/evidence/FP-0001/gates/2026-10-08T23-49-30-111Z-cross-macos-aarch64-4ee913f4.log
A	engineering/evidence/FP-0001/install-zig-attempt1.log
A	engineering/evidence/FP-0001/install-zig-attempt2.log
A	engineering/evidence/FP-0001/probes/INDEX.md
A	engineering/evidence/FP-0001/probes/fairpane-adversary-run2.json
A	engineering/evidence/FP-0001/probes/fairpane-bindings-run2.json
A	engineering/evidence/FP-0001/probes/fairpane-compiler-run1-before-repair.json
A	engineering/evidence/FP-0001/probes/fairpane-compiler-run2-after-repair.json
A	engineering/evidence/FP-0001/probes/fairpane-core-run1.json
A	engineering/evidence/FP-0001/probes/fairpane-js-run2.json
A	engineering/evidence/FP-0001/probes/fairpane-platform-run2.json
A	engineering/evidence/FP-0001/probes/fairpane-review-run1.json
A	engineering/evidence/FP-0001/probes/fairpane-security-run2.json
A	engineering/evidence/FP-0001/probes/fairpane-spec-run1-before-repair.json
A	engineering/evidence/FP-0001/probes/fairpane-spec-run2-after-repair.json
A	engineering/evidence/FP-0001/probes/fairpane-text-run2.json
A	engineering/evidence/FP-0001/raw/bootstrap-baseline.log
A	engineering/evidence/FP-0001/raw/c-assert-negative-control.log
A	engineering/evidence/FP-0001/raw/clean-checkout-evidence-check.log
A	engineering/evidence/FP-0001/raw/compiler-archive.log
A	engineering/evidence/FP-0001/raw/controller-hosts.log
A	engineering/evidence/FP-0001/raw/doctor.log
A	engineering/evidence/FP-0001/raw/gate-evidence-check.log
A	engineering/evidence/FP-0001/raw/git.log
A	engineering/evidence/FP-0001/raw/global-cache-isolation.log
A	engineering/evidence/FP-0001/raw/host-versions.log
A	engineering/evidence/FP-0001/raw/omp-prompt-expansion-check.log
A	engineering/evidence/FP-0001/raw/omp-prompt-expansion.log
A	engineering/evidence/FP-0001/raw/omp.log
A	engineering/evidence/FP-0001/raw/powershell-diagnosis.log
A	engineering/evidence/FP-0001/raw/protected-paths.log
A	engineering/evidence/FP-0001/raw/zig-fmt-before-repair.log
A	engineering/evidence/FP-0001/raw/zig-test-summary.log
A	engineering/evidence/FP-0001/reviews/review-1-reject.json
A	engineering/evidence/FP-0001/superseded/hand-captured/c-assert-negative-control.log
A	engineering/evidence/FP-0001/superseded/hand-captured/zig-test-summary.log
A	engineering/evidence/FP-0001/superseded/run-1-source-07ffd710/2026-10-08T23-30-10-192Z-repo-check-fd2dba69.json
A	engineering/evidence/FP-0001/superseded/run-1-source-07ffd710/2026-10-08T23-30-10-192Z-repo-check-fd2dba69.log
A	engineering/evidence/FP-0001/superseded/run-1-source-07ffd710/2026-10-08T23-30-10-347Z-controller-test-bd356877.json
A	engineering/evidence/FP-0001/superseded/run-1-source-07ffd710/2026-10-08T23-30-10-347Z-controller-test-bd356877.log
A	engineering/evidence/FP-0001/superseded/run-1-source-07ffd710/2026-10-08T23-30-11-524Z-zig-fmt-82c82da5.json
A	engineering/evidence/FP-0001/superseded/run-1-source-07ffd710/2026-10-08T23-30-11-524Z-zig-fmt-82c82da5.log
A	engineering/evidence/FP-0001/superseded/run-1-source-07ffd710/2026-10-08T23-30-11-648Z-zig-test-75dc9a2d.json
A	engineering/evidence/FP-0001/superseded/run-1-source-07ffd710/2026-10-08T23-30-11-648Z-zig-test-75dc9a2d.log
A	engineering/evidence/FP-0001/superseded/run-1-source-07ffd710/2026-10-08T23-31-07-519Z-zig-build-37ecf4f3.json
A	engineering/evidence/FP-0001/superseded/run-1-source-07ffd710/2026-10-08T23-31-07-519Z-zig-build-37ecf4f3.log
A	engineering/evidence/FP-0001/superseded/run-1-source-07ffd710/2026-10-08T23-31-07-738Z-c-abi-586855dc.json
A	engineering/evidence/FP-0001/superseded/run-1-source-07ffd710/2026-10-08T23-31-07-738Z-c-abi-586855dc.log
A	engineering/evidence/FP-0001/superseded/run-1-source-07ffd710/2026-10-08T23-31-16-657Z-cross-windows-x86_64-dd0b8d2f.json
A	engineering/evidence/FP-0001/superseded/run-1-source-07ffd710/2026-10-08T23-31-16-657Z-cross-windows-x86_64-dd0b8d2f.log
A	engineering/evidence/FP-0001/superseded/run-1-source-07ffd710/2026-10-08T23-31-20-404Z-cross-linux-aarch64-1ced7d72.json
A	engineering/evidence/FP-0001/superseded/run-1-source-07ffd710/2026-10-08T23-31-20-404Z-cross-linux-aarch64-1ced7d72.log
A	engineering/evidence/FP-0001/superseded/run-1-source-07ffd710/2026-10-08T23-31-24-531Z-cross-macos-aarch64-aed54ede.json
A	engineering/evidence/FP-0001/superseded/run-1-source-07ffd710/2026-10-08T23-31-24-531Z-cross-macos-aarch64-aed54ede.log
A	engineering/evidence/FP-0001/superseded/run-2-cached-zig-steps/2026-10-08T23-49-01-771Z-repo-check-4d022ab4.json
A	engineering/evidence/FP-0001/superseded/run-2-cached-zig-steps/2026-10-08T23-49-01-771Z-repo-check-4d022ab4.log
A	engineering/evidence/FP-0001/superseded/run-2-cached-zig-steps/2026-10-08T23-49-01-920Z-controller-test-bf46cde9.json
A	engineering/evidence/FP-0001/superseded/run-2-cached-zig-steps/2026-10-08T23-49-01-920Z-controller-test-bf46cde9.log
A	engineering/evidence/FP-0001/superseded/run-2-cached-zig-steps/2026-10-08T23-49-03-146Z-zig-fmt-aca6acff.json
A	engineering/evidence/FP-0001/superseded/run-2-cached-zig-steps/2026-10-08T23-49-03-146Z-zig-fmt-aca6acff.log
A	engineering/evidence/FP-0001/superseded/run-2-cached-zig-steps/2026-10-08T23-49-03-264Z-zig-test-291e988f.json
A	engineering/evidence/FP-0001/superseded/run-2-cached-zig-steps/2026-10-08T23-49-03-264Z-zig-test-291e988f.log
A	engineering/evidence/FP-0001/superseded/run-2-cached-zig-steps/2026-10-08T23-49-03-446Z-zig-build-51a4b1c4.json
A	engineering/evidence/FP-0001/superseded/run-2-cached-zig-steps/2026-10-08T23-49-03-446Z-zig-build-51a4b1c4.log
A	engineering/evidence/FP-0001/superseded/run-2-cached-zig-steps/2026-10-08T23-49-03-608Z-c-abi-54ede673.json
A	engineering/evidence/FP-0001/superseded/run-2-cached-zig-steps/2026-10-08T23-49-03-608Z-c-abi-54ede673.log
A	engineering/evidence/FP-0001/superseded/run-2-cached-zig-steps/2026-10-08T23-49-03-868Z-cross-windows-x86_64-e99710c5.json
A	engineering/evidence/FP-0001/superseded/run-2-cached-zig-steps/2026-10-08T23-49-03-868Z-cross-windows-x86_64-e99710c5.log
A	engineering/evidence/FP-0001/superseded/run-2-cached-zig-steps/2026-10-08T23-49-04-034Z-cross-linux-aarch64-6d866608.json
A	engineering/evidence/FP-0001/superseded/run-2-cached-zig-steps/2026-10-08T23-49-04-034Z-cross-linux-aarch64-6d866608.log
A	engineering/evidence/FP-0001/superseded/run-2-cached-zig-steps/2026-10-08T23-49-04-201Z-cross-macos-aarch64-8df9b60a.json
A	engineering/evidence/FP-0001/superseded/run-2-cached-zig-steps/2026-10-08T23-49-04-201Z-cross-macos-aarch64-8df9b60a.log
M	engineering/state.json
M	scripts/Get-Zig.ps1
M	src/c_api.zig
M	toolchains/omp-baseline.json
M	tools/README.md
M	tools/fairpane.mjs
M	tools/lib.mjs
M	tools/selftest.mjs
RESULT {"executable":"C:\\Program Files\\Git\\cmd\\git.exe","arguments":["diff","--name-status","89109be","05d2d42"],"exit_code":0,"signal":null,"timed_out":false,"error":null,"duration_ms":18}

COMMAND ["C:\\Program Files\\Git\\cmd\\git.exe","diff","--name-status","93de2e3","727ef5e"]
M	engineering/evidence/FP-0001/README.md
M	engineering/evidence/FP-0001/SHA256SUMS
A	engineering/evidence/FP-0001/raw/clean-checkout-evidence-check.log
RESULT {"executable":"C:\\Program Files\\Git\\cmd\\git.exe","arguments":["diff","--name-status","93de2e3","727ef5e"],"exit_code":0,"signal":null,"timed_out":false,"error":null,"duration_ms":20}

COMMAND ["C:\\Program Files\\Git\\cmd\\git.exe","diff","--name-status","727ef5e","05d2d42"]
M	engineering/evidence/FP-0001/README.md
RESULT {"executable":"C:\\Program Files\\Git\\cmd\\git.exe","arguments":["diff","--name-status","727ef5e","05d2d42"],"exit_code":0,"signal":null,"timed_out":false,"error":null,"duration_ms":17}

COMMAND ["C:\\Program Files\\Git\\cmd\\git.exe","worktree","remove","--force","out/wt-05d2d42"]
RESULT {"executable":"C:\\Program Files\\Git\\cmd\\git.exe","arguments":["worktree","remove","--force","out/wt-05d2d42"],"exit_code":0,"signal":null,"timed_out":false,"error":null,"duration_ms":30}
