
COMMAND ["C:\\nvm4w\\nodejs\\node.exe","--version"]
v26.7.0
RESULT {"executable":"C:\\nvm4w\\nodejs\\node.exe","arguments":["--version"],"exit_code":0,"signal":null,"timed_out":false,"error":null,"duration_ms":15}

COMMAND ["C:\\Users\\requi\\AppData\\Local\\Microsoft\\WinGet\\Links\\bun.exe","--version"]
1.4.2
RESULT {"executable":"C:\\Users\\requi\\AppData\\Local\\Microsoft\\WinGet\\Links\\bun.exe","arguments":["--version"],"exit_code":0,"signal":null,"timed_out":false,"error":null,"duration_ms":7}

COMMAND ["C:\\Program Files\\Git\\cmd\\git.exe","--version"]
git version 2.54.0.windows.1
RESULT {"executable":"C:\\Program Files\\Git\\cmd\\git.exe","arguments":["--version"],"exit_code":0,"signal":null,"timed_out":false,"error":null,"duration_ms":15}

COMMAND ["C:\\Users\\requi\\AppData\\Local\\omp\\omp.exe","--version"]
omp/18.8.6
RESULT {"executable":"C:\\Users\\requi\\AppData\\Local\\omp\\omp.exe","arguments":["--version"],"exit_code":0,"signal":null,"timed_out":false,"error":null,"duration_ms":74}

COMMAND ["C:\\Users\\requi\\AppData\\Local\\zigpp\\current\\zig.exe","version"]
0.17.0-dev.2453+zigpp.35608841b
RESULT {"executable":"C:\\Users\\requi\\AppData\\Local\\zigpp\\current\\zig.exe","arguments":["version"],"exit_code":0,"signal":null,"timed_out":false,"error":null,"duration_ms":14}

COMMAND ["C:\\src\\fairpane\\.tools\\zig\\0.18.0-dev.120+9fe22a29b\\x86_64-windows\\zig.exe","version"]
0.18.0-dev.120+9fe22a29b
RESULT {"executable":"C:\\src\\fairpane\\.tools\\zig\\0.18.0-dev.120+9fe22a29b\\x86_64-windows\\zig.exe","arguments":["version"],"exit_code":0,"signal":null,"timed_out":false,"error":null,"duration_ms":13}

COMMAND ["C:\\Windows\\System32\\WindowsPowerShell\\v1.0\\powershell.exe","-NoProfile","-NonInteractive","-Command","$PSVersionTable.PSVersion.ToString()"]
5.1.26100.9444
RESULT {"executable":"C:\\Windows\\System32\\WindowsPowerShell\\v1.0\\powershell.exe","arguments":["-NoProfile","-NonInteractive","-Command","$PSVersionTable.PSVersion.ToString()"],"exit_code":0,"signal":null,"timed_out":false,"error":null,"duration_ms":347}

COMMAND ["C:\\Program Files\\PowerShell\\7\\pwsh.exe","-NoProfile","-NonInteractive","-Command","$PSVersionTable.PSVersion.ToString()"]
7.6.6
RESULT {"executable":"C:\\Program Files\\PowerShell\\7\\pwsh.exe","arguments":["-NoProfile","-NonInteractive","-Command","$PSVersionTable.PSVersion.ToString()"],"exit_code":0,"signal":null,"timed_out":false,"error":null,"duration_ms":244}

COMMAND ["C:\\nvm4w\\nodejs\\node.exe","-e","const os=require('os'); console.log(JSON.stringify({platform:process.platform, arch:process.arch, release:os.release(), version:os.version(), machine:os.machine()}))"]
{"platform":"win32","arch":"x64","release":"10.0.26200","version":"Windows 11 Pro","machine":"x86_64"}
RESULT {"executable":"C:\\nvm4w\\nodejs\\node.exe","arguments":["-e","const os=require('os'); console.log(JSON.stringify({platform:process.platform, arch:process.arch, release:os.release(), version:os.version(), machine:os.machine()}))"],"exit_code":0,"signal":null,"timed_out":false,"error":null,"duration_ms":28}
