
COMMAND ["C:\\nvm4w\\nodejs\\node.exe","-e","\nconst fs = require('fs');\nconst lines = fs.readFileSync(process.argv[1], 'utf8').split('\\n').filter(Boolean);\nconst spawns = [], results = [];\nfor (const line of lines) {\n  const j = JSON.parse(line);\n  if (j.type === 'message' && j.message && j.message.role === 'assistant') {\n    for (const c of j.message.content || []) {\n      if (c.type !== 'toolCall' || c.name !== 'task') continue;\n      for (const t of (c.arguments && c.arguments.tasks) || []) if (/^Probe/.test(t.name || '')) spawns.push({ at: j.timestamp, name: t.name, agent: t.agent || '(default task)', isolated: !!t.isolated });\n    }\n  }\n  if (j.type === 'custom_message' && j.customType === 'async-result' && typeof j.content === 'string') {\n    for (const m of j.content.matchAll(/<task-result id=\"(Probe[^\"]*)\" agent=\"([^\"]*)\" status=\"([^\"]*)\" duration=\"([^\"]*)\">/g)) results.push({ at: j.timestamp, id: m[1], agent: m[2], status: m[3], duration: m[4] });\n  }\n}\nconsole.log('session transcript: ' + process.argv[1]);\nconsole.log('spawn requests (task tool arguments):'); for (const s of spawns) console.log(JSON.stringify(s));\nconsole.log('result headers (task tool deliveries):'); for (const r of results) console.log(JSON.stringify(r));\n","C:/Users/requi/.omp/agent/sessions/--C--src-fairpane--/2026-10-08T23-19-39-675Z_01a11dd0-b59b-7291-981b-b90d570518bd.jsonl"]
session transcript: C:/Users/requi/.omp/agent/sessions/--C--src-fairpane--/2026-10-08T23-19-39-675Z_01a11dd0-b59b-7291-981b-b90d570518bd.jsonl
spawn requests (task tool arguments):
{"at":"2026-10-08T23:28:11.152Z","name":"ProbeCoreTools","agent":"fairpane-core","isolated":false}
{"at":"2026-10-08T23:28:11.152Z","name":"ProbeReviewTools","agent":"fairpane-review","isolated":false}
{"at":"2026-10-08T23:28:11.152Z","name":"ProbeSpecTools","agent":"fairpane-spec","isolated":false}
{"at":"2026-10-08T23:28:11.152Z","name":"ProbeCompilerTools","agent":"fairpane-compiler","isolated":false}
{"at":"2026-10-08T23:45:14.606Z","name":"Probe2Adversary","agent":"fairpane-adversary","isolated":false}
{"at":"2026-10-08T23:45:14.606Z","name":"Probe2Bindings","agent":"fairpane-bindings","isolated":false}
{"at":"2026-10-08T23:45:14.606Z","name":"Probe2Js","agent":"fairpane-js","isolated":false}
{"at":"2026-10-08T23:45:14.606Z","name":"Probe2Platform","agent":"fairpane-platform","isolated":false}
{"at":"2026-10-08T23:45:14.606Z","name":"Probe2Text","agent":"fairpane-text","isolated":false}
{"at":"2026-10-08T23:45:14.606Z","name":"Probe2Security","agent":"fairpane-security","isolated":false}
{"at":"2026-10-08T23:45:14.606Z","name":"Probe2Spec","agent":"fairpane-spec","isolated":false}
{"at":"2026-10-08T23:45:14.606Z","name":"Probe2Compiler","agent":"fairpane-compiler","isolated":false}
{"at":"2026-10-08T23:54:11.370Z","name":"ProbeIsolation","agent":"sonic","isolated":false}
{"at":"2026-10-08T23:55:34.182Z","name":"ProbeIsolated2","agent":"sonic","isolated":true}
result headers (task tool deliveries):
{"at":"2026-10-08T23:28:36.201Z","id":"ProbeCoreTools","agent":"fairpane-core","status":"completed","duration":"4.1s"}
{"at":"2026-10-08T23:28:36.201Z","id":"ProbeSpecTools","agent":"fairpane-spec","status":"completed","duration":"5.6s"}
{"at":"2026-10-08T23:28:36.201Z","id":"ProbeCompilerTools","agent":"fairpane-compiler","status":"completed","duration":"6.9s"}
{"at":"2026-10-08T23:28:36.201Z","id":"ProbeReviewTools","agent":"fairpane-review","status":"completed","duration":"9.5s"}
{"at":"2026-10-08T23:45:46.357Z","id":"Probe2Js","agent":"fairpane-js","status":"completed","duration":"6.3s"}
{"at":"2026-10-08T23:45:46.357Z","id":"Probe2Bindings","agent":"fairpane-bindings","status":"completed","duration":"6.4s"}
{"at":"2026-10-08T23:45:46.357Z","id":"Probe2Adversary","agent":"fairpane-adversary","status":"completed","duration":"6.6s"}
{"at":"2026-10-08T23:45:46.357Z","id":"Probe2Platform","agent":"fairpane-platform","status":"completed","duration":"7.1s"}
{"at":"2026-10-08T23:45:46.357Z","id":"Probe2Security","agent":"fairpane-security","status":"completed","duration":"6.1s"}
{"at":"2026-10-08T23:45:46.357Z","id":"Probe2Spec","agent":"fairpane-spec","status":"completed","duration":"5.9s"}
{"at":"2026-10-08T23:45:46.357Z","id":"Probe2Text","agent":"fairpane-text","status":"completed","duration":"6.3s"}
{"at":"2026-10-08T23:45:46.357Z","id":"Probe2Compiler","agent":"fairpane-compiler","status":"completed","duration":"6.0s"}
RESULT {"executable":"C:\\nvm4w\\nodejs\\node.exe","arguments":["-e","\nconst fs = require('fs');\nconst lines = fs.readFileSync(process.argv[1], 'utf8').split('\\n').filter(Boolean);\nconst spawns = [], results = [];\nfor (const line of lines) {\n  const j = JSON.parse(line);\n  if (j.type === 'message' && j.message && j.message.role === 'assistant') {\n    for (const c of j.message.content || []) {\n      if (c.type !== 'toolCall' || c.name !== 'task') continue;\n      for (const t of (c.arguments && c.arguments.tasks) || []) if (/^Probe/.test(t.name || '')) spawns.push({ at: j.timestamp, name: t.name, agent: t.agent || '(default task)', isolated: !!t.isolated });\n    }\n  }\n  if (j.type === 'custom_message' && j.customType === 'async-result' && typeof j.content === 'string') {\n    for (const m of j.content.matchAll(/<task-result id=\"(Probe[^\"]*)\" agent=\"([^\"]*)\" status=\"([^\"]*)\" duration=\"([^\"]*)\">/g)) results.push({ at: j.timestamp, id: m[1], agent: m[2], status: m[3], duration: m[4] });\n  }\n}\nconsole.log('session transcript: ' + process.argv[1]);\nconsole.log('spawn requests (task tool arguments):'); for (const s of spawns) console.log(JSON.stringify(s));\nconsole.log('result headers (task tool deliveries):'); for (const r of results) console.log(JSON.stringify(r));\n","C:/Users/requi/.omp/agent/sessions/--C--src-fairpane--/2026-10-08T23-19-39-675Z_01a11dd0-b59b-7291-981b-b90d570518bd.jsonl"],"exit_code":0,"signal":null,"timed_out":false,"error":null,"duration_ms":41}
