
COMMAND ["C:\\Program Files\\Git\\cmd\\git.exe","diff","--cached","--stat","89109be","--","AGENTS.md","docs/CHARTER.md","engineering/qualification.json","engineering/policy.json","engineering/gates.json","toolchains/zig.lock.json","toolchains/zig-version.txt","specs/corpora.json"]
RESULT {"executable":"C:\\Program Files\\Git\\cmd\\git.exe","arguments":["diff","--cached","--stat","89109be","--","AGENTS.md","docs/CHARTER.md","engineering/qualification.json","engineering/policy.json","engineering/gates.json","toolchains/zig.lock.json","toolchains/zig-version.txt","specs/corpora.json"],"exit_code":0,"signal":null,"timed_out":false,"error":null,"duration_ms":18}

COMMAND ["C:\\Program Files\\Git\\cmd\\git.exe","diff","--cached","--name-status","89109be"]
M	.omp/agents/fairpane-compiler.md
M	.omp/agents/fairpane-spec.md
M	engineering/HANDOFF.md
A	engineering/evidence/.gitattributes
A	engineering/evidence/FP-0001/README.md
A	engineering/evidence/FP-0001/SHA256SUMS
A	engineering/evidence/FP-0001/controls/assert_fail.c
A	engineering/evidence/FP-0001/gates/2026-10-08T23-49-19-760Z-repo-check-cc5d8116.json
A	engineering/evidence/FP-0001/gates/2026-10-08T23-49-19-760Z-repo-check-cc5d8116.log
A	engineering/evidence/FP-0001/gates/2026-10-08T23-49-19-928Z-controller-test-bf4e0433.json
A	engineering/evidence/FP-0001/gates/2026-10-08T23-49-19-928Z-controller-test-bf4e0433.log
A	engineering/evidence/FP-0001/gates/2026-10-08T23-49-21-150Z-zig-fmt-9fc2d1a2.json
A	engineering/evidence/FP-0001/gates/2026-10-08T23-49-21-150Z-zig-fmt-9fc2d1a2.log
A	engineering/evidence/FP-0001/gates/2026-10-08T23-49-21-267Z-zig-test-6726867a.json
A	engineering/evidence/FP-0001/gates/2026-10-08T23-49-21-267Z-zig-test-6726867a.log
A	engineering/evidence/FP-0001/gates/2026-10-08T23-49-25-782Z-zig-build-c348d3be.json
A	engineering/evidence/FP-0001/gates/2026-10-08T23-49-25-782Z-zig-build-c348d3be.log
A	engineering/evidence/FP-0001/gates/2026-10-08T23-49-26-003Z-c-abi-b409c2bd.json
A	engineering/evidence/FP-0001/gates/2026-10-08T23-49-26-003Z-c-abi-b409c2bd.log
A	engineering/evidence/FP-0001/gates/2026-10-08T23-49-26-317Z-cross-windows-x86_64-9bc40270.json
A	engineering/evidence/FP-0001/gates/2026-10-08T23-49-26-317Z-cross-windows-x86_64-9bc40270.log
A	engineering/evidence/FP-0001/gates/2026-10-08T23-49-28-238Z-cross-linux-aarch64-d78b941a.json
A	engineering/evidence/FP-0001/gates/2026-10-08T23-49-28-238Z-cross-linux-aarch64-d78b941a.log
A	engineering/evidence/FP-0001/gates/2026-10-08T23-49-30-111Z-cross-macos-aarch64-4ee913f4.json
A	engineering/evidence/FP-0001/gates/2026-10-08T23-49-30-111Z-cross-macos-aarch64-4ee913f4.log
A	engineering/evidence/FP-0001/install-zig-attempt1.log
A	engineering/evidence/FP-0001/install-zig-attempt2.log
A	engineering/evidence/FP-0001/probes/INDEX.md
A	engineering/evidence/FP-0001/probes/fairpane-adversary-run2.json
A	engineering/evidence/FP-0001/probes/fairpane-bindings-run2.json
A	engineering/evidence/FP-0001/probes/fairpane-compiler-run1-before-repair.json
A	engineering/evidence/FP-0001/probes/fairpane-compiler-run2-after-repair.json
A	engineering/evidence/FP-0001/probes/fairpane-core-run1.json
A	engineering/evidence/FP-0001/probes/fairpane-js-run2.json
A	engineering/evidence/FP-0001/probes/fairpane-platform-run2.json
A	engineering/evidence/FP-0001/probes/fairpane-review-run1.json
A	engineering/evidence/FP-0001/probes/fairpane-security-run2.json
A	engineering/evidence/FP-0001/probes/fairpane-spec-run1-before-repair.json
A	engineering/evidence/FP-0001/probes/fairpane-spec-run2-after-repair.json
A	engineering/evidence/FP-0001/probes/fairpane-text-run2.json
A	engineering/evidence/FP-0001/raw/bootstrap-baseline.log
A	engineering/evidence/FP-0001/raw/c-assert-negative-control.log
A	engineering/evidence/FP-0001/raw/compiler-archive.log
A	engineering/evidence/FP-0001/raw/controller-hosts.log
A	engineering/evidence/FP-0001/raw/doctor.log
A	engineering/evidence/FP-0001/raw/gate-evidence-check.log
A	engineering/evidence/FP-0001/raw/git.log
A	engineering/evidence/FP-0001/raw/global-cache-isolation.log
A	engineering/evidence/FP-0001/raw/host-versions.log
A	engineering/evidence/FP-0001/raw/omp-prompt-expansion-check.log
A	engineering/evidence/FP-0001/raw/omp-prompt-expansion.log
A	engineering/evidence/FP-0001/raw/omp.log
A	engineering/evidence/FP-0001/raw/powershell-diagnosis.log
A	engineering/evidence/FP-0001/raw/zig-fmt-before-repair.log
A	engineering/evidence/FP-0001/raw/zig-test-summary.log
A	engineering/evidence/FP-0001/reviews/review-1-reject.json
A	engineering/evidence/FP-0001/superseded/hand-captured/c-assert-negative-control.log
A	engineering/evidence/FP-0001/superseded/hand-captured/zig-test-summary.log
A	engineering/evidence/FP-0001/superseded/run-1-source-07ffd710/2026-10-08T23-30-10-192Z-repo-check-fd2dba69.json
A	engineering/evidence/FP-0001/superseded/run-1-source-07ffd710/2026-10-08T23-30-10-192Z-repo-check-fd2dba69.log
A	engineering/evidence/FP-0001/superseded/run-1-source-07ffd710/2026-10-08T23-30-10-347Z-controller-test-bd356877.json
A	engineering/evidence/FP-0001/superseded/run-1-source-07ffd710/2026-10-08T23-30-10-347Z-controller-test-bd356877.log
A	engineering/evidence/FP-0001/superseded/run-1-source-07ffd710/2026-10-08T23-30-11-524Z-zig-fmt-82c82da5.json
A	engineering/evidence/FP-0001/superseded/run-1-source-07ffd710/2026-10-08T23-30-11-524Z-zig-fmt-82c82da5.log
A	engineering/evidence/FP-0001/superseded/run-1-source-07ffd710/2026-10-08T23-30-11-648Z-zig-test-75dc9a2d.json
A	engineering/evidence/FP-0001/superseded/run-1-source-07ffd710/2026-10-08T23-30-11-648Z-zig-test-75dc9a2d.log
A	engineering/evidence/FP-0001/superseded/run-1-source-07ffd710/2026-10-08T23-31-07-519Z-zig-build-37ecf4f3.json
A	engineering/evidence/FP-0001/superseded/run-1-source-07ffd710/2026-10-08T23-31-07-519Z-zig-build-37ecf4f3.log
A	engineering/evidence/FP-0001/superseded/run-1-source-07ffd710/2026-10-08T23-31-07-738Z-c-abi-586855dc.json
A	engineering/evidence/FP-0001/superseded/run-1-source-07ffd710/2026-10-08T23-31-07-738Z-c-abi-586855dc.log
A	engineering/evidence/FP-0001/superseded/run-1-source-07ffd710/2026-10-08T23-31-16-657Z-cross-windows-x86_64-dd0b8d2f.json
A	engineering/evidence/FP-0001/superseded/run-1-source-07ffd710/2026-10-08T23-31-16-657Z-cross-windows-x86_64-dd0b8d2f.log
A	engineering/evidence/FP-0001/superseded/run-1-source-07ffd710/2026-10-08T23-31-20-404Z-cross-linux-aarch64-1ced7d72.json
A	engineering/evidence/FP-0001/superseded/run-1-source-07ffd710/2026-10-08T23-31-20-404Z-cross-linux-aarch64-1ced7d72.log
A	engineering/evidence/FP-0001/superseded/run-1-source-07ffd710/2026-10-08T23-31-24-531Z-cross-macos-aarch64-aed54ede.json
A	engineering/evidence/FP-0001/superseded/run-1-source-07ffd710/2026-10-08T23-31-24-531Z-cross-macos-aarch64-aed54ede.log
A	engineering/evidence/FP-0001/superseded/run-2-cached-zig-steps/2026-10-08T23-49-01-771Z-repo-check-4d022ab4.json
A	engineering/evidence/FP-0001/superseded/run-2-cached-zig-steps/2026-10-08T23-49-01-771Z-repo-check-4d022ab4.log
A	engineering/evidence/FP-0001/superseded/run-2-cached-zig-steps/2026-10-08T23-49-01-920Z-controller-test-bf46cde9.json
A	engineering/evidence/FP-0001/superseded/run-2-cached-zig-steps/2026-10-08T23-49-01-920Z-controller-test-bf46cde9.log
A	engineering/evidence/FP-0001/superseded/run-2-cached-zig-steps/2026-10-08T23-49-03-146Z-zig-fmt-aca6acff.json
A	engineering/evidence/FP-0001/superseded/run-2-cached-zig-steps/2026-10-08T23-49-03-146Z-zig-fmt-aca6acff.log
A	engineering/evidence/FP-0001/superseded/run-2-cached-zig-steps/2026-10-08T23-49-03-264Z-zig-test-291e988f.json
A	engineering/evidence/FP-0001/superseded/run-2-cached-zig-steps/2026-10-08T23-49-03-264Z-zig-test-291e988f.log
A	engineering/evidence/FP-0001/superseded/run-2-cached-zig-steps/2026-10-08T23-49-03-446Z-zig-build-51a4b1c4.json
A	engineering/evidence/FP-0001/superseded/run-2-cached-zig-steps/2026-10-08T23-49-03-446Z-zig-build-51a4b1c4.log
A	engineering/evidence/FP-0001/superseded/run-2-cached-zig-steps/2026-10-08T23-49-03-608Z-c-abi-54ede673.json
A	engineering/evidence/FP-0001/superseded/run-2-cached-zig-steps/2026-10-08T23-49-03-608Z-c-abi-54ede673.log
A	engineering/evidence/FP-0001/superseded/run-2-cached-zig-steps/2026-10-08T23-49-03-868Z-cross-windows-x86_64-e99710c5.json
A	engineering/evidence/FP-0001/superseded/run-2-cached-zig-steps/2026-10-08T23-49-03-868Z-cross-windows-x86_64-e99710c5.log
A	engineering/evidence/FP-0001/superseded/run-2-cached-zig-steps/2026-10-08T23-49-04-034Z-cross-linux-aarch64-6d866608.json
A	engineering/evidence/FP-0001/superseded/run-2-cached-zig-steps/2026-10-08T23-49-04-034Z-cross-linux-aarch64-6d866608.log
A	engineering/evidence/FP-0001/superseded/run-2-cached-zig-steps/2026-10-08T23-49-04-201Z-cross-macos-aarch64-8df9b60a.json
A	engineering/evidence/FP-0001/superseded/run-2-cached-zig-steps/2026-10-08T23-49-04-201Z-cross-macos-aarch64-8df9b60a.log
M	engineering/state.json
M	scripts/Get-Zig.ps1
M	src/c_api.zig
M	toolchains/omp-baseline.json
M	tools/README.md
M	tools/fairpane.mjs
M	tools/lib.mjs
M	tools/selftest.mjs
RESULT {"executable":"C:\\Program Files\\Git\\cmd\\git.exe","arguments":["diff","--cached","--name-status","89109be"],"exit_code":0,"signal":null,"timed_out":false,"error":null,"duration_ms":18}
