
COMMAND ["C:\\Program Files\\Git\\usr\\bin\\sha256sum.exe","--version"]
sha256sum (GNU coreutils) 8.32
Copyright (C) 2020 Free Software Foundation, Inc.
License GPLv3+: GNU GPL version 3 or later <https://gnu.org/licenses/gpl.html>.
This is free software: you are free to change and redistribute it.
There is NO WARRANTY, to the extent permitted by law.

Written by Ulrich Drepper, Scott Miller, and David Madore.
RESULT {"executable":"C:\\Program Files\\Git\\usr\\bin\\sha256sum.exe","arguments":["--version"],"exit_code":0,"signal":null,"timed_out":false,"error":null,"duration_ms":11}

COMMAND ["C:\\Program Files\\Git\\usr\\bin\\sha256sum.exe","-c","SHA256SUMS"]
controls/assert_fail.c: OK
gates/2026-10-08T23-49-19-760Z-repo-check-cc5d8116.json: OK
gates/2026-10-08T23-49-19-760Z-repo-check-cc5d8116.log: OK
gates/2026-10-08T23-49-19-928Z-controller-test-bf4e0433.json: OK
gates/2026-10-08T23-49-19-928Z-controller-test-bf4e0433.log: OK
gates/2026-10-08T23-49-21-150Z-zig-fmt-9fc2d1a2.json: OK
gates/2026-10-08T23-49-21-150Z-zig-fmt-9fc2d1a2.log: OK
gates/2026-10-08T23-49-21-267Z-zig-test-6726867a.json: OK
gates/2026-10-08T23-49-21-267Z-zig-test-6726867a.log: OK
gates/2026-10-08T23-49-25-782Z-zig-build-c348d3be.json: OK
gates/2026-10-08T23-49-25-782Z-zig-build-c348d3be.log: OK
gates/2026-10-08T23-49-26-003Z-c-abi-b409c2bd.json: OK
gates/2026-10-08T23-49-26-003Z-c-abi-b409c2bd.log: OK
gates/2026-10-08T23-49-26-317Z-cross-windows-x86_64-9bc40270.json: OK
gates/2026-10-08T23-49-26-317Z-cross-windows-x86_64-9bc40270.log: OK
gates/2026-10-08T23-49-28-238Z-cross-linux-aarch64-d78b941a.json: OK
gates/2026-10-08T23-49-28-238Z-cross-linux-aarch64-d78b941a.log: OK
gates/2026-10-08T23-49-30-111Z-cross-macos-aarch64-4ee913f4.json: OK
gates/2026-10-08T23-49-30-111Z-cross-macos-aarch64-4ee913f4.log: OK
install-zig-attempt1.log: OK
install-zig-attempt2.log: OK
probes/INDEX.md: OK
probes/fairpane-adversary-run2.json: OK
probes/fairpane-bindings-run2.json: OK
probes/fairpane-compiler-run1-before-repair.json: OK
probes/fairpane-compiler-run2-after-repair.json: OK
probes/fairpane-core-run1.json: OK
probes/fairpane-js-run2.json: OK
probes/fairpane-platform-run2.json: OK
probes/fairpane-review-run1.json: OK
probes/fairpane-security-run2.json: OK
probes/fairpane-spec-run1-before-repair.json: OK
probes/fairpane-spec-run2-after-repair.json: OK
probes/fairpane-text-run2.json: OK
raw/bootstrap-baseline.log: OK
raw/c-assert-negative-control.log: OK
raw/clean-checkout-evidence-check.log: OK
raw/compiler-archive.log: OK
raw/controller-hosts.log: OK
raw/doctor.log: OK
raw/gate-evidence-check.log: OK
raw/git.log: OK
raw/global-cache-isolation.log: OK
raw/host-versions.log: OK
raw/omp-prompt-expansion-check.log: OK
raw/omp-prompt-expansion.log: OK
raw/omp.log: OK
raw/powershell-diagnosis.log: OK
raw/protected-paths.log: OK
raw/zig-fmt-before-repair.log: OK
raw/zig-test-summary.log: OK
reviews/review-1-reject.json: OK
superseded/hand-captured/c-assert-negative-control.log: OK
superseded/hand-captured/zig-test-summary.log: OK
superseded/run-1-source-07ffd710/2026-10-08T23-30-10-192Z-repo-check-fd2dba69.json: OK
superseded/run-1-source-07ffd710/2026-10-08T23-30-10-192Z-repo-check-fd2dba69.log: OK
superseded/run-1-source-07ffd710/2026-10-08T23-30-10-347Z-controller-test-bd356877.json: OK
superseded/run-1-source-07ffd710/2026-10-08T23-30-10-347Z-controller-test-bd356877.log: OK
superseded/run-1-source-07ffd710/2026-10-08T23-30-11-524Z-zig-fmt-82c82da5.json: OK
superseded/run-1-source-07ffd710/2026-10-08T23-30-11-524Z-zig-fmt-82c82da5.log: OK
superseded/run-1-source-07ffd710/2026-10-08T23-30-11-648Z-zig-test-75dc9a2d.json: OK
superseded/run-1-source-07ffd710/2026-10-08T23-30-11-648Z-zig-test-75dc9a2d.log: OK
superseded/run-1-source-07ffd710/2026-10-08T23-31-07-519Z-zig-build-37ecf4f3.json: OK
superseded/run-1-source-07ffd710/2026-10-08T23-31-07-519Z-zig-build-37ecf4f3.log: OK
superseded/run-1-source-07ffd710/2026-10-08T23-31-07-738Z-c-abi-586855dc.json: OK
superseded/run-1-source-07ffd710/2026-10-08T23-31-07-738Z-c-abi-586855dc.log: OK
superseded/run-1-source-07ffd710/2026-10-08T23-31-16-657Z-cross-windows-x86_64-dd0b8d2f.json: OK
superseded/run-1-source-07ffd710/2026-10-08T23-31-16-657Z-cross-windows-x86_64-dd0b8d2f.log: OK
superseded/run-1-source-07ffd710/2026-10-08T23-31-20-404Z-cross-linux-aarch64-1ced7d72.json: OK
superseded/run-1-source-07ffd710/2026-10-08T23-31-20-404Z-cross-linux-aarch64-1ced7d72.log: OK
superseded/run-1-source-07ffd710/2026-10-08T23-31-24-531Z-cross-macos-aarch64-aed54ede.json: OK
superseded/run-1-source-07ffd710/2026-10-08T23-31-24-531Z-cross-macos-aarch64-aed54ede.log: OK
superseded/run-2-cached-zig-steps/2026-10-08T23-49-01-771Z-repo-check-4d022ab4.json: OK
superseded/run-2-cached-zig-steps/2026-10-08T23-49-01-771Z-repo-check-4d022ab4.log: OK
superseded/run-2-cached-zig-steps/2026-10-08T23-49-01-920Z-controller-test-bf46cde9.json: OK
superseded/run-2-cached-zig-steps/2026-10-08T23-49-01-920Z-controller-test-bf46cde9.log: OK
superseded/run-2-cached-zig-steps/2026-10-08T23-49-03-146Z-zig-fmt-aca6acff.json: OK
superseded/run-2-cached-zig-steps/2026-10-08T23-49-03-146Z-zig-fmt-aca6acff.log: OK
superseded/run-2-cached-zig-steps/2026-10-08T23-49-03-264Z-zig-test-291e988f.json: OK
superseded/run-2-cached-zig-steps/2026-10-08T23-49-03-264Z-zig-test-291e988f.log: OK
superseded/run-2-cached-zig-steps/2026-10-08T23-49-03-446Z-zig-build-51a4b1c4.json: OK
superseded/run-2-cached-zig-steps/2026-10-08T23-49-03-446Z-zig-build-51a4b1c4.log: OK
superseded/run-2-cached-zig-steps/2026-10-08T23-49-03-608Z-c-abi-54ede673.json: OK
superseded/run-2-cached-zig-steps/2026-10-08T23-49-03-608Z-c-abi-54ede673.log: OK
superseded/run-2-cached-zig-steps/2026-10-08T23-49-03-868Z-cross-windows-x86_64-e99710c5.json: OK
superseded/run-2-cached-zig-steps/2026-10-08T23-49-03-868Z-cross-windows-x86_64-e99710c5.log: OK
superseded/run-2-cached-zig-steps/2026-10-08T23-49-04-034Z-cross-linux-aarch64-6d866608.json: OK
superseded/run-2-cached-zig-steps/2026-10-08T23-49-04-034Z-cross-linux-aarch64-6d866608.log: OK
superseded/run-2-cached-zig-steps/2026-10-08T23-49-04-201Z-cross-macos-aarch64-8df9b60a.json: OK
superseded/run-2-cached-zig-steps/2026-10-08T23-49-04-201Z-cross-macos-aarch64-8df9b60a.log: OK
RESULT {"executable":"C:\\Program Files\\Git\\usr\\bin\\sha256sum.exe","arguments":["-c","SHA256SUMS"],"exit_code":0,"signal":null,"timed_out":false,"error":null,"duration_ms":20}

COMMAND ["C:\\Program Files\\Git\\usr\\bin\\sha256sum.exe","-c","SHA256SUMS"]
controls/assert_fail.c: OK
gates/2026-10-08T23-49-19-760Z-repo-check-cc5d8116.json: OK
gates/2026-10-08T23-49-19-760Z-repo-check-cc5d8116.log: OK
gates/2026-10-08T23-49-19-928Z-controller-test-bf4e0433.json: OK
gates/2026-10-08T23-49-19-928Z-controller-test-bf4e0433.log: OK
gates/2026-10-08T23-49-21-150Z-zig-fmt-9fc2d1a2.json: OK
gates/2026-10-08T23-49-21-150Z-zig-fmt-9fc2d1a2.log: OK
gates/2026-10-08T23-49-21-267Z-zig-test-6726867a.json: OK
gates/2026-10-08T23-49-21-267Z-zig-test-6726867a.log: OK
gates/2026-10-08T23-49-25-782Z-zig-build-c348d3be.json: OK
gates/2026-10-08T23-49-25-782Z-zig-build-c348d3be.log: OK
gates/2026-10-08T23-49-26-003Z-c-abi-b409c2bd.json: OK
gates/2026-10-08T23-49-26-003Z-c-abi-b409c2bd.log: OK
gates/2026-10-08T23-49-26-317Z-cross-windows-x86_64-9bc40270.json: OK
gates/2026-10-08T23-49-26-317Z-cross-windows-x86_64-9bc40270.log: OK
gates/2026-10-08T23-49-28-238Z-cross-linux-aarch64-d78b941a.json: OK
gates/2026-10-08T23-49-28-238Z-cross-linux-aarch64-d78b941a.log: OK
gates/2026-10-08T23-49-30-111Z-cross-macos-aarch64-4ee913f4.json: OK
gates/2026-10-08T23-49-30-111Z-cross-macos-aarch64-4ee913f4.log: OK
install-zig-attempt1.log: OK
install-zig-attempt2.log: OK
probes/INDEX.md: OK
probes/fairpane-adversary-run2.json: OK
probes/fairpane-bindings-run2.json: OK
probes/fairpane-compiler-run1-before-repair.json: OK
probes/fairpane-compiler-run2-after-repair.json: OK
probes/fairpane-core-run1.json: OK
probes/fairpane-js-run2.json: OK
probes/fairpane-platform-run2.json: OK
probes/fairpane-review-run1.json: OK
probes/fairpane-security-run2.json: OK
probes/fairpane-spec-run1-before-repair.json: OK
probes/fairpane-spec-run2-after-repair.json: OK
probes/fairpane-text-run2.json: OK
raw/bootstrap-baseline.log: OK
raw/bootstrap-manifest-recheck.log: OK
raw/bootstrap-preparation-copy.log: OK
raw/c-assert-negative-control.log: OK
raw/clean-checkout-evidence-check.log: OK
raw/compiler-archive.log: OK
raw/controller-hosts.log: OK
raw/doctor.log: OK
raw/gate-evidence-check.log: OK
raw/git.log: OK
raw/global-cache-isolation.log: OK
raw/head-05d2d42-verification.log: OK
raw/host-versions.log: OK
raw/omp-prompt-expansion-check.log: OK
raw/omp-prompt-expansion.log: OK
raw/omp.log: OK
raw/powershell-diagnosis.log: OK
raw/probe-attribution.log: OK
raw/protected-paths.log: OK
raw/zig-fmt-before-repair.log: OK
raw/zig-test-summary.log: OK
reviews/review-1-reject.json: OK
reviews/review-2-reject.json: OK
superseded/hand-captured/c-assert-negative-control.log: OK
superseded/hand-captured/zig-test-summary.log: OK
superseded/run-1-source-07ffd710/2026-10-08T23-30-10-192Z-repo-check-fd2dba69.json: OK
superseded/run-1-source-07ffd710/2026-10-08T23-30-10-192Z-repo-check-fd2dba69.log: OK
superseded/run-1-source-07ffd710/2026-10-08T23-30-10-347Z-controller-test-bd356877.json: OK
superseded/run-1-source-07ffd710/2026-10-08T23-30-10-347Z-controller-test-bd356877.log: OK
superseded/run-1-source-07ffd710/2026-10-08T23-30-11-524Z-zig-fmt-82c82da5.json: OK
superseded/run-1-source-07ffd710/2026-10-08T23-30-11-524Z-zig-fmt-82c82da5.log: OK
superseded/run-1-source-07ffd710/2026-10-08T23-30-11-648Z-zig-test-75dc9a2d.json: OK
superseded/run-1-source-07ffd710/2026-10-08T23-30-11-648Z-zig-test-75dc9a2d.log: OK
superseded/run-1-source-07ffd710/2026-10-08T23-31-07-519Z-zig-build-37ecf4f3.json: OK
superseded/run-1-source-07ffd710/2026-10-08T23-31-07-519Z-zig-build-37ecf4f3.log: OK
superseded/run-1-source-07ffd710/2026-10-08T23-31-07-738Z-c-abi-586855dc.json: OK
superseded/run-1-source-07ffd710/2026-10-08T23-31-07-738Z-c-abi-586855dc.log: OK
superseded/run-1-source-07ffd710/2026-10-08T23-31-16-657Z-cross-windows-x86_64-dd0b8d2f.json: OK
superseded/run-1-source-07ffd710/2026-10-08T23-31-16-657Z-cross-windows-x86_64-dd0b8d2f.log: OK
superseded/run-1-source-07ffd710/2026-10-08T23-31-20-404Z-cross-linux-aarch64-1ced7d72.json: OK
superseded/run-1-source-07ffd710/2026-10-08T23-31-20-404Z-cross-linux-aarch64-1ced7d72.log: OK
superseded/run-1-source-07ffd710/2026-10-08T23-31-24-531Z-cross-macos-aarch64-aed54ede.json: OK
superseded/run-1-source-07ffd710/2026-10-08T23-31-24-531Z-cross-macos-aarch64-aed54ede.log: OK
superseded/run-2-cached-zig-steps/2026-10-08T23-49-01-771Z-repo-check-4d022ab4.json: OK
superseded/run-2-cached-zig-steps/2026-10-08T23-49-01-771Z-repo-check-4d022ab4.log: OK
superseded/run-2-cached-zig-steps/2026-10-08T23-49-01-920Z-controller-test-bf46cde9.json: OK
superseded/run-2-cached-zig-steps/2026-10-08T23-49-01-920Z-controller-test-bf46cde9.log: OK
superseded/run-2-cached-zig-steps/2026-10-08T23-49-03-146Z-zig-fmt-aca6acff.json: OK
superseded/run-2-cached-zig-steps/2026-10-08T23-49-03-146Z-zig-fmt-aca6acff.log: OK
superseded/run-2-cached-zig-steps/2026-10-08T23-49-03-264Z-zig-test-291e988f.json: OK
superseded/run-2-cached-zig-steps/2026-10-08T23-49-03-264Z-zig-test-291e988f.log: OK
superseded/run-2-cached-zig-steps/2026-10-08T23-49-03-446Z-zig-build-51a4b1c4.json: OK
superseded/run-2-cached-zig-steps/2026-10-08T23-49-03-446Z-zig-build-51a4b1c4.log: OK
superseded/run-2-cached-zig-steps/2026-10-08T23-49-03-608Z-c-abi-54ede673.json: OK
superseded/run-2-cached-zig-steps/2026-10-08T23-49-03-608Z-c-abi-54ede673.log: OK
superseded/run-2-cached-zig-steps/2026-10-08T23-49-03-868Z-cross-windows-x86_64-e99710c5.json: OK
superseded/run-2-cached-zig-steps/2026-10-08T23-49-03-868Z-cross-windows-x86_64-e99710c5.log: OK
superseded/run-2-cached-zig-steps/2026-10-08T23-49-04-034Z-cross-linux-aarch64-6d866608.json: OK
superseded/run-2-cached-zig-steps/2026-10-08T23-49-04-034Z-cross-linux-aarch64-6d866608.log: OK
superseded/run-2-cached-zig-steps/2026-10-08T23-49-04-201Z-cross-macos-aarch64-8df9b60a.json: OK
superseded/run-2-cached-zig-steps/2026-10-08T23-49-04-201Z-cross-macos-aarch64-8df9b60a.log: OK
RESULT {"executable":"C:\\Program Files\\Git\\usr\\bin\\sha256sum.exe","arguments":["-c","SHA256SUMS"],"exit_code":0,"signal":null,"timed_out":false,"error":null,"duration_ms":21}
