
COMMAND ["C:\\Program Files\\Git\\usr\\bin\\sha256sum.exe","C:\\src\\fairpane\\out\\whatwg-html-source-efc54f7b70858d9fcf06d1a5871ae215f448c029"]
\8184f8d730b5a3c47bbf657c01c3021149774c9efb8e59a2183bf6857704f70b *C:\\src\\fairpane\\out\\whatwg-html-source-efc54f7b70858d9fcf06d1a5871ae215f448c029
RESULT {"executable":"C:\\Program Files\\Git\\usr\\bin\\sha256sum.exe","arguments":["C:\\src\\fairpane\\out\\whatwg-html-source-efc54f7b70858d9fcf06d1a5871ae215f448c029"],"cwd":"C:\\Users\\requi\\.omp\\wt\\tb779889ef\\m","started_at":"2026-10-09T19:07:21.828Z","exit_code":0,"signal":null,"timed_out":false,"error":null,"duration_ms":37}

COMMAND ["C:\\Program Files\\Git\\usr\\bin\\awk.exe","NR>=141948 && NR<=150800 && /<h[3-6]/ {print NR\": \"$0}","C:\\src\\fairpane\\out\\whatwg-html-source-efc54f7b70858d9fcf06d1a5871ae215f448c029"]
141948:   <h4>Parse state</h4>
141950:   <h5>The insertion mode</h5>
142097:   <h5>The stack of open elements</h5>
142290:   <h5>The list of active formatting elements</h5>
142399:   <h5>The element pointers</h5>
142417:   <h5>Other parsing state flags</h5>
142468:   <h4><dfn>Tokenization</dfn></h4>
142577:   <h5><dfn>Data state</dfn></h5>
142605:   <h5><dfn>RCDATA state</dfn></h5>
142633:   <h5><dfn>RAWTEXT state</dfn></h5>
142657:   <h5><dfn>Script data state</dfn></h5>
142681:   <h5><dfn>PLAINTEXT state</dfn></h5>
142702:   <h5><dfn>Tag open state</dfn></h5>
142736:   <h5><dfn>End tag open state</dfn></h5>
142765:   <h5><dfn>Tag name state</dfn></h5>
142805:   <h5><dfn>RCDATA less-than sign state</dfn></h5>
142824:   <h5><dfn>RCDATA end tag open state</dfn></h5>
142843:   <h5><dfn>RCDATA end tag name state</dfn></h5>
142889:   <h5><dfn>RAWTEXT less-than sign state</dfn></h5>
142908:   <h5><dfn>RAWTEXT end tag open state</dfn></h5>
142927:   <h5><dfn>RAWTEXT end tag name state</dfn></h5>
142973:   <h5><dfn>Script data less-than sign state</dfn></h5>
142995:   <h5><dfn>Script data end tag open state</dfn></h5>
143014:   <h5><dfn>Script data end tag name state</dfn></h5>
143060:   <h5><dfn>Script data escape start state</dfn></h5>
143077:   <h5><dfn>Script data escape start dash state</dfn></h5>
143094:   <h5><dfn>Script data escaped state</dfn></h5>
143124:   <h5><dfn>Script data escaped dash state</dfn></h5>
143156:   <h5><dfn>Script data escaped dash dash state</dfn></h5>
143191:   <h5><dfn>Script data escaped less-than sign state</dfn></h5>
143214:   <h5><dfn>Script data escaped end tag open state</dfn></h5>
143232:   <h5><dfn>Script data escaped end tag name state</dfn></h5>
143277:   <h5><dfn>Script data double escape start state</dfn></h5>
143312:   <h5><dfn>Script data double escaped state</dfn></h5>
143343:   <h5><dfn>Script data double escaped dash state</dfn></h5>
143376:   <h5><dfn>Script data double escaped dash dash state</dfn></h5>
143412:   <h5><dfn>Script data double escaped less-than sign state</dfn></h5>
143429:   <h5><dfn>Script data double escape end state</dfn></h5>
143464:   <h5><dfn>Before attribute name state</dfn></h5>
143497:   <h5><dfn>Attribute name state</dfn></h5>
143551:   <h5><dfn>After attribute name state</dfn></h5>
143585:   <h5><dfn>Before attribute value state</dfn></h5>
143615:   <h5><dfn>Attribute value (double-quoted) state</dfn></h5>
143645:   <h5><dfn>Attribute value (single-quoted) state</dfn></h5>
143675:   <h5><dfn>Attribute value (unquoted) state</dfn></h5>
143721:   <h5><dfn>After attribute value (quoted) state</dfn></h5>
143754:   <h5><dfn>Self-closing start tag state</dfn></h5>
143777:   <h5><dfn>Bogus comment state</dfn></h5>
143801:   <h5><dfn>Markup declaration open state</dfn></h5>
143833:   <h5><dfn>Comment start state</dfn></h5>
143854:   <h5><dfn>Comment start dash state</dfn></h5>
143880:   <h5><dfn id="comment">Comment state</dfn></h5>
143909:   <h5><dfn>Comment less-than sign state</dfn></h5>
143929:   <h5><dfn>Comment less-than sign bang state</dfn></h5>
143945:   <h5><dfn>Comment less-than sign bang dash state</dfn></h5>
143961:   <h5><dfn>Comment less-than sign bang dash dash state</dfn></h5>
143979:   <h5><dfn>Comment end dash state</dfn></h5>
144000:   <h5><dfn>Comment end state</dfn></h5>
144027:   <h5><dfn>Comment end bang state</dfn></h5>
144054:   <h5><dfn>DOCTYPE state</dfn></h5>
144085:   <h5><dfn>Before DOCTYPE name state</dfn></h5>
144128:   <h5><dfn>DOCTYPE name state</dfn></h5>
144166:   <h5><dfn>After DOCTYPE name state</dfn></h5>
144207:   <h5><dfn>After DOCTYPE public keyword state</dfn></h5>
144253:   <h5><dfn>Before DOCTYPE public identifier state</dfn></h5>
144295:   <h5><dfn>DOCTYPE public identifier (double-quoted) state</dfn></h5>
144329:   <h5><dfn>DOCTYPE public identifier (single-quoted) state</dfn></h5>
144363:   <h5><dfn>After DOCTYPE public identifier state</dfn></h5>
144406:   <h5><dfn>Between DOCTYPE public and system identifiers state</dfn></h5>
144445:   <h5><dfn>After DOCTYPE system keyword state</dfn></h5>
144491:   <h5><dfn>Before DOCTYPE system identifier state</dfn></h5>
144533:   <h5><dfn>DOCTYPE system identifier (double-quoted) state</dfn></h5>
144567:   <h5><dfn>DOCTYPE system identifier (single-quoted) state</dfn></h5>
144601:   <h5><dfn>After DOCTYPE system identifier state</dfn></h5>
144633:   <h5><dfn>Bogus DOCTYPE state</dfn></h5>
144657:   <h5><dfn>CDATA section state</dfn></h5>
144680:   <h5><dfn>CDATA section bracket state</dfn></h5>
144697:   <h5><dfn>CDATA section end state</dfn></h5>
144718:   <h5><dfn>Processing instruction open state</dfn></h5>
144741:   <h5><dfn>Processing instruction target state</dfn></h5>
144801:   <h5><dfn>After processing instruction target state</dfn></h5>
144821:   <h5><dfn>Processing instruction data state</dfn></h5>
144844:   <h5><dfn>Processing instruction questionable state</dfn></h5>
144865:   <h5><dfn>Character reference state</dfn></h5>
144889:   <h5><dfn>Named character reference state</dfn></h5>
144949:   <h5><dfn>Ambiguous ampersand state</dfn></h5>
144974:   <h5><dfn>Numeric character reference state</dfn></h5>
145001:   <h5><dfn>Hexadecimal character reference start state</dfn></h5>
145019:   <h5><dfn>Hexadecimal character reference state</dfn></h5>
145056:   <h5><dfn>Decimal character reference state</dfn></h5>
145081:   <h5><dfn>Numeric character reference end state</dfn></h5>
145172:   <h4><dfn>Tree construction</dfn></h4>
145262:   <h5>Creating and inserting nodes</h5>
145795:   <h5>Parsing elements that contain only text</h5>
145819:   <h5>Closing elements that have implied end tags</h5>
145848:   <h5 id="parsing-main-inhtml">The rules for parsing tokens in HTML content</h5>
145851:   <h6>The "<dfn data-x="insertion mode: initial">initial</dfn>" insertion mode</h6>
146005:   <h6>The "<dfn data-x="insertion mode: before html">before html</dfn>" insertion mode</h6>
146074:   <h6>The "<dfn data-x="insertion mode: before head">before head</dfn>" insertion mode</h6>
146152:   <h6 id="parsing-main-inhead">The "<dfn data-x="insertion mode: in head">in head</dfn>" insertion mode</h6>
146589:   <h6 id="parsing-main-inheadnoscript">The "<dfn data-x="insertion mode: in head noscript">in head noscript</dfn>" insertion mode</h6>
146662:   <h6>The "<dfn data-x="insertion mode: after head">after head</dfn>" insertion mode</h6>
146770:   <h6 id="parsing-main-inbody">The "<dfn data-x="insertion mode: in body">in body</dfn>" insertion mode</h6>
148036:   <h6 id="parsing-main-incdata">The "<dfn data-x="insertion mode: text">text</dfn>" insertion mode</h6>
148186:   <h6 id="parsing-main-intable">The "<dfn data-x="insertion mode: in table">in table</dfn>" insertion mode</h6>
148395:   <h6 id="parsing-main-intabletext">The "<dfn data-x="insertion mode: in table text">in table text</dfn>" insertion mode</h6>
148446:   <h6 id="parsing-main-incaption">The "<dfn data-x="insertion mode: in caption">in caption</dfn>" insertion mode</h6>
148522:   <h6 id="parsing-main-incolgroup">The "<dfn data-x="insertion mode: in column group">in column group</dfn>" insertion mode</h6>
148616:   <h6 id="parsing-main-intbody">The "<dfn data-x="insertion mode: in table body">in table body</dfn>" insertion mode</h6>
148715:   <h6 id="parsing-main-intr">The "<dfn data-x="insertion mode: in row">in row</dfn>" insertion mode</h6>
148824:   <h6 id="parsing-main-intd">The "<dfn data-x="insertion mode: in cell">in cell</dfn>" insertion mode</h6>
148923:   <h6 id="parsing-main-intemplate">The "<dfn data-x="insertion mode: in template">in template</dfn>" insertion mode</h6>
149057:   <h6 id="parsing-main-afterbody">The "<dfn data-x="insertion mode: after body">after body</dfn>" insertion mode</h6>
149117:   <h6 id="parsing-main-inframeset">The "<dfn data-x="insertion mode: in frameset">in frameset</dfn>" insertion mode</h6>
149204:   <h6 id="parsing-main-afterframeset">The "<dfn data-x="insertion mode: after frameset">after frameset</dfn>" insertion mode</h6>
149266:   <h6>The "<dfn data-x="insertion mode: after after body">after after body</dfn>" insertion mode</h6>
149309:   <h6>The "<dfn data-x="insertion mode: after after frameset">after after frameset</dfn>" insertion mode</h6>
149358:   <h5 id="parsing-main-inforeign">The rules for parsing tokens <dfn data-x="insertion mode: in foreign content">in foreign content</dfn></h5>
149578:   <h4>The end</h4>
149747:   <h4>Speculative HTML parsing</h4>
149948:   <h4>Coercing an HTML DOM into an infoset</h4>
150026:   <h4>An introduction to error handling and strange cases in the parser</h4>
150034:   <h5>Misnested tags: &lt;b>&lt;i>&lt;/b>&lt;/i></h5>
150068:   <h5>Misnested tags: &lt;b>&lt;p>&lt;/b>&lt;/p></h5>
150124:   <h5>Unexpected markup in tables</h5>
150216:   <h5>Scripts that modify the page as it is being parsed</h5>
150268:   <h5>The execution of scripts that are moving across multiple documents</h5>
150287:   <h5>Unclosed formatting elements</h5>
150318:   <!--en-GB--><h3 id="serialising-html-fragments">Serializing HTML fragments</h3>
150711:   <h3>Parsing HTML fragments</h3>
RESULT {"executable":"C:\\Program Files\\Git\\usr\\bin\\awk.exe","arguments":["NR>=141948 && NR<=150800 && /<h[3-6]/ {print NR\": \"$0}","C:\\src\\fairpane\\out\\whatwg-html-source-efc54f7b70858d9fcf06d1a5871ae215f448c029"],"cwd":"C:\\Users\\requi\\.omp\\wt\\tb779889ef\\m","started_at":"2026-10-09T19:07:21.944Z","exit_code":0,"signal":null,"timed_out":false,"error":null,"duration_ms":88}

COMMAND ["C:\\Program Files\\Git\\usr\\bin\\awk.exe","NR>=145851 && NR<=149306 && /<dt/ {print NR\": \"$0}","C:\\src\\fairpane\\out\\whatwg-html-source-efc54f7b70858d9fcf06d1a5871ae215f448c029"]
145863:    <dt>A character token that is one of U+0009 CHARACTER
145870:    <dt>A comment token</dt>
145875:    <dt>A processing instruction token</dt>
145881:    <dt>A DOCTYPE token</dt>
145991:    <dt>Anything else</dt>
146014:    <dt>A DOCTYPE token</dt>
146019:    <dt>A comment token</dt>
146024:    <dt>A processing instruction token</dt>
146030:    <dt>A character token that is one of U+0009 CHARACTER TABULATION, U+000A LINE FEED (LF), U+000C
146036:    <dt>A start tag whose tag name is "html"</dt>
146047:    <dt>An end tag whose tag name is one of: "head", "body", "html", "br"</dt>
146052:    <dt>Any other end tag</dt>
146057:    <dt>Anything else</dt>
146083:    <dt>A character token that is one of U+0009 CHARACTER
146090:    <dt>A comment token</dt>
146095:    <dt>A processing instruction token</dt>
146100:    <dt>A DOCTYPE token</dt>
146105:    <dt>A start tag whose tag name is "html"</dt>
146111:    <dt>A start tag whose tag name is "head"</dt>
146122:    <dt>An end tag whose tag name is one of: "head", "body", "html", "br"</dt>
146127:    <dt>Any other end tag</dt>
146132:    <dt>Anything else</dt>
146160:    <dt>A character token that is one of U+0009 CHARACTER
146167:    <dt>A comment token</dt>
146172:    <dt>A processing instruction token</dt>
146177:    <dt>A DOCTYPE token</dt>
146182:    <dt>A start tag whose tag name is "html"</dt>
146188:    <dt>A start tag whose tag name is one of: "base", "basefont",
146198:    <dt>A start tag whose tag name is "meta"</dt>
146229:    <dt>A start tag whose tag name is "title"</dt>
146234:    <dt>A start tag whose tag name is "noscript", if <span>scripting mode</span> is not <span
146236:    <dt>A start tag whose tag name is one of: "noframes", "style"</dt>
146241:    <dt>A start tag whose tag name is "noscript", if <span>scripting mode</span> is <span
146251:    <dt id="scriptTag">A start tag whose tag name is "script"</dt>
146311:    <dt>An end tag whose tag name is "head"</dt>
146320:    <dt>An end tag whose tag name is one of: "body", "html", "br"</dt>
146325:    <dt>A start tag whose tag name is "template"</dt>
146504:    <dt>An end tag whose tag name is "template"</dt>
146565:    <dt>A start tag whose tag name is "head"</dt>
146566:    <dt>Any other end tag</dt>
146571:    <dt>Anything else</dt>
146598:    <dt>A DOCTYPE token</dt>
146603:    <dt>A start tag whose tag name is "html"</dt>
146609:    <dt>An end tag whose tag name is "noscript"</dt>
146619:    <dt>A character token that is one of U+0009 CHARACTER TABULATION, U+000A LINE FEED (LF), U+000C
146621:    <dt>A comment token</dt>
146622:    <dt>A processing instruction token</dt>
146623:    <dt>A start tag whose tag name is one of: "basefont", "bgsound", "link", "meta", "noframes",
146630:    <dt>An end tag whose tag name is "br"</dt>
146635:    <dt>A start tag whose tag name is one of: "head", "noscript"</dt>
146636:    <dt>Any other end tag</dt>
146641:    <dt>Anything else</dt>
146671:    <dt>A character token that is one of U+0009 CHARACTER
146678:    <dt>A comment token</dt>
146683:    <dt>A processing instruction token</dt>
146688:    <dt>A DOCTYPE token</dt>
146693:    <dt>A start tag whose tag name is "html"</dt>
146699:    <dt>A start tag whose tag name is "body"</dt>
146709:    <dt>A start tag whose tag name is "frameset"</dt>
146717:    <dt>A start tag whose tag name is one of: "base", "basefont", "bgsound", "link", "meta",
146736:    <dt>An end tag whose tag name is "template"</dt>
146742:    <dt>An end tag whose tag name is one of: "body", "html", "br"</dt>
146747:    <dt>A start tag whose tag name is "head"</dt>
146748:    <dt>Any other end tag</dt>
146753:    <dt>Anything else</dt>
146778:    <dt>A character token that is U+0000 NULL</dt>
146790:    <dt>A character token that is one of U+0009 CHARACTER TABULATION,
146799:    <dt>Any other character token</dt>
146808:    <dt>A comment token</dt>
146813:    <dt>A processing instruction token</dt>
146818:    <dt>A DOCTYPE token</dt>
146823:    <dt>A start tag whose tag name is "html"</dt>
146835:    <dt>A start tag whose tag name is one of: "base", "basefont", "bgsound", "link", "meta",
146837:    <dt>An end tag whose tag name is "template"</dt>
146843:    <dt>A start tag whose tag name is "body"</dt>
146858:    <dt>A start tag whose tag name is "frameset"</dt>
146885:    <dt>An end-of-file token</dt>
146908:    <dt>An end tag whose tag name is "body"</dt>
146934:    <dt>An end tag whose tag name is "html"</dt>
146967:    <dt>A start tag whose tag name is one of: "address", "article", "aside", "blockquote", "center",
146983:    <dt>A start tag whose tag name is one of: "h1", "h2", "h3", "h4",
146999:    <dt>A start tag whose tag name is one of: "pre", "listing"</dt>
147018:    <dt>A start tag whose tag name is "form"</dt>
147038:    <dt>A start tag whose tag name is "li"</dt>
147087:    <!-- as normal, but imply </dt> or </dd> when there's another <dt> or <dd> open in weird cases  -->
147088:    <dt>A start tag whose tag name is one of: "dd", "dt"</dt>
147140:          <!DOCTYPE html><body><dl><dt><foo><dt>
147142:      ...results in the second <dt> not being (in any way) a descendant of the first <dt>, or if
147157:    <dt>A start tag whose tag name is "plaintext"</dt>
147176:    <dt>A start tag whose tag name is "button"</dt>
147204:    <dt>An end tag whose tag name is one of: "address", "article", "aside", "blockquote", "button",
147230:    <dt>An end tag whose tag name is "form"</dt>
147270:    <dt>An end tag whose tag name is "p"</dt>
147281:    <dt>An end tag whose tag name is "li"</dt>
147301:    <dt>An end tag whose tag name is one of: "dd", "dt"</dt>
147325:    <dt>An end tag whose tag name is one of: "h1", "h2", "h3", "h4", "h5", "h6"</dt>
147349:    <dt>An end tag whose tag name is "sarcasm"</dt>
147360:    <dt>A start tag whose tag name is "a"</dt>
147387:    <dt>A start tag whose tag name is one of: "b", "big", "code", "em",
147396:    <dt>A start tag whose tag name is "nobr"</dt>
147409:    <dt>An end tag whose tag name is one of: "a",
147416:    <dt>A start tag whose tag name is one of: "applet", "marquee", "object"</dt>
147428:    <dt>An end tag token whose tag name is one of: "applet", "marquee", "object"</dt>
147452:    <dt>A start tag whose tag name is "table"</dt>
147469:    <dt>An end tag whose tag name is "br"</dt>
147478:    <dt>A start tag whose tag name is one of: "area", "br", "embed",
147493:    <dt>A start tag whose tag name is "input"</dt>
147529:    <dt>A start tag whose tag name is one of: "param", "source", "track"</dt>
147538:    <dt>A start tag whose tag name is "hr"</dt>
147565:    <dt>A start tag whose tag name is "image"</dt>
147572:    <dt>A start tag whose tag name is "textarea"</dt>
147597:    <dt>A start tag whose tag name is "xmp"</dt>
147610:    <dt>A start tag whose tag name is "iframe"</dt>
147617:    <dt>A start tag whose tag name is "noembed"</dt>
147618:    <dt>A start tag whose tag name is "noscript", if <span>scripting mode</span> is not <span
147624:    <dt>A start tag whose tag name is "select"</dt>
147658:    <dt>A start tag whose tag name is "option"</dt>
147683:    <dt>A start tag whose tag name is "optgroup"</dt>
147705:    <dt>A start tag whose tag name is one of: "rb", "rtc"</dt>
147715:    <dt>A start tag whose tag name is one of: "rp", "rt"</dt>
147725:    <dt>A start tag whose tag name is "math"</dt>
147748:    <dt>A start tag whose tag name is "svg"</dt>
147771:    <dt>A start <!--or end--> tag whose tag name is one of: "caption", "col", "colgroup", "frame",
147773:    <!--<dt>An end tag whose tag name is one of: "area", "base", "basefont", "bgsound", "embed",
147777:    <!--<dt>An end tag whose tag name is "noscript", if <span>scripting mode</span> is not <span
147787:    <dt>Any other start tag</dt>
147798:    <dt>Any other end tag</dt>
148045:    <dt>A character token</dt>
148053:    <dt>An end-of-file token</dt>
148067:    <dt id="scriptEndTag">An end tag whose tag name is "script"</dt>
148103:      <dt>If the <span>script nesting level</span> is not zero:</dt>
148116:      <dt>Otherwise:</dt>
148176:    <dt>Any other end tag</dt>
148194:    <dt>A character token, if the <span>current node</span> is <code>table</code>, <code>tbody</code>, <code>template</code>, <code>tfoot</code>, <code>thead</code>, or <code>tr</code> element</dt> <!-- same list as foster parenting + template -->
148205:    <dt>A comment token</dt>
148210:    <dt>A processing instruction token</dt>
148215:    <dt>A DOCTYPE token</dt>
148220:    <dt>A start tag whose tag name is "caption"</dt>
148231:    <dt>A start tag whose tag name is "colgroup"</dt>
148239:    <dt>A start tag whose tag name is "col"</dt>
148252:    <dt>A start tag whose tag name is one of: "tbody", "tfoot", "thead"</dt>
148260:    <dt>A start tag whose tag name is one of: "td", "th", "tr"</dt>
148273:    <dt>A start tag whose tag name is "table"</dt>
148294:    <dt>An end tag whose tag name is "table"</dt>
148310:    <dt>An end tag whose tag name is one of: "body", "caption", "col", "colgroup", "html", "tbody",
148316:    <dt>A start tag whose tag name is one of: "style", "script", "template"</dt>
148317:    <dt>An end tag whose tag name is "template"</dt>
148324:    <dt>A start tag whose tag name is "input"</dt>
148344:    <dt>A start tag whose tag name is "form"</dt>
148364:    <dt>An end-of-file token</dt>
148370:    <dt>Anything else</dt>
148404:    <dt>A character token that is U+0000 NULL</dt>
148410:    <dt>Any other character token</dt>
148417:    <dt>Anything else</dt>
148454:    <dt>An end tag whose tag name is "caption"</dt>
148478:    <dt>A start tag whose tag name is one of: "caption", "col", "colgroup", "tbody", "td", "tfoot",
148479:    "th", "thead", "tr"</dt> <dt>An end tag whose tag name is "table"</dt>
148507:    <dt>An end tag whose tag name is one of: "body", "col", "colgroup", "html", "tbody", "td",
148513:    <dt>Anything else</dt>
148531:    <dt>A character token that is one of U+0009 CHARACTER TABULATION, U+000A LINE FEED (LF), U+000C
148537:    <dt>A comment token</dt>
148542:    <dt>A processing instruction token</dt>
148547:    <dt>A DOCTYPE token</dt>
148552:    <dt>A start tag whose tag name is "html"</dt>
148558:    <dt>A start tag whose tag name is "col"</dt>
148567:    <dt>An end tag whose tag name is "colgroup"</dt>
148578:    <dt>An end tag whose tag name is "col"</dt>
148583:    <dt>A start tag whose tag name is "template"</dt>
148584:    <dt>An end tag whose tag name is "template"</dt>
148590:    <dt>An end-of-file token</dt>
148596:    <dt>Anything else</dt>
148625:    <dt>A start tag whose tag name is "tr"</dt>
148633:    <dt>A start tag whose tag name is one of: "th", "td"</dt>
148648:    <dt>An end tag whose tag name is one of: "tbody", "tfoot",
148666:    <dt>A start tag whose tag name is one of: "caption", "col",
148668:    <dt>An end tag whose tag name is "table"</dt>
148690:    <dt>An end tag whose tag name is one of: "body", "caption", "col", "colgroup", "html", "td",
148696:    <dt>Anything else</dt>
148723:    <dt>A start tag whose tag name is one of: "th", "td"</dt>
148734:    <dt>An end tag whose tag name is "tr"</dt>
148751:    <dt>A start tag whose tag name is one of: "caption", "col", "colgroup", "tbody", "tfoot",
148753:    <dt>An end tag whose tag name is "table"</dt>
148774:    <dt>An end tag whose tag name is one of: "tbody", "tfoot", "thead"</dt>
148799:    <dt>An end tag whose tag name is one of: "body", "caption", "col", "colgroup", "html", "td",
148805:    <dt>Anything else</dt>
148831:    <dt>An end tag whose tag name is one of: "td", "th"</dt>
148858:    <dt>A start tag whose tag name is one of: "caption", "col",
148870:    <dt>An end tag whose tag name is one of: "body", "caption",
148876:    <dt>An end tag whose tag name is one of: "table", "tbody",
148887:    <dt>Anything else</dt>
148941:    <dt>A character token</dt>
148942:    <dt>A comment token</dt>
148943:    <dt>A processing instruction token</dt>
148944:    <dt>A DOCTYPE token</dt>
148950:    <dt>A start tag whose tag name is one of: "base", "basefont", "bgsound", "link", "meta", "noframes", "script", "style", "template", "title"</dt>
148951:    <dt>An end tag whose tag name is "template"</dt>
148959:    <dt>A start tag whose tag name is one of: "caption", "colgroup", "tbody", "tfoot", "thead"</dt>
148972:    <dt>A start tag whose tag name is "col"</dt>
148985:    <dt>A start tag whose tag name is "tr"</dt>
148998:    <dt>A start tag whose tag name is one of: "td", "th"</dt>
149012:    <dt>Any other start tag</dt>
149024:    <dt>Any other end tag</dt>
149032:    <dt>An end-of-file token</dt>
149064:    <dt>A character token that is one of U+0009 CHARACTER TABULATION, U+000A LINE FEED (LF), U+000C
149071:    <dt>A comment token</dt>
149077:    <dt>A processing instruction token</dt>
149083:    <dt>A DOCTYPE token</dt>
149088:    <dt>A start tag whose tag name is "html"</dt>
149094:    <dt>An end tag whose tag name is "html"</dt>
149103:    <dt>An end-of-file token</dt>
149108:    <dt>Anything else</dt>
149125:    <dt>A character token that is one of U+0009 CHARACTER TABULATION, U+000A LINE FEED (LF), U+000C
149131:    <dt>A comment token</dt>
149136:    <dt>A processing instruction token</dt>
149141:    <dt>A DOCTYPE token</dt>
149146:    <dt>A start tag whose tag name is "html"</dt>
149152:    <dt>A start tag whose tag name is "frameset"</dt>
149157:    <dt>An end tag whose tag name is "frameset"</dt>
149170:    <dt>A start tag whose tag name is "frame"</dt>
149179:    <dt>A start tag whose tag name is "noframes"</dt>
149185:    <dt>An end-of-file token</dt>
149196:    <dt>Anything else</dt>
149214:    <dt>A character token that is one of U+0009 CHARACTER TABULATION, U+000A LINE FEED (LF), U+000C
149220:    <dt>A comment token</dt>
149225:    <dt>A processing instruction token</dt>
149230:    <dt>A DOCTYPE token</dt>
149235:    <dt>A start tag whose tag name is "html"</dt>
149241:    <dt>An end tag whose tag name is "html"</dt>
149247:    <dt>A start tag whose tag name is "noframes"</dt>
149253:    <dt>An end-of-file token</dt>
149258:    <dt>Anything else</dt>
149275:    <dt>A comment token</dt>
149280:    <dt>A processing instruction token</dt>
149286:    <dt>A DOCTYPE token</dt>
149287:    <dt>A character token that is one of U+0009 CHARACTER TABULATION, U+000A LINE FEED (LF), U+000C
149289:    <dt>A start tag whose tag name is "html"</dt>
149295:    <dt>An end-of-file token</dt>
149300:    <dt>Anything else</dt>
RESULT {"executable":"C:\\Program Files\\Git\\usr\\bin\\awk.exe","arguments":["NR>=145851 && NR<=149306 && /<dt/ {print NR\": \"$0}","C:\\src\\fairpane\\out\\whatwg-html-source-efc54f7b70858d9fcf06d1a5871ae215f448c029"],"cwd":"C:\\Users\\requi\\.omp\\wt\\tb779889ef\\m","started_at":"2026-10-09T19:07:22.106Z","exit_code":0,"signal":null,"timed_out":false,"error":null,"duration_ms":35}
