Fairpane local gate: repo-check
Trust: unsigned-local-integrity-only

COMMAND ["C:\\nvm4w\\nodejs\\node.exe","C:\\src\\fairpane\\tools\\fairpane.mjs","check"]
{
  "result": "pass",
  "level": "bootstrap-integrity-only",
  "tasks": 131,
  "gates": 9,
  "capability_families": 21,
  "fingerprints": {
    "source": {
      "sha256": "d2c6ae6598a65db903cdf52cdc670c09509b3182d90e053ba2145f0dfa0184fa",
      "file_count": 323
    },
    "policy": {
      "sha256": "320def4a8b15cdf75b008b7a2f8988a860f3c74c144ecb655c8869c4a1434cd1",
      "file_count": 24
    }
  },
  "note": "This check is not browser conformance or an independent security attestation."
}
RESULT {"executable":"C:\\nvm4w\\nodejs\\node.exe","arguments":["C:\\src\\fairpane\\tools\\fairpane.mjs","check"],"cwd":"C:\\src\\fairpane","started_at":"2026-10-09T18:18:47.197Z","exit_code":0,"signal":null,"timed_out":false,"error":null,"duration_ms":209}
