
COMMAND ["C:\\src\\fairpane\\.tools\\zig\\0.18.0-dev.120+9fe22a29b\\x86_64-windows\\zig.exe","build","test","--summary","all"]
test
+- FP-0082 case 17: the census of the unsound fixture exits with status 1 failure
fairpane-js-parse: census: cannot create .\.zig-cache\o\448efb2083a2ec0b2030573d17d9d3d1\census-unsound/census.jsonl: PathAlreadyExists
error: ========= expected to find in stdout: =========
       "false_accept":2,"false_syntax_error":1,"metadata_error":1,
       ========= but stdout does not contain it: =====
       
failed command: ".\\zig-out\\bin\\fairpane-js-parse.exe" census ".\\tests\\js\\census\\unsound" ".\\.zig-cache\\o\\448efb2083a2ec0b2030573d17d9d3d1\\census-unsound/census.jsonl"

test
+- FP-0082 case 16: a missing path exits with status 3 w
fairpane-js-parse: tests/js/parse/missing.js: FileNotFound
failed command: cd . && ".\\zig-out\\bin\\fairpane-js-parse.exe" file tests/js/parse/missing.js

test
+- FP-0082 case 17: the census of the sound fixture exits with status 0 failure
fairpane-js-parse: census: cannot create .\.zig-cache\o\402c102b2af32213a6433349ce921e77\census-sound/census.jsonl: PathAlreadyExists
error: ========= expected to find in stdout: =========
       {"format":"fairpane-js-parse-census","version":1,"commit":"0000000000000000000000000000000000000000"}
       
       ========= but stdout does not contain it: =====
       
failed command: ".\\zig-out\\bin\\fairpane-js-parse.exe" census ".\\tests\\js\\census\\sound" ".\\.zig-cache\\o\\402c102b2af32213a6433349ce921e77\\census-sound/census.jsonl"

Build Summary: 97/100 steps succeeded (2 failed)
test transitive failure
+- run test cached
|  +- compile test debug native cached 191ms MaxRSS:34M
+- run test cached
|  +- compile test debug native cached 158ms MaxRSS:34M
+- FP-0007 case 13: case 2 passes with exit status 0 cached
|  +- install fairpane-lab cached
|     +- compile exe fairpane-lab debug native cached 276ms MaxRSS:34M
+- FP-0007 case 13: case 3 fails with exit status 1 cached
|  +- install fairpane-lab (+1 more reused dependencies)
+- FP-0007 case 13: case 4 is unsupported with exit status 2 cached
|  +- install fairpane-lab (+1 more reused dependencies)
+- FP-0007 case 13: case 1 is a harness error with exit status 3 cached
|  +- install fairpane-lab (+1 more reused dependencies)
+- FP-0007 case 13: case 8 times out with exit status 4 cached
|  +- install fairpane-lab (+1 more reused dependencies)
+- FP-0007 case 13: an unknown command exits with status 64 and writes no result cached
|  +- install fairpane-lab (+1 more reused dependencies)
+- FP-0008 case 26: case 18 passes with exit status 0 cached
|  +- install fairpane-lab (+1 more reused dependencies)
+- FP-0008 case 26: the token_count variant of case 19 fails with exit status 1 cached
|  +- install fairpane-lab (+1 more reused dependencies)
+- FP-0008 case 26: the <p> case of case 21 is unsupported with exit status 2 cached
|  +- install fairpane-lab (+1 more reused dependencies)
+- FP-0007 case 14: minimize reduces a failing fetch case with a 4096-byte body cached
|  +- install fairpane-lab (+1 more reused dependencies)
+- FP-0007 case 14: the minimized case fails the same check cached
|  +- install fairpane-lab (+1 more reused dependencies)
|  +- FP-0007 case 14: minimize reduces a failing fetch case with a 4096-byte body (+1 more reused dependencies)
+- FP-0007 case 14: the minimized document body is 1-minimal cached
|  +- compile exe fairpane-lab-check debug native cached 241ms MaxRSS:34M
|  +- FP-0007 case 14: minimize reduces a failing fetch case with a 4096-byte body (+1 more reused dependencies)
+- FP-0007 case 14: minimize refuses a passing case cached
|  +- install fairpane-lab (+1 more reused dependencies)
+- FP-0007 case 14: a refused minimization writes nothing cached
|  +- compile exe fairpane-lab-check debug native (reused)
|  +- FP-0007 case 14: minimize refuses a passing case (+1 more reused dependencies)
+- FP-0054 case 5: minimize refuses an --out path that names the input file through another spelling success 24ms
|  +- install fairpane-lab (+1 more reused dependencies)
|  +- FP-0054 case 5: create a fresh directory success 87ms
|  |  +- compile exe fairpane-lab-check debug native (reused)
|  +- FP-0054 case 5: create a fresh directory (+1 more reused dependencies)
+- FP-0054 case 5: the refused minimization leaves the input unchanged success 24ms
|  +- compile exe fairpane-lab-check debug native (reused)
|  +- FP-0054 case 5: create a fresh directory (+1 more reused dependencies)
|  +- FP-0054 case 5: minimize refuses an --out path that names the input file through another spelling (+3 more reused dependencies)
+- FP-0054 revision 1 case 1: minimize refuses an --out path that is a hard link to the input file success 85ms
|  +- install fairpane-lab (+1 more reused dependencies)
|  +- FP-0054 revision 1 case 1: create a fresh directory success 34ms
|     +- compile exe fairpane-lab-check debug native (reused)
+- FP-0054 revision 1 case 1: the refused command leaves the input unchanged success 21ms
|  +- compile exe fairpane-lab-check debug native (reused)
|  +- FP-0054 revision 1 case 1: create a fresh directory (+1 more reused dependencies)
|  +- FP-0054 revision 1 case 1: minimize refuses an --out path that is a hard link to the input file (+2 more reused dependencies)
+- FP-0054 revision 1 case 2: run refuses a --transcript path that is a hard link to the input file success 88ms
|  +- install fairpane-lab (+1 more reused dependencies)
|  +- FP-0054 revision 1 case 2: create a fresh directory success 41ms
|     +- compile exe fairpane-lab-check debug native (reused)
+- FP-0054 revision 1 case 2: the refused command leaves the input unchanged success 17ms
|  +- compile exe fairpane-lab-check debug native (reused)
|  +- FP-0054 revision 1 case 2: create a fresh directory (+1 more reused dependencies)
|  +- FP-0054 revision 1 case 2: run refuses a --transcript path that is a hard link to the input file (+2 more reused dependencies)
+- FP-0054 revision 1 case 3: minimize refuses an --out path that names the input file in other letter case success 28ms
|  +- install fairpane-lab (+1 more reused dependencies)
|  +- FP-0054 revision 1 case 3: create a fresh directory success 55ms
|     +- compile exe fairpane-lab-check debug native (reused)
+- FP-0054 revision 1 case 3: the refused command leaves the input unchanged success 98ms
|  +- compile exe fairpane-lab-check debug native (reused)
|  +- FP-0054 revision 1 case 3: create a fresh directory (+1 more reused dependencies)
|  +- FP-0054 revision 1 case 3: minimize refuses an --out path that names the input file in other letter case (+2 more reused dependencies)
+- FP-0054 revision 1 case 4: minimize writes over a separate byte-identical copy of the input file success 47ms
|  +- install fairpane-lab (+1 more reused dependencies)
|  +- FP-0054 revision 1 case 4: create a fresh directory success 44ms
|     +- compile exe fairpane-lab-check debug native (reused)
+- FP-0054 revision 1 case 4: the written case is a version 2 case derived from the input digest success 108ms
|  +- compile exe fairpane-lab-check debug native (reused)
|  +- FP-0054 revision 1 case 4: create a fresh directory (+1 more reused dependencies)
|  +- FP-0054 revision 1 case 4: minimize writes over a separate byte-identical copy of the input file (+2 more reused dependencies)
+- FP-0054 revision 1 case 5: run, minimize, and replay report files one byte above the size limit success 133ms
|  +- compile exe fairpane-lab-check debug native (reused)
|  +- FP-0054 revision 1 case 5: create a fresh directory success 58ms
|  |  +- compile exe fairpane-lab-check debug native (reused)
|  +- install fairpane-lab (+1 more reused dependencies)
+- FP-0076 case 3: minimize writes over an existing out.json whose ACL denies read-data access to Everyone success 43ms
|  +- install fairpane-lab (+1 more reused dependencies)
|  +- FP-0076 case 3: create a fresh directory success 59ms
|     +- compile exe fairpane-lab-check debug native (reused)
+- FP-0076 case 3: out.json is a version 2 case derived from the input digest success 13ms
|  +- compile exe fairpane-lab-check debug native (reused)
|  +- FP-0076 case 3: create a fresh directory (+1 more reused dependencies)
|  +- FP-0076 case 3: restore read access to out.json success 55ms
|     +- compile exe fairpane-lab-check debug native (reused)
|     +- FP-0076 case 3: create a fresh directory (+1 more reused dependencies)
|     +- FP-0076 case 3: minimize writes over an existing out.json whose ACL denies read-data access to Everyone (+2 more reused dependencies)
+- FP-0076 case 4: minimize reports the output path out|.json, which cannot be identified success 30ms
|  +- install fairpane-lab (+1 more reused dependencies)
|  +- FP-0076 case 4: create a fresh directory success 41ms
|     +- compile exe fairpane-lab-check debug native (reused)
+- FP-0076 case 4: the directory gains no file success 57ms
|  +- compile exe fairpane-lab-check debug native (reused)
|  +- FP-0076 case 4: create a fresh directory (+1 more reused dependencies)
|  +- FP-0076 case 4: minimize reports the output path out|.json, which cannot be identified (+2 more reused dependencies)
+- FP-0076 case 7: the revision 1 case 5 helper reports failing checks and removes both oversized files success 149ms
|  +- compile exe fairpane-lab-check debug native (reused)
|  +- FP-0076 case 7: create a fresh directory success 41ms
|  |  +- compile exe fairpane-lab-check debug native (reused)
|  +- compile exe fairpane-lab-check debug native (reused)
+- FP-0076 case 7: no file remains after the failing run success 34ms
|  +- compile exe fairpane-lab-check debug native (reused)
|  +- FP-0076 case 7: create a fresh directory (+1 more reused dependencies)
|  +- FP-0076 case 7: the revision 1 case 5 helper reports failing checks and removes both oversized files (+3 more reused dependencies)
+- FP-0011 case 4: leaf_invokes_to_number.zig success 699ms
+- FP-0011 case 4: leaf_invokes_number_to_string.zig success 773ms
+- FP-0011 case 4: allocation_invokes_call.zig success 814ms
+- FP-0011 case 4: leaf_allocates.zig success 722ms
+- FP-0011 case 4: mutation_throws.zig success 648ms
+- FP-0011 case 4: leaf_calls_behavior.zig success 645ms
+- FP-0011 case 4: leaf_positive.zig success 699ms
+- FP-0011 case 5: catalog_callback_alone.zig success 624ms
+- FP-0011 case 5: catalog_exception_alone.zig success 685ms
+- FP-0011 case 5: catalog_duplicate_id.zig success 724ms
+- FP-0011 case 5: kernel_wider_context.zig success 725ms
+- FP-0011 case 5: kernel_undeclared_throw.zig success 740ms
+- FP-0011 case 8: layout_undescribed_field.zig success 691ms
+- FP-0011 case 8: layout_plain_reference.zig success 761ms
+- FP-0011 case 8: layout_missing_field.zig success 744ms
+- FP-0011 case 20: abi_reference_value.zig success 751ms
+- FP-0011 case 20: abi_nan_box_value.zig success 735ms
+- FP-0011 case 20: abi_tagged_index_value.zig success 763ms
+- FP-0011 case 34: leaf_reaches_heap.zig success 725ms
+- FP-0011 case 35: leaf_widens_context.zig success 651ms
+- FP-0011 case 36: binding_missing_kernel.zig success 666ms
+- FP-0011 case 36: binding_stray_kernel.zig success 751ms
+- library-test success
|  +- run test cached
|  |  +- compile test debug native cached 146ms MaxRSS:34M
|  +- FP-0066 case 1: ReleaseSafe libraries built in two directories are byte-identical cached
|  |  +- compile exe fairpane-library-check debug native cached 136ms MaxRSS:34M
|  |  +- archive fairpane.lib safe cached
|  |  |  +- compile obj fairpane_zcu safe native cached 245ms MaxRSS:34M
|  |  |     +- WriteFile fp0066-tree-a/src cached
|  |  +- archive fairpane.lib safe cached
|  |     +- compile obj fairpane_zcu safe native cached 236ms MaxRSS:34M
|  |        +- WriteFile fp0066-tree-a/src (reused)
|  +- FP-0066 case 2: the ReleaseSafe library contains neither its build directory nor the compiler installation directory cached
|  |  +- compile exe fairpane-library-check debug native (reused)
|  |  +- archive fairpane.lib safe (+1 more reused dependencies)
|  |  +- WriteFile fp0066-tree-a/src (reused)
|  +- FP-0066 case 4: the Debug library keeps debug information that names the absolute source directory cached
|  |  +- compile exe fairpane-library-check debug native (reused)
|  |  +- archive fairpane.lib debug cached
|  |     +- compile obj fairpane_zcu debug native cached 125ms MaxRSS:34M
|  +- FP-0066 case 5: the ReleaseSafe library's only member is the object, named without a directory cached
|  |  +- compile exe fairpane-library-check debug native (reused)
|  |  +- archive fairpane.lib safe (+1 more reused dependencies)
|  +- FP-0066: every member header of the ReleaseSafe library has a zero time stamp, owner, and group cached
|     +- compile exe fairpane-library-check debug native (reused)
|     +- archive fairpane.lib safe (+1 more reused dependencies)
+- FP-0082 case 16: valid.js exits with status 0 and prints the T9 dump cached
|  +- install fairpane-js-parse cached
|     +- compile exe fairpane-js-parse debug native cached 241ms MaxRSS:34M
|        +- WriteFile src cached
+- FP-0082 case 16: syntax.js exits with status 1 and prints its syntax error cached
|  +- install fairpane-js-parse (+1 more reused dependencies)
+- FP-0082 case 16: unsupported.js exits with status 2 and prints its unsupported outcome cached
|  +- install fairpane-js-parse (+1 more reused dependencies)
+- FP-0082 case 16: invalid-utf8.js exits with status 3 cached
|  +- install fairpane-js-parse (+1 more reused dependencies)
+- FP-0082 case 16: a missing path exits with status 3 success 14ms
|  +- install fairpane-js-parse (+1 more reused dependencies)
+- FP-0082 case 16: no arguments exits with status 3 and writes the usage cached
|  +- install fairpane-js-parse (+1 more reused dependencies)
+- FP-0082 case 17: the census of the sound fixture exits with status 0 failure
|  +- install fairpane-js-parse (+1 more reused dependencies)
+- FP-0082 case 17: the census of the unsound fixture exits with status 1 failure
|  +- install fairpane-js-parse (+1 more reused dependencies)
+- FP-0082 case 17: the census refuses an existing output file and exits with status 3 cached
   +- install fairpane-js-parse (+1 more reused dependencies)
   +- WriteFile existing.jsonl cached

error: the following build command exited with code 1:
.zig-cache\global\o\253f29e51d3f235ff7bb0cfb57b92bf7\maker.exe build --zig-lib=.tools\zig\0.18.0-dev.120+9fe22a29b\x86_64-windows\lib --zig=C:\src\fairpane\.tools\zig\0.18.0-dev.120+9fe22a29b\x86_64-windows\zig.exe --global-cache=.zig-cache\global --seed=0xd16ee447 test --summary all
RESULT {"executable":"C:\\src\\fairpane\\.tools\\zig\\0.18.0-dev.120+9fe22a29b\\x86_64-windows\\zig.exe","arguments":["build","test","--summary","all"],"cwd":"C:\\src\\fairpane","started_at":"2026-10-09T18:10:16.068Z","exit_code":1,"signal":null,"timed_out":false,"error":null,"duration_ms":918,"environment_overrides":{"ZIG_GLOBAL_CACHE_DIR":"C:\\src\\fairpane\\.zig-cache\\global"}}
