
COMMAND ["C:\\Program Files\\Git\\cmd\\git.exe","rev-parse","HEAD"]
77158595185cdf213c663c9817200200df0b88c2
RESULT {"executable":"C:\\Program Files\\Git\\cmd\\git.exe","arguments":["rev-parse","HEAD"],"cwd":"C:\\Users\\requi\\.omp\\wt\\ta289bd6b1\\m","started_at":"2026-10-09T18:16:48.686Z","exit_code":0,"signal":null,"timed_out":false,"error":null,"duration_ms":33}

COMMAND ["C:\\Program Files\\Git\\cmd\\git.exe","hash-object","build.zig","src/js/parse_main.zig","src/js/parse_census.zig","src/js/parser.zig","engineering/evidence/FP-0082/raw/delete-census-manifests-r2.mjs"]
23234b03cc09189277d544e48c43c396ae8a034c
b05fffaf1d70b49b3df99cfe61a9a27c487eb555
597d885f178bacfcbeaf7fadde7666577e552e03
ca6260768d30f722c1f02e5b29bde1bfbf4443de
aff42bfec676487a1ed9be8464878dd89f552653
RESULT {"executable":"C:\\Program Files\\Git\\cmd\\git.exe","arguments":["hash-object","build.zig","src/js/parse_main.zig","src/js/parse_census.zig","src/js/parser.zig","engineering/evidence/FP-0082/raw/delete-census-manifests-r2.mjs"],"cwd":"C:\\Users\\requi\\.omp\\wt\\ta289bd6b1\\m","started_at":"2026-10-09T18:16:48.798Z","exit_code":0,"signal":null,"timed_out":false,"error":null,"duration_ms":36}

COMMAND ["C:\\src\\fairpane\\.tools\\zig\\0.18.0-dev.120+9fe22a29b\\x86_64-windows\\zig.exe","build","test","--summary","all","--cache-dir","out/fp0082-rerun-after-r2"]
test
+- FP-0082 case 16: a missing path exits with status 3 w
fairpane-js-parse: tests/js/parse/missing.js: FileNotFound
failed command: cd . && ".\\zig-out\\bin\\fairpane-js-parse.exe" file tests/js/parse/missing.js

test
+- FP-0082 case 16: invalid-utf8.js exits with status 3 w
fairpane-js-parse: .\tests\js\parse\invalid-utf8.js: InvalidUtf8
failed command: ".\\zig-out\\bin\\fairpane-js-parse.exe" file ".\\tests\\js\\parse\\invalid-utf8.js"

test
+- FP-0082 case 17: the census refuses an existing output file and exits with status 3 w
fairpane-js-parse: census: cannot create .\out\fp0082-rerun-after-r2\o\0c925f44918d6f5adba948a0455992d0\existing.jsonl: PathAlreadyExists
failed command: ".\\zig-out\\bin\\fairpane-js-parse.exe" census ".\\tests\\js\\census\\sound" ".\\out\\fp0082-rerun-after-r2\\o\\0c925f44918d6f5adba948a0455992d0\\existing.jsonl"

test
+- run test w
FP-0082 case 10: measured stack use 21104 bytes for 1022 terms and 20976 bytes for 1021 parentheses
failed command: cd . && ".\\out\\fp0082-rerun-after-r2\\o\\56eac099dd77cafa1c0a0c52bc85ce26\\test.exe" "--cache-dir=.\\out\\fp0082-rerun-after-r2" --seed=0x1ef2c8d1 --listen=-

Build Summary: 100/100 steps succeeded; 324/324 tests passed
test success
+- run test 273 pass (273 total) 38s MaxRSS:394M
|  +- compile test debug native success 14s MaxRSS:922M
+- run test 45 pass (45 total) 398ms MaxRSS:16M
|  +- compile test debug native success 5s MaxRSS:417M
+- FP-0007 case 13: case 2 passes with exit status 0 success 93ms
|  +- install fairpane-lab success
|     +- compile exe fairpane-lab debug native success 5s MaxRSS:353M
+- FP-0007 case 13: case 3 fails with exit status 1 success 94ms
|  +- install fairpane-lab (+1 more reused dependencies)
+- FP-0007 case 13: case 4 is unsupported with exit status 2 success 58ms
|  +- install fairpane-lab (+1 more reused dependencies)
+- FP-0007 case 13: case 1 is a harness error with exit status 3 success 57ms
|  +- install fairpane-lab (+1 more reused dependencies)
+- FP-0007 case 13: case 8 times out with exit status 4 success 87ms
|  +- install fairpane-lab (+1 more reused dependencies)
+- FP-0007 case 13: an unknown command exits with status 64 and writes no result success 59ms
|  +- install fairpane-lab (+1 more reused dependencies)
+- FP-0008 case 26: case 18 passes with exit status 0 success 91ms
|  +- install fairpane-lab (+1 more reused dependencies)
+- FP-0008 case 26: the token_count variant of case 19 fails with exit status 1 success 89ms
|  +- install fairpane-lab (+1 more reused dependencies)
+- FP-0008 case 26: the <p> case of case 21 is unsupported with exit status 2 success 91ms
|  +- install fairpane-lab (+1 more reused dependencies)
+- FP-0007 case 14: minimize reduces a failing fetch case with a 4096-byte body success 142ms
|  +- install fairpane-lab (+1 more reused dependencies)
+- FP-0007 case 14: the minimized case fails the same check success 11ms
|  +- install fairpane-lab (+1 more reused dependencies)
|  +- FP-0007 case 14: minimize reduces a failing fetch case with a 4096-byte body (+1 more reused dependencies)
+- FP-0007 case 14: the minimized document body is 1-minimal success 17ms
|  +- compile exe fairpane-lab-check debug native success 5s MaxRSS:350M
|  +- FP-0007 case 14: minimize reduces a failing fetch case with a 4096-byte body (+1 more reused dependencies)
+- FP-0007 case 14: minimize refuses a passing case success 62ms
|  +- install fairpane-lab (+1 more reused dependencies)
+- FP-0007 case 14: a refused minimization writes nothing success 45ms
|  +- compile exe fairpane-lab-check debug native (reused)
|  +- FP-0007 case 14: minimize refuses a passing case (+1 more reused dependencies)
+- FP-0054 case 5: minimize refuses an --out path that names the input file through another spelling success 55ms
|  +- install fairpane-lab (+1 more reused dependencies)
|  +- FP-0054 case 5: create a fresh directory success 61ms
|  |  +- compile exe fairpane-lab-check debug native (reused)
|  +- FP-0054 case 5: create a fresh directory (+1 more reused dependencies)
+- FP-0054 case 5: the refused minimization leaves the input unchanged success 57ms
|  +- compile exe fairpane-lab-check debug native (reused)
|  +- FP-0054 case 5: create a fresh directory (+1 more reused dependencies)
|  +- FP-0054 case 5: minimize refuses an --out path that names the input file through another spelling (+3 more reused dependencies)
+- FP-0054 revision 1 case 1: minimize refuses an --out path that is a hard link to the input file success 57ms
|  +- install fairpane-lab (+1 more reused dependencies)
|  +- FP-0054 revision 1 case 1: create a fresh directory success 57ms
|     +- compile exe fairpane-lab-check debug native (reused)
+- FP-0054 revision 1 case 1: the refused command leaves the input unchanged success 57ms
|  +- compile exe fairpane-lab-check debug native (reused)
|  +- FP-0054 revision 1 case 1: create a fresh directory (+1 more reused dependencies)
|  +- FP-0054 revision 1 case 1: minimize refuses an --out path that is a hard link to the input file (+2 more reused dependencies)
+- FP-0054 revision 1 case 2: run refuses a --transcript path that is a hard link to the input file success 67ms
|  +- install fairpane-lab (+1 more reused dependencies)
|  +- FP-0054 revision 1 case 2: create a fresh directory success 61ms
|     +- compile exe fairpane-lab-check debug native (reused)
+- FP-0054 revision 1 case 2: the refused command leaves the input unchanged success 56ms
|  +- compile exe fairpane-lab-check debug native (reused)
|  +- FP-0054 revision 1 case 2: create a fresh directory (+1 more reused dependencies)
|  +- FP-0054 revision 1 case 2: run refuses a --transcript path that is a hard link to the input file (+2 more reused dependencies)
+- FP-0054 revision 1 case 3: minimize refuses an --out path that names the input file in other letter case success 58ms
|  +- install fairpane-lab (+1 more reused dependencies)
|  +- FP-0054 revision 1 case 3: create a fresh directory success 66ms
|     +- compile exe fairpane-lab-check debug native (reused)
+- FP-0054 revision 1 case 3: the refused command leaves the input unchanged success 55ms
|  +- compile exe fairpane-lab-check debug native (reused)
|  +- FP-0054 revision 1 case 3: create a fresh directory (+1 more reused dependencies)
|  +- FP-0054 revision 1 case 3: minimize refuses an --out path that names the input file in other letter case (+2 more reused dependencies)
+- FP-0054 revision 1 case 4: minimize writes over a separate byte-identical copy of the input file success 60ms
|  +- install fairpane-lab (+1 more reused dependencies)
|  +- FP-0054 revision 1 case 4: create a fresh directory success 68ms
|     +- compile exe fairpane-lab-check debug native (reused)
+- FP-0054 revision 1 case 4: the written case is a version 2 case derived from the input digest success 58ms
|  +- compile exe fairpane-lab-check debug native (reused)
|  +- FP-0054 revision 1 case 4: create a fresh directory (+1 more reused dependencies)
|  +- FP-0054 revision 1 case 4: minimize writes over a separate byte-identical copy of the input file (+2 more reused dependencies)
+- FP-0054 revision 1 case 5: run, minimize, and replay report files one byte above the size limit success 133ms
|  +- compile exe fairpane-lab-check debug native (reused)
|  +- FP-0054 revision 1 case 5: create a fresh directory success 69ms
|  |  +- compile exe fairpane-lab-check debug native (reused)
|  +- install fairpane-lab (+1 more reused dependencies)
+- FP-0076 case 3: minimize writes over an existing out.json whose ACL denies read-data access to Everyone success 63ms
|  +- install fairpane-lab (+1 more reused dependencies)
|  +- FP-0076 case 3: create a fresh directory success 66ms
|     +- compile exe fairpane-lab-check debug native (reused)
+- FP-0076 case 3: out.json is a version 2 case derived from the input digest success 10ms
|  +- compile exe fairpane-lab-check debug native (reused)
|  +- FP-0076 case 3: create a fresh directory (+1 more reused dependencies)
|  +- FP-0076 case 3: restore read access to out.json success 58ms
|     +- compile exe fairpane-lab-check debug native (reused)
|     +- FP-0076 case 3: create a fresh directory (+1 more reused dependencies)
|     +- FP-0076 case 3: minimize writes over an existing out.json whose ACL denies read-data access to Everyone (+2 more reused dependencies)
+- FP-0076 case 4: minimize reports the output path out|.json, which cannot be identified success 65ms
|  +- install fairpane-lab (+1 more reused dependencies)
|  +- FP-0076 case 4: create a fresh directory success 59ms
|     +- compile exe fairpane-lab-check debug native (reused)
+- FP-0076 case 4: the directory gains no file success 56ms
|  +- compile exe fairpane-lab-check debug native (reused)
|  +- FP-0076 case 4: create a fresh directory (+1 more reused dependencies)
|  +- FP-0076 case 4: minimize reports the output path out|.json, which cannot be identified (+2 more reused dependencies)
+- FP-0076 case 7: the revision 1 case 5 helper reports failing checks and removes both oversized files success 80ms
|  +- compile exe fairpane-lab-check debug native (reused)
|  +- FP-0076 case 7: create a fresh directory success 57ms
|  |  +- compile exe fairpane-lab-check debug native (reused)
|  +- compile exe fairpane-lab-check debug native (reused)
+- FP-0076 case 7: no file remains after the failing run success 50ms
|  +- compile exe fairpane-lab-check debug native (reused)
|  +- FP-0076 case 7: create a fresh directory (+1 more reused dependencies)
|  +- FP-0076 case 7: the revision 1 case 5 helper reports failing checks and removes both oversized files (+3 more reused dependencies)
+- FP-0011 case 4: leaf_invokes_to_number.zig success 1s
+- FP-0011 case 4: leaf_invokes_number_to_string.zig success 737ms
+- FP-0011 case 4: allocation_invokes_call.zig success 762ms
+- FP-0011 case 4: leaf_allocates.zig success 726ms
+- FP-0011 case 4: mutation_throws.zig success 634ms
+- FP-0011 case 4: leaf_calls_behavior.zig success 657ms
+- FP-0011 case 4: leaf_positive.zig success 617ms
+- FP-0011 case 5: catalog_callback_alone.zig success 673ms
+- FP-0011 case 5: catalog_exception_alone.zig success 791ms
+- FP-0011 case 5: catalog_duplicate_id.zig success 574ms
+- FP-0011 case 5: kernel_wider_context.zig success 597ms
+- FP-0011 case 5: kernel_undeclared_throw.zig success 617ms
+- FP-0011 case 8: layout_undescribed_field.zig success 691ms
+- FP-0011 case 8: layout_plain_reference.zig success 893ms
+- FP-0011 case 8: layout_missing_field.zig success 501ms
+- FP-0011 case 20: abi_reference_value.zig success 661ms
+- FP-0011 case 20: abi_nan_box_value.zig success 948ms
+- FP-0011 case 20: abi_tagged_index_value.zig success 756ms
+- FP-0011 case 34: leaf_reaches_heap.zig success 805ms
+- FP-0011 case 35: leaf_widens_context.zig success 591ms
+- FP-0011 case 36: binding_missing_kernel.zig success 901ms
+- FP-0011 case 36: binding_stray_kernel.zig success 701ms
+- library-test success
|  +- run test 6 pass (6 total) 42ms MaxRSS:4M
|  |  +- compile test debug native success 3s MaxRSS:288M
|  +- FP-0066 case 1: ReleaseSafe libraries built in two directories are byte-identical success 57ms
|  |  +- compile exe fairpane-library-check debug native success 4s MaxRSS:280M
|  |  +- archive fairpane.lib safe success 69ms
|  |  |  +- compile obj fairpane_zcu safe native success 5s MaxRSS:173M
|  |  |     +- WriteFile fp0066-tree-a/src success
|  |  +- archive fairpane.lib safe success 21ms
|  |     +- compile obj fairpane_zcu safe native success 5s MaxRSS:170M
|  |        +- WriteFile fp0066-tree-a/src (reused)
|  +- FP-0066 case 2: the ReleaseSafe library contains neither its build directory nor the compiler installation directory success 82ms
|  |  +- compile exe fairpane-library-check debug native (reused)
|  |  +- archive fairpane.lib safe (+1 more reused dependencies)
|  |  +- WriteFile fp0066-tree-a/src (reused)
|  +- FP-0066 case 4: the Debug library keeps debug information that names the absolute source directory success 98ms
|  |  +- compile exe fairpane-library-check debug native (reused)
|  |  +- archive fairpane.lib debug success 27ms
|  |     +- compile obj fairpane_zcu debug native success 3s MaxRSS:269M
|  +- FP-0066 case 5: the ReleaseSafe library's only member is the object, named without a directory success 50ms
|  |  +- compile exe fairpane-library-check debug native (reused)
|  |  +- archive fairpane.lib safe (+1 more reused dependencies)
|  +- FP-0066: every member header of the ReleaseSafe library has a zero time stamp, owner, and group success 51ms
|     +- compile exe fairpane-library-check debug native (reused)
|     +- archive fairpane.lib safe (+1 more reused dependencies)
+- FP-0082 case 16: valid.js exits with status 0 and prints the T9 dump success 52ms
|  +- install fairpane-js-parse success
|     +- compile exe fairpane-js-parse debug native success 4s MaxRSS:344M
|        +- WriteFile src success
+- FP-0082 case 16: syntax.js exits with status 1 and prints its syntax error success 48ms
|  +- install fairpane-js-parse (+1 more reused dependencies)
+- FP-0082 case 16: unsupported.js exits with status 2 and prints its unsupported outcome success 54ms
|  +- install fairpane-js-parse (+1 more reused dependencies)
+- FP-0082 case 16: invalid-utf8.js exits with status 3 success 51ms
|  +- install fairpane-js-parse (+1 more reused dependencies)
+- FP-0082 case 16: a missing path exits with status 3 success 56ms
|  +- install fairpane-js-parse (+1 more reused dependencies)
+- FP-0082 case 16: no arguments exits with status 3 and writes the usage success 50ms
|  +- install fairpane-js-parse (+1 more reused dependencies)
+- FP-0082 case 17: the census of the sound fixture exits with status 0 success 83ms
|  +- install fairpane-js-parse (+1 more reused dependencies)
+- FP-0082 case 17: the census of the unsound fixture exits with status 1 success 85ms
|  +- install fairpane-js-parse (+1 more reused dependencies)
+- FP-0082 case 17: the census refuses an existing output file and exits with status 3 success 55ms
   +- install fairpane-js-parse (+1 more reused dependencies)
   +- WriteFile existing.jsonl success

RESULT {"executable":"C:\\src\\fairpane\\.tools\\zig\\0.18.0-dev.120+9fe22a29b\\x86_64-windows\\zig.exe","arguments":["build","test","--summary","all","--cache-dir","out/fp0082-rerun-after-r2"],"cwd":"C:\\Users\\requi\\.omp\\wt\\ta289bd6b1\\m","started_at":"2026-10-09T18:16:48.917Z","exit_code":0,"signal":null,"timed_out":false,"error":null,"duration_ms":58439,"environment_overrides":{"ZIG_GLOBAL_CACHE_DIR":"C:\\src\\fairpane\\.zig-cache\\global"}}

COMMAND ["C:\\nvm4w\\nodejs\\node.exe","engineering/evidence/FP-0082/raw/delete-census-manifests-r2.mjs","out/fp0082-rerun-after-r2"]
removed manifest 0847781697aa6d6e32f5f756175e23d4
removed manifest 68738412cdc75bf9bfc21e5af8ecdfbe
kept output o/a600efd54eedd5d680a834c5998cb9bf/census-unsound/census.jsonl, 488 bytes
kept output o/ebeb891d19aa4eccf938a110c772d908/census-sound/census.jsonl, 1168 bytes
removed 2 manifests
RESULT {"executable":"C:\\nvm4w\\nodejs\\node.exe","arguments":["engineering/evidence/FP-0082/raw/delete-census-manifests-r2.mjs","out/fp0082-rerun-after-r2"],"cwd":"C:\\Users\\requi\\.omp\\wt\\ta289bd6b1\\m","started_at":"2026-10-09T18:17:47.516Z","exit_code":0,"signal":null,"timed_out":false,"error":null,"duration_ms":87}

COMMAND ["C:\\src\\fairpane\\.tools\\zig\\0.18.0-dev.120+9fe22a29b\\x86_64-windows\\zig.exe","build","test","--summary","all","--cache-dir","out/fp0082-rerun-after-r2"]
test
+- FP-0082 case 16: a missing path exits with status 3 w
fairpane-js-parse: tests/js/parse/missing.js: FileNotFound
failed command: cd . && ".\\zig-out\\bin\\fairpane-js-parse.exe" file tests/js/parse/missing.js

Build Summary: 100/100 steps succeeded
test success
+- run test cached
|  +- compile test debug native cached 192ms MaxRSS:18M
+- run test cached
|  +- compile test debug native cached 188ms MaxRSS:18M
+- FP-0007 case 13: case 2 passes with exit status 0 cached
|  +- install fairpane-lab cached
|     +- compile exe fairpane-lab debug native cached 100ms MaxRSS:21M
+- FP-0007 case 13: case 3 fails with exit status 1 cached
|  +- install fairpane-lab (+1 more reused dependencies)
+- FP-0007 case 13: case 4 is unsupported with exit status 2 cached
|  +- install fairpane-lab (+1 more reused dependencies)
+- FP-0007 case 13: case 1 is a harness error with exit status 3 cached
|  +- install fairpane-lab (+1 more reused dependencies)
+- FP-0007 case 13: case 8 times out with exit status 4 cached
|  +- install fairpane-lab (+1 more reused dependencies)
+- FP-0007 case 13: an unknown command exits with status 64 and writes no result cached
|  +- install fairpane-lab (+1 more reused dependencies)
+- FP-0008 case 26: case 18 passes with exit status 0 cached
|  +- install fairpane-lab (+1 more reused dependencies)
+- FP-0008 case 26: the token_count variant of case 19 fails with exit status 1 cached
|  +- install fairpane-lab (+1 more reused dependencies)
+- FP-0008 case 26: the <p> case of case 21 is unsupported with exit status 2 cached
|  +- install fairpane-lab (+1 more reused dependencies)
+- FP-0007 case 14: minimize reduces a failing fetch case with a 4096-byte body cached
|  +- install fairpane-lab (+1 more reused dependencies)
+- FP-0007 case 14: the minimized case fails the same check cached
|  +- install fairpane-lab (+1 more reused dependencies)
|  +- FP-0007 case 14: minimize reduces a failing fetch case with a 4096-byte body (+1 more reused dependencies)
+- FP-0007 case 14: the minimized document body is 1-minimal cached
|  +- compile exe fairpane-lab-check debug native cached 169ms MaxRSS:19M
|  +- FP-0007 case 14: minimize reduces a failing fetch case with a 4096-byte body (+1 more reused dependencies)
+- FP-0007 case 14: minimize refuses a passing case cached
|  +- install fairpane-lab (+1 more reused dependencies)
+- FP-0007 case 14: a refused minimization writes nothing cached
|  +- compile exe fairpane-lab-check debug native (reused)
|  +- FP-0007 case 14: minimize refuses a passing case (+1 more reused dependencies)
+- FP-0054 case 5: minimize refuses an --out path that names the input file through another spelling success 16ms
|  +- install fairpane-lab (+1 more reused dependencies)
|  +- FP-0054 case 5: create a fresh directory success 63ms
|  |  +- compile exe fairpane-lab-check debug native (reused)
|  +- FP-0054 case 5: create a fresh directory (+1 more reused dependencies)
+- FP-0054 case 5: the refused minimization leaves the input unchanged success 32ms
|  +- compile exe fairpane-lab-check debug native (reused)
|  +- FP-0054 case 5: create a fresh directory (+1 more reused dependencies)
|  +- FP-0054 case 5: minimize refuses an --out path that names the input file through another spelling (+3 more reused dependencies)
+- FP-0054 revision 1 case 1: minimize refuses an --out path that is a hard link to the input file success 51ms
|  +- install fairpane-lab (+1 more reused dependencies)
|  +- FP-0054 revision 1 case 1: create a fresh directory success 104ms
|     +- compile exe fairpane-lab-check debug native (reused)
+- FP-0054 revision 1 case 1: the refused command leaves the input unchanged success 33ms
|  +- compile exe fairpane-lab-check debug native (reused)
|  +- FP-0054 revision 1 case 1: create a fresh directory (+1 more reused dependencies)
|  +- FP-0054 revision 1 case 1: minimize refuses an --out path that is a hard link to the input file (+2 more reused dependencies)
+- FP-0054 revision 1 case 2: run refuses a --transcript path that is a hard link to the input file success 13ms
|  +- install fairpane-lab (+1 more reused dependencies)
|  +- FP-0054 revision 1 case 2: create a fresh directory success 42ms
|     +- compile exe fairpane-lab-check debug native (reused)
+- FP-0054 revision 1 case 2: the refused command leaves the input unchanged success 37ms
|  +- compile exe fairpane-lab-check debug native (reused)
|  +- FP-0054 revision 1 case 2: create a fresh directory (+1 more reused dependencies)
|  +- FP-0054 revision 1 case 2: run refuses a --transcript path that is a hard link to the input file (+2 more reused dependencies)
+- FP-0054 revision 1 case 3: minimize refuses an --out path that names the input file in other letter case success 11ms
|  +- install fairpane-lab (+1 more reused dependencies)
|  +- FP-0054 revision 1 case 3: create a fresh directory success 30ms
|     +- compile exe fairpane-lab-check debug native (reused)
+- FP-0054 revision 1 case 3: the refused command leaves the input unchanged success 19ms
|  +- compile exe fairpane-lab-check debug native (reused)
|  +- FP-0054 revision 1 case 3: create a fresh directory (+1 more reused dependencies)
|  +- FP-0054 revision 1 case 3: minimize refuses an --out path that names the input file in other letter case (+2 more reused dependencies)
+- FP-0054 revision 1 case 4: minimize writes over a separate byte-identical copy of the input file success 47ms
|  +- install fairpane-lab (+1 more reused dependencies)
|  +- FP-0054 revision 1 case 4: create a fresh directory success 31ms
|     +- compile exe fairpane-lab-check debug native (reused)
+- FP-0054 revision 1 case 4: the written case is a version 2 case derived from the input digest success 15ms
|  +- compile exe fairpane-lab-check debug native (reused)
|  +- FP-0054 revision 1 case 4: create a fresh directory (+1 more reused dependencies)
|  +- FP-0054 revision 1 case 4: minimize writes over a separate byte-identical copy of the input file (+2 more reused dependencies)
+- FP-0054 revision 1 case 5: run, minimize, and replay report files one byte above the size limit success 129ms
|  +- compile exe fairpane-lab-check debug native (reused)
|  +- FP-0054 revision 1 case 5: create a fresh directory success 75ms
|  |  +- compile exe fairpane-lab-check debug native (reused)
|  +- install fairpane-lab (+1 more reused dependencies)
+- FP-0076 case 3: minimize writes over an existing out.json whose ACL denies read-data access to Everyone success 12ms
|  +- install fairpane-lab (+1 more reused dependencies)
|  +- FP-0076 case 3: create a fresh directory success 84ms
|     +- compile exe fairpane-lab-check debug native (reused)
+- FP-0076 case 3: out.json is a version 2 case derived from the input digest success 14ms
|  +- compile exe fairpane-lab-check debug native (reused)
|  +- FP-0076 case 3: create a fresh directory (+1 more reused dependencies)
|  +- FP-0076 case 3: restore read access to out.json success 42ms
|     +- compile exe fairpane-lab-check debug native (reused)
|     +- FP-0076 case 3: create a fresh directory (+1 more reused dependencies)
|     +- FP-0076 case 3: minimize writes over an existing out.json whose ACL denies read-data access to Everyone (+2 more reused dependencies)
+- FP-0076 case 4: minimize reports the output path out|.json, which cannot be identified success 14ms
|  +- install fairpane-lab (+1 more reused dependencies)
|  +- FP-0076 case 4: create a fresh directory success 78ms
|     +- compile exe fairpane-lab-check debug native (reused)
+- FP-0076 case 4: the directory gains no file success 39ms
|  +- compile exe fairpane-lab-check debug native (reused)
|  +- FP-0076 case 4: create a fresh directory (+1 more reused dependencies)
|  +- FP-0076 case 4: minimize reports the output path out|.json, which cannot be identified (+2 more reused dependencies)
+- FP-0076 case 7: the revision 1 case 5 helper reports failing checks and removes both oversized files success 152ms
|  +- compile exe fairpane-lab-check debug native (reused)
|  +- FP-0076 case 7: create a fresh directory success 88ms
|  |  +- compile exe fairpane-lab-check debug native (reused)
|  +- compile exe fairpane-lab-check debug native (reused)
+- FP-0076 case 7: no file remains after the failing run success 9ms
|  +- compile exe fairpane-lab-check debug native (reused)
|  +- FP-0076 case 7: create a fresh directory (+1 more reused dependencies)
|  +- FP-0076 case 7: the revision 1 case 5 helper reports failing checks and removes both oversized files (+3 more reused dependencies)
+- FP-0011 case 4: leaf_invokes_to_number.zig success 628ms
+- FP-0011 case 4: leaf_invokes_number_to_string.zig success 560ms
+- FP-0011 case 4: allocation_invokes_call.zig success 555ms
+- FP-0011 case 4: leaf_allocates.zig success 489ms
+- FP-0011 case 4: mutation_throws.zig success 520ms
+- FP-0011 case 4: leaf_calls_behavior.zig success 539ms
+- FP-0011 case 4: leaf_positive.zig success 566ms
+- FP-0011 case 5: catalog_callback_alone.zig success 490ms
+- FP-0011 case 5: catalog_exception_alone.zig success 445ms
+- FP-0011 case 5: catalog_duplicate_id.zig success 451ms
+- FP-0011 case 5: kernel_wider_context.zig success 445ms
+- FP-0011 case 5: kernel_undeclared_throw.zig success 449ms
+- FP-0011 case 8: layout_undescribed_field.zig success 431ms
+- FP-0011 case 8: layout_plain_reference.zig success 421ms
+- FP-0011 case 8: layout_missing_field.zig success 463ms
+- FP-0011 case 20: abi_reference_value.zig success 478ms
+- FP-0011 case 20: abi_nan_box_value.zig success 483ms
+- FP-0011 case 20: abi_tagged_index_value.zig success 512ms
+- FP-0011 case 34: leaf_reaches_heap.zig success 483ms
+- FP-0011 case 35: leaf_widens_context.zig success 515ms
+- FP-0011 case 36: binding_missing_kernel.zig success 445ms
+- FP-0011 case 36: binding_stray_kernel.zig success 495ms
+- library-test success
|  +- run test cached
|  |  +- compile test debug native cached 141ms MaxRSS:21M
|  +- FP-0066 case 1: ReleaseSafe libraries built in two directories are byte-identical cached
|  |  +- compile exe fairpane-library-check debug native cached 126ms MaxRSS:21M
|  |  +- archive fairpane.lib safe cached
|  |  |  +- compile obj fairpane_zcu safe native cached 66ms MaxRSS:21M
|  |  |     +- WriteFile fp0066-tree-a/src cached
|  |  +- archive fairpane.lib safe cached
|  |     +- compile obj fairpane_zcu safe native cached 110ms MaxRSS:21M
|  |        +- WriteFile fp0066-tree-a/src (reused)
|  +- FP-0066 case 2: the ReleaseSafe library contains neither its build directory nor the compiler installation directory cached
|  |  +- compile exe fairpane-library-check debug native (reused)
|  |  +- archive fairpane.lib safe (+1 more reused dependencies)
|  |  +- WriteFile fp0066-tree-a/src (reused)
|  +- FP-0066 case 4: the Debug library keeps debug information that names the absolute source directory cached
|  |  +- compile exe fairpane-library-check debug native (reused)
|  |  +- archive fairpane.lib debug cached
|  |     +- compile obj fairpane_zcu debug native cached 105ms MaxRSS:21M
|  +- FP-0066 case 5: the ReleaseSafe library's only member is the object, named without a directory cached
|  |  +- compile exe fairpane-library-check debug native (reused)
|  |  +- archive fairpane.lib safe (+1 more reused dependencies)
|  +- FP-0066: every member header of the ReleaseSafe library has a zero time stamp, owner, and group cached
|     +- compile exe fairpane-library-check debug native (reused)
|     +- archive fairpane.lib safe (+1 more reused dependencies)
+- FP-0082 case 16: valid.js exits with status 0 and prints the T9 dump cached
|  +- install fairpane-js-parse cached
|     +- compile exe fairpane-js-parse debug native cached 79ms MaxRSS:21M
|        +- WriteFile src cached
+- FP-0082 case 16: syntax.js exits with status 1 and prints its syntax error cached
|  +- install fairpane-js-parse (+1 more reused dependencies)
+- FP-0082 case 16: unsupported.js exits with status 2 and prints its unsupported outcome cached
|  +- install fairpane-js-parse (+1 more reused dependencies)
+- FP-0082 case 16: invalid-utf8.js exits with status 3 cached
|  +- install fairpane-js-parse (+1 more reused dependencies)
+- FP-0082 case 16: a missing path exits with status 3 success 32ms
|  +- install fairpane-js-parse (+1 more reused dependencies)
+- FP-0082 case 16: no arguments exits with status 3 and writes the usage cached
|  +- install fairpane-js-parse (+1 more reused dependencies)
+- FP-0082 case 17: the census of the sound fixture exits with status 0 success 25ms
|  +- install fairpane-js-parse (+1 more reused dependencies)
+- FP-0082 case 17: the census of the unsound fixture exits with status 1 success 28ms
|  +- install fairpane-js-parse (+1 more reused dependencies)
+- FP-0082 case 17: the census refuses an existing output file and exits with status 3 cached
   +- install fairpane-js-parse (+1 more reused dependencies)
   +- WriteFile existing.jsonl cached

RESULT {"executable":"C:\\src\\fairpane\\.tools\\zig\\0.18.0-dev.120+9fe22a29b\\x86_64-windows\\zig.exe","arguments":["build","test","--summary","all","--cache-dir","out/fp0082-rerun-after-r2"],"cwd":"C:\\Users\\requi\\.omp\\wt\\ta289bd6b1\\m","started_at":"2026-10-09T18:17:47.698Z","exit_code":0,"signal":null,"timed_out":false,"error":null,"duration_ms":711,"environment_overrides":{"ZIG_GLOBAL_CACHE_DIR":"C:\\src\\fairpane\\.zig-cache\\global"}}
