
COMMAND ["C:\\Program Files\\Git\\cmd\\git.exe","rev-parse","HEAD"]
77158595185cdf213c663c9817200200df0b88c2
RESULT {"executable":"C:\\Program Files\\Git\\cmd\\git.exe","arguments":["rev-parse","HEAD"],"cwd":"C:\\Users\\requi\\.omp\\wt\\ta289bd6b1\\m","started_at":"2026-10-09T18:21:15.178Z","exit_code":0,"signal":null,"timed_out":false,"error":null,"duration_ms":23}

COMMAND ["C:\\Program Files\\Git\\cmd\\git.exe","hash-object","src/js/lexer.zig","src/js/parser.zig","src/js/test262_metadata.zig","tools/corpus.mjs","tools/lib.mjs"]
a33b78893b59e23e990894a1f299ae45cdb30d85
ca6260768d30f722c1f02e5b29bde1bfbf4443de
a4a63990824fb765ba00902f60ece45c8a22375d
c5a41a612e74f2f02835ef024c439cb2f05566fa
7a2bd74a9c1e7477d769d5ed82d4dea26c3d04cd
RESULT {"executable":"C:\\Program Files\\Git\\cmd\\git.exe","arguments":["hash-object","src/js/lexer.zig","src/js/parser.zig","src/js/test262_metadata.zig","tools/corpus.mjs","tools/lib.mjs"],"cwd":"C:\\Users\\requi\\.omp\\wt\\ta289bd6b1\\m","started_at":"2026-10-09T18:21:15.260Z","exit_code":0,"signal":null,"timed_out":false,"error":null,"duration_ms":23}

COMMAND ["C:\\Program Files\\Git\\cmd\\git.exe","apply","--check","engineering/evidence/FP-0082/raw/mutation-M1.diff"]
RESULT {"executable":"C:\\Program Files\\Git\\cmd\\git.exe","arguments":["apply","--check","engineering/evidence/FP-0082/raw/mutation-M1.diff"],"cwd":"C:\\Users\\requi\\.omp\\wt\\ta289bd6b1\\m","started_at":"2026-10-09T18:21:15.341Z","exit_code":0,"signal":null,"timed_out":false,"error":null,"duration_ms":23}

COMMAND ["C:\\Program Files\\Git\\cmd\\git.exe","apply","--check","engineering/evidence/FP-0082/raw/mutation-M2.diff"]
RESULT {"executable":"C:\\Program Files\\Git\\cmd\\git.exe","arguments":["apply","--check","engineering/evidence/FP-0082/raw/mutation-M2.diff"],"cwd":"C:\\Users\\requi\\.omp\\wt\\ta289bd6b1\\m","started_at":"2026-10-09T18:21:15.423Z","exit_code":0,"signal":null,"timed_out":false,"error":null,"duration_ms":20}

COMMAND ["C:\\Program Files\\Git\\cmd\\git.exe","apply","--check","engineering/evidence/FP-0082/raw/mutation-M3.diff"]
RESULT {"executable":"C:\\Program Files\\Git\\cmd\\git.exe","arguments":["apply","--check","engineering/evidence/FP-0082/raw/mutation-M3.diff"],"cwd":"C:\\Users\\requi\\.omp\\wt\\ta289bd6b1\\m","started_at":"2026-10-09T18:21:15.499Z","exit_code":0,"signal":null,"timed_out":false,"error":null,"duration_ms":21}

COMMAND ["C:\\Program Files\\Git\\cmd\\git.exe","apply","--check","engineering/evidence/FP-0082/raw/mutation-M4.diff"]
RESULT {"executable":"C:\\Program Files\\Git\\cmd\\git.exe","arguments":["apply","--check","engineering/evidence/FP-0082/raw/mutation-M4.diff"],"cwd":"C:\\Users\\requi\\.omp\\wt\\ta289bd6b1\\m","started_at":"2026-10-09T18:21:15.576Z","exit_code":0,"signal":null,"timed_out":false,"error":null,"duration_ms":24}

COMMAND ["C:\\Program Files\\Git\\cmd\\git.exe","apply","--check","engineering/evidence/FP-0082/raw/mutation-M5.diff"]
RESULT {"executable":"C:\\Program Files\\Git\\cmd\\git.exe","arguments":["apply","--check","engineering/evidence/FP-0082/raw/mutation-M5.diff"],"cwd":"C:\\Users\\requi\\.omp\\wt\\ta289bd6b1\\m","started_at":"2026-10-09T18:21:15.656Z","exit_code":0,"signal":null,"timed_out":false,"error":null,"duration_ms":23}

COMMAND ["C:\\Program Files\\Git\\cmd\\git.exe","apply","--check","engineering/evidence/FP-0082/raw/mutation-M6.diff"]
error: patch failed: src/js/parser.zig:1282
error: src/js/parser.zig: patch does not apply
RESULT {"executable":"C:\\Program Files\\Git\\cmd\\git.exe","arguments":["apply","--check","engineering/evidence/FP-0082/raw/mutation-M6.diff"],"cwd":"C:\\Users\\requi\\.omp\\wt\\ta289bd6b1\\m","started_at":"2026-10-09T18:21:15.734Z","exit_code":1,"signal":null,"timed_out":false,"error":null,"duration_ms":22}

COMMAND ["C:\\Program Files\\Git\\cmd\\git.exe","apply","--check","engineering/evidence/FP-0082/raw/mutation-M7.diff"]
error: patch failed: tools/corpus.mjs:703
error: tools/corpus.mjs: patch does not apply
RESULT {"executable":"C:\\Program Files\\Git\\cmd\\git.exe","arguments":["apply","--check","engineering/evidence/FP-0082/raw/mutation-M7.diff"],"cwd":"C:\\Users\\requi\\.omp\\wt\\ta289bd6b1\\m","started_at":"2026-10-09T18:21:15.812Z","exit_code":1,"signal":null,"timed_out":false,"error":null,"duration_ms":21}

COMMAND ["C:\\Program Files\\Git\\cmd\\git.exe","apply","--check","engineering/evidence/FP-0082/raw/mutation-M7-r1.diff"]
RESULT {"executable":"C:\\Program Files\\Git\\cmd\\git.exe","arguments":["apply","--check","engineering/evidence/FP-0082/raw/mutation-M7-r1.diff"],"cwd":"C:\\Users\\requi\\.omp\\wt\\ta289bd6b1\\m","started_at":"2026-10-09T18:21:15.890Z","exit_code":0,"signal":null,"timed_out":false,"error":null,"duration_ms":45}

COMMAND ["C:\\Program Files\\Git\\cmd\\git.exe","apply","--check","engineering/evidence/FP-0082/raw/mutation-M8.diff"]
RESULT {"executable":"C:\\Program Files\\Git\\cmd\\git.exe","arguments":["apply","--check","engineering/evidence/FP-0082/raw/mutation-M8.diff"],"cwd":"C:\\Users\\requi\\.omp\\wt\\ta289bd6b1\\m","started_at":"2026-10-09T18:21:15.989Z","exit_code":0,"signal":null,"timed_out":false,"error":null,"duration_ms":21}

COMMAND ["C:\\Program Files\\Git\\cmd\\git.exe","apply","--check","engineering/evidence/FP-0082/raw/mutation-M9.diff"]
RESULT {"executable":"C:\\Program Files\\Git\\cmd\\git.exe","arguments":["apply","--check","engineering/evidence/FP-0082/raw/mutation-M9.diff"],"cwd":"C:\\Users\\requi\\.omp\\wt\\ta289bd6b1\\m","started_at":"2026-10-09T18:21:16.062Z","exit_code":0,"signal":null,"timed_out":false,"error":null,"duration_ms":20}

COMMAND ["C:\\Program Files\\Git\\cmd\\git.exe","apply","--check","engineering/evidence/FP-0082/raw/mutation-M10.diff"]
RESULT {"executable":"C:\\Program Files\\Git\\cmd\\git.exe","arguments":["apply","--check","engineering/evidence/FP-0082/raw/mutation-M10.diff"],"cwd":"C:\\Users\\requi\\.omp\\wt\\ta289bd6b1\\m","started_at":"2026-10-09T18:21:16.135Z","exit_code":0,"signal":null,"timed_out":false,"error":null,"duration_ms":21}

COMMAND ["C:\\Program Files\\Git\\cmd\\git.exe","apply","--check","engineering/evidence/FP-0082/raw/mutation-M11.diff"]
error: patch failed: src/js/parser.zig:1301
error: src/js/parser.zig: patch does not apply
RESULT {"executable":"C:\\Program Files\\Git\\cmd\\git.exe","arguments":["apply","--check","engineering/evidence/FP-0082/raw/mutation-M11.diff"],"cwd":"C:\\Users\\requi\\.omp\\wt\\ta289bd6b1\\m","started_at":"2026-10-09T18:21:16.209Z","exit_code":1,"signal":null,"timed_out":false,"error":null,"duration_ms":22}

COMMAND ["C:\\Program Files\\Git\\cmd\\git.exe","apply","--check","engineering/evidence/FP-0082/raw/mutation-M12.diff"]
RESULT {"executable":"C:\\Program Files\\Git\\cmd\\git.exe","arguments":["apply","--check","engineering/evidence/FP-0082/raw/mutation-M12.diff"],"cwd":"C:\\Users\\requi\\.omp\\wt\\ta289bd6b1\\m","started_at":"2026-10-09T18:21:16.288Z","exit_code":0,"signal":null,"timed_out":false,"error":null,"duration_ms":22}

COMMAND ["C:\\Program Files\\Git\\cmd\\git.exe","hash-object","engineering/evidence/FP-0082/raw/mutation-M14.diff","engineering/evidence/FP-0082/raw/mutation-M15.diff","engineering/evidence/FP-0082/raw/mutation-M16.diff","engineering/evidence/FP-0082/raw/mutation-M17.diff"]
a26ec849d05fee4deb97eea8381b4d8a21627bb6
5c315ee2790ca03b52e4f286fb62d1f03c27d39f
89f1349d1812c294a37dd7ae2d8f04504a749d09
ee8f3086ddcad3812beb77738de98ba50c039baa
RESULT {"executable":"C:\\Program Files\\Git\\cmd\\git.exe","arguments":["hash-object","engineering/evidence/FP-0082/raw/mutation-M14.diff","engineering/evidence/FP-0082/raw/mutation-M15.diff","engineering/evidence/FP-0082/raw/mutation-M16.diff","engineering/evidence/FP-0082/raw/mutation-M17.diff"],"cwd":"C:\\Users\\requi\\.omp\\wt\\ta289bd6b1\\m","started_at":"2026-10-09T18:21:16.365Z","exit_code":0,"signal":null,"timed_out":false,"error":null,"duration_ms":22}

COMMAND ["C:\\Program Files\\Git\\cmd\\git.exe","rev-parse","HEAD"]
77158595185cdf213c663c9817200200df0b88c2
RESULT {"executable":"C:\\Program Files\\Git\\cmd\\git.exe","arguments":["rev-parse","HEAD"],"cwd":"C:\\Users\\requi\\.omp\\wt\\ta289bd6b1\\m","started_at":"2026-10-09T18:21:54.926Z","exit_code":0,"signal":null,"timed_out":false,"error":null,"duration_ms":24}

COMMAND ["C:\\Program Files\\Git\\cmd\\git.exe","hash-object","src/js/parser.zig","engineering/evidence/FP-0082/raw/mutation-M6-r2.diff"]
ca6260768d30f722c1f02e5b29bde1bfbf4443de
d62364a69d26ba38f73b3d56ab613d1f70f77137
RESULT {"executable":"C:\\Program Files\\Git\\cmd\\git.exe","arguments":["hash-object","src/js/parser.zig","engineering/evidence/FP-0082/raw/mutation-M6-r2.diff"],"cwd":"C:\\Users\\requi\\.omp\\wt\\ta289bd6b1\\m","started_at":"2026-10-09T18:21:55.012Z","exit_code":0,"signal":null,"timed_out":false,"error":null,"duration_ms":26}

COMMAND ["C:\\Program Files\\Git\\cmd\\git.exe","apply","--check","engineering/evidence/FP-0082/raw/mutation-M6-r2.diff"]
RESULT {"executable":"C:\\Program Files\\Git\\cmd\\git.exe","arguments":["apply","--check","engineering/evidence/FP-0082/raw/mutation-M6-r2.diff"],"cwd":"C:\\Users\\requi\\.omp\\wt\\ta289bd6b1\\m","started_at":"2026-10-09T18:21:55.101Z","exit_code":0,"signal":null,"timed_out":false,"error":null,"duration_ms":26}

COMMAND ["C:\\Program Files\\Git\\cmd\\git.exe","apply","engineering/evidence/FP-0082/raw/mutation-M6-r2.diff"]
RESULT {"executable":"C:\\Program Files\\Git\\cmd\\git.exe","arguments":["apply","engineering/evidence/FP-0082/raw/mutation-M6-r2.diff"],"cwd":"C:\\Users\\requi\\.omp\\wt\\ta289bd6b1\\m","started_at":"2026-10-09T18:21:55.190Z","exit_code":0,"signal":null,"timed_out":false,"error":null,"duration_ms":26}

COMMAND ["C:\\Program Files\\Git\\cmd\\git.exe","hash-object","src/js/parser.zig"]
2d21d973815de069756973d8914aeb3899ec6bd8
RESULT {"executable":"C:\\Program Files\\Git\\cmd\\git.exe","arguments":["hash-object","src/js/parser.zig"],"cwd":"C:\\Users\\requi\\.omp\\wt\\ta289bd6b1\\m","started_at":"2026-10-09T18:21:55.277Z","exit_code":0,"signal":null,"timed_out":false,"error":null,"duration_ms":25}

COMMAND ["C:\\src\\fairpane\\.tools\\zig\\0.18.0-dev.120+9fe22a29b\\x86_64-windows\\zig.exe","test","src/root.zig","--test-filter","FP-0082 case 2:","--cache-dir","out/fp0082-mutation-r2-cache"]
1/6 root.test_0...OK
2/6 css.css.test_0...OK
3/6 font.opentype.test_0...OK
4/6 html.root.test_0...OK
5/6 js.runtime.test_0...OK
6/6 js.parser.test.FP-0082 case 2: each source produces exactly its syntax-tree dump...case T8
expected: (script sloppy (var-declared-names f g) (functions-to-initialize g#2 f#3) (function-declaration #1 f (params) sloppy (var-declared-names) (functions-to-initialize)) (function-declaration #2 g (params) sloppy (var-declared-names) (functions-to-initialize)) (function-declaration #3 f (params) sloppy (var-declared-names) (functions-to-initialize)))
actual:   (script sloppy (var-declared-names f g) (functions-to-initialize f#1 g#2) (function-declaration #1 f (params) sloppy (var-declared-names) (functions-to-initialize)) (function-declaration #2 g (params) sloppy (var-declared-names) (functions-to-initialize)) (function-declaration #3 f (params) sloppy (var-declared-names) (functions-to-initialize)))
FAIL (TestExpectedEqual)
C:\Users\requi\.omp\wt\ta289bd6b1\m\src\js\parser.zig:2757:24: 0x7ff6e7073249 in expectCases (test_zcu.obj)
    if (failures != 0) return error.TestExpectedEqual;
                       ^
C:\Users\requi\.omp\wt\ta289bd6b1\m\src\js\parser.zig:2832:5: 0x7ff6e70732b2 in test.FP-0082 case 2: each source produces exactly its syntax-tree dump (test_zcu.obj)
    try expectCases(&t_cases);
    ^
5 passed; 0 skipped; 1 failed.
error: the following test command failed with exit code 1:
out\fp0082-mutation-r2-cache\o\b480659ec971f6ab6258aa9cd194a58a\test.exe --seed=0x9d60e099
RESULT {"executable":"C:\\src\\fairpane\\.tools\\zig\\0.18.0-dev.120+9fe22a29b\\x86_64-windows\\zig.exe","arguments":["test","src/root.zig","--test-filter","FP-0082 case 2:","--cache-dir","out/fp0082-mutation-r2-cache"],"cwd":"C:\\Users\\requi\\.omp\\wt\\ta289bd6b1\\m","started_at":"2026-10-09T18:21:55.361Z","exit_code":1,"signal":null,"timed_out":false,"error":null,"duration_ms":2706,"environment_overrides":{"ZIG_GLOBAL_CACHE_DIR":"C:\\src\\fairpane\\.zig-cache\\global"}}

COMMAND ["C:\\Program Files\\Git\\cmd\\git.exe","apply","-R","engineering/evidence/FP-0082/raw/mutation-M6-r2.diff"]
RESULT {"executable":"C:\\Program Files\\Git\\cmd\\git.exe","arguments":["apply","-R","engineering/evidence/FP-0082/raw/mutation-M6-r2.diff"],"cwd":"C:\\Users\\requi\\.omp\\wt\\ta289bd6b1\\m","started_at":"2026-10-09T18:21:58.124Z","exit_code":0,"signal":null,"timed_out":false,"error":null,"duration_ms":22}

COMMAND ["C:\\Program Files\\Git\\cmd\\git.exe","hash-object","src/js/parser.zig"]
ca6260768d30f722c1f02e5b29bde1bfbf4443de
RESULT {"executable":"C:\\Program Files\\Git\\cmd\\git.exe","arguments":["hash-object","src/js/parser.zig"],"cwd":"C:\\Users\\requi\\.omp\\wt\\ta289bd6b1\\m","started_at":"2026-10-09T18:21:58.217Z","exit_code":0,"signal":null,"timed_out":false,"error":null,"duration_ms":22}

COMMAND ["C:\\Program Files\\Git\\cmd\\git.exe","rev-parse","HEAD"]
77158595185cdf213c663c9817200200df0b88c2
RESULT {"executable":"C:\\Program Files\\Git\\cmd\\git.exe","arguments":["rev-parse","HEAD"],"cwd":"C:\\Users\\requi\\.omp\\wt\\ta289bd6b1\\m","started_at":"2026-10-09T18:21:58.294Z","exit_code":0,"signal":null,"timed_out":false,"error":null,"duration_ms":22}

COMMAND ["C:\\Program Files\\Git\\cmd\\git.exe","hash-object","src/js/parser.zig","engineering/evidence/FP-0082/raw/mutation-M11-r2.diff"]
ca6260768d30f722c1f02e5b29bde1bfbf4443de
4529dbeea528d6c5d90b5c6050bbf47d70c34620
RESULT {"executable":"C:\\Program Files\\Git\\cmd\\git.exe","arguments":["hash-object","src/js/parser.zig","engineering/evidence/FP-0082/raw/mutation-M11-r2.diff"],"cwd":"C:\\Users\\requi\\.omp\\wt\\ta289bd6b1\\m","started_at":"2026-10-09T18:21:58.372Z","exit_code":0,"signal":null,"timed_out":false,"error":null,"duration_ms":22}

COMMAND ["C:\\Program Files\\Git\\cmd\\git.exe","apply","--check","engineering/evidence/FP-0082/raw/mutation-M11-r2.diff"]
RESULT {"executable":"C:\\Program Files\\Git\\cmd\\git.exe","arguments":["apply","--check","engineering/evidence/FP-0082/raw/mutation-M11-r2.diff"],"cwd":"C:\\Users\\requi\\.omp\\wt\\ta289bd6b1\\m","started_at":"2026-10-09T18:21:58.451Z","exit_code":0,"signal":null,"timed_out":false,"error":null,"duration_ms":23}

COMMAND ["C:\\Program Files\\Git\\cmd\\git.exe","apply","engineering/evidence/FP-0082/raw/mutation-M11-r2.diff"]
RESULT {"executable":"C:\\Program Files\\Git\\cmd\\git.exe","arguments":["apply","engineering/evidence/FP-0082/raw/mutation-M11-r2.diff"],"cwd":"C:\\Users\\requi\\.omp\\wt\\ta289bd6b1\\m","started_at":"2026-10-09T18:21:58.532Z","exit_code":0,"signal":null,"timed_out":false,"error":null,"duration_ms":24}

COMMAND ["C:\\Program Files\\Git\\cmd\\git.exe","hash-object","src/js/parser.zig"]
068a2c754292ba9c0b7f5da9d4564e79df904642
RESULT {"executable":"C:\\Program Files\\Git\\cmd\\git.exe","arguments":["hash-object","src/js/parser.zig"],"cwd":"C:\\Users\\requi\\.omp\\wt\\ta289bd6b1\\m","started_at":"2026-10-09T18:21:58.611Z","exit_code":0,"signal":null,"timed_out":false,"error":null,"duration_ms":22}

COMMAND ["C:\\src\\fairpane\\.tools\\zig\\0.18.0-dev.120+9fe22a29b\\x86_64-windows\\zig.exe","test","src/root.zig","--test-filter","FP-0082 revision 1 case 4","--cache-dir","out/fp0082-mutation-r2-cache"]
1/6 root.test_0...OK
2/6 css.css.test_0...OK
3/6 font.opentype.test_0...OK
4/6 html.root.test_0...OK
5/6 js.runtime.test_0...OK
6/6 js.parser.test.FP-0082 revision 1 case 4: the duplicate-parameter check of 10,000 strict parameters makes at most 20,000 comparisons...function f(...) { "use strict"; } with repeat false: 49995000 comparisons
FAIL (TestTooManyComparisons)
C:\Users\requi\.omp\wt\ta289bd6b1\m\src\js\parser.zig:3243:13: 0x7ff7797b3f21 in test.FP-0082 revision 1 case 4: the duplicate-parameter check of 10,000 strict parameters makes at most 20,000 comparisons (test_zcu.obj)
            return error.TestTooManyComparisons;
            ^
5 passed; 0 skipped; 1 failed.
error: the following test command failed with exit code 1:
out\fp0082-mutation-r2-cache\o\16468b3207803bd663f43f5d85870b1f\test.exe --seed=0xc5ca8847
RESULT {"executable":"C:\\src\\fairpane\\.tools\\zig\\0.18.0-dev.120+9fe22a29b\\x86_64-windows\\zig.exe","arguments":["test","src/root.zig","--test-filter","FP-0082 revision 1 case 4","--cache-dir","out/fp0082-mutation-r2-cache"],"cwd":"C:\\Users\\requi\\.omp\\wt\\ta289bd6b1\\m","started_at":"2026-10-09T18:21:58.697Z","exit_code":1,"signal":null,"timed_out":false,"error":null,"duration_ms":5777,"environment_overrides":{"ZIG_GLOBAL_CACHE_DIR":"C:\\src\\fairpane\\.zig-cache\\global"}}

COMMAND ["C:\\Program Files\\Git\\cmd\\git.exe","apply","-R","engineering/evidence/FP-0082/raw/mutation-M11-r2.diff"]
RESULT {"executable":"C:\\Program Files\\Git\\cmd\\git.exe","arguments":["apply","-R","engineering/evidence/FP-0082/raw/mutation-M11-r2.diff"],"cwd":"C:\\Users\\requi\\.omp\\wt\\ta289bd6b1\\m","started_at":"2026-10-09T18:22:04.529Z","exit_code":0,"signal":null,"timed_out":false,"error":null,"duration_ms":45}

COMMAND ["C:\\Program Files\\Git\\cmd\\git.exe","hash-object","src/js/parser.zig"]
ca6260768d30f722c1f02e5b29bde1bfbf4443de
RESULT {"executable":"C:\\Program Files\\Git\\cmd\\git.exe","arguments":["hash-object","src/js/parser.zig"],"cwd":"C:\\Users\\requi\\.omp\\wt\\ta289bd6b1\\m","started_at":"2026-10-09T18:22:04.627Z","exit_code":0,"signal":null,"timed_out":false,"error":null,"duration_ms":21}

COMMAND ["C:\\Program Files\\Git\\cmd\\git.exe","rev-parse","HEAD"]
77158595185cdf213c663c9817200200df0b88c2
RESULT {"executable":"C:\\Program Files\\Git\\cmd\\git.exe","arguments":["rev-parse","HEAD"],"cwd":"C:\\Users\\requi\\.omp\\wt\\ta289bd6b1\\m","started_at":"2026-10-09T18:22:04.703Z","exit_code":0,"signal":null,"timed_out":false,"error":null,"duration_ms":22}

COMMAND ["C:\\Program Files\\Git\\cmd\\git.exe","hash-object","src/js/parser.zig","engineering/evidence/FP-0082/raw/mutation-M14.diff"]
ca6260768d30f722c1f02e5b29bde1bfbf4443de
a26ec849d05fee4deb97eea8381b4d8a21627bb6
RESULT {"executable":"C:\\Program Files\\Git\\cmd\\git.exe","arguments":["hash-object","src/js/parser.zig","engineering/evidence/FP-0082/raw/mutation-M14.diff"],"cwd":"C:\\Users\\requi\\.omp\\wt\\ta289bd6b1\\m","started_at":"2026-10-09T18:22:04.778Z","exit_code":0,"signal":null,"timed_out":false,"error":null,"duration_ms":22}

COMMAND ["C:\\Program Files\\Git\\cmd\\git.exe","apply","--check","engineering/evidence/FP-0082/raw/mutation-M14.diff"]
RESULT {"executable":"C:\\Program Files\\Git\\cmd\\git.exe","arguments":["apply","--check","engineering/evidence/FP-0082/raw/mutation-M14.diff"],"cwd":"C:\\Users\\requi\\.omp\\wt\\ta289bd6b1\\m","started_at":"2026-10-09T18:22:04.856Z","exit_code":0,"signal":null,"timed_out":false,"error":null,"duration_ms":23}

COMMAND ["C:\\Program Files\\Git\\cmd\\git.exe","apply","engineering/evidence/FP-0082/raw/mutation-M14.diff"]
RESULT {"executable":"C:\\Program Files\\Git\\cmd\\git.exe","arguments":["apply","engineering/evidence/FP-0082/raw/mutation-M14.diff"],"cwd":"C:\\Users\\requi\\.omp\\wt\\ta289bd6b1\\m","started_at":"2026-10-09T18:22:04.933Z","exit_code":0,"signal":null,"timed_out":false,"error":null,"duration_ms":45}

COMMAND ["C:\\Program Files\\Git\\cmd\\git.exe","hash-object","src/js/parser.zig"]
4af545b2374df1282fd50b627b3ec476e14ffa7b
RESULT {"executable":"C:\\Program Files\\Git\\cmd\\git.exe","arguments":["hash-object","src/js/parser.zig"],"cwd":"C:\\Users\\requi\\.omp\\wt\\ta289bd6b1\\m","started_at":"2026-10-09T18:22:05.032Z","exit_code":0,"signal":null,"timed_out":false,"error":null,"duration_ms":22}

COMMAND ["C:\\src\\fairpane\\.tools\\zig\\0.18.0-dev.120+9fe22a29b\\x86_64-windows\\zig.exe","test","src/root.zig","--test-filter","FP-0082 revision 2 case 1","--cache-dir","out/fp0082-mutation-r2-cache"]
1/6 root.test_0...OK
2/6 css.css.test_0...OK
3/6 font.opentype.test_0...OK
4/6 html.root.test_0...OK
5/6 js.runtime.test_0...OK
6/6 js.parser.test.FP-0082 revision 2 case 1: after a large body, each per-function and per-body set stays within four times its own count...repeat false: record 2, params_seen with 0 names has capacity 16384
FAIL (TestCapacityExceedsBound)
C:\Users\requi\.omp\wt\ta289bd6b1\m\src\js\parser.zig:3291:17: 0x7ff6d9664755 in test.FP-0082 revision 2 case 1: after a large body, each per-function and per-body set stays within four times its own count (test_zcu.obj)
                return error.TestCapacityExceedsBound;
                ^
5 passed; 0 skipped; 1 failed.
error: the following test command failed with exit code 1:
out\fp0082-mutation-r2-cache\o\54181d951ac24c2ecdd63163ab86075d\test.exe --seed=0x776ff5f
RESULT {"executable":"C:\\src\\fairpane\\.tools\\zig\\0.18.0-dev.120+9fe22a29b\\x86_64-windows\\zig.exe","arguments":["test","src/root.zig","--test-filter","FP-0082 revision 2 case 1","--cache-dir","out/fp0082-mutation-r2-cache"],"cwd":"C:\\Users\\requi\\.omp\\wt\\ta289bd6b1\\m","started_at":"2026-10-09T18:22:05.108Z","exit_code":1,"signal":null,"timed_out":false,"error":null,"duration_ms":2954,"environment_overrides":{"ZIG_GLOBAL_CACHE_DIR":"C:\\src\\fairpane\\.zig-cache\\global"}}

COMMAND ["C:\\Program Files\\Git\\cmd\\git.exe","apply","-R","engineering/evidence/FP-0082/raw/mutation-M14.diff"]
RESULT {"executable":"C:\\Program Files\\Git\\cmd\\git.exe","arguments":["apply","-R","engineering/evidence/FP-0082/raw/mutation-M14.diff"],"cwd":"C:\\Users\\requi\\.omp\\wt\\ta289bd6b1\\m","started_at":"2026-10-09T18:22:08.141Z","exit_code":0,"signal":null,"timed_out":false,"error":null,"duration_ms":21}

COMMAND ["C:\\Program Files\\Git\\cmd\\git.exe","hash-object","src/js/parser.zig"]
ca6260768d30f722c1f02e5b29bde1bfbf4443de
RESULT {"executable":"C:\\Program Files\\Git\\cmd\\git.exe","arguments":["hash-object","src/js/parser.zig"],"cwd":"C:\\Users\\requi\\.omp\\wt\\ta289bd6b1\\m","started_at":"2026-10-09T18:22:08.219Z","exit_code":0,"signal":null,"timed_out":false,"error":null,"duration_ms":24}

COMMAND ["C:\\Program Files\\Git\\cmd\\git.exe","rev-parse","HEAD"]
77158595185cdf213c663c9817200200df0b88c2
RESULT {"executable":"C:\\Program Files\\Git\\cmd\\git.exe","arguments":["rev-parse","HEAD"],"cwd":"C:\\Users\\requi\\.omp\\wt\\ta289bd6b1\\m","started_at":"2026-10-09T18:22:08.322Z","exit_code":0,"signal":null,"timed_out":false,"error":null,"duration_ms":21}

COMMAND ["C:\\Program Files\\Git\\cmd\\git.exe","hash-object","src/js/parser.zig","engineering/evidence/FP-0082/raw/mutation-M15.diff"]
ca6260768d30f722c1f02e5b29bde1bfbf4443de
5c315ee2790ca03b52e4f286fb62d1f03c27d39f
RESULT {"executable":"C:\\Program Files\\Git\\cmd\\git.exe","arguments":["hash-object","src/js/parser.zig","engineering/evidence/FP-0082/raw/mutation-M15.diff"],"cwd":"C:\\Users\\requi\\.omp\\wt\\ta289bd6b1\\m","started_at":"2026-10-09T18:22:08.437Z","exit_code":0,"signal":null,"timed_out":false,"error":null,"duration_ms":45}

COMMAND ["C:\\Program Files\\Git\\cmd\\git.exe","apply","--check","engineering/evidence/FP-0082/raw/mutation-M15.diff"]
RESULT {"executable":"C:\\Program Files\\Git\\cmd\\git.exe","arguments":["apply","--check","engineering/evidence/FP-0082/raw/mutation-M15.diff"],"cwd":"C:\\Users\\requi\\.omp\\wt\\ta289bd6b1\\m","started_at":"2026-10-09T18:22:08.535Z","exit_code":0,"signal":null,"timed_out":false,"error":null,"duration_ms":20}

COMMAND ["C:\\Program Files\\Git\\cmd\\git.exe","apply","engineering/evidence/FP-0082/raw/mutation-M15.diff"]
RESULT {"executable":"C:\\Program Files\\Git\\cmd\\git.exe","arguments":["apply","engineering/evidence/FP-0082/raw/mutation-M15.diff"],"cwd":"C:\\Users\\requi\\.omp\\wt\\ta289bd6b1\\m","started_at":"2026-10-09T18:22:08.608Z","exit_code":0,"signal":null,"timed_out":false,"error":null,"duration_ms":21}

COMMAND ["C:\\Program Files\\Git\\cmd\\git.exe","hash-object","src/js/parser.zig"]
ca8d9920a3378b65d8263b5924bb11e5e14a766b
RESULT {"executable":"C:\\Program Files\\Git\\cmd\\git.exe","arguments":["hash-object","src/js/parser.zig"],"cwd":"C:\\Users\\requi\\.omp\\wt\\ta289bd6b1\\m","started_at":"2026-10-09T18:22:08.686Z","exit_code":0,"signal":null,"timed_out":false,"error":null,"duration_ms":22}

COMMAND ["C:\\src\\fairpane\\.tools\\zig\\0.18.0-dev.120+9fe22a29b\\x86_64-windows\\zig.exe","test","src/root.zig","--test-filter","FP-0082 revision 2 case 1","--cache-dir","out/fp0082-mutation-r2-cache"]
1/6 root.test_0...OK
2/6 css.css.test_0...OK
3/6 font.opentype.test_0...OK
4/6 html.root.test_0...OK
5/6 js.runtime.test_0...OK
6/6 js.parser.test.FP-0082 revision 2 case 1: after a large body, each per-function and per-body set stays within four times its own count...repeat false: record 30007, function_names with 0 names has capacity 16384
FAIL (TestCapacityExceedsBound)
C:\Users\requi\.omp\wt\ta289bd6b1\m\src\js\parser.zig:3287:17: 0x7ff7cf354755 in test.FP-0082 revision 2 case 1: after a large body, each per-function and per-body set stays within four times its own count (test_zcu.obj)
                return error.TestCapacityExceedsBound;
                ^
5 passed; 0 skipped; 1 failed.
error: the following test command failed with exit code 1:
out\fp0082-mutation-r2-cache\o\33aaa4bdc5f7ab14f644ab60239dd349\test.exe --seed=0x63615c17
RESULT {"executable":"C:\\src\\fairpane\\.tools\\zig\\0.18.0-dev.120+9fe22a29b\\x86_64-windows\\zig.exe","arguments":["test","src/root.zig","--test-filter","FP-0082 revision 2 case 1","--cache-dir","out/fp0082-mutation-r2-cache"],"cwd":"C:\\Users\\requi\\.omp\\wt\\ta289bd6b1\\m","started_at":"2026-10-09T18:22:08.761Z","exit_code":1,"signal":null,"timed_out":false,"error":null,"duration_ms":2521,"environment_overrides":{"ZIG_GLOBAL_CACHE_DIR":"C:\\src\\fairpane\\.zig-cache\\global"}}

COMMAND ["C:\\Program Files\\Git\\cmd\\git.exe","apply","-R","engineering/evidence/FP-0082/raw/mutation-M15.diff"]
RESULT {"executable":"C:\\Program Files\\Git\\cmd\\git.exe","arguments":["apply","-R","engineering/evidence/FP-0082/raw/mutation-M15.diff"],"cwd":"C:\\Users\\requi\\.omp\\wt\\ta289bd6b1\\m","started_at":"2026-10-09T18:22:11.339Z","exit_code":0,"signal":null,"timed_out":false,"error":null,"duration_ms":21}

COMMAND ["C:\\Program Files\\Git\\cmd\\git.exe","hash-object","src/js/parser.zig"]
ca6260768d30f722c1f02e5b29bde1bfbf4443de
RESULT {"executable":"C:\\Program Files\\Git\\cmd\\git.exe","arguments":["hash-object","src/js/parser.zig"],"cwd":"C:\\Users\\requi\\.omp\\wt\\ta289bd6b1\\m","started_at":"2026-10-09T18:22:11.414Z","exit_code":0,"signal":null,"timed_out":false,"error":null,"duration_ms":22}

COMMAND ["C:\\Program Files\\Git\\cmd\\git.exe","rev-parse","HEAD"]
77158595185cdf213c663c9817200200df0b88c2
RESULT {"executable":"C:\\Program Files\\Git\\cmd\\git.exe","arguments":["rev-parse","HEAD"],"cwd":"C:\\Users\\requi\\.omp\\wt\\ta289bd6b1\\m","started_at":"2026-10-09T18:22:11.490Z","exit_code":0,"signal":null,"timed_out":false,"error":null,"duration_ms":21}

COMMAND ["C:\\Program Files\\Git\\cmd\\git.exe","hash-object","src/js/parser.zig","engineering/evidence/FP-0082/raw/mutation-M17.diff"]
ca6260768d30f722c1f02e5b29bde1bfbf4443de
ee8f3086ddcad3812beb77738de98ba50c039baa
RESULT {"executable":"C:\\Program Files\\Git\\cmd\\git.exe","arguments":["hash-object","src/js/parser.zig","engineering/evidence/FP-0082/raw/mutation-M17.diff"],"cwd":"C:\\Users\\requi\\.omp\\wt\\ta289bd6b1\\m","started_at":"2026-10-09T18:22:11.565Z","exit_code":0,"signal":null,"timed_out":false,"error":null,"duration_ms":21}

COMMAND ["C:\\Program Files\\Git\\cmd\\git.exe","apply","--check","engineering/evidence/FP-0082/raw/mutation-M17.diff"]
RESULT {"executable":"C:\\Program Files\\Git\\cmd\\git.exe","arguments":["apply","--check","engineering/evidence/FP-0082/raw/mutation-M17.diff"],"cwd":"C:\\Users\\requi\\.omp\\wt\\ta289bd6b1\\m","started_at":"2026-10-09T18:22:11.639Z","exit_code":0,"signal":null,"timed_out":false,"error":null,"duration_ms":21}

COMMAND ["C:\\Program Files\\Git\\cmd\\git.exe","apply","engineering/evidence/FP-0082/raw/mutation-M17.diff"]
RESULT {"executable":"C:\\Program Files\\Git\\cmd\\git.exe","arguments":["apply","engineering/evidence/FP-0082/raw/mutation-M17.diff"],"cwd":"C:\\Users\\requi\\.omp\\wt\\ta289bd6b1\\m","started_at":"2026-10-09T18:22:11.716Z","exit_code":0,"signal":null,"timed_out":false,"error":null,"duration_ms":21}

COMMAND ["C:\\Program Files\\Git\\cmd\\git.exe","hash-object","src/js/parser.zig"]
5985779b15c1d54cdecf7d5d88582d1ad3b132d6
RESULT {"executable":"C:\\Program Files\\Git\\cmd\\git.exe","arguments":["hash-object","src/js/parser.zig"],"cwd":"C:\\Users\\requi\\.omp\\wt\\ta289bd6b1\\m","started_at":"2026-10-09T18:22:11.790Z","exit_code":0,"signal":null,"timed_out":false,"error":null,"duration_ms":21}

COMMAND ["C:\\src\\fairpane\\.tools\\zig\\0.18.0-dev.120+9fe22a29b\\x86_64-windows\\zig.exe","test","src/root.zig","--test-filter","FP-0082 case 13","--test-filter","FP-0082 revision 2: the case 13 source","--cache-dir","out/fp0082-mutation-r2-cache"]
1/7 root.test_0...OK
2/7 css.css.test_0...OK
3/7 font.opentype.test_0...OK
4/7 html.root.test_0...OK
5/7 js.runtime.test_0...OK
6/7 js.parser.test.FP-0082 case 13: every induced allocation failure returns error.OutOfMemory without a leak...FAIL (NondeterministicMemoryUsage)
C:\src\fairpane\.tools\zig\0.18.0-dev.120+9fe22a29b\x86_64-windows\lib\std\testing.zig:1167:17: 0x7ff6baa7fd8c in checkAllAllocationFailures__func_1069 (test_zcu.obj)
                return error.NondeterministicMemoryUsage;
                ^
C:\Users\requi\.omp\wt\ta289bd6b1\m\src\js\parser.zig:3198:5: 0x7ff6baa802d1 in test.FP-0082 case 13: every induced allocation failure returns error.OutOfMemory without a leak (test_zcu.obj)
    try testing.checkAllAllocationFailures(gpa, parseAndWrite, .{source.units});
    ^
7/7 js.parser.test.FP-0082 revision 2: the case 13 source makes the same allocations whatever the state of the test allocator...expected 0, found 6
FAIL (TestExpectedEqual)
C:\src\fairpane\.tools\zig\0.18.0-dev.120+9fe22a29b\x86_64-windows\lib\std\testing.zig:93:17: 0x7ff6baa32eba in expectEqualInner__func_833 (test_zcu.obj)
                return error.TestExpectedEqual;
                ^
C:\src\fairpane\.tools\zig\0.18.0-dev.120+9fe22a29b\x86_64-windows\lib\std\testing.zig:57: 0x7ff6baa33519 in expectEqual (test_zcu.obj)
    return expectEqualInner(T, expected, actual);

C:\Users\requi\.omp\wt\ta289bd6b1\m\src\js\parser.zig:3332:9: 0x7ff6baa335a7 in test.FP-0082 revision 2: the case 13 source makes the same allocations whatever the state of the test allocator (test_zcu.obj)
        try testing.expectEqual(@as(usize, 0), counting.resize_index);
        ^
5 passed; 0 skipped; 2 failed.
error: the following test command failed with exit code 1:
out\fp0082-mutation-r2-cache\o\2c760287693bdd4dc09af7b9c0ffd8e9\test.exe --seed=0x6eaf11a8
RESULT {"executable":"C:\\src\\fairpane\\.tools\\zig\\0.18.0-dev.120+9fe22a29b\\x86_64-windows\\zig.exe","arguments":["test","src/root.zig","--test-filter","FP-0082 case 13","--test-filter","FP-0082 revision 2: the case 13 source","--cache-dir","out/fp0082-mutation-r2-cache"],"cwd":"C:\\Users\\requi\\.omp\\wt\\ta289bd6b1\\m","started_at":"2026-10-09T18:22:11.863Z","exit_code":1,"signal":null,"timed_out":false,"error":null,"duration_ms":2382,"environment_overrides":{"ZIG_GLOBAL_CACHE_DIR":"C:\\src\\fairpane\\.zig-cache\\global"}}

COMMAND ["C:\\Program Files\\Git\\cmd\\git.exe","apply","-R","engineering/evidence/FP-0082/raw/mutation-M17.diff"]
RESULT {"executable":"C:\\Program Files\\Git\\cmd\\git.exe","arguments":["apply","-R","engineering/evidence/FP-0082/raw/mutation-M17.diff"],"cwd":"C:\\Users\\requi\\.omp\\wt\\ta289bd6b1\\m","started_at":"2026-10-09T18:22:14.298Z","exit_code":0,"signal":null,"timed_out":false,"error":null,"duration_ms":21}

COMMAND ["C:\\Program Files\\Git\\cmd\\git.exe","hash-object","src/js/parser.zig"]
ca6260768d30f722c1f02e5b29bde1bfbf4443de
RESULT {"executable":"C:\\Program Files\\Git\\cmd\\git.exe","arguments":["hash-object","src/js/parser.zig"],"cwd":"C:\\Users\\requi\\.omp\\wt\\ta289bd6b1\\m","started_at":"2026-10-09T18:22:14.369Z","exit_code":0,"signal":null,"timed_out":false,"error":null,"duration_ms":20}

COMMAND ["C:\\Program Files\\Git\\cmd\\git.exe","rev-parse","HEAD"]
77158595185cdf213c663c9817200200df0b88c2
RESULT {"executable":"C:\\Program Files\\Git\\cmd\\git.exe","arguments":["rev-parse","HEAD"],"cwd":"C:\\Users\\requi\\.omp\\wt\\ta289bd6b1\\m","started_at":"2026-10-09T18:22:23.291Z","exit_code":0,"signal":null,"timed_out":false,"error":null,"duration_ms":20}

COMMAND ["C:\\Program Files\\Git\\cmd\\git.exe","hash-object","tools/corpus.mjs","engineering/evidence/FP-0082/raw/mutation-M16.diff"]
c5a41a612e74f2f02835ef024c439cb2f05566fa
89f1349d1812c294a37dd7ae2d8f04504a749d09
RESULT {"executable":"C:\\Program Files\\Git\\cmd\\git.exe","arguments":["hash-object","tools/corpus.mjs","engineering/evidence/FP-0082/raw/mutation-M16.diff"],"cwd":"C:\\Users\\requi\\.omp\\wt\\ta289bd6b1\\m","started_at":"2026-10-09T18:22:23.365Z","exit_code":0,"signal":null,"timed_out":false,"error":null,"duration_ms":21}

COMMAND ["C:\\Program Files\\Git\\cmd\\git.exe","apply","--check","engineering/evidence/FP-0082/raw/mutation-M16.diff"]
RESULT {"executable":"C:\\Program Files\\Git\\cmd\\git.exe","arguments":["apply","--check","engineering/evidence/FP-0082/raw/mutation-M16.diff"],"cwd":"C:\\Users\\requi\\.omp\\wt\\ta289bd6b1\\m","started_at":"2026-10-09T18:22:23.442Z","exit_code":0,"signal":null,"timed_out":false,"error":null,"duration_ms":42}

COMMAND ["C:\\Program Files\\Git\\cmd\\git.exe","apply","engineering/evidence/FP-0082/raw/mutation-M16.diff"]
RESULT {"executable":"C:\\Program Files\\Git\\cmd\\git.exe","arguments":["apply","engineering/evidence/FP-0082/raw/mutation-M16.diff"],"cwd":"C:\\Users\\requi\\.omp\\wt\\ta289bd6b1\\m","started_at":"2026-10-09T18:22:23.537Z","exit_code":0,"signal":null,"timed_out":false,"error":null,"duration_ms":21}

COMMAND ["C:\\Program Files\\Git\\cmd\\git.exe","hash-object","tools/corpus.mjs"]
b3007ed63be10ea01691a1761397cb2684e5d42d
RESULT {"executable":"C:\\Program Files\\Git\\cmd\\git.exe","arguments":["hash-object","tools/corpus.mjs"],"cwd":"C:\\Users\\requi\\.omp\\wt\\ta289bd6b1\\m","started_at":"2026-10-09T18:22:23.610Z","exit_code":0,"signal":null,"timed_out":false,"error":null,"duration_ms":21}

COMMAND ["C:\\nvm4w\\nodejs\\node.exe","tools/fairpane.mjs","test"]
TAP version 13
ok 1 - A normal relative file resolves within the repository
ok 2 - Traversal, empty components, and dot components fail
ok 3 - Absolute paths, backslashes, control bytes, and alternate streams fail
ok 4 - A missing path needs explicit permission
ok 5 - A symlink cannot redirect an input inventory
ok 6 - A dangling directory link is not a new output directory
ok 7 - An empty input inventory fails
ok 8 - Input hashes change with content
ok 9 - Input hashes include relative names
ok 10 - Input hashes ignore checkout location and input order
ok 11 - Repeated roots do not duplicate files
ok 12 - File hashes match the SHA-256 content hash
ok 13 - Atomic JSON output supports replacement and BOM input
ok 14 - The supplied compiler lock has a valid structure
ok 15 - A stable version cannot silently replace Zig master
ok 16 - A floating compiler version fails
ok 17 - A substituted compiler source fails
ok 18 - A substituted artifact URL fails
ok 19 - An invalid checksum or archive size fails
ok 20 - A checksum mismatch cannot qualify an archive
ok 21 - A size mismatch cannot qualify an archive
ok 22 - Host selection maps supported platform names explicitly
ok 23 - A valid task graph has one initial ready task
ok 24 - An accepted prerequisite reveals the next task
ok 25 - An active task does not become another ready task
ok 26 - A duplicate task ID fails
ok 27 - Unknown and duplicate prerequisites fail
ok 28 - A cycle in the task graph fails
ok 29 - Empty acceptance criteria and unknown gates fail
ok 30 - Missing state and unknown workstreams fail
ok 31 - Acceptance without evidence and review fails
ok 32 - Acceptance with an unaccepted prerequisite fails
ok 33 - An empty release profile fails closed
ok 34 - The full set of capability families cannot disappear
ok 35 - Qualified metadata alone cannot replace a release verifier
ok 36 - 1: A forged local receipt passes validateReceipt without gate execution
ok 37 - 2: A valid envelope signed by a trusted key verifies
ok 38 - 3: RFC 8032 test vector 1 verifies through the same key decoding path
ok 39 - 4: A key outside the trust policy fails, whether it names itself or a trusted key
ok 40 - 5: One changed payload byte fails as bad-signature
ok 41 - 6: A truncated envelope and a truncated payload each fail
ok 42 - 7: A trusted signature over a payload with a missing, unknown, or mistyped field fails as malformed
ok 43 - 8: A payload for another commit or tree fails as stale-candidate
ok 44 - 9: A payload with another policy digest fails as changed-policy
ok 45 - 10: Zero discovered and zero selected each fail as zero-denominator
ok 46 - 11: Negative, fractional, unsafe, and mismatched counts fail as inconsistent-counts
ok 47 - 12: A runner key that differs from the signature key fails as key-mismatch
ok 48 - 13: attest-verify checks a candidate repository from a separate verifier location and rejects a trust policy inside it
ok 49 - 14: Candidate identity comes from Git objects, ignores replace refs and inherited Git variables, and rejects other names
ok 50 - 16: A trusted signature over a noncanonical payload fails as malformed
ok 51 - FP-0051 1: A verifier copy inside a linked work tree of the candidate reports an advisory result
ok 52 - FP-0051 2: enclosingGitDirectories collects the common directory of every enclosing .git entry
ok 53 - FP-0051 3: An unreadable commit object is a tool error, and a missing or non-commit object is unknown-candidate
ok 54 - FP-0051 4: A policy path that passes through the candidate fails, however its root is spelled
ok 55 - FP-0033 2-4, 6: Every workflow file has exactly its reviewed policy problems
ok 56 - FP-0033: The Gates workflow runs the contract gates in order on pinned runner images
ok 57 - FP-0033 2: A uses reference without a full 40-hex commit SHA fails
ok 58 - FP-0033 17: An action commit outside the reviewed set fails, even with a full SHA and a version comment
ok 59 - FP-0033 3: A workflow permission other than contents: read fails
ok 60 - FP-0033 3: A job permission other than contents: read fails
ok 61 - FP-0033 4: continue-on-error on a step or a job fails
ok 62 - FP-0033 4: Checkout that persists credentials or omits persist-credentials fails
ok 63 - FP-0033 4: A pull_request_target trigger fails in mapping, list, and scalar form
ok 64 - FP-0033 4: A workflow_run trigger fails
ok 65 - FP-0033 8: An expression outside the allowlist fails
ok 66 - FP-0033 9: A gate step that can be skipped or rerouted fails
ok 67 - FP-0033 12: The Gates workflow allowlists report every other key, action, input, command, and upload condition
ok 68 - FP-0033 13: A run: value with a ${{ }} expression fails in every workflow
ok 69 - FP-0033 14: A trigger other than push, pull_request, and workflow_dispatch fails
ok 70 - FP-0033 15: A permission problem names the exact grants, so widening pages.yml fails its reviewed list
ok 71 - FP-0033 16: A block scalar whose leading blank line has more spaces than its first content line fails to parse
ok 72 - FP-0033: The parser reads the accepted subset and its block scalars exactly
ok 73 - FP-0033: The parser rejects syntax outside its subset instead of guessing
ok 74 - FP-0033 7: Characters that a YAML parser reads as line breaks or separators fail to parse
ok 75 - FP-0067 1: The committed Gates workflow has no trigger, upload, or Linux-gate problem
ok 76 - FP-0067 2: A Gates trigger filter key other than branches is one problem that names the trigger and the key
ok 77 - FP-0067 3: Gates branches other than [master] and a workflow_dispatch value are each one problem
ok 78 - FP-0067 4: A Gates upload path other than out/evidence/ or an if-no-files-found other than error is one problem
ok 79 - FP-0067 5: A Linux job that omits zig-test or runs it after the cross builds is a problem
ok 80 - FP-0098 revision 1 case 3: Each zig-test gate step must set env: ZIG_BUILD_SUMMARY: all, and no other step or level may set it
ok 81 - FP-0021 case 1: Generating from the committed schema reproduces the committed include/fairpane.h and src/abi_generated.zig byte for byte
ok 82 - FP-0021 case 2: Changing one byte of either generated file makes abi-check exit with status 1 and name the file
ok 83 - FP-0021 case 3: Generation is deterministic across two runs and across schema key order
ok 84 - FP-0021 case 4: The validator rejects an unknown kind, a pointer without ownership or lifetime, an inverted range, a duplicate name, and a structure without struct_size
ok 85 - FP-0021 case 5: The schema distinguishes text, web_string, bytes, identifier, handle, ranged integer, and optional values, and the generator maps each one to distinct C and Zig declarations
ok 86 - FP-0021 case 6: The generated Zig declarations assert the size and every field offset of every structure
ok 87 - FP-0021 case 7: The C smoke test runs every C-expressible failure scenario and names each identifier it covers
ok 88 - FP-0021 case 8: The Zig scenario test runs every failure scenario through the generated declarations
ok 89 - FP-0021 case 9: Every failure scenario has an identifier, calls, and expected outcomes, and the validator rejects one without them
ok 90 - FP-0021 case 10: The validator rejects consumed_on_success on an output parameter, and the generated C and Zig text states the consumption rule for fp_engine_destroy
ok 91 - FP-0021 case 11: The validator rejects an unknown reference and an unreferenced function name, and the generated header contains no schema-only name outside a C name
ok 92 - FP-0021 case 12: The generated C static assertions check the size and every member offset of every structure, and the C smoke test compiles them
ok 93 - FP-0021 case 13: From a foreign thread, the C and Zig scenarios call each owner function with an invalid argument and expect wrong_thread
ok 94 - FP-0021 revision 1 status sets: abi_generated.zig carries each function status set, and src/c_api.zig checks every export against it
ok 95 - FP-0021 revision 1 export check: abi-exports fails when a library exports an fp_ symbol that the schema does not declare
ok 96 - FP-0050 case 8: every byte range is null_when_empty, and the validator rejects any other nullability
ok 97 - FP-0050 case 9: fp_document_destroy never returns out_of_memory
ok 98 - FP-0050 case 10: the thread lifetime and identifier gaps are documented
ok 99 - FP-0050 case 11: the generated layout assertions cover both sides of the ABI
ok 100 - FP-0081 case 8: the generated header, the generated Zig declarations, and the layout model agree on engine_options and engine_memory at both pointer widths, and the C smoke test must name allocation-failure
ok 101 - FP-0081 case 9: the validator rejects a structure that needs implicit padding at either pointer width, and the committed schema needs none
ok 102 - FP-0027 case 1: two source-archive runs on one commit write byte-identical tar and manifest files, and the manifest names the tar digest
ok 103 - FP-0027 case 2: a changed file, an added file, a removed file, and a changed mode each change the manifest, which lists exactly the tree files
ok 104 - FP-0027 case 3: source-archive rejects an abbreviated ID, a ref name, a missing commit, and an output directory inside the repository, and writes nothing
ok 105 - FP-0027 case 4: provenance subjects equal the artifact digests, and the build definition names the commit, tree, lock digest, and builder
ok 106 - FP-0027 case 5: reproduce-check reports reproducible for a fixed build, and different with the path and exit status 1 for a clock build
ok 107 - FP-0027 case 6: reproduce-check removes both work trees, and a forced removal failure appears in the report
ok 108 - FP-0027 case 7: ADR 0009 lists exactly the ten owner decisions, each with the status open
ok 109 - FP-0027: source-archive fails before any write when an export attribute makes the tar differ from the tree
ok 110 - FP-0027: reproduce-check reports a failed build as an error with exit status 1 and still removes both work trees
ok 111 - FP-0013 case 1: @missing lines apply in order, then data lines, and every value resolves through PropertyValueAliases.txt
ok 112 - FP-0013 case 2: a line without ";", a reversed range, 110000, and an unknown value each fail with a distinct message naming the line
ok 113 - FP-0013 case 3: ucd-check passes on the committed files, every input names version 18.0.0, and the Zig reference test embeds every input
ok 114 - FP-0013 case 4: one changed byte of tables.zig or of a UCD file makes ucd-check exit with status 1 and name the file and line
ok 115 - FP-0013 case 41: a zip with two stored members, one deflated member, and one directory yields the hand-computed inventory
ok 116 - FP-0013 case 42: the zip reader rejects ZIP64, encryption, "../x", "a\b", duplicate paths, a truncated central directory, and method 12
Stored file:///C:/Users/requi/AppData/Local/Temp/fairpane-fileset-0AwHUd/UCD.zip: 536 bytes, SHA-256 02e0118fdad0dedbcb75b98a76f4893d9b45c5e4c8169b991db306edeb7aae1c
Stored file:///C:/Users/requi/AppData/Local/Temp/fairpane-fileset-0AwHUd/license.txt: 42 bytes, SHA-256 10e594c5d29a2f7e3a551fde5c24691ee6185ce2baa16ece09d5258314388acd
Inventory of ucd: 3 file members, 649 bytes, SHA-256 b79ac400339307bed36d3f32a38dab2fcf4b0f3925079b30beb0db92418ccf99
Published file:///C:/Users/requi/AppData/Local/Temp/fairpane-fileset-0AwHUd/published/Scripts.txt equals member Scripts.txt.
Stored file:///C:/Users/requi/AppData/Local/Temp/fairpane-fileset-0AwHUd/UCD.zip: 536 bytes, SHA-256 02e0118fdad0dedbcb75b98a76f4893d9b45c5e4c8169b991db306edeb7aae1c
Stored file:///C:/Users/requi/AppData/Local/Temp/fairpane-fileset-0AwHUd/license.txt: 42 bytes, SHA-256 10e594c5d29a2f7e3a551fde5c24691ee6185ce2baa16ece09d5258314388acd
Inventory of ucd: 3 file members, 649 bytes, SHA-256 b79ac400339307bed36d3f32a38dab2fcf4b0f3925079b30beb0db92418ccf99
Published file:///C:/Users/requi/AppData/Local/Temp/fairpane-fileset-0AwHUd/published/Scripts.txt equals member Scripts.txt.
Stored file:///C:/Users/requi/AppData/Local/Temp/fairpane-fileset-0AwHUd/UCD.zip: 336 bytes, SHA-256 4556baaf11e4318fef763a517296b7fc79cfadd0f9547ad305bf3690646cdfcb
Stored file:///C:/Users/requi/AppData/Local/Temp/fairpane-fileset-0AwHUd/UCD.zip: 536 bytes, SHA-256 02e0118fdad0dedbcb75b98a76f4893d9b45c5e4c8169b991db306edeb7aae1c
Stored file:///C:/Users/requi/AppData/Local/Temp/fairpane-fileset-0AwHUd/UCD.zip: 536 bytes, SHA-256 02e0118fdad0dedbcb75b98a76f4893d9b45c5e4c8169b991db306edeb7aae1c
Stored file:///C:/Users/requi/AppData/Local/Temp/fairpane-fileset-0AwHUd/license.txt: 42 bytes, SHA-256 10e594c5d29a2f7e3a551fde5c24691ee6185ce2baa16ece09d5258314388acd
Stored file:///C:/Users/requi/AppData/Local/Temp/fairpane-fileset-0AwHUd/UCD.zip: 536 bytes, SHA-256 02e0118fdad0dedbcb75b98a76f4893d9b45c5e4c8169b991db306edeb7aae1c
Stored file:///C:/Users/requi/AppData/Local/Temp/fairpane-fileset-0AwHUd/license.txt: 42 bytes, SHA-256 10e594c5d29a2f7e3a551fde5c24691ee6185ce2baa16ece09d5258314388acd
Inventory of ucd: 3 file members, 649 bytes, SHA-256 b79ac400339307bed36d3f32a38dab2fcf4b0f3925079b30beb0db92418ccf99
ok 117 - FP-0013 case 43: corpus-fetch of file sources writes the record and extracted files, honors pins, and changes nothing on failure
Stored file:///C:/Users/requi/AppData/Local/Temp/fairpane-fileset-45G7el/UCD.zip: 536 bytes, SHA-256 02e0118fdad0dedbcb75b98a76f4893d9b45c5e4c8169b991db306edeb7aae1c
Stored file:///C:/Users/requi/AppData/Local/Temp/fairpane-fileset-45G7el/license.txt: 42 bytes, SHA-256 10e594c5d29a2f7e3a551fde5c24691ee6185ce2baa16ece09d5258314388acd
Inventory of ucd: 3 file members, 649 bytes, SHA-256 b79ac400339307bed36d3f32a38dab2fcf4b0f3925079b30beb0db92418ccf99
Published file:///C:/Users/requi/AppData/Local/Temp/fairpane-fileset-45G7el/published/Scripts.txt equals member Scripts.txt.
ok 118 - FP-0013 case 44: corpus-verify fails for changed extracted and derived files, a missing source, a license mismatch, a count mismatch, and an upstream mismatch
Stored file:///C:/Users/requi/AppData/Local/Temp/fairpane-fileset-ukPACc/UCD.zip: 536 bytes, SHA-256 02e0118fdad0dedbcb75b98a76f4893d9b45c5e4c8169b991db306edeb7aae1c
Stored file:///C:/Users/requi/AppData/Local/Temp/fairpane-fileset-ukPACc/license.txt: 42 bytes, SHA-256 10e594c5d29a2f7e3a551fde5c24691ee6185ce2baa16ece09d5258314388acd
Inventory of ucd: 3 file members, 649 bytes, SHA-256 b79ac400339307bed36d3f32a38dab2fcf4b0f3925079b30beb0db92418ccf99
Published file:///C:/Users/requi/AppData/Local/Temp/fairpane-fileset-ukPACc/published/Scripts.txt equals member Scripts.txt.
ok 119 - FP-0013 case 45: file-set applicability reports the per-directory breakdown with an explicit denominator, and a zip without file members fails
ok 120 - FP-0013 case 46: corpus-repin unicode exits with status 1 and names the contract decision
ok 121 - FP-0013 case 47: record validation rejects missing license digests, releases, tool versions, input digests, argv, and reserved font names
ok 122 - FP-0013 case 48: every selected, derived, and license path of the committed unicode and opentype-fixtures records matches its size and SHA-256
ok 123 - FP-0013 case 49: the committed capability record validates with exactly the frozen obligations and existing owner tasks
Stored file:///C:/Users/requi/AppData/Local/Temp/fairpane-fileset-scFsU6/UCD.zip: 198 bytes, SHA-256 764769ceca373d4fe149a6a2acb5600e8758c75358c2cf242fdbbc440c0a7b82
Stored file:///C:/Users/requi/AppData/Local/Temp/fairpane-fileset-scFsU6/license.txt: 42 bytes, SHA-256 10e594c5d29a2f7e3a551fde5c24691ee6185ce2baa16ece09d5258314388acd
Stored file:///C:/Users/requi/AppData/Local/Temp/fairpane-fileset-aNFVF8/UCD.zip: 109 bytes, SHA-256 65d40408a9f5b8aa9b193903b93edb7ebbd33d0f15954bf604652a25b6dab090
Stored file:///C:/Users/requi/AppData/Local/Temp/fairpane-fileset-aNFVF8/license.txt: 42 bytes, SHA-256 10e594c5d29a2f7e3a551fde5c24691ee6185ce2baa16ece09d5258314388acd
Stored file:///C:/Users/requi/AppData/Local/Temp/fairpane-fileset-OWgVni/UCD.zip: 109 bytes, SHA-256 c0923c0636c78b36d53a19ffca4d95c3f28b32af962ebe5dffa20cb2a4106a03
Stored file:///C:/Users/requi/AppData/Local/Temp/fairpane-fileset-OWgVni/license.txt: 42 bytes, SHA-256 10e594c5d29a2f7e3a551fde5c24691ee6185ce2baa16ece09d5258314388acd
Stored file:///C:/Users/requi/AppData/Local/Temp/fairpane-fileset-0tfxnL/UCD.zip: 114 bytes, SHA-256 a9fce91fd00f227dd1d8be2c0c36e44534ca21cd3df6f960348178c2f19f45ea
Stored file:///C:/Users/requi/AppData/Local/Temp/fairpane-fileset-0tfxnL/license.txt: 42 bytes, SHA-256 10e594c5d29a2f7e3a551fde5c24691ee6185ce2baa16ece09d5258314388acd
Stored file:///C:/Users/requi/AppData/Local/Temp/fairpane-fileset-D2NmuF/UCD.zip: 114 bytes, SHA-256 05c9c74fadab7c95de958c03ae3ee5e82640c6f070479587c2c25ea860e3da47
Stored file:///C:/Users/requi/AppData/Local/Temp/fairpane-fileset-D2NmuF/license.txt: 42 bytes, SHA-256 10e594c5d29a2f7e3a551fde5c24691ee6185ce2baa16ece09d5258314388acd
Stored file:///C:/Users/requi/AppData/Local/Temp/fairpane-fileset-VtnSb0/UCD.zip: 109 bytes, SHA-256 dd7763a9cdbebac51bfc05f48175727d1b843c55e0c0b38b987397cb1ac6826f
Stored file:///C:/Users/requi/AppData/Local/Temp/fairpane-fileset-VtnSb0/license.txt: 42 bytes, SHA-256 10e594c5d29a2f7e3a551fde5c24691ee6185ce2baa16ece09d5258314388acd
Stored file:///C:/Users/requi/AppData/Local/Temp/fairpane-fileset-ArAERN/UCD.zip: 129 bytes, SHA-256 68c7d1283c9531fbf2e3b85bc8046227148eb2eeb06e9f497ac4091d39de7928
Stored file:///C:/Users/requi/AppData/Local/Temp/fairpane-fileset-ArAERN/license.txt: 42 bytes, SHA-256 10e594c5d29a2f7e3a551fde5c24691ee6185ce2baa16ece09d5258314388acd
Stored file:///C:/Users/requi/AppData/Local/Temp/fairpane-fileset-kIgE68/UCD.zip: 109 bytes, SHA-256 8b53d0800c31c3d4e80bd074e8ca7b60e7cdde62b35337fb8663890578a928bb
Stored file:///C:/Users/requi/AppData/Local/Temp/fairpane-fileset-kIgE68/license.txt: 42 bytes, SHA-256 10e594c5d29a2f7e3a551fde5c24691ee6185ce2baa16ece09d5258314388acd
Stored file:///C:/Users/requi/AppData/Local/Temp/fairpane-fileset-sYf202/UCD.zip: 112 bytes, SHA-256 febd63b49b0baeb9de127875e2e2cc97b8bfd7bdfe826125975f68815e2cf7c1
Stored file:///C:/Users/requi/AppData/Local/Temp/fairpane-fileset-sYf202/license.txt: 42 bytes, SHA-256 10e594c5d29a2f7e3a551fde5c24691ee6185ce2baa16ece09d5258314388acd
Stored file:///C:/Users/requi/AppData/Local/Temp/fairpane-fileset-6qrLpH/UCD.zip: 112 bytes, SHA-256 df60a703781713bc828e4e14106fcdd6f9b49b6667b81bd8d902f64d9895466b
Stored file:///C:/Users/requi/AppData/Local/Temp/fairpane-fileset-6qrLpH/license.txt: 42 bytes, SHA-256 10e594c5d29a2f7e3a551fde5c24691ee6185ce2baa16ece09d5258314388acd
Stored file:///C:/Users/requi/AppData/Local/Temp/fairpane-fileset-WgcdfW/UCD.zip: 208 bytes, SHA-256 6a9d489d56fb45e2ea42ab5ab8e94b19cb3534744286e23fcc2ba491721804e0
Stored file:///C:/Users/requi/AppData/Local/Temp/fairpane-fileset-WgcdfW/license.txt: 42 bytes, SHA-256 10e594c5d29a2f7e3a551fde5c24691ee6185ce2baa16ece09d5258314388acd
Stored file:///C:/Users/requi/AppData/Local/Temp/fairpane-fileset-NqQm08/UCD.zip: 1100452 bytes, SHA-256 d63a8e1b1631c0669fefb8f9d193d17e44f69fcef0701596f96a0f98ed5b7865
Stored file:///C:/Users/requi/AppData/Local/Temp/fairpane-fileset-NqQm08/license.txt: 42 bytes, SHA-256 10e594c5d29a2f7e3a551fde5c24691ee6185ce2baa16ece09d5258314388acd
Stored file:///C:/Users/requi/AppData/Local/Temp/fairpane-fileset-HBCVBI/UCD.zip: 192 bytes, SHA-256 5781e884ef01073687e5d794fcf0f338e486aa2cb9db669907acb432a7346b3d
Stored file:///C:/Users/requi/AppData/Local/Temp/fairpane-fileset-HBCVBI/license.txt: 42 bytes, SHA-256 10e594c5d29a2f7e3a551fde5c24691ee6185ce2baa16ece09d5258314388acd
Stored file:///C:/Users/requi/AppData/Local/Temp/fairpane-fileset-YaNytp/UCD.zip: 109 bytes, SHA-256 f4ac38fe773c12809f23f77c33457d0abe7a7a1cc52d782724573f84d7e9061e
Stored file:///C:/Users/requi/AppData/Local/Temp/fairpane-fileset-YaNytp/license.txt: 42 bytes, SHA-256 10e594c5d29a2f7e3a551fde5c24691ee6185ce2baa16ece09d5258314388acd
Stored file:///C:/Users/requi/AppData/Local/Temp/fairpane-fileset-eNSeCn/UCD.zip: 117 bytes, SHA-256 b6df152a01ebd1ed66e4e8ca05a4556485fc3d7d9ebc512458b23ed87a39a48e
Stored file:///C:/Users/requi/AppData/Local/Temp/fairpane-fileset-eNSeCn/license.txt: 42 bytes, SHA-256 10e594c5d29a2f7e3a551fde5c24691ee6185ce2baa16ece09d5258314388acd
Stored file:///C:/Users/requi/AppData/Local/Temp/fairpane-fileset-mYFp5d/UCD.zip: 117 bytes, SHA-256 18f6e3f993a59e5c633af11a5669b8b16d5b3343de88d5c689e4fbb5c755ca89
Stored file:///C:/Users/requi/AppData/Local/Temp/fairpane-fileset-mYFp5d/license.txt: 42 bytes, SHA-256 10e594c5d29a2f7e3a551fde5c24691ee6185ce2baa16ece09d5258314388acd
Stored file:///C:/Users/requi/AppData/Local/Temp/fairpane-fileset-QjQ0kP/UCD.zip: 115 bytes, SHA-256 816aebd39773c630b4c982a72e1db04bb2a386e1369d982753b610f13be11df7
Stored file:///C:/Users/requi/AppData/Local/Temp/fairpane-fileset-QjQ0kP/license.txt: 42 bytes, SHA-256 10e594c5d29a2f7e3a551fde5c24691ee6185ce2baa16ece09d5258314388acd
Stored file:///C:/Users/requi/AppData/Local/Temp/fairpane-fileset-srWWP3/UCD.zip: 113 bytes, SHA-256 e9f6f446256a80c82cdc0eb5a06e38961dd59f09386753e4ec79458a0c8ec3c2
Stored file:///C:/Users/requi/AppData/Local/Temp/fairpane-fileset-srWWP3/license.txt: 42 bytes, SHA-256 10e594c5d29a2f7e3a551fde5c24691ee6185ce2baa16ece09d5258314388acd
ok 124 - FP-0013 case 53: overlapping, inconsistent, symbolic-link, case-folded, oversized, corrupt, and drive-letter archives fail before any member is written
Stored file:///C:/Users/requi/AppData/Local/Temp/fairpane-fileset-qXwS40/UCD.zip: 536 bytes, SHA-256 02e0118fdad0dedbcb75b98a76f4893d9b45c5e4c8169b991db306edeb7aae1c
Stored file:///C:/Users/requi/AppData/Local/Temp/fairpane-fileset-qXwS40/license.txt: 42 bytes, SHA-256 10e594c5d29a2f7e3a551fde5c24691ee6185ce2baa16ece09d5258314388acd
Inventory of ucd: 3 file members, 649 bytes, SHA-256 b79ac400339307bed36d3f32a38dab2fcf4b0f3925079b30beb0db92418ccf99
Published file:///C:/Users/requi/AppData/Local/Temp/fairpane-fileset-qXwS40/published/Scripts.txt equals member Scripts.txt.
Stored file:///C:/Users/requi/AppData/Local/Temp/fairpane-fileset-qXwS40/UCD.zip: 35 bytes, SHA-256 1dc83a4d0c719dfd9e45daeb5c0574afb5f10e59a66a1c29df301146cf0432ec
Stored file:///C:/Users/requi/AppData/Local/Temp/fairpane-fileset-6DntXc/UCD.zip: 35 bytes, SHA-256 1dc83a4d0c719dfd9e45daeb5c0574afb5f10e59a66a1c29df301146cf0432ec
Stored file:///C:/Users/requi/AppData/Local/Temp/fairpane-fileset-6DntXc/license.txt: 42 bytes, SHA-256 10e594c5d29a2f7e3a551fde5c24691ee6185ce2baa16ece09d5258314388acd
ok 125 - FP-0013 case 54: a fetch compares every known digest before parsing a source
Download https://github.com/a
Redirect to https://github.com/b
Stored https://github.com/a: 4 bytes, SHA-256 230d8358dc8e8890b4c58deeb62912ee2f20357ae92a5cc861b98e68fe31acb5
Download https://www.unicode.org/a
Download https://github.com/a
Download https://example.org/a
Download https://raw.githubusercontent.com/a
ok 126 - FP-0013 case 54: downloads follow redirects manually on allowlisted HTTPS hosts and stop at their size limit
Stored file:///C:/Users/requi/AppData/Local/Temp/fairpane-fileset-yCuqkP/UCD.zip: 536 bytes, SHA-256 02e0118fdad0dedbcb75b98a76f4893d9b45c5e4c8169b991db306edeb7aae1c
Stored file:///C:/Users/requi/AppData/Local/Temp/fairpane-fileset-yCuqkP/license.txt: 42 bytes, SHA-256 10e594c5d29a2f7e3a551fde5c24691ee6185ce2baa16ece09d5258314388acd
Inventory of ucd: 3 file members, 649 bytes, SHA-256 b79ac400339307bed36d3f32a38dab2fcf4b0f3925079b30beb0db92418ccf99
Published file:///C:/Users/requi/AppData/Local/Temp/fairpane-fileset-yCuqkP/published/Scripts.txt equals member Scripts.txt.
Stored file:///C:/Users/requi/AppData/Local/Temp/fairpane-fileset-yCuqkP/UCD.zip: 536 bytes, SHA-256 02e0118fdad0dedbcb75b98a76f4893d9b45c5e4c8169b991db306edeb7aae1c
Stored file:///C:/Users/requi/AppData/Local/Temp/fairpane-fileset-yCuqkP/license.txt: 42 bytes, SHA-256 10e594c5d29a2f7e3a551fde5c24691ee6185ce2baa16ece09d5258314388acd
Inventory of ucd: 3 file members, 649 bytes, SHA-256 b79ac400339307bed36d3f32a38dab2fcf4b0f3925079b30beb0db92418ccf99
Published file:///C:/Users/requi/AppData/Local/Temp/fairpane-fileset-yCuqkP/published/Scripts.txt equals member Scripts.txt.
Stored file:///C:/Users/requi/AppData/Local/Temp/fairpane-fileset-yCuqkP/UCD.zip: 536 bytes, SHA-256 02e0118fdad0dedbcb75b98a76f4893d9b45c5e4c8169b991db306edeb7aae1c
Stored file:///C:/Users/requi/AppData/Local/Temp/fairpane-fileset-yCuqkP/license.txt: 42 bytes, SHA-256 10e594c5d29a2f7e3a551fde5c24691ee6185ce2baa16ece09d5258314388acd
Inventory of ucd: 3 file members, 649 bytes, SHA-256 b79ac400339307bed36d3f32a38dab2fcf4b0f3925079b30beb0db92418ccf99
Published file:///C:/Users/requi/AppData/Local/Temp/fairpane-fileset-yCuqkP/published/Scripts.txt equals member Scripts.txt.
Stored file:///C:/Users/requi/AppData/Local/Temp/fairpane-fileset-yCuqkP/UCD.zip: 536 bytes, SHA-256 02e0118fdad0dedbcb75b98a76f4893d9b45c5e4c8169b991db306edeb7aae1c
Stored file:///C:/Users/requi/AppData/Local/Temp/fairpane-fileset-yCuqkP/license.txt: 42 bytes, SHA-256 10e594c5d29a2f7e3a551fde5c24691ee6185ce2baa16ece09d5258314388acd
Inventory of ucd: 3 file members, 649 bytes, SHA-256 b79ac400339307bed36d3f32a38dab2fcf4b0f3925079b30beb0db92418ccf99
Published file:///C:/Users/requi/AppData/Local/Temp/fairpane-fileset-yCuqkP/published/Scripts.txt equals member Scripts.txt.
Stored file:///C:/Users/requi/AppData/Local/Temp/fairpane-fileset-yCuqkP/UCD.zip: 536 bytes, SHA-256 02e0118fdad0dedbcb75b98a76f4893d9b45c5e4c8169b991db306edeb7aae1c
Stored file:///C:/Users/requi/AppData/Local/Temp/fairpane-fileset-yCuqkP/license.txt: 42 bytes, SHA-256 10e594c5d29a2f7e3a551fde5c24691ee6185ce2baa16ece09d5258314388acd
Inventory of ucd: 3 file members, 649 bytes, SHA-256 b79ac400339307bed36d3f32a38dab2fcf4b0f3925079b30beb0db92418ccf99
Published file:///C:/Users/requi/AppData/Local/Temp/fairpane-fileset-yCuqkP/published/Scripts.txt equals member Scripts.txt.
Stored file:///C:/Users/requi/AppData/Local/Temp/fairpane-fileset-yCuqkP/UCD.zip: 536 bytes, SHA-256 02e0118fdad0dedbcb75b98a76f4893d9b45c5e4c8169b991db306edeb7aae1c
Stored file:///C:/Users/requi/AppData/Local/Temp/fairpane-fileset-yCuqkP/license.txt: 42 bytes, SHA-256 10e594c5d29a2f7e3a551fde5c24691ee6185ce2baa16ece09d5258314388acd
Inventory of ucd: 3 file members, 649 bytes, SHA-256 b79ac400339307bed36d3f32a38dab2fcf4b0f3925079b30beb0db92418ccf99
Published file:///C:/Users/requi/AppData/Local/Temp/fairpane-fileset-yCuqkP/published/Scripts.txt equals member Scripts.txt.
Stored file:///C:/Users/requi/AppData/Local/Temp/fairpane-fileset-yCuqkP/UCD.zip: 536 bytes, SHA-256 02e0118fdad0dedbcb75b98a76f4893d9b45c5e4c8169b991db306edeb7aae1c
Stored file:///C:/Users/requi/AppData/Local/Temp/fairpane-fileset-yCuqkP/license.txt: 42 bytes, SHA-256 10e594c5d29a2f7e3a551fde5c24691ee6185ce2baa16ece09d5258314388acd
Inventory of ucd: 3 file members, 649 bytes, SHA-256 b79ac400339307bed36d3f32a38dab2fcf4b0f3925079b30beb0db92418ccf99
Published file:///C:/Users/requi/AppData/Local/Temp/fairpane-fileset-yCuqkP/published/Scripts.txt equals member Scripts.txt.
Stored file:///C:/Users/requi/AppData/Local/Temp/fairpane-fileset-yCuqkP/UCD.zip: 536 bytes, SHA-256 02e0118fdad0dedbcb75b98a76f4893d9b45c5e4c8169b991db306edeb7aae1c
Stored file:///C:/Users/requi/AppData/Local/Temp/fairpane-fileset-yCuqkP/license.txt: 42 bytes, SHA-256 10e594c5d29a2f7e3a551fde5c24691ee6185ce2baa16ece09d5258314388acd
Inventory of ucd: 3 file members, 649 bytes, SHA-256 b79ac400339307bed36d3f32a38dab2fcf4b0f3925079b30beb0db92418ccf99
Published file:///C:/Users/requi/AppData/Local/Temp/fairpane-fileset-yCuqkP/published/Scripts.txt equals member Scripts.txt.
Stored file:///C:/Users/requi/AppData/Local/Temp/fairpane-fileset-yCuqkP/UCD.zip: 536 bytes, SHA-256 02e0118fdad0dedbcb75b98a76f4893d9b45c5e4c8169b991db306edeb7aae1c
Stored file:///C:/Users/requi/AppData/Local/Temp/fairpane-fileset-yCuqkP/license.txt: 42 bytes, SHA-256 10e594c5d29a2f7e3a551fde5c24691ee6185ce2baa16ece09d5258314388acd
Inventory of ucd: 3 file members, 649 bytes, SHA-256 b79ac400339307bed36d3f32a38dab2fcf4b0f3925079b30beb0db92418ccf99
Published file:///C:/Users/requi/AppData/Local/Temp/fairpane-fileset-yCuqkP/published/Scripts.txt equals member Scripts.txt.
Stored file:///C:/Users/requi/AppData/Local/Temp/fairpane-fileset-yCuqkP/UCD.zip: 536 bytes, SHA-256 02e0118fdad0dedbcb75b98a76f4893d9b45c5e4c8169b991db306edeb7aae1c
Stored file:///C:/Users/requi/AppData/Local/Temp/fairpane-fileset-yCuqkP/license.txt: 42 bytes, SHA-256 10e594c5d29a2f7e3a551fde5c24691ee6185ce2baa16ece09d5258314388acd
Inventory of ucd: 3 file members, 649 bytes, SHA-256 b79ac400339307bed36d3f32a38dab2fcf4b0f3925079b30beb0db92418ccf99
Published file:///C:/Users/requi/AppData/Local/Temp/fairpane-fileset-yCuqkP/published/Scripts.txt equals member Scripts.txt.
Stored file:///C:/Users/requi/AppData/Local/Temp/fairpane-fileset-yCuqkP/UCD.zip: 536 bytes, SHA-256 02e0118fdad0dedbcb75b98a76f4893d9b45c5e4c8169b991db306edeb7aae1c
Stored file:///C:/Users/requi/AppData/Local/Temp/fairpane-fileset-yCuqkP/license.txt: 42 bytes, SHA-256 10e594c5d29a2f7e3a551fde5c24691ee6185ce2baa16ece09d5258314388acd
Inventory of ucd: 3 file members, 649 bytes, SHA-256 b79ac400339307bed36d3f32a38dab2fcf4b0f3925079b30beb0db92418ccf99
Published file:///C:/Users/requi/AppData/Local/Temp/fairpane-fileset-yCuqkP/published/Scripts.txt equals member Scripts.txt.
Stored file:///C:/Users/requi/AppData/Local/Temp/fairpane-fileset-yCuqkP/UCD.zip: 536 bytes, SHA-256 02e0118fdad0dedbcb75b98a76f4893d9b45c5e4c8169b991db306edeb7aae1c
Stored file:///C:/Users/requi/AppData/Local/Temp/fairpane-fileset-yCuqkP/license.txt: 42 bytes, SHA-256 10e594c5d29a2f7e3a551fde5c24691ee6185ce2baa16ece09d5258314388acd
Inventory of ucd: 3 file members, 649 bytes, SHA-256 b79ac400339307bed36d3f32a38dab2fcf4b0f3925079b30beb0db92418ccf99
Published file:///C:/Users/requi/AppData/Local/Temp/fairpane-fileset-yCuqkP/published/Scripts.txt equals member Scripts.txt.
Stored file:///C:/Users/requi/AppData/Local/Temp/fairpane-fileset-yCuqkP/UCD.zip: 536 bytes, SHA-256 02e0118fdad0dedbcb75b98a76f4893d9b45c5e4c8169b991db306edeb7aae1c
Stored file:///C:/Users/requi/AppData/Local/Temp/fairpane-fileset-yCuqkP/license.txt: 42 bytes, SHA-256 10e594c5d29a2f7e3a551fde5c24691ee6185ce2baa16ece09d5258314388acd
Inventory of ucd: 3 file members, 649 bytes, SHA-256 b79ac400339307bed36d3f32a38dab2fcf4b0f3925079b30beb0db92418ccf99
Published file:///C:/Users/requi/AppData/Local/Temp/fairpane-fileset-yCuqkP/published/Scripts.txt equals member Scripts.txt.
Stored file:///C:/Users/requi/AppData/Local/Temp/fairpane-fileset-yCuqkP/UCD.zip: 536 bytes, SHA-256 02e0118fdad0dedbcb75b98a76f4893d9b45c5e4c8169b991db306edeb7aae1c
Stored file:///C:/Users/requi/AppData/Local/Temp/fairpane-fileset-yCuqkP/license.txt: 42 bytes, SHA-256 10e594c5d29a2f7e3a551fde5c24691ee6185ce2baa16ece09d5258314388acd
Inventory of ucd: 3 file members, 649 bytes, SHA-256 b79ac400339307bed36d3f32a38dab2fcf4b0f3925079b30beb0db92418ccf99
Published file:///C:/Users/requi/AppData/Local/Temp/fairpane-fileset-yCuqkP/published/Scripts.txt equals member Scripts.txt.
ok 127 - FP-0013 case 54: a failure injected at each write step leaves every previous file, the source directory, and the record unchanged
Verified 4 installed fontTools files against the RECORD of C:\Users\requi\AppData\Local\Temp\fairpane-fileset-3gZ2zq\.tools\downloads\fonttools-4.66.1-py3-none-any.whl.
ok 128 - FP-0013 case 55: corpus-derive refuses a fontTools installation with one changed file
ok 129 - FP-0013 case 55: the Python child process sees PYTHONSAFEPATH=1, no other PYTHON* variable, and the staging directory
ok 130 - FP-0013 case 55: sfntCopyright stops at the first name record and checks the name table header length
Stored file:///C:/Users/requi/AppData/Local/Temp/fairpane-fileset-F5SVQc/UCD.zip: 536 bytes, SHA-256 02e0118fdad0dedbcb75b98a76f4893d9b45c5e4c8169b991db306edeb7aae1c
Stored file:///C:/Users/requi/AppData/Local/Temp/fairpane-fileset-F5SVQc/license.txt: 42 bytes, SHA-256 10e594c5d29a2f7e3a551fde5c24691ee6185ce2baa16ece09d5258314388acd
Inventory of ucd: 3 file members, 649 bytes, SHA-256 b79ac400339307bed36d3f32a38dab2fcf4b0f3925079b30beb0db92418ccf99
Published file:///C:/Users/requi/AppData/Local/Temp/fairpane-fileset-F5SVQc/published/Scripts.txt equals member Scripts.txt.
ok 131 - FP-0052 case 6: of two fetches of one file set started together, one passes and one fails on the lock
ok 132 - FP-0079 case 1: the committed Rust lock pins the frozen 1.99.0 artifacts
ok 133 - FP-0079 case 2: the Rust lock validator rejects every malformed field
ok 134 - FP-0079 case 3: rust-toolchain.toml names the locked version
ok 135 - FP-0079 case 4: rust-lock-verify compares the lock with the manifest's signed entries
ok 136 - FP-0079 case 5: the archive reader accepts only regular files, directories, and GNU long names inside the root
ok 137 - FP-0079 case 6: a component installs exactly what its manifest.in lists
ok 138 - FP-0079 case 7: install-rust verifies, stages, checks, and then installs, and leaves nothing behind on failure
ok 139 - FP-0079 case 8: the version checks accept only the locked release, commit, and host
ok 140 - FP-0079 case 9: the controller documents and exposes the Rust commands
ok 141 - FP-0079 case 10: the toolchain documents and declarations record the pin
ok 142 - 15: release-check still exits with status 1
ok 143 - A successful command records its actual output
ok 144 - A nonzero child exit remains a failure
ok 145 - A missing executable produces an error record
ok 146 - A hung child reaches its watchdog and cannot pass
ok 147 - Command arguments do not execute through a shell
ok 148 - A real local gate produces a checkable unsigned receipt
ok 149 - Changed source makes a previous receipt stale
ok 150 - Changed evidence output invalidates a receipt
ok 151 - Changed gate definitions invalidate old receipts
ok 152 - A local receipt cannot upgrade its own trust label
ok 153 - A receipt without command records cannot pass
ok 154 - A receipt without output artifacts cannot pass
ok 155 - A failed command cannot hide behind a pass label
ok 156 - A command failure produces a failed gate receipt
ok 157 - A missing compiler produces a failed gate receipt
ok 158 - Input changes during execution produce a failed gate receipt
ok 159 - A removed input still produces a failed gate receipt
ok 160 - Unknown gates fail before execution
ok 161 - FP-0098 case 1: a timed-out gate lists its live descendants before it stops them
ok 162 - FP-0098 case 2: a failed listing is named in the log, and the gate still stops the command and fails
ok 163 - FP-0098 case 3: an ordinary pass or fail gate record has no timeout section and is not timed out
ok 164 - FP-0098 revision 1 case 2: a command that ends during the timeout listing gets a line that says so, and its descendants stop
ok 165 - Evidence paths cannot escape their approved roots
ok 166 - A gate writes a checkable receipt under an approved evidence directory
ok 167 - An unapproved evidence directory fails before any gate command runs
ok 168 - Environment overrides reach the child and its command record
ok 169 - Executable resolution follows PATH order
ok 170 - A recorded command keeps its output, exit status, and resolved executable
ok 171 - Command records carry the working directory and start time
ok 172 - An unwritable log yields a failed result instead of an exception
ok 173 - A failed output copy is recorded and its capture directory is removed
ok 174 - Standard error output reaches the log
ok 175 - A completed command leaves no capture directory
ok 176 - Executable resolution never searches the process working directory
ok 177 - A bare executable name is logged as its resolved absolute path
ok 178 - A rejected record path writes nothing
ok 179 - The controller rejects malformed run and record arguments
ok 180 - Only Zig and C ABI gates receive the repository-local compiler cache
ok 181 - A capture-start failure writes a RESULT line, closes the log, and returns an error result
ok 182 - A failed RESULT write returns an error result instead of throwing
ok 183 - A spawn error and a capture error both remain in the result
ok 184 - runGate writes nothing when its evidence directory fails validation
ok 185 - A short write to the log produces an error result
ok 186 - A failed capture-directory removal appears in the command record
ok 187 - FP-0054 case 6: A busy capture directory is removed on a later attempt
ok 188 - FP-0054 case 6: a capture directory that stays busy records the last failure after waiting between attempts
ok 189 - FP-0054 case 6: a capture-directory removal error with a non-transient code gets one attempt
ok 190 - FP-0054 revision 1 case 6: a capture-directory removal error without a code gets one attempt
ok 191 - FP-0054 case 6: lastResult asserts that a RESULT line exists before it parses one
ok 192 - started_at in every command record is a canonical UTC ISO 8601 timestamp
ok 193 - The mutation control runs an unmutated baseline first and records each killed test name and message
ok 194 - The inventory of a fixture commit equals a hand-computed canonical listing digest
ok 195 - The inventory ignores working-tree files and core.autocrlf
ok 196 - A changed blob, an added file, a removed file, and a renamed file each change the inventory digest
ok 197 - Paths with spaces, non-ASCII bytes, and tabs keep their exact bytes through NUL-separated parsing
ok 198 - A symbolic link entry hashes its target text, and a submodule entry records its commit ID
ok 199 - corpus-verify fails for a missing snapshot, a missing record, a wrong commit, a wrong tree, and a wrong inventory digest
ok 200 - Applicability validation rejects negative counts, non-integer counts, inconsistent sums, and exclusions without reasons
ok 201 - Snapshot record validation rejects a non-40-hex commit, a missing license digest, and a missing inventory digest
ok 202 - Verification fails when the license digest, the commit date, or an applicability count differs from its record
ok 203 - corpus-verify exits with status 1 through the controller command on an inventory digest mismatch
ok 204 - A replace ref that substitutes the recorded commit cannot make verification pass
ok 205 - A tree path that contains a line feed fails the inventory
ok 206 - WPT counting of a fixture manifest reports per-type counts, excludes support, spec, and test262 from discovery, and reports test262 separately
Download http://127.0.0.1:58367/api/manifest?sha=4eab98b4627dffd16ff86c9917edc3b4782456fc
x-wpt-sha 4eab98b4627dffd16ff86c9917edc3b4782456fc, 39 bytes, SHA-256 286b38dc90e1e0bfb32af690dc90614de0e1eb74867910c21913f3079be79789
Download http://127.0.0.1:58367/api/manifest?sha=4eab98b4627dffd16ff86c9917edc3b4782456fc
ok 207 - A fixture manifest with a path that the tree lacks, or with a hash that differs from the blob ID, fails binding
ok 208 - A pinned revision in a fixture corpora.json makes verification fail for a snapshot at another commit, inventory digest, or manifest digest
ok 209 - Test262 discovery excludes a file named a_FIXTURE_b.js and a file named x_FIXTURE.js
ok 210 - A fixture manifest with test262 items under the vendored tests, the vendored harness, and infrastructure/test262/ counts only the infrastructure item and reports the others by path
ok 211 - A manifest without test items fails binding, and an applicability record with zero discovered tests fails validation
ok 212 - FP-0082 case 18: corpus-extract writes exactly the test/ and harness/ blobs and features.txt, and an EXTRACT.json record
ok 213 - FP-0082 case 18: corpus-extract refuses a non-empty output directory, a directory outside out/, and an absent commit
ok 214 - FP-0082 case 18: the shared path rule rejects empty, ".", and ".." components, and extraction rejects other modes
ok 215 - FP-0082 case 18: corpus-extract rejects a stored blob whose content does not hash to its tree object ID
ok 216 - FP-0082 case 18: the shared path rule gives each reason, and null for ordinary paths
ok 217 - FP-0082 case 18: the shared path rule gives the earlier reason for a path with the defects of two adjacent rules
not ok 218 - FP-0082 case 18: corpus-extract refuses test/language/A.js beside test/language/a.js before it creates the output directory
  ---
  message: "Expected values to be strictly deep-equal:\n+ actual - expected\n\n  Comparison {\n+   message: \"EEXIST: file already exists, open 'C:\\\\Users\\\\requi\\\\AppData\\\\Local\\\\Temp\\\\fairpane-controller-baJZsj\\\\out\\\\letter-case\\\\test\\\\language\\\\a.js'\"\n-   message: 'test/language/a.js differs from test/language/A.js only in letter case.'\n  }\n"
  ...
not ok 219 - FP-0082 case 18: corpus-extract refuses test/Language/b.js beside test/language/a.js before it creates the output directory
  ---
  message: "Missing expected rejection."
  ...
ok 220 - FP-0082 case 18: corpus-extract refuses the tree path "test/..\\..\\..\\x.js", which has a backslash, and writes nothing
ok 221 - FP-0082 case 18: corpus-extract refuses the tree path "test/a:b.js", which has a colon, and writes nothing
ok 222 - FP-0082 case 18: corpus-extract refuses the tree path "test/a\u0001b.js", which has a control character, and writes nothing
ok 223 - FP-0082 case 18: corpus-extract refuses the tree path "test/dir./x.js", which has a path component that ends in "." or a space, and writes nothing
ok 224 - FP-0082 case 18: corpus-extract refuses the tree path "test/x.js ", which has a path component that ends in "." or a space, and writes nothing
ok 225 - FP-0082 case 18: corpus-extract refuses the tree path "test/CON.js", which has a reserved Windows device name, and writes nothing
ok 226 - FP-0082 case 18: corpus-extract refuses the tree path "test/aux/x.js", which has a reserved Windows device name, and writes nothing
ok 227 - FP-0082 case 18: corpus-extract refuses the tree path "test/Com1.txt.js", which has a reserved Windows device name, and writes nothing
ok 228 - FP-0082 case 18: corpus-extract refuses an altered tree object through the inventory and writes nothing
ok 229 - FP-0082 case 18: corpus-extract refuses a snapshot record whose tree differs from the commit and writes nothing
Git: C:\Program Files\Git\cmd\git.exe (git version 2.54.0.windows.1)
Pinned commit cc0f937227cc7d5ae867e8000069b258e8a4a91d from specs/corpora.json.
Run ["C:\\Program Files\\Git\\cmd\\git.exe","--no-replace-objects","ls-remote","--symref","file:///C:/Users/requi/AppData/Local/Temp/fairpane-controller-HCNoY3","HEAD"]
ref: refs/heads/main	HEAD
8895bafe72a888c3b313a5445f281a68f01b1822	HEAD
Run ["C:\\Program Files\\Git\\cmd\\git.exe","--no-replace-objects","init","--bare","--quiet","C:\\Users\\requi\\AppData\\Local\\Temp\\fairpane-controller-G2nHpO\\test262.fetch\\repository.git"]
Run ["C:\\Program Files\\Git\\cmd\\git.exe","--no-replace-objects","--git-dir=C:\\Users\\requi\\AppData\\Local\\Temp\\fairpane-controller-G2nHpO\\test262.fetch\\repository.git","-c","fetch.fsckObjects=true","-c","transfer.fsckObjects=true","-c","protocol.version=2","fetch","--depth=1","--no-tags","--no-write-fetch-head","file:///C:/Users/requi/AppData/Local/Temp/fairpane-controller-HCNoY3","+cc0f937227cc7d5ae867e8000069b258e8a4a91d:refs/heads/main"]
From file:///C:/Users/requi/AppData/Local/Temp/fairpane-controller-HCNoY3
 * [new ref]         cc0f937227cc7d5ae867e8000069b258e8a4a91d -> main
Git: C:\Program Files\Git\cmd\git.exe (git version 2.54.0.windows.1)
Pinned commit cc0f937227cc7d5ae867e8000069b258e8a4a91d from specs/snapshots/test262.json.
Run ["C:\\Program Files\\Git\\cmd\\git.exe","--no-replace-objects","ls-remote","--symref","file:///C:/Users/requi/AppData/Local/Temp/fairpane-controller-HCNoY3","HEAD"]
ref: refs/heads/main	HEAD
8895bafe72a888c3b313a5445f281a68f01b1822	HEAD
Run ["C:\\Program Files\\Git\\cmd\\git.exe","--no-replace-objects","init","--bare","--quiet","C:\\Users\\requi\\AppData\\Local\\Temp\\fairpane-controller-G2nHpO\\test262.fetch\\repository.git"]
Run ["C:\\Program Files\\Git\\cmd\\git.exe","--no-replace-objects","--git-dir=C:\\Users\\requi\\AppData\\Local\\Temp\\fairpane-controller-G2nHpO\\test262.fetch\\repository.git","-c","fetch.fsckObjects=true","-c","transfer.fsckObjects=true","-c","protocol.version=2","fetch","--depth=1","--no-tags","--no-write-fetch-head","file:///C:/Users/requi/AppData/Local/Temp/fairpane-controller-HCNoY3","+cc0f937227cc7d5ae867e8000069b258e8a4a91d:refs/heads/main"]
From file:///C:/Users/requi/AppData/Local/Temp/fairpane-controller-HCNoY3
 * [new ref]         cc0f937227cc7d5ae867e8000069b258e8a4a91d -> main
ok 230 - corpus-fetch against a local fixture upstream fetches the pinned commit after the upstream branch moves
Git: C:\Program Files\Git\cmd\git.exe (git version 2.54.0.windows.1)
Pinned commit cc0f937227cc7d5ae867e8000069b258e8a4a91d from specs/corpora.json.
Run ["C:\\Program Files\\Git\\cmd\\git.exe","--no-replace-objects","ls-remote","--symref","file:///C:/Users/requi/AppData/Local/Temp/fairpane-controller-XyDGje","HEAD"]
ref: refs/heads/main	HEAD
cc0f937227cc7d5ae867e8000069b258e8a4a91d	HEAD
Run ["C:\\Program Files\\Git\\cmd\\git.exe","--no-replace-objects","init","--bare","--quiet","C:\\Users\\requi\\AppData\\Local\\Temp\\fairpane-controller-nsPPZJ\\test262.fetch\\repository.git"]
Run ["C:\\Program Files\\Git\\cmd\\git.exe","--no-replace-objects","--git-dir=C:\\Users\\requi\\AppData\\Local\\Temp\\fairpane-controller-nsPPZJ\\test262.fetch\\repository.git","-c","fetch.fsckObjects=true","-c","transfer.fsckObjects=true","-c","protocol.version=2","fetch","--depth=1","--no-tags","--no-write-fetch-head","file:///C:/Users/requi/AppData/Local/Temp/fairpane-controller-XyDGje","+cc0f937227cc7d5ae867e8000069b258e8a4a91d:refs/heads/main"]
From file:///C:/Users/requi/AppData/Local/Temp/fairpane-controller-XyDGje
 * [new ref]         cc0f937227cc7d5ae867e8000069b258e8a4a91d -> main
Git: C:\Program Files\Git\cmd\git.exe (git version 2.54.0.windows.1)
Pinned commit cc0f937227cc7d5ae867e8000069b258e8a4a91d from specs/corpora.json.
Run ["C:\\Program Files\\Git\\cmd\\git.exe","--no-replace-objects","ls-remote","--symref","file:///C:/Users/requi/AppData/Local/Temp/fairpane-controller-XyDGje","HEAD"]
ref: refs/heads/main	HEAD
cc0f937227cc7d5ae867e8000069b258e8a4a91d	HEAD
Run ["C:\\Program Files\\Git\\cmd\\git.exe","--no-replace-objects","init","--bare","--quiet","C:\\Users\\requi\\AppData\\Local\\Temp\\fairpane-controller-nsPPZJ\\test262.fetch\\repository.git"]
Run ["C:\\Program Files\\Git\\cmd\\git.exe","--no-replace-objects","--git-dir=C:\\Users\\requi\\AppData\\Local\\Temp\\fairpane-controller-nsPPZJ\\test262.fetch\\repository.git","-c","fetch.fsckObjects=true","-c","transfer.fsckObjects=true","-c","protocol.version=2","fetch","--depth=1","--no-tags","--no-write-fetch-head","file:///C:/Users/requi/AppData/Local/Temp/fairpane-controller-XyDGje","+cc0f937227cc7d5ae867e8000069b258e8a4a91d:refs/heads/main"]
From file:///C:/Users/requi/AppData/Local/Temp/fairpane-controller-XyDGje
 * [new ref]         cc0f937227cc7d5ae867e8000069b258e8a4a91d -> main
Git: C:\Program Files\Git\cmd\git.exe (git version 2.54.0.windows.1)
Pinned commit cc0f937227cc7d5ae867e8000069b258e8a4a91d from specs/corpora.json.
Run ["C:\\Program Files\\Git\\cmd\\git.exe","--no-replace-objects","ls-remote","--symref","file:///C:/Users/requi/AppData/Local/Temp/fairpane-controller-XyDGje","HEAD"]
ref: refs/heads/main	HEAD
cc0f937227cc7d5ae867e8000069b258e8a4a91d	HEAD
Run ["C:\\Program Files\\Git\\cmd\\git.exe","--no-replace-objects","init","--bare","--quiet","C:\\Users\\requi\\AppData\\Local\\Temp\\fairpane-controller-nsPPZJ\\test262.fetch\\repository.git"]
Run ["C:\\Program Files\\Git\\cmd\\git.exe","--no-replace-objects","--git-dir=C:\\Users\\requi\\AppData\\Local\\Temp\\fairpane-controller-nsPPZJ\\test262.fetch\\repository.git","-c","fetch.fsckObjects=true","-c","transfer.fsckObjects=true","-c","protocol.version=2","fetch","--depth=1","--no-tags","--no-write-fetch-head","file:///C:/Users/requi/AppData/Local/Temp/fairpane-controller-XyDGje","+cc0f937227cc7d5ae867e8000069b258e8a4a91d:refs/heads/main"]
From file:///C:/Users/requi/AppData/Local/Temp/fairpane-controller-XyDGje
 * [new ref]         cc0f937227cc7d5ae867e8000069b258e8a4a91d -> main
ok 231 - A fetched snapshot whose record differs from its pin leaves the existing snapshot and record unchanged
Git: C:\Program Files\Git\cmd\git.exe (git version 2.54.0.windows.1)
Pinned commit cc0f937227cc7d5ae867e8000069b258e8a4a91d from specs/corpora.json.
Run ["C:\\Program Files\\Git\\cmd\\git.exe","--no-replace-objects","ls-remote","--symref","file:///C:/Users/requi/AppData/Local/Temp/fairpane-controller-nJMX7i","HEAD"]
ref: refs/heads/main	HEAD
cc0f937227cc7d5ae867e8000069b258e8a4a91d	HEAD
Run ["C:\\Program Files\\Git\\cmd\\git.exe","--no-replace-objects","init","--bare","--quiet","C:\\Users\\requi\\AppData\\Local\\Temp\\fairpane-controller-KNIA0v\\test262.fetch\\repository.git"]
Run ["C:\\Program Files\\Git\\cmd\\git.exe","--no-replace-objects","--git-dir=C:\\Users\\requi\\AppData\\Local\\Temp\\fairpane-controller-KNIA0v\\test262.fetch\\repository.git","-c","fetch.fsckObjects=true","-c","transfer.fsckObjects=true","-c","protocol.version=2","fetch","--depth=1","--no-tags","--no-write-fetch-head","file:///C:/Users/requi/AppData/Local/Temp/fairpane-controller-nJMX7i","+cc0f937227cc7d5ae867e8000069b258e8a4a91d:refs/heads/main"]
From file:///C:/Users/requi/AppData/Local/Temp/fairpane-controller-nJMX7i
 * [new ref]         cc0f937227cc7d5ae867e8000069b258e8a4a91d -> main
Git: C:\Program Files\Git\cmd\git.exe (git version 2.54.0.windows.1)
Run ["C:\\Program Files\\Git\\cmd\\git.exe","--no-replace-objects","ls-remote","--symref","file:///C:/Users/requi/AppData/Local/Temp/fairpane-controller-nJMX7i","HEAD"]
ref: refs/heads/main	HEAD
8895bafe72a888c3b313a5445f281a68f01b1822	HEAD
Run ["C:\\Program Files\\Git\\cmd\\git.exe","--no-replace-objects","init","--bare","--quiet","C:\\Users\\requi\\AppData\\Local\\Temp\\fairpane-controller-KNIA0v\\test262.fetch\\repository.git"]
Run ["C:\\Program Files\\Git\\cmd\\git.exe","--no-replace-objects","--git-dir=C:\\Users\\requi\\AppData\\Local\\Temp\\fairpane-controller-KNIA0v\\test262.fetch\\repository.git","-c","fetch.fsckObjects=true","-c","transfer.fsckObjects=true","-c","protocol.version=2","fetch","--depth=1","--no-tags","--no-write-fetch-head","file:///C:/Users/requi/AppData/Local/Temp/fairpane-controller-nJMX7i","+8895bafe72a888c3b313a5445f281a68f01b1822:refs/heads/main"]
From file:///C:/Users/requi/AppData/Local/Temp/fairpane-controller-nJMX7i
 * [new ref]         8895bafe72a888c3b313a5445f281a68f01b1822 -> main
ok 232 - corpus-repin against a local fixture upstream moves the snapshot to the new head and reports the pin differences
ok 233 - FP-0052 case 1: the system-directory resolver returns the System32 path and names SystemRoot when it cannot
# FP-0052 case 2 took 2160 ms.
ok 234 - FP-0052 case 2: a taskkill.exe in the working directory does not stop the watchdog from stopping a command
ok 235 - FP-0052 case 2, amendment 2: a host other than Node builds the stand-in from the Node on PATH and fails without one
ok 236 - FP-0052: a SystemRoot that cannot locate taskkill.exe fails runProcess on Windows before its command starts
Git: C:\Program Files\Git\cmd\git.exe (git version 2.54.0.windows.1)
Pinned commit cc0f937227cc7d5ae867e8000069b258e8a4a91d from specs/corpora.json.
Run ["C:\\Program Files\\Git\\cmd\\git.exe","--no-replace-objects","ls-remote","--symref","file:///C:/Users/requi/AppData/Local/Temp/fairpane-controller-ljsJra","HEAD"]
ref: refs/heads/main	HEAD
cc0f937227cc7d5ae867e8000069b258e8a4a91d	HEAD
Run ["C:\\Program Files\\Git\\cmd\\git.exe","--no-replace-objects","init","--bare","--quiet","C:\\Users\\requi\\AppData\\Local\\Temp\\fairpane-controller-xngTdo\\test262.fetch\\repository.git"]
Run ["C:\\Program Files\\Git\\cmd\\git.exe","--no-replace-objects","--git-dir=C:\\Users\\requi\\AppData\\Local\\Temp\\fairpane-controller-xngTdo\\test262.fetch\\repository.git","-c","fetch.fsckObjects=true","-c","transfer.fsckObjects=true","-c","protocol.version=2","fetch","--depth=1","--no-tags","--no-write-fetch-head","file:///C:/Users/requi/AppData/Local/Temp/fairpane-controller-ljsJra","+cc0f937227cc7d5ae867e8000069b258e8a4a91d:refs/heads/main"]
From file:///C:/Users/requi/AppData/Local/Temp/fairpane-controller-ljsJra
 * [new ref]         cc0f937227cc7d5ae867e8000069b258e8a4a91d -> main
Git: C:\Program Files\Git\cmd\git.exe (git version 2.54.0.windows.1)
Run ["C:\\Program Files\\Git\\cmd\\git.exe","--no-replace-objects","ls-remote","--symref","file:///C:/Users/requi/AppData/Local/Temp/fairpane-controller-ljsJra","HEAD"]
ref: refs/heads/main	HEAD
8895bafe72a888c3b313a5445f281a68f01b1822	HEAD
Run ["C:\\Program Files\\Git\\cmd\\git.exe","--no-replace-objects","init","--bare","--quiet","C:\\Users\\requi\\AppData\\Local\\Temp\\fairpane-controller-xngTdo\\test262.fetch\\repository.git"]
Run ["C:\\Program Files\\Git\\cmd\\git.exe","--no-replace-objects","--git-dir=C:\\Users\\requi\\AppData\\Local\\Temp\\fairpane-controller-xngTdo\\test262.fetch\\repository.git","-c","fetch.fsckObjects=true","-c","transfer.fsckObjects=true","-c","protocol.version=2","fetch","--depth=1","--no-tags","--no-write-fetch-head","file:///C:/Users/requi/AppData/Local/Temp/fairpane-controller-ljsJra","+8895bafe72a888c3b313a5445f281a68f01b1822:refs/heads/main"]
From file:///C:/Users/requi/AppData/Local/Temp/fairpane-controller-ljsJra
 * [new ref]         8895bafe72a888c3b313a5445f281a68f01b1822 -> main
Git: C:\Program Files\Git\cmd\git.exe (git version 2.54.0.windows.1)
Run ["C:\\Program Files\\Git\\cmd\\git.exe","--no-replace-objects","ls-remote","--symref","file:///C:/Users/requi/AppData/Local/Temp/fairpane-controller-ljsJra","HEAD"]
ref: refs/heads/main	HEAD
8895bafe72a888c3b313a5445f281a68f01b1822	HEAD
Run ["C:\\Program Files\\Git\\cmd\\git.exe","--no-replace-objects","init","--bare","--quiet","C:\\Users\\requi\\AppData\\Local\\Temp\\fairpane-controller-xngTdo\\test262.fetch\\repository.git"]
Run ["C:\\Program Files\\Git\\cmd\\git.exe","--no-replace-objects","--git-dir=C:\\Users\\requi\\AppData\\Local\\Temp\\fairpane-controller-xngTdo\\test262.fetch\\repository.git","-c","fetch.fsckObjects=true","-c","transfer.fsckObjects=true","-c","protocol.version=2","fetch","--depth=1","--no-tags","--no-write-fetch-head","file:///C:/Users/requi/AppData/Local/Temp/fairpane-controller-ljsJra","+8895bafe72a888c3b313a5445f281a68f01b1822:refs/heads/main"]
From file:///C:/Users/requi/AppData/Local/Temp/fairpane-controller-ljsJra
 * [new ref]         8895bafe72a888c3b313a5445f281a68f01b1822 -> main
Git: C:\Program Files\Git\cmd\git.exe (git version 2.54.0.windows.1)
Run ["C:\\Program Files\\Git\\cmd\\git.exe","--no-replace-objects","ls-remote","--symref","file:///C:/Users/requi/AppData/Local/Temp/fairpane-controller-ljsJra","HEAD"]
ref: refs/heads/main	HEAD
8895bafe72a888c3b313a5445f281a68f01b1822	HEAD
Run ["C:\\Program Files\\Git\\cmd\\git.exe","--no-replace-objects","init","--bare","--quiet","C:\\Users\\requi\\AppData\\Local\\Temp\\fairpane-controller-xngTdo\\test262.fetch\\repository.git"]
Run ["C:\\Program Files\\Git\\cmd\\git.exe","--no-replace-objects","--git-dir=C:\\Users\\requi\\AppData\\Local\\Temp\\fairpane-controller-xngTdo\\test262.fetch\\repository.git","-c","fetch.fsckObjects=true","-c","transfer.fsckObjects=true","-c","protocol.version=2","fetch","--depth=1","--no-tags","--no-write-fetch-head","file:///C:/Users/requi/AppData/Local/Temp/fairpane-controller-ljsJra","+8895bafe72a888c3b313a5445f281a68f01b1822:refs/heads/main"]
From file:///C:/Users/requi/AppData/Local/Temp/fairpane-controller-ljsJra
 * [new ref]         8895bafe72a888c3b313a5445f281a68f01b1822 -> main
Git: C:\Program Files\Git\cmd\git.exe (git version 2.54.0.windows.1)
Run ["C:\\Program Files\\Git\\cmd\\git.exe","--no-replace-objects","ls-remote","--symref","file:///C:/Users/requi/AppData/Local/Temp/fairpane-controller-ljsJra","HEAD"]
ref: refs/heads/main	HEAD
8895bafe72a888c3b313a5445f281a68f01b1822	HEAD
Run ["C:\\Program Files\\Git\\cmd\\git.exe","--no-replace-objects","init","--bare","--quiet","C:\\Users\\requi\\AppData\\Local\\Temp\\fairpane-controller-xngTdo\\test262.fetch\\repository.git"]
Run ["C:\\Program Files\\Git\\cmd\\git.exe","--no-replace-objects","--git-dir=C:\\Users\\requi\\AppData\\Local\\Temp\\fairpane-controller-xngTdo\\test262.fetch\\repository.git","-c","fetch.fsckObjects=true","-c","transfer.fsckObjects=true","-c","protocol.version=2","fetch","--depth=1","--no-tags","--no-write-fetch-head","file:///C:/Users/requi/AppData/Local/Temp/fairpane-controller-ljsJra","+8895bafe72a888c3b313a5445f281a68f01b1822:refs/heads/main"]
From file:///C:/Users/requi/AppData/Local/Temp/fairpane-controller-ljsJra
 * [new ref]         8895bafe72a888c3b313a5445f281a68f01b1822 -> main
Git: C:\Program Files\Git\cmd\git.exe (git version 2.54.0.windows.1)
Run ["C:\\Program Files\\Git\\cmd\\git.exe","--no-replace-objects","ls-remote","--symref","file:///C:/Users/requi/AppData/Local/Temp/fairpane-controller-ljsJra","HEAD"]
ref: refs/heads/main	HEAD
8895bafe72a888c3b313a5445f281a68f01b1822	HEAD
Run ["C:\\Program Files\\Git\\cmd\\git.exe","--no-replace-objects","init","--bare","--quiet","C:\\Users\\requi\\AppData\\Local\\Temp\\fairpane-controller-xngTdo\\test262.fetch\\repository.git"]
Run ["C:\\Program Files\\Git\\cmd\\git.exe","--no-replace-objects","--git-dir=C:\\Users\\requi\\AppData\\Local\\Temp\\fairpane-controller-xngTdo\\test262.fetch\\repository.git","-c","fetch.fsckObjects=true","-c","transfer.fsckObjects=true","-c","protocol.version=2","fetch","--depth=1","--no-tags","--no-write-fetch-head","file:///C:/Users/requi/AppData/Local/Temp/fairpane-controller-ljsJra","+8895bafe72a888c3b313a5445f281a68f01b1822:refs/heads/main"]
From file:///C:/Users/requi/AppData/Local/Temp/fairpane-controller-ljsJra
 * [new ref]         8895bafe72a888c3b313a5445f281a68f01b1822 -> main
ok 237 - FP-0052 case 3: a Git corpus repin that fails at any write step leaves the snapshot and the record unchanged
Git: C:\Program Files\Git\cmd\git.exe (git version 2.54.0.windows.1)
Pinned commit cc0f937227cc7d5ae867e8000069b258e8a4a91d from specs/corpora.json.
Run ["C:\\Program Files\\Git\\cmd\\git.exe","--no-replace-objects","ls-remote","--symref","file:///C:/Users/requi/AppData/Local/Temp/fairpane-controller-a3tMsA","HEAD"]
ref: refs/heads/main	HEAD
cc0f937227cc7d5ae867e8000069b258e8a4a91d	HEAD
Run ["C:\\Program Files\\Git\\cmd\\git.exe","--no-replace-objects","init","--bare","--quiet","C:\\Users\\requi\\AppData\\Local\\Temp\\fairpane-controller-M0iRsY\\test262.fetch\\repository.git"]
Run ["C:\\Program Files\\Git\\cmd\\git.exe","--no-replace-objects","--git-dir=C:\\Users\\requi\\AppData\\Local\\Temp\\fairpane-controller-M0iRsY\\test262.fetch\\repository.git","-c","fetch.fsckObjects=true","-c","transfer.fsckObjects=true","-c","protocol.version=2","fetch","--depth=1","--no-tags","--no-write-fetch-head","file:///C:/Users/requi/AppData/Local/Temp/fairpane-controller-a3tMsA","+cc0f937227cc7d5ae867e8000069b258e8a4a91d:refs/heads/main"]
From file:///C:/Users/requi/AppData/Local/Temp/fairpane-controller-a3tMsA
 * [new ref]         cc0f937227cc7d5ae867e8000069b258e8a4a91d -> main
Git: C:\Program Files\Git\cmd\git.exe (git version 2.54.0.windows.1)
Pinned commit 8895bafe72a888c3b313a5445f281a68f01b1822 from specs/corpora.json.
Run ["C:\\Program Files\\Git\\cmd\\git.exe","--no-replace-objects","ls-remote","--symref","file:///C:/Users/requi/AppData/Local/Temp/fairpane-controller-a3tMsA","HEAD"]
ref: refs/heads/main	HEAD
8895bafe72a888c3b313a5445f281a68f01b1822	HEAD
Run ["C:\\Program Files\\Git\\cmd\\git.exe","--no-replace-objects","init","--bare","--quiet","C:\\Users\\requi\\AppData\\Local\\Temp\\fairpane-controller-M0iRsY\\test262.fetch\\repository.git"]
Run ["C:\\Program Files\\Git\\cmd\\git.exe","--no-replace-objects","--git-dir=C:\\Users\\requi\\AppData\\Local\\Temp\\fairpane-controller-M0iRsY\\test262.fetch\\repository.git","-c","fetch.fsckObjects=true","-c","transfer.fsckObjects=true","-c","protocol.version=2","fetch","--depth=1","--no-tags","--no-write-fetch-head","file:///C:/Users/requi/AppData/Local/Temp/fairpane-controller-a3tMsA","+8895bafe72a888c3b313a5445f281a68f01b1822:refs/heads/main"]
From file:///C:/Users/requi/AppData/Local/Temp/fairpane-controller-a3tMsA
 * [new ref]         8895bafe72a888c3b313a5445f281a68f01b1822 -> main
ok 238 - FP-0052 case 4: a fetch that cannot remove the old snapshot after it replaces the record fails, and the new snapshot and record stay
Git: C:\Program Files\Git\cmd\git.exe (git version 2.54.0.windows.1)
Pinned commit cc0f937227cc7d5ae867e8000069b258e8a4a91d from specs/corpora.json.
Run ["C:\\Program Files\\Git\\cmd\\git.exe","--no-replace-objects","ls-remote","--symref","file:///C:/Users/requi/AppData/Local/Temp/fairpane-controller-K6PHqc","HEAD"]
ref: refs/heads/main	HEAD
cc0f937227cc7d5ae867e8000069b258e8a4a91d	HEAD
Run ["C:\\Program Files\\Git\\cmd\\git.exe","--no-replace-objects","init","--bare","--quiet","C:\\Users\\requi\\AppData\\Local\\Temp\\fairpane-controller-ZYnB5u\\test262.fetch\\repository.git"]
Run ["C:\\Program Files\\Git\\cmd\\git.exe","--no-replace-objects","--git-dir=C:\\Users\\requi\\AppData\\Local\\Temp\\fairpane-controller-ZYnB5u\\test262.fetch\\repository.git","-c","fetch.fsckObjects=true","-c","transfer.fsckObjects=true","-c","protocol.version=2","fetch","--depth=1","--no-tags","--no-write-fetch-head","file:///C:/Users/requi/AppData/Local/Temp/fairpane-controller-K6PHqc","+cc0f937227cc7d5ae867e8000069b258e8a4a91d:refs/heads/main"]
From file:///C:/Users/requi/AppData/Local/Temp/fairpane-controller-K6PHqc
 * [new ref]         cc0f937227cc7d5ae867e8000069b258e8a4a91d -> main
Git: C:\Program Files\Git\cmd\git.exe (git version 2.54.0.windows.1)
Pinned commit cc0f937227cc7d5ae867e8000069b258e8a4a91d from specs/corpora.json.
Run ["C:\\Program Files\\Git\\cmd\\git.exe","--no-replace-objects","ls-remote","--symref","file:///C:/Users/requi/AppData/Local/Temp/fairpane-controller-K6PHqc","HEAD"]
ref: refs/heads/main	HEAD
cc0f937227cc7d5ae867e8000069b258e8a4a91d	HEAD
ok 239 - FP-0052 case 5: a fetch fails while test262.lock exists and changes nothing
Git: C:\Program Files\Git\cmd\git.exe (git version 2.54.0.windows.1)
Pinned commit cc0f937227cc7d5ae867e8000069b258e8a4a91d from specs/corpora.json.
Run ["C:\\Program Files\\Git\\cmd\\git.exe","--no-replace-objects","ls-remote","--symref","file:///C:/Users/requi/AppData/Local/Temp/fairpane-controller-yNSGjR","HEAD"]
Git: C:\Program Files\Git\cmd\git.exe (git version 2.54.0.windows.1)
Pinned commit cc0f937227cc7d5ae867e8000069b258e8a4a91d from specs/corpora.json.
Run ["C:\\Program Files\\Git\\cmd\\git.exe","--no-replace-objects","ls-remote","--symref","file:///C:/Users/requi/AppData/Local/Temp/fairpane-controller-yNSGjR","HEAD"]
ref: refs/heads/main	HEAD
cc0f937227cc7d5ae867e8000069b258e8a4a91d	HEAD
Run ["C:\\Program Files\\Git\\cmd\\git.exe","--no-replace-objects","init","--bare","--quiet","C:\\Users\\requi\\AppData\\Local\\Temp\\fairpane-controller-ttKUPF\\test262.fetch\\repository.git"]
ref: refs/heads/main	HEAD
cc0f937227cc7d5ae867e8000069b258e8a4a91d	HEAD
Run ["C:\\Program Files\\Git\\cmd\\git.exe","--no-replace-objects","--git-dir=C:\\Users\\requi\\AppData\\Local\\Temp\\fairpane-controller-ttKUPF\\test262.fetch\\repository.git","-c","fetch.fsckObjects=true","-c","transfer.fsckObjects=true","-c","protocol.version=2","fetch","--depth=1","--no-tags","--no-write-fetch-head","file:///C:/Users/requi/AppData/Local/Temp/fairpane-controller-yNSGjR","+cc0f937227cc7d5ae867e8000069b258e8a4a91d:refs/heads/main"]
From file:///C:/Users/requi/AppData/Local/Temp/fairpane-controller-yNSGjR
 * [new ref]         cc0f937227cc7d5ae867e8000069b258e8a4a91d -> main
ok 240 - FP-0052 case 6: of two Git corpus fetches started together, one passes and one fails on the lock
ok 241 - The actual bootstrap repository passes its integrity check
1..241
# tests 241
# pass 239
# fail 2
# Scope: controller behavior only. No renderer or JavaScript conformance claim.
RESULT {"executable":"C:\\nvm4w\\nodejs\\node.exe","arguments":["tools/fairpane.mjs","test"],"cwd":"C:\\Users\\requi\\.omp\\wt\\ta289bd6b1\\m","started_at":"2026-10-09T18:22:23.684Z","exit_code":1,"signal":null,"timed_out":false,"error":null,"duration_ms":75873}

COMMAND ["C:\\Program Files\\Git\\cmd\\git.exe","apply","-R","engineering/evidence/FP-0082/raw/mutation-M16.diff"]
RESULT {"executable":"C:\\Program Files\\Git\\cmd\\git.exe","arguments":["apply","-R","engineering/evidence/FP-0082/raw/mutation-M16.diff"],"cwd":"C:\\Users\\requi\\.omp\\wt\\ta289bd6b1\\m","started_at":"2026-10-09T18:23:39.641Z","exit_code":0,"signal":null,"timed_out":false,"error":null,"duration_ms":25}

COMMAND ["C:\\Program Files\\Git\\cmd\\git.exe","hash-object","tools/corpus.mjs"]
c5a41a612e74f2f02835ef024c439cb2f05566fa
RESULT {"executable":"C:\\Program Files\\Git\\cmd\\git.exe","arguments":["hash-object","tools/corpus.mjs"],"cwd":"C:\\Users\\requi\\.omp\\wt\\ta289bd6b1\\m","started_at":"2026-10-09T18:23:39.737Z","exit_code":0,"signal":null,"timed_out":false,"error":null,"duration_ms":23}
