
COMMAND ["C:\\nvm4w\\nodejs\\node.exe","--version"]
v26.7.0
RESULT {"executable":"C:\\nvm4w\\nodejs\\node.exe","arguments":["--version"],"cwd":"C:\\Users\\requi\\.omp\\wt\\t64b25565c\\m","started_at":"2026-10-09T14:27:23.472Z","exit_code":0,"signal":null,"timed_out":false,"error":null,"duration_ms":17}

COMMAND ["C:\\nvm4w\\nodejs\\node.exe","engineering/evidence/FP-0082/raw/oracle-v8.mjs"]
case 6 E54: contract syntax error, V8 valid (allowed)
case 6 E55: contract syntax error, V8 valid (allowed)
case 6 E56: contract syntax error, V8 valid (allowed)
case 7 U1: V8 valid (information only)
case 7 U2: V8 valid (information only)
case 7 U3: V8 valid (information only)
case 7 U4: V8 valid (information only)
case 7 U5: V8 valid (information only)
case 7 U6: V8 valid (information only)
case 7 U7: V8 syntax error (information only)
case 7 U8: V8 valid (information only)
case 7 U9: V8 valid (information only)
case 7 U10: V8 valid (information only)
case 7 U11: V8 valid (information only)
case 7 U12: V8 valid (information only)
case 7 U13: V8 valid (information only)
case 7 U14: V8 valid (information only)
case 7 U15: V8 valid (information only)
case 7 U16: V8 valid (information only)
case 7 U17: V8 valid (information only)
case 7 U18: V8 valid (information only)
case 7 U19: V8 valid (information only)
case 7 U20: V8 valid (information only)
case 7 U21: V8 valid (information only)
case 7 U22: V8 valid (information only)
case 7 U23: V8 valid (information only)
case 7 U24: V8 valid (information only)
case 7 U25: V8 valid (information only)
case 7 U26: V8 valid (information only)
case 7 U27: V8 valid (information only)
case 7 U28: V8 valid (information only)
case 7 U29: V8 valid (information only)
case 7 U30: V8 valid (information only)
case 7 U31: V8 valid (information only)
case 7 U32 get: V8 valid (information only)
case 7 U32 set: V8 valid (information only)
case 7 U32 generator: V8 valid (information only)
case 7 U32 async: V8 valid (information only)
case 7 U33: V8 valid (information only)
case 7 U34: V8 valid (information only)
case 7 U35: V8 valid (information only)
case 7 U36: V8 valid (information only)
case 7 U37: V8 valid (information only)
case 7 U38: V8 valid (information only)
case 7 U39: V8 valid (information only)
case 7 U40: V8 valid (information only)
case 7 U41: V8 valid (information only)
case 7 U42 member: V8 valid (information only)
case 7 U42 index: V8 valid (information only)
case 7 U42 call: V8 valid (information only)
case 7 U43: V8 valid (information only)
case 7 U44 and: V8 valid (information only)
case 7 U44 coalesce: V8 valid (information only)
case 7 U44 or: V8 valid (information only)
case 7 U45: V8 valid (information only)
case 7 U46: V8 syntax error (information only)
case 7 U47 declaration: V8 syntax error (information only)
case 7 U47 call: V8 valid (information only)
case 7 U47 meta: V8 syntax error (information only)
case 7 U48 expression: V8 valid (information only)
case 7 U48 var: V8 valid (information only)
case 7 U48 initializer: V8 valid (information only)
case 7 U49 expression: V8 valid (information only)
case 7 U49 var: V8 valid (information only)
case 7 U50: V8 syntax error (information only)
case 7 U51: V8 valid (information only)
case 7 U52 block: V8 valid (information only)
case 7 U52 if: V8 valid (information only)
case 7 U52 label: V8 valid (information only)
case 7 U52 case: V8 valid (information only)
case 7 U52 strict block: V8 valid (information only)
case 7 U53 raw: V8 valid (information only)
case 7 U53 escape: V8 valid (information only)
case 7 U53 joiner: V8 valid (information only)
case 7 U53 separator: V8 syntax error (information only)
case 7 U54 reference: V8 valid (information only)
case 7 U54 var: V8 valid (information only)
case 7 U54 nested: V8 valid (information only)
{"case2_rows":55,"case6_rows":117,"case7_rows":75,"disagreements":3,"not_allowed":0}
RESULT {"executable":"C:\\nvm4w\\nodejs\\node.exe","arguments":["engineering/evidence/FP-0082/raw/oracle-v8.mjs"],"cwd":"C:\\Users\\requi\\.omp\\wt\\t64b25565c\\m","started_at":"2026-10-09T14:27:23.544Z","exit_code":0,"signal":null,"timed_out":false,"error":null,"duration_ms":37}
