
COMMAND ["C:\\nvm4w\\nodejs\\node.exe","tools/fairpane.mjs","evidence-check","engineering/evidence/FP-0004/gates/2026-10-09T00-33-52-951Z-repo-check-2ac945a7.json"]
{
  "result": "pass",
  "gate": "repo-check",
  "trust": "unsigned-local-integrity-only",
  "current_source": true
}
RESULT {"executable":"C:\\nvm4w\\nodejs\\node.exe","arguments":["tools/fairpane.mjs","evidence-check","engineering/evidence/FP-0004/gates/2026-10-09T00-33-52-951Z-repo-check-2ac945a7.json"],"cwd":"C:\\src\\fairpane","started_at":"2026-10-09T00:33:57.385Z","exit_code":0,"signal":null,"timed_out":false,"error":null,"duration_ms":62}

COMMAND ["C:\\nvm4w\\nodejs\\node.exe","tools/fairpane.mjs","evidence-check","engineering/evidence/FP-0004/gates/2026-10-09T00-33-53-098Z-controller-test-87b2d7ae.json"]
{
  "result": "pass",
  "gate": "controller-test",
  "trust": "unsigned-local-integrity-only",
  "current_source": true
}
RESULT {"executable":"C:\\nvm4w\\nodejs\\node.exe","arguments":["tools/fairpane.mjs","evidence-check","engineering/evidence/FP-0004/gates/2026-10-09T00-33-53-098Z-controller-test-87b2d7ae.json"],"cwd":"C:\\src\\fairpane","started_at":"2026-10-09T00:33:57.491Z","exit_code":0,"signal":null,"timed_out":false,"error":null,"duration_ms":62}

COMMAND ["C:\\nvm4w\\nodejs\\node.exe","tools/fairpane.mjs","evidence-check","engineering/evidence/FP-0004/gates/2026-10-09T00-33-54-677Z-zig-fmt-d2f12d42.json"]
{
  "result": "pass",
  "gate": "zig-fmt",
  "trust": "unsigned-local-integrity-only",
  "current_source": true
}
RESULT {"executable":"C:\\nvm4w\\nodejs\\node.exe","arguments":["tools/fairpane.mjs","evidence-check","engineering/evidence/FP-0004/gates/2026-10-09T00-33-54-677Z-zig-fmt-d2f12d42.json"],"cwd":"C:\\src\\fairpane","started_at":"2026-10-09T00:33:57.596Z","exit_code":0,"signal":null,"timed_out":false,"error":null,"duration_ms":61}

COMMAND ["C:\\nvm4w\\nodejs\\node.exe","tools/fairpane.mjs","evidence-check","engineering/evidence/FP-0004/gates/2026-10-09T00-33-54-792Z-zig-test-0a8cce03.json"]
{
  "result": "pass",
  "gate": "zig-test",
  "trust": "unsigned-local-integrity-only",
  "current_source": true
}
RESULT {"executable":"C:\\nvm4w\\nodejs\\node.exe","arguments":["tools/fairpane.mjs","evidence-check","engineering/evidence/FP-0004/gates/2026-10-09T00-33-54-792Z-zig-test-0a8cce03.json"],"cwd":"C:\\src\\fairpane","started_at":"2026-10-09T00:33:57.700Z","exit_code":0,"signal":null,"timed_out":false,"error":null,"duration_ms":65}

COMMAND ["C:\\nvm4w\\nodejs\\node.exe","tools/fairpane.mjs","evidence-check","engineering/evidence/FP-0004/gates/2026-10-09T00-33-56-903Z-zig-build-4ec90fa8.json"]
{
  "result": "pass",
  "gate": "zig-build",
  "trust": "unsigned-local-integrity-only",
  "current_source": true
}
RESULT {"executable":"C:\\nvm4w\\nodejs\\node.exe","arguments":["tools/fairpane.mjs","evidence-check","engineering/evidence/FP-0004/gates/2026-10-09T00-33-56-903Z-zig-build-4ec90fa8.json"],"cwd":"C:\\src\\fairpane","started_at":"2026-10-09T00:33:57.808Z","exit_code":0,"signal":null,"timed_out":false,"error":null,"duration_ms":60}

COMMAND ["C:\\nvm4w\\nodejs\\node.exe","tools/fairpane.mjs","evidence-check","engineering/evidence/FP-0004/gates/2026-10-09T00-33-57-124Z-c-abi-14af7d1b.json"]
{
  "result": "pass",
  "gate": "c-abi",
  "trust": "unsigned-local-integrity-only",
  "current_source": true
}
RESULT {"executable":"C:\\nvm4w\\nodejs\\node.exe","arguments":["tools/fairpane.mjs","evidence-check","engineering/evidence/FP-0004/gates/2026-10-09T00-33-57-124Z-c-abi-14af7d1b.json"],"cwd":"C:\\src\\fairpane","started_at":"2026-10-09T00:33:57.912Z","exit_code":0,"signal":null,"timed_out":false,"error":null,"duration_ms":68}
