
COMMAND ["C:\\Program Files\\Git\\cmd\\git.exe","show","--name-status","--format=%H %P","c7d1830"]
c7d18309b3ac5a8883f6557da5b3dacc5ece9bde 46e7ffbe9e32fd8902b2e64f579b700969b0d7e7

M	engineering/evidence/FP-0107/README.md
A	engineering/evidence/FP-0107/raw/assertions-r3.log
A	engineering/evidence/FP-0107/raw/bun-selftest-r3.log
A	engineering/evidence/FP-0107/raw/cost-r3.log
A	engineering/evidence/FP-0107/raw/mutation-r3-M4.diff
A	engineering/evidence/FP-0107/raw/mutation-r3.log
A	engineering/evidence/FP-0107/raw/names-r3.log
A	engineering/evidence/FP-0107/raw/names-r3.mjs
A	engineering/evidence/FP-0107/raw/probe-after-r3.log
A	engineering/evidence/FP-0107/raw/probe-before-r3.log
A	engineering/evidence/FP-0107/raw/process-probe-r3.mjs
A	engineering/evidence/FP-0107/raw/profile-after-r3.log
A	engineering/evidence/FP-0107/raw/profile-before-r3.log
A	engineering/evidence/FP-0107/raw/profile-linux-after-r3.log
A	engineering/evidence/FP-0107/raw/r3-cost.mjs
A	engineering/evidence/FP-0107/raw/r3-probe.mjs
A	engineering/evidence/FP-0107/raw/tests-before-r3-attempt-1.log
A	engineering/evidence/FP-0107/raw/tests-before-r3.log
M	tools/README.md
A	tools/git-fixture.mjs
M	tools/release.test.mjs
M	tools/selftest.mjs
RESULT {"executable":"C:\\Program Files\\Git\\cmd\\git.exe","arguments":["show","--name-status","--format=%H %P","c7d1830"],"cwd":"C:\\src\\fairpane","started_at":"2026-10-09T21:35:30.689Z","exit_code":0,"signal":null,"timed_out":false,"error":null,"duration_ms":32}

COMMAND ["C:\\Program Files\\Git\\cmd\\git.exe","rev-parse","c7d1830:tools/git-fixture.mjs","c7d1830:tools/selftest.mjs","c7d1830:tools/release.test.mjs","c7d1830:tools/README.md"]
cdf29df2750536c0183db8bf08f257b5e566ac8b
1157318e518980d85b9c860659fe57e45c8c0ea6
3390b2a87c596970e3338d51e9b3d83f800bbed9
098e130b627565f5c81db2de9c06fd58f908985f
RESULT {"executable":"C:\\Program Files\\Git\\cmd\\git.exe","arguments":["rev-parse","c7d1830:tools/git-fixture.mjs","c7d1830:tools/selftest.mjs","c7d1830:tools/release.test.mjs","c7d1830:tools/README.md"],"cwd":"C:\\src\\fairpane","started_at":"2026-10-09T21:35:30.796Z","exit_code":0,"signal":null,"timed_out":false,"error":null,"duration_ms":28}
