
COMMAND ["C:\\Users\\requi\\AppData\\Local\\Microsoft\\WinGet\\Links\\bun.EXE","--version"]
1.4.2
RESULT {"executable":"C:\\Users\\requi\\AppData\\Local\\Microsoft\\WinGet\\Links\\bun.EXE","arguments":["--version"],"cwd":"C:\\src\\fairpane","started_at":"2026-10-09T18:59:19.996Z","exit_code":0,"signal":null,"timed_out":false,"error":null,"duration_ms":11}

COMMAND ["C:\\Users\\requi\\AppData\\Local\\Microsoft\\WinGet\\Links\\bun.EXE","engineering/evidence/FP-0107/raw/r1-share-env-probe.mjs","none"]
none before C:\fairpane-probe-before
none after-stop C:\fairpane-probe-after-stop
none SHARE_ENV type symbol
RESULT {"executable":"C:\\Users\\requi\\AppData\\Local\\Microsoft\\WinGet\\Links\\bun.EXE","arguments":["engineering/evidence/FP-0107/raw/r1-share-env-probe.mjs","none"],"cwd":"C:\\src\\fairpane","started_at":"2026-10-09T18:59:20.066Z","exit_code":0,"signal":null,"timed_out":false,"error":null,"duration_ms":26}

COMMAND ["C:\\Users\\requi\\AppData\\Local\\Microsoft\\WinGet\\Links\\bun.EXE","engineering/evidence/FP-0107/raw/r1-share-env-probe.mjs","copy"]
copy before C:\fairpane-probe-before
copy after-start C:\fairpane-probe-after-start
copy after-stop C:\fairpane-probe-after-stop
copy SHARE_ENV type symbol
RESULT {"executable":"C:\\Users\\requi\\AppData\\Local\\Microsoft\\WinGet\\Links\\bun.EXE","arguments":["engineering/evidence/FP-0107/raw/r1-share-env-probe.mjs","copy"],"cwd":"C:\\src\\fairpane","started_at":"2026-10-09T18:59:20.150Z","exit_code":0,"signal":null,"timed_out":false,"error":null,"duration_ms":33}

COMMAND ["C:\\Users\\requi\\AppData\\Local\\Microsoft\\WinGet\\Links\\bun.EXE","engineering/evidence/FP-0107/raw/r1-share-env-probe.mjs","share"]
share before C:\fairpane-probe-before
share after-start C:\fairpane-probe-before
share after-stop C:\fairpane-probe-before
share SHARE_ENV type symbol
RESULT {"executable":"C:\\Users\\requi\\AppData\\Local\\Microsoft\\WinGet\\Links\\bun.EXE","arguments":["engineering/evidence/FP-0107/raw/r1-share-env-probe.mjs","share"],"cwd":"C:\\src\\fairpane","started_at":"2026-10-09T18:59:20.241Z","exit_code":0,"signal":null,"timed_out":false,"error":null,"duration_ms":34}

COMMAND ["C:\\nvm4w\\nodejs\\node.EXE","--version"]
v26.7.0
RESULT {"executable":"C:\\nvm4w\\nodejs\\node.EXE","arguments":["--version"],"cwd":"C:\\src\\fairpane","started_at":"2026-10-09T18:59:20.345Z","exit_code":0,"signal":null,"timed_out":false,"error":null,"duration_ms":51}

COMMAND ["C:\\nvm4w\\nodejs\\node.EXE","engineering/evidence/FP-0107/raw/r1-share-env-probe.mjs","none"]
none before C:\fairpane-probe-before
none after-stop C:\fairpane-probe-after-stop
none SHARE_ENV type symbol
RESULT {"executable":"C:\\nvm4w\\nodejs\\node.EXE","arguments":["engineering/evidence/FP-0107/raw/r1-share-env-probe.mjs","none"],"cwd":"C:\\src\\fairpane","started_at":"2026-10-09T18:59:20.470Z","exit_code":0,"signal":null,"timed_out":false,"error":null,"duration_ms":43}

COMMAND ["C:\\nvm4w\\nodejs\\node.EXE","engineering/evidence/FP-0107/raw/r1-share-env-probe.mjs","copy"]
copy before C:\fairpane-probe-before
copy after-start C:\fairpane-probe-after-start
copy after-stop C:\fairpane-probe-after-stop
copy SHARE_ENV type symbol
RESULT {"executable":"C:\\nvm4w\\nodejs\\node.EXE","arguments":["engineering/evidence/FP-0107/raw/r1-share-env-probe.mjs","copy"],"cwd":"C:\\src\\fairpane","started_at":"2026-10-09T18:59:20.571Z","exit_code":0,"signal":null,"timed_out":false,"error":null,"duration_ms":65}

COMMAND ["C:\\nvm4w\\nodejs\\node.EXE","engineering/evidence/FP-0107/raw/r1-share-env-probe.mjs","share"]
share before C:\fairpane-probe-before
share after-start C:\fairpane-probe-after-start
share after-stop C:\fairpane-probe-after-stop
share SHARE_ENV type symbol
RESULT {"executable":"C:\\nvm4w\\nodejs\\node.EXE","arguments":["engineering/evidence/FP-0107/raw/r1-share-env-probe.mjs","share"],"cwd":"C:\\src\\fairpane","started_at":"2026-10-09T18:59:20.696Z","exit_code":0,"signal":null,"timed_out":false,"error":null,"duration_ms":79}
