
COMMAND ["C:\\Windows\\System32\\WindowsPowerShell\\v1.0\\powershell.exe","-NoProfile","-Command","Get-CimInstance Win32_Processor | Select-Object Name,NumberOfLogicalProcessors,LoadPercentage | Format-List"]


Name                      : AMD Ryzen 9 9955HX3D 16-Core Processor         
NumberOfLogicalProcessors : 32
LoadPercentage            : 1



RESULT {"executable":"C:\\Windows\\System32\\WindowsPowerShell\\v1.0\\powershell.exe","arguments":["-NoProfile","-Command","Get-CimInstance Win32_Processor | Select-Object Name,NumberOfLogicalProcessors,LoadPercentage | Format-List"],"cwd":"C:\\Users\\requi\\.omp\\wt\\t1d8c598d4\\m","started_at":"2026-10-09T05:03:04.294Z","exit_code":0,"signal":null,"timed_out":false,"error":null,"duration_ms":1480}

COMMAND ["C:\\Windows\\System32\\WindowsPowerShell\\v1.0\\powershell.exe","-NoProfile","-Command","Get-CimInstance Win32_Processor | Select-Object Name,NumberOfLogicalProcessors,LoadPercentage | Format-List"]


Name                      : AMD Ryzen 9 9955HX3D 16-Core Processor         
NumberOfLogicalProcessors : 32
LoadPercentage            : 1



RESULT {"executable":"C:\\Windows\\System32\\WindowsPowerShell\\v1.0\\powershell.exe","arguments":["-NoProfile","-Command","Get-CimInstance Win32_Processor | Select-Object Name,NumberOfLogicalProcessors,LoadPercentage | Format-List"],"cwd":"C:\\Users\\requi\\.omp\\wt\\t1d8c598d4\\m","started_at":"2026-10-09T05:03:11.822Z","exit_code":0,"signal":null,"timed_out":false,"error":null,"duration_ms":1488}

COMMAND ["C:\\Windows\\System32\\WindowsPowerShell\\v1.0\\powershell.exe","-NoProfile","-Command","Get-CimInstance Win32_Processor | Select-Object Name,NumberOfLogicalProcessors,LoadPercentage | Format-List"]


Name                      : AMD Ryzen 9 9955HX3D 16-Core Processor         
NumberOfLogicalProcessors : 32
LoadPercentage            : 3



RESULT {"executable":"C:\\Windows\\System32\\WindowsPowerShell\\v1.0\\powershell.exe","arguments":["-NoProfile","-Command","Get-CimInstance Win32_Processor | Select-Object Name,NumberOfLogicalProcessors,LoadPercentage | Format-List"],"cwd":"C:\\Users\\requi\\.omp\\wt\\t1d8c598d4\\m","started_at":"2026-10-09T05:03:15.183Z","exit_code":0,"signal":null,"timed_out":false,"error":null,"duration_ms":1485}

COMMAND ["C:\\Windows\\System32\\WindowsPowerShell\\v1.0\\powershell.exe","-NoProfile","-Command","Get-CimInstance Win32_Processor | Select-Object Name,NumberOfLogicalProcessors,LoadPercentage | Format-List"]


Name                      : AMD Ryzen 9 9955HX3D 16-Core Processor         
NumberOfLogicalProcessors : 32
LoadPercentage            : 0



RESULT {"executable":"C:\\Windows\\System32\\WindowsPowerShell\\v1.0\\powershell.exe","arguments":["-NoProfile","-Command","Get-CimInstance Win32_Processor | Select-Object Name,NumberOfLogicalProcessors,LoadPercentage | Format-List"],"cwd":"C:\\Users\\requi\\.omp\\wt\\t1d8c598d4\\m","started_at":"2026-10-09T05:03:19.569Z","exit_code":0,"signal":null,"timed_out":false,"error":null,"duration_ms":1488}

COMMAND ["C:\\Windows\\System32\\WindowsPowerShell\\v1.0\\powershell.exe","-NoProfile","-Command","Get-CimInstance Win32_Processor | Select-Object Name,NumberOfLogicalProcessors,LoadPercentage | Format-List"]


Name                      : AMD Ryzen 9 9955HX3D 16-Core Processor         
NumberOfLogicalProcessors : 32
LoadPercentage            : 7



RESULT {"executable":"C:\\Windows\\System32\\WindowsPowerShell\\v1.0\\powershell.exe","arguments":["-NoProfile","-Command","Get-CimInstance Win32_Processor | Select-Object Name,NumberOfLogicalProcessors,LoadPercentage | Format-List"],"cwd":"C:\\Users\\requi\\.omp\\wt\\t1d8c598d4\\m","started_at":"2026-10-09T05:03:22.799Z","exit_code":0,"signal":null,"timed_out":false,"error":null,"duration_ms":1478}

COMMAND ["C:\\Windows\\System32\\WindowsPowerShell\\v1.0\\powershell.exe","-NoProfile","-Command","Get-CimInstance Win32_Processor | Select-Object Name,NumberOfLogicalProcessors,LoadPercentage | Format-List"]


Name                      : AMD Ryzen 9 9955HX3D 16-Core Processor         
NumberOfLogicalProcessors : 32
LoadPercentage            : 0



RESULT {"executable":"C:\\Windows\\System32\\WindowsPowerShell\\v1.0\\powershell.exe","arguments":["-NoProfile","-Command","Get-CimInstance Win32_Processor | Select-Object Name,NumberOfLogicalProcessors,LoadPercentage | Format-List"],"cwd":"C:\\Users\\requi\\.omp\\wt\\t1d8c598d4\\m","started_at":"2026-10-09T05:03:25.959Z","exit_code":0,"signal":null,"timed_out":false,"error":null,"duration_ms":1516}
