
COMMAND ["C:\\Users\\requi\\.omp\\wt\\t1d8c598d4\\m\\zig-out\\bin\\fairpane-js-measure-reference.exe"]
{"format":"fairpane-js-measure","version":1,"representation":"reference","value_size_bytes":16,"zig_version":"0.18.0-dev.120+9fe22a29b","target":"x86_64-windows-gnu","cpu_model":"znver5","optimize":"fast","logical_cpus":32,"executable_bytes":1047552,"clock":"awake","allocator":"smp_allocator"}
{"workload":"add-small-int","sample":0,"warmup":true,"ns":17277100,"cells_allocated":27,"bytes_allocated":4110,"peak_live_bytes":3974,"collections":0,"checksum":"1000000"}
{"workload":"add-small-int","sample":1,"warmup":false,"ns":17403500,"cells_allocated":27,"bytes_allocated":4110,"peak_live_bytes":3974,"collections":0,"checksum":"1000000"}
{"workload":"add-small-int","sample":2,"warmup":false,"ns":17410400,"cells_allocated":27,"bytes_allocated":4110,"peak_live_bytes":3974,"collections":0,"checksum":"1000000"}
{"workload":"add-small-int","sample":3,"warmup":false,"ns":17502400,"cells_allocated":27,"bytes_allocated":4110,"peak_live_bytes":3974,"collections":0,"checksum":"1000000"}
{"workload":"add-small-int","sample":4,"warmup":false,"ns":17505100,"cells_allocated":27,"bytes_allocated":4110,"peak_live_bytes":3974,"collections":0,"checksum":"1000000"}
{"workload":"add-small-int","sample":5,"warmup":false,"ns":17449600,"cells_allocated":27,"bytes_allocated":4110,"peak_live_bytes":3974,"collections":0,"checksum":"1000000"}
{"workload":"add-small-int","sample":6,"warmup":false,"ns":17475500,"cells_allocated":27,"bytes_allocated":4110,"peak_live_bytes":3974,"collections":0,"checksum":"1000000"}
{"workload":"add-small-int","sample":7,"warmup":false,"ns":17495500,"cells_allocated":27,"bytes_allocated":4110,"peak_live_bytes":3974,"collections":0,"checksum":"1000000"}
{"workload":"add-small-int","sample":8,"warmup":false,"ns":17479700,"cells_allocated":27,"bytes_allocated":4110,"peak_live_bytes":3974,"collections":0,"checksum":"1000000"}
{"workload":"add-small-int","sample":9,"warmup":false,"ns":17454900,"cells_allocated":27,"bytes_allocated":4110,"peak_live_bytes":3974,"collections":0,"checksum":"1000000"}
{"workload":"add-small-int","sample":10,"warmup":false,"ns":17444700,"cells_allocated":27,"bytes_allocated":4110,"peak_live_bytes":3974,"collections":0,"checksum":"1000000"}
{"workload":"add-small-int","sample":11,"warmup":false,"ns":17502100,"cells_allocated":27,"bytes_allocated":4110,"peak_live_bytes":3974,"collections":0,"checksum":"1000000"}
{"workload":"add-fraction","sample":0,"warmup":true,"ns":17520100,"cells_allocated":27,"bytes_allocated":4108,"peak_live_bytes":3972,"collections":0,"checksum":"500000"}
{"workload":"add-fraction","sample":1,"warmup":false,"ns":17477300,"cells_allocated":27,"bytes_allocated":4108,"peak_live_bytes":3972,"collections":0,"checksum":"500000"}
{"workload":"add-fraction","sample":2,"warmup":false,"ns":17446500,"cells_allocated":27,"bytes_allocated":4108,"peak_live_bytes":3972,"collections":0,"checksum":"500000"}
{"workload":"add-fraction","sample":3,"warmup":false,"ns":17431300,"cells_allocated":27,"bytes_allocated":4108,"peak_live_bytes":3972,"collections":0,"checksum":"500000"}
{"workload":"add-fraction","sample":4,"warmup":false,"ns":17429900,"cells_allocated":27,"bytes_allocated":4108,"peak_live_bytes":3972,"collections":0,"checksum":"500000"}
{"workload":"add-fraction","sample":5,"warmup":false,"ns":17441800,"cells_allocated":27,"bytes_allocated":4108,"peak_live_bytes":3972,"collections":0,"checksum":"500000"}
{"workload":"add-fraction","sample":6,"warmup":false,"ns":17461500,"cells_allocated":27,"bytes_allocated":4108,"peak_live_bytes":3972,"collections":0,"checksum":"500000"}
{"workload":"add-fraction","sample":7,"warmup":false,"ns":17507000,"cells_allocated":27,"bytes_allocated":4108,"peak_live_bytes":3972,"collections":0,"checksum":"500000"}
{"workload":"add-fraction","sample":8,"warmup":false,"ns":17458800,"cells_allocated":27,"bytes_allocated":4108,"peak_live_bytes":3972,"collections":0,"checksum":"500000"}
{"workload":"add-fraction","sample":9,"warmup":false,"ns":17534100,"cells_allocated":27,"bytes_allocated":4108,"peak_live_bytes":3972,"collections":0,"checksum":"500000"}
{"workload":"add-fraction","sample":10,"warmup":false,"ns":17484200,"cells_allocated":27,"bytes_allocated":4108,"peak_live_bytes":3972,"collections":0,"checksum":"500000"}
{"workload":"add-fraction","sample":11,"warmup":false,"ns":17510700,"cells_allocated":27,"bytes_allocated":4108,"peak_live_bytes":3972,"collections":0,"checksum":"500000"}
{"workload":"get-prototype-chain","sample":0,"warmup":true,"ns":24748300,"cells_allocated":36,"bytes_allocated":5798,"peak_live_bytes":5398,"collections":0,"checksum":"7000000"}
{"workload":"get-prototype-chain","sample":1,"warmup":false,"ns":24717000,"cells_allocated":36,"bytes_allocated":5798,"peak_live_bytes":5398,"collections":0,"checksum":"7000000"}
{"workload":"get-prototype-chain","sample":2,"warmup":false,"ns":24599200,"cells_allocated":36,"bytes_allocated":5798,"peak_live_bytes":5398,"collections":0,"checksum":"7000000"}
{"workload":"get-prototype-chain","sample":3,"warmup":false,"ns":24810300,"cells_allocated":36,"bytes_allocated":5798,"peak_live_bytes":5398,"collections":0,"checksum":"7000000"}
{"workload":"get-prototype-chain","sample":4,"warmup":false,"ns":24723100,"cells_allocated":36,"bytes_allocated":5798,"peak_live_bytes":5398,"collections":0,"checksum":"7000000"}
{"workload":"get-prototype-chain","sample":5,"warmup":false,"ns":24692300,"cells_allocated":36,"bytes_allocated":5798,"peak_live_bytes":5398,"collections":0,"checksum":"7000000"}
{"workload":"get-prototype-chain","sample":6,"warmup":false,"ns":24683100,"cells_allocated":36,"bytes_allocated":5798,"peak_live_bytes":5398,"collections":0,"checksum":"7000000"}
{"workload":"get-prototype-chain","sample":7,"warmup":false,"ns":24535900,"cells_allocated":36,"bytes_allocated":5798,"peak_live_bytes":5398,"collections":0,"checksum":"7000000"}
{"workload":"get-prototype-chain","sample":8,"warmup":false,"ns":24733200,"cells_allocated":36,"bytes_allocated":5798,"peak_live_bytes":5398,"collections":0,"checksum":"7000000"}
{"workload":"get-prototype-chain","sample":9,"warmup":false,"ns":24691000,"cells_allocated":36,"bytes_allocated":5798,"peak_live_bytes":5398,"collections":0,"checksum":"7000000"}
{"workload":"get-prototype-chain","sample":10,"warmup":false,"ns":24557000,"cells_allocated":36,"bytes_allocated":5798,"peak_live_bytes":5398,"collections":0,"checksum":"7000000"}
{"workload":"get-prototype-chain","sample":11,"warmup":false,"ns":24692600,"cells_allocated":36,"bytes_allocated":5798,"peak_live_bytes":5398,"collections":0,"checksum":"7000000"}
{"workload":"number-to-string","sample":0,"warmup":true,"ns":10416100,"cells_allocated":100026,"bytes_allocated":17396652,"peak_live_bytes":13444028,"collections":0,"checksum":788890}
{"workload":"number-to-string","sample":1,"warmup":false,"ns":6424300,"cells_allocated":100026,"bytes_allocated":17396652,"peak_live_bytes":13444028,"collections":0,"checksum":788890}
{"workload":"number-to-string","sample":2,"warmup":false,"ns":6402700,"cells_allocated":100026,"bytes_allocated":17396652,"peak_live_bytes":13444028,"collections":0,"checksum":788890}
{"workload":"number-to-string","sample":3,"warmup":false,"ns":6300000,"cells_allocated":100026,"bytes_allocated":17396652,"peak_live_bytes":13444028,"collections":0,"checksum":788890}
{"workload":"number-to-string","sample":4,"warmup":false,"ns":6310800,"cells_allocated":100026,"bytes_allocated":17396652,"peak_live_bytes":13444028,"collections":0,"checksum":788890}
{"workload":"number-to-string","sample":5,"warmup":false,"ns":6267200,"cells_allocated":100026,"bytes_allocated":17396652,"peak_live_bytes":13444028,"collections":0,"checksum":788890}
{"workload":"number-to-string","sample":6,"warmup":false,"ns":6360900,"cells_allocated":100026,"bytes_allocated":17396652,"peak_live_bytes":13444028,"collections":0,"checksum":788890}
{"workload":"number-to-string","sample":7,"warmup":false,"ns":6485100,"cells_allocated":100026,"bytes_allocated":17396652,"peak_live_bytes":13444028,"collections":0,"checksum":788890}
{"workload":"number-to-string","sample":8,"warmup":false,"ns":6359700,"cells_allocated":100026,"bytes_allocated":17396652,"peak_live_bytes":13444028,"collections":0,"checksum":788890}
{"workload":"number-to-string","sample":9,"warmup":false,"ns":6267100,"cells_allocated":100026,"bytes_allocated":17396652,"peak_live_bytes":13444028,"collections":0,"checksum":788890}
{"workload":"number-to-string","sample":10,"warmup":false,"ns":6258200,"cells_allocated":100026,"bytes_allocated":17396652,"peak_live_bytes":13444028,"collections":0,"checksum":788890}
{"workload":"number-to-string","sample":11,"warmup":false,"ns":6235700,"cells_allocated":100026,"bytes_allocated":17396652,"peak_live_bytes":13444028,"collections":0,"checksum":788890}
{"workload":"object-churn","sample":0,"warmup":true,"ns":23374000,"cells_allocated":100026,"bytes_allocated":32457168,"peak_live_bytes":27923892,"collections":1,"checksum":6250}
{"workload":"object-churn","sample":1,"warmup":false,"ns":20982700,"cells_allocated":100026,"bytes_allocated":32457168,"peak_live_bytes":27923892,"collections":1,"checksum":6250}
{"workload":"object-churn","sample":2,"warmup":false,"ns":12834700,"cells_allocated":100026,"bytes_allocated":32457168,"peak_live_bytes":27923892,"collections":1,"checksum":6250}
{"workload":"object-churn","sample":3,"warmup":false,"ns":19728100,"cells_allocated":100026,"bytes_allocated":32457168,"peak_live_bytes":27923892,"collections":1,"checksum":6250}
{"workload":"object-churn","sample":4,"warmup":false,"ns":13430300,"cells_allocated":100026,"bytes_allocated":32457168,"peak_live_bytes":27923892,"collections":1,"checksum":6250}
{"workload":"object-churn","sample":5,"warmup":false,"ns":19865200,"cells_allocated":100026,"bytes_allocated":32457168,"peak_live_bytes":27923892,"collections":1,"checksum":6250}
{"workload":"object-churn","sample":6,"warmup":false,"ns":15945600,"cells_allocated":100026,"bytes_allocated":32457168,"peak_live_bytes":27923892,"collections":1,"checksum":6250}
{"workload":"object-churn","sample":7,"warmup":false,"ns":21902600,"cells_allocated":100026,"bytes_allocated":32457168,"peak_live_bytes":27923892,"collections":1,"checksum":6250}
{"workload":"object-churn","sample":8,"warmup":false,"ns":17714800,"cells_allocated":100026,"bytes_allocated":32457168,"peak_live_bytes":27923892,"collections":1,"checksum":6250}
{"workload":"object-churn","sample":9,"warmup":false,"ns":23423300,"cells_allocated":100026,"bytes_allocated":32457168,"peak_live_bytes":27923892,"collections":1,"checksum":6250}
{"workload":"object-churn","sample":10,"warmup":false,"ns":21144400,"cells_allocated":100026,"bytes_allocated":32457168,"peak_live_bytes":27923892,"collections":1,"checksum":6250}
{"workload":"object-churn","sample":11,"warmup":false,"ns":25583900,"cells_allocated":100026,"bytes_allocated":32457168,"peak_live_bytes":27923892,"collections":1,"checksum":6250}
{"workload":"mark-generated","sample":0,"warmup":true,"ns":6254000,"cells_allocated":100026,"bytes_allocated":71818748,"peak_live_bytes":51695844,"collections":1,"checksum":100000}
{"workload":"mark-generated","sample":1,"warmup":false,"ns":6855200,"cells_allocated":100026,"bytes_allocated":71818748,"peak_live_bytes":51695844,"collections":1,"checksum":100000}
{"workload":"mark-generated","sample":2,"warmup":false,"ns":5959400,"cells_allocated":100026,"bytes_allocated":71818748,"peak_live_bytes":51695844,"collections":1,"checksum":100000}
{"workload":"mark-generated","sample":3,"warmup":false,"ns":6541800,"cells_allocated":100026,"bytes_allocated":71818748,"peak_live_bytes":51695844,"collections":1,"checksum":100000}
{"workload":"mark-generated","sample":4,"warmup":false,"ns":6019500,"cells_allocated":100026,"bytes_allocated":71818748,"peak_live_bytes":51695844,"collections":1,"checksum":100000}
{"workload":"mark-generated","sample":5,"warmup":false,"ns":6690700,"cells_allocated":100026,"bytes_allocated":71818748,"peak_live_bytes":51695844,"collections":1,"checksum":100000}
{"workload":"mark-generated","sample":6,"warmup":false,"ns":5598900,"cells_allocated":100026,"bytes_allocated":71818748,"peak_live_bytes":51695844,"collections":1,"checksum":100000}
{"workload":"mark-generated","sample":7,"warmup":false,"ns":6696600,"cells_allocated":100026,"bytes_allocated":71818748,"peak_live_bytes":51695844,"collections":1,"checksum":100000}
{"workload":"mark-generated","sample":8,"warmup":false,"ns":6165600,"cells_allocated":100026,"bytes_allocated":71818748,"peak_live_bytes":51695844,"collections":1,"checksum":100000}
{"workload":"mark-generated","sample":9,"warmup":false,"ns":6513500,"cells_allocated":100026,"bytes_allocated":71818748,"peak_live_bytes":51695844,"collections":1,"checksum":100000}
{"workload":"mark-generated","sample":10,"warmup":false,"ns":5696100,"cells_allocated":100026,"bytes_allocated":71818748,"peak_live_bytes":51695844,"collections":1,"checksum":100000}
{"workload":"mark-generated","sample":11,"warmup":false,"ns":6717900,"cells_allocated":100026,"bytes_allocated":71818748,"peak_live_bytes":51695844,"collections":1,"checksum":100000}
{"workload":"mark-manual","sample":0,"warmup":true,"ns":10937300,"cells_allocated":100026,"bytes_allocated":71818748,"peak_live_bytes":51695844,"collections":1,"checksum":100000}
{"workload":"mark-manual","sample":1,"warmup":false,"ns":7752900,"cells_allocated":100026,"bytes_allocated":71818748,"peak_live_bytes":51695844,"collections":1,"checksum":100000}
{"workload":"mark-manual","sample":2,"warmup":false,"ns":6452500,"cells_allocated":100026,"bytes_allocated":71818748,"peak_live_bytes":51695844,"collections":1,"checksum":100000}
{"workload":"mark-manual","sample":3,"warmup":false,"ns":1975600,"cells_allocated":100026,"bytes_allocated":71818748,"peak_live_bytes":51695844,"collections":1,"checksum":100000}
{"workload":"mark-manual","sample":4,"warmup":false,"ns":2325400,"cells_allocated":100026,"bytes_allocated":71818748,"peak_live_bytes":51695844,"collections":1,"checksum":100000}
{"workload":"mark-manual","sample":5,"warmup":false,"ns":1866200,"cells_allocated":100026,"bytes_allocated":71818748,"peak_live_bytes":51695844,"collections":1,"checksum":100000}
{"workload":"mark-manual","sample":6,"warmup":false,"ns":2434500,"cells_allocated":100026,"bytes_allocated":71818748,"peak_live_bytes":51695844,"collections":1,"checksum":100000}
{"workload":"mark-manual","sample":7,"warmup":false,"ns":1811700,"cells_allocated":100026,"bytes_allocated":71818748,"peak_live_bytes":51695844,"collections":1,"checksum":100000}
{"workload":"mark-manual","sample":8,"warmup":false,"ns":2484500,"cells_allocated":100026,"bytes_allocated":71818748,"peak_live_bytes":51695844,"collections":1,"checksum":100000}
{"workload":"mark-manual","sample":9,"warmup":false,"ns":1878400,"cells_allocated":100026,"bytes_allocated":71818748,"peak_live_bytes":51695844,"collections":1,"checksum":100000}
{"workload":"mark-manual","sample":10,"warmup":false,"ns":2237700,"cells_allocated":100026,"bytes_allocated":71818748,"peak_live_bytes":51695844,"collections":1,"checksum":100000}
{"workload":"mark-manual","sample":11,"warmup":false,"ns":1938600,"cells_allocated":100026,"bytes_allocated":71818748,"peak_live_bytes":51695844,"collections":1,"checksum":100000}
RESULT {"executable":"C:\\Users\\requi\\.omp\\wt\\t1d8c598d4\\m\\zig-out\\bin\\fairpane-js-measure-reference.exe","arguments":[],"cwd":"C:\\Users\\requi\\.omp\\wt\\t1d8c598d4\\m","started_at":"2026-10-09T05:03:21.108Z","exit_code":0,"signal":null,"timed_out":false,"error":null,"duration_ms":1634}
