
COMMAND ["C:\\Users\\requi\\.omp\\wt\\t1d8c598d4\\m\\zig-out\\bin\\fairpane-js-measure-tagged_index.exe"]
{"format":"fairpane-js-measure","version":1,"representation":"tagged_index","value_size_bytes":4,"zig_version":"0.18.0-dev.120+9fe22a29b","target":"x86_64-windows-gnu","cpu_model":"znver5","optimize":"fast","logical_cpus":32,"executable_bytes":1047552,"clock":"awake","allocator":"smp_allocator"}
{"workload":"add-small-int","sample":0,"warmup":true,"ns":29340800,"cells_allocated":27,"bytes_allocated":3782,"peak_live_bytes":3646,"collections":0,"checksum":"1000000"}
{"workload":"add-small-int","sample":1,"warmup":false,"ns":29162700,"cells_allocated":27,"bytes_allocated":3782,"peak_live_bytes":3646,"collections":0,"checksum":"1000000"}
{"workload":"add-small-int","sample":2,"warmup":false,"ns":29196800,"cells_allocated":27,"bytes_allocated":3782,"peak_live_bytes":3646,"collections":0,"checksum":"1000000"}
{"workload":"add-small-int","sample":3,"warmup":false,"ns":29260500,"cells_allocated":27,"bytes_allocated":3782,"peak_live_bytes":3646,"collections":0,"checksum":"1000000"}
{"workload":"add-small-int","sample":4,"warmup":false,"ns":29303600,"cells_allocated":27,"bytes_allocated":3782,"peak_live_bytes":3646,"collections":0,"checksum":"1000000"}
{"workload":"add-small-int","sample":5,"warmup":false,"ns":28961100,"cells_allocated":27,"bytes_allocated":3782,"peak_live_bytes":3646,"collections":0,"checksum":"1000000"}
{"workload":"add-small-int","sample":6,"warmup":false,"ns":28786600,"cells_allocated":27,"bytes_allocated":3782,"peak_live_bytes":3646,"collections":0,"checksum":"1000000"}
{"workload":"add-small-int","sample":7,"warmup":false,"ns":29073900,"cells_allocated":27,"bytes_allocated":3782,"peak_live_bytes":3646,"collections":0,"checksum":"1000000"}
{"workload":"add-small-int","sample":8,"warmup":false,"ns":28822800,"cells_allocated":27,"bytes_allocated":3782,"peak_live_bytes":3646,"collections":0,"checksum":"1000000"}
{"workload":"add-small-int","sample":9,"warmup":false,"ns":28552500,"cells_allocated":27,"bytes_allocated":3782,"peak_live_bytes":3646,"collections":0,"checksum":"1000000"}
{"workload":"add-small-int","sample":10,"warmup":false,"ns":28597300,"cells_allocated":27,"bytes_allocated":3782,"peak_live_bytes":3646,"collections":0,"checksum":"1000000"}
{"workload":"add-small-int","sample":11,"warmup":false,"ns":28569200,"cells_allocated":27,"bytes_allocated":3782,"peak_live_bytes":3646,"collections":0,"checksum":"1000000"}
{"workload":"add-fraction","sample":0,"warmup":true,"ns":57396500,"cells_allocated":500028,"bytes_allocated":75728300,"peak_live_bytes":56287048,"collections":0,"checksum":"500000"}
{"workload":"add-fraction","sample":1,"warmup":false,"ns":39090500,"cells_allocated":500028,"bytes_allocated":75728300,"peak_live_bytes":56287048,"collections":0,"checksum":"500000"}
{"workload":"add-fraction","sample":2,"warmup":false,"ns":38744400,"cells_allocated":500028,"bytes_allocated":75728300,"peak_live_bytes":56287048,"collections":0,"checksum":"500000"}
{"workload":"add-fraction","sample":3,"warmup":false,"ns":39319200,"cells_allocated":500028,"bytes_allocated":75728300,"peak_live_bytes":56287048,"collections":0,"checksum":"500000"}
{"workload":"add-fraction","sample":4,"warmup":false,"ns":38980200,"cells_allocated":500028,"bytes_allocated":75728300,"peak_live_bytes":56287048,"collections":0,"checksum":"500000"}
{"workload":"add-fraction","sample":5,"warmup":false,"ns":38745900,"cells_allocated":500028,"bytes_allocated":75728300,"peak_live_bytes":56287048,"collections":0,"checksum":"500000"}
{"workload":"add-fraction","sample":6,"warmup":false,"ns":38959800,"cells_allocated":500028,"bytes_allocated":75728300,"peak_live_bytes":56287048,"collections":0,"checksum":"500000"}
{"workload":"add-fraction","sample":7,"warmup":false,"ns":38727900,"cells_allocated":500028,"bytes_allocated":75728300,"peak_live_bytes":56287048,"collections":0,"checksum":"500000"}
{"workload":"add-fraction","sample":8,"warmup":false,"ns":38514100,"cells_allocated":500028,"bytes_allocated":75728300,"peak_live_bytes":56287048,"collections":0,"checksum":"500000"}
{"workload":"add-fraction","sample":9,"warmup":false,"ns":38205700,"cells_allocated":500028,"bytes_allocated":75728300,"peak_live_bytes":56287048,"collections":0,"checksum":"500000"}
{"workload":"add-fraction","sample":10,"warmup":false,"ns":38338000,"cells_allocated":500028,"bytes_allocated":75728300,"peak_live_bytes":56287048,"collections":0,"checksum":"500000"}
{"workload":"add-fraction","sample":11,"warmup":false,"ns":38341700,"cells_allocated":500028,"bytes_allocated":75728300,"peak_live_bytes":56287048,"collections":0,"checksum":"500000"}
{"workload":"get-prototype-chain","sample":0,"warmup":true,"ns":22213200,"cells_allocated":36,"bytes_allocated":5378,"peak_live_bytes":4978,"collections":0,"checksum":"7000000"}
{"workload":"get-prototype-chain","sample":1,"warmup":false,"ns":23161700,"cells_allocated":36,"bytes_allocated":5378,"peak_live_bytes":4978,"collections":0,"checksum":"7000000"}
{"workload":"get-prototype-chain","sample":2,"warmup":false,"ns":22245900,"cells_allocated":36,"bytes_allocated":5378,"peak_live_bytes":4978,"collections":0,"checksum":"7000000"}
{"workload":"get-prototype-chain","sample":3,"warmup":false,"ns":23176300,"cells_allocated":36,"bytes_allocated":5378,"peak_live_bytes":4978,"collections":0,"checksum":"7000000"}
{"workload":"get-prototype-chain","sample":4,"warmup":false,"ns":22275100,"cells_allocated":36,"bytes_allocated":5378,"peak_live_bytes":4978,"collections":0,"checksum":"7000000"}
{"workload":"get-prototype-chain","sample":5,"warmup":false,"ns":24146200,"cells_allocated":36,"bytes_allocated":5378,"peak_live_bytes":4978,"collections":0,"checksum":"7000000"}
{"workload":"get-prototype-chain","sample":6,"warmup":false,"ns":22433000,"cells_allocated":36,"bytes_allocated":5378,"peak_live_bytes":4978,"collections":0,"checksum":"7000000"}
{"workload":"get-prototype-chain","sample":7,"warmup":false,"ns":23176400,"cells_allocated":36,"bytes_allocated":5378,"peak_live_bytes":4978,"collections":0,"checksum":"7000000"}
{"workload":"get-prototype-chain","sample":8,"warmup":false,"ns":22285000,"cells_allocated":36,"bytes_allocated":5378,"peak_live_bytes":4978,"collections":0,"checksum":"7000000"}
{"workload":"get-prototype-chain","sample":9,"warmup":false,"ns":23225400,"cells_allocated":36,"bytes_allocated":5378,"peak_live_bytes":4978,"collections":0,"checksum":"7000000"}
{"workload":"get-prototype-chain","sample":10,"warmup":false,"ns":22251400,"cells_allocated":36,"bytes_allocated":5378,"peak_live_bytes":4978,"collections":0,"checksum":"7000000"}
{"workload":"get-prototype-chain","sample":11,"warmup":false,"ns":23272300,"cells_allocated":36,"bytes_allocated":5378,"peak_live_bytes":4978,"collections":0,"checksum":"7000000"}
{"workload":"number-to-string","sample":0,"warmup":true,"ns":11660000,"cells_allocated":200026,"bytes_allocated":30596316,"peak_live_bytes":23006956,"collections":0,"checksum":788890}
{"workload":"number-to-string","sample":1,"warmup":false,"ns":7213100,"cells_allocated":200026,"bytes_allocated":30596316,"peak_live_bytes":23006956,"collections":0,"checksum":788890}
{"workload":"number-to-string","sample":2,"warmup":false,"ns":7341100,"cells_allocated":200026,"bytes_allocated":30596316,"peak_live_bytes":23006956,"collections":0,"checksum":788890}
{"workload":"number-to-string","sample":3,"warmup":false,"ns":8722100,"cells_allocated":200026,"bytes_allocated":30596316,"peak_live_bytes":23006956,"collections":0,"checksum":788890}
{"workload":"number-to-string","sample":4,"warmup":false,"ns":7601500,"cells_allocated":200026,"bytes_allocated":30596316,"peak_live_bytes":23006956,"collections":0,"checksum":788890}
{"workload":"number-to-string","sample":5,"warmup":false,"ns":9532300,"cells_allocated":200026,"bytes_allocated":30596316,"peak_live_bytes":23006956,"collections":0,"checksum":788890}
{"workload":"number-to-string","sample":6,"warmup":false,"ns":9077300,"cells_allocated":200026,"bytes_allocated":30596316,"peak_live_bytes":23006956,"collections":0,"checksum":788890}
{"workload":"number-to-string","sample":7,"warmup":false,"ns":8342100,"cells_allocated":200026,"bytes_allocated":30596316,"peak_live_bytes":23006956,"collections":0,"checksum":788890}
{"workload":"number-to-string","sample":8,"warmup":false,"ns":9193000,"cells_allocated":200026,"bytes_allocated":30596316,"peak_live_bytes":23006956,"collections":0,"checksum":788890}
{"workload":"number-to-string","sample":9,"warmup":false,"ns":9180100,"cells_allocated":200026,"bytes_allocated":30596316,"peak_live_bytes":23006956,"collections":0,"checksum":788890}
{"workload":"number-to-string","sample":10,"warmup":false,"ns":9113900,"cells_allocated":200026,"bytes_allocated":30596316,"peak_live_bytes":23006956,"collections":0,"checksum":788890}
{"workload":"number-to-string","sample":11,"warmup":false,"ns":8989200,"cells_allocated":200026,"bytes_allocated":30596316,"peak_live_bytes":23006956,"collections":0,"checksum":788890}
{"workload":"object-churn","sample":0,"warmup":true,"ns":53236000,"cells_allocated":500026,"bytes_allocated":89952760,"peak_live_bytes":70279372,"collections":1,"checksum":6250}
{"workload":"object-churn","sample":1,"warmup":false,"ns":34020500,"cells_allocated":500026,"bytes_allocated":89952760,"peak_live_bytes":70279372,"collections":1,"checksum":6250}
{"workload":"object-churn","sample":2,"warmup":false,"ns":28634500,"cells_allocated":500026,"bytes_allocated":89952760,"peak_live_bytes":70279372,"collections":1,"checksum":6250}
{"workload":"object-churn","sample":3,"warmup":false,"ns":32449000,"cells_allocated":500026,"bytes_allocated":89952760,"peak_live_bytes":70279372,"collections":1,"checksum":6250}
{"workload":"object-churn","sample":4,"warmup":false,"ns":43824900,"cells_allocated":500026,"bytes_allocated":89952760,"peak_live_bytes":70279372,"collections":1,"checksum":6250}
{"workload":"object-churn","sample":5,"warmup":false,"ns":51157900,"cells_allocated":500026,"bytes_allocated":89952760,"peak_live_bytes":70279372,"collections":1,"checksum":6250}
{"workload":"object-churn","sample":6,"warmup":false,"ns":37431100,"cells_allocated":500026,"bytes_allocated":89952760,"peak_live_bytes":70279372,"collections":1,"checksum":6250}
{"workload":"object-churn","sample":7,"warmup":false,"ns":45858500,"cells_allocated":500026,"bytes_allocated":89952760,"peak_live_bytes":70279372,"collections":1,"checksum":6250}
{"workload":"object-churn","sample":8,"warmup":false,"ns":49426300,"cells_allocated":500026,"bytes_allocated":89952760,"peak_live_bytes":70279372,"collections":1,"checksum":6250}
{"workload":"object-churn","sample":9,"warmup":false,"ns":42270700,"cells_allocated":500026,"bytes_allocated":89952760,"peak_live_bytes":70279372,"collections":1,"checksum":6250}
{"workload":"object-churn","sample":10,"warmup":false,"ns":41360100,"cells_allocated":500026,"bytes_allocated":89952760,"peak_live_bytes":70279372,"collections":1,"checksum":6250}
{"workload":"object-churn","sample":11,"warmup":false,"ns":40374700,"cells_allocated":500026,"bytes_allocated":89952760,"peak_live_bytes":70279372,"collections":1,"checksum":6250}
{"workload":"mark-generated","sample":0,"warmup":true,"ns":31995000,"cells_allocated":500026,"bytes_allocated":89728380,"peak_live_bytes":70191848,"collections":1,"checksum":100000}
{"workload":"mark-generated","sample":1,"warmup":false,"ns":17830000,"cells_allocated":500026,"bytes_allocated":89728380,"peak_live_bytes":70191848,"collections":1,"checksum":100000}
{"workload":"mark-generated","sample":2,"warmup":false,"ns":16778500,"cells_allocated":500026,"bytes_allocated":89728380,"peak_live_bytes":70191848,"collections":1,"checksum":100000}
{"workload":"mark-generated","sample":3,"warmup":false,"ns":15232400,"cells_allocated":500026,"bytes_allocated":89728380,"peak_live_bytes":70191848,"collections":1,"checksum":100000}
{"workload":"mark-generated","sample":4,"warmup":false,"ns":13725600,"cells_allocated":500026,"bytes_allocated":89728380,"peak_live_bytes":70191848,"collections":1,"checksum":100000}
{"workload":"mark-generated","sample":5,"warmup":false,"ns":10262700,"cells_allocated":500026,"bytes_allocated":89728380,"peak_live_bytes":70191848,"collections":1,"checksum":100000}
{"workload":"mark-generated","sample":6,"warmup":false,"ns":25789300,"cells_allocated":500026,"bytes_allocated":89728380,"peak_live_bytes":70191848,"collections":1,"checksum":100000}
{"workload":"mark-generated","sample":7,"warmup":false,"ns":31166200,"cells_allocated":500026,"bytes_allocated":89728380,"peak_live_bytes":70191848,"collections":1,"checksum":100000}
{"workload":"mark-generated","sample":8,"warmup":false,"ns":26258400,"cells_allocated":500026,"bytes_allocated":89728380,"peak_live_bytes":70191848,"collections":1,"checksum":100000}
{"workload":"mark-generated","sample":9,"warmup":false,"ns":14808200,"cells_allocated":500026,"bytes_allocated":89728380,"peak_live_bytes":70191848,"collections":1,"checksum":100000}
{"workload":"mark-generated","sample":10,"warmup":false,"ns":14740600,"cells_allocated":500026,"bytes_allocated":89728380,"peak_live_bytes":70191848,"collections":1,"checksum":100000}
{"workload":"mark-generated","sample":11,"warmup":false,"ns":14961100,"cells_allocated":500026,"bytes_allocated":89728380,"peak_live_bytes":70191848,"collections":1,"checksum":100000}
{"workload":"mark-manual","sample":0,"warmup":true,"ns":15780600,"cells_allocated":500026,"bytes_allocated":89728380,"peak_live_bytes":70191848,"collections":1,"checksum":100000}
{"workload":"mark-manual","sample":1,"warmup":false,"ns":14291500,"cells_allocated":500026,"bytes_allocated":89728380,"peak_live_bytes":70191848,"collections":1,"checksum":100000}
{"workload":"mark-manual","sample":2,"warmup":false,"ns":15317300,"cells_allocated":500026,"bytes_allocated":89728380,"peak_live_bytes":70191848,"collections":1,"checksum":100000}
{"workload":"mark-manual","sample":3,"warmup":false,"ns":14338600,"cells_allocated":500026,"bytes_allocated":89728380,"peak_live_bytes":70191848,"collections":1,"checksum":100000}
{"workload":"mark-manual","sample":4,"warmup":false,"ns":25389100,"cells_allocated":500026,"bytes_allocated":89728380,"peak_live_bytes":70191848,"collections":1,"checksum":100000}
{"workload":"mark-manual","sample":5,"warmup":false,"ns":19801800,"cells_allocated":500026,"bytes_allocated":89728380,"peak_live_bytes":70191848,"collections":1,"checksum":100000}
{"workload":"mark-manual","sample":6,"warmup":false,"ns":15823000,"cells_allocated":500026,"bytes_allocated":89728380,"peak_live_bytes":70191848,"collections":1,"checksum":100000}
{"workload":"mark-manual","sample":7,"warmup":false,"ns":10314700,"cells_allocated":500026,"bytes_allocated":89728380,"peak_live_bytes":70191848,"collections":1,"checksum":100000}
{"workload":"mark-manual","sample":8,"warmup":false,"ns":10776400,"cells_allocated":500026,"bytes_allocated":89728380,"peak_live_bytes":70191848,"collections":1,"checksum":100000}
{"workload":"mark-manual","sample":9,"warmup":false,"ns":10690800,"cells_allocated":500026,"bytes_allocated":89728380,"peak_live_bytes":70191848,"collections":1,"checksum":100000}
{"workload":"mark-manual","sample":10,"warmup":false,"ns":22097200,"cells_allocated":500026,"bytes_allocated":89728380,"peak_live_bytes":70191848,"collections":1,"checksum":100000}
{"workload":"mark-manual","sample":11,"warmup":false,"ns":19725600,"cells_allocated":500026,"bytes_allocated":89728380,"peak_live_bytes":70191848,"collections":1,"checksum":100000}
RESULT {"executable":"C:\\Users\\requi\\.omp\\wt\\t1d8c598d4\\m\\zig-out\\bin\\fairpane-js-measure-tagged_index.exe","arguments":[],"cwd":"C:\\Users\\requi\\.omp\\wt\\t1d8c598d4\\m","started_at":"2026-10-09T05:03:27.534Z","exit_code":0,"signal":null,"timed_out":false,"error":null,"duration_ms":3450}
