
COMMAND ["C:\\src\\fairpane\\out\\fp0011-measure\\zig-out\\bin\\fairpane-js-measure-reference.exe"]
{"format":"fairpane-js-measure","version":1,"representation":"reference","value_size_bytes":16,"zig_version":"0.18.0-dev.120+9fe22a29b","target":"x86_64-windows-gnu","cpu_model":"znver5","optimize":"fast","logical_cpus":32,"executable_bytes":1047552,"clock":"awake","allocator":"smp_allocator"}
{"workload":"add-small-int","sample":0,"warmup":true,"ns":19652400,"cells_allocated":27,"bytes_allocated":4110,"peak_live_bytes":3974,"collections":0,"checksum":"1000000"}
{"workload":"add-small-int","sample":1,"warmup":false,"ns":18632300,"cells_allocated":27,"bytes_allocated":4110,"peak_live_bytes":3974,"collections":0,"checksum":"1000000"}
{"workload":"add-small-int","sample":2,"warmup":false,"ns":18601700,"cells_allocated":27,"bytes_allocated":4110,"peak_live_bytes":3974,"collections":0,"checksum":"1000000"}
{"workload":"add-small-int","sample":3,"warmup":false,"ns":18667300,"cells_allocated":27,"bytes_allocated":4110,"peak_live_bytes":3974,"collections":0,"checksum":"1000000"}
{"workload":"add-small-int","sample":4,"warmup":false,"ns":18749700,"cells_allocated":27,"bytes_allocated":4110,"peak_live_bytes":3974,"collections":0,"checksum":"1000000"}
{"workload":"add-small-int","sample":5,"warmup":false,"ns":18711400,"cells_allocated":27,"bytes_allocated":4110,"peak_live_bytes":3974,"collections":0,"checksum":"1000000"}
{"workload":"add-small-int","sample":6,"warmup":false,"ns":18643500,"cells_allocated":27,"bytes_allocated":4110,"peak_live_bytes":3974,"collections":0,"checksum":"1000000"}
{"workload":"add-small-int","sample":7,"warmup":false,"ns":18588900,"cells_allocated":27,"bytes_allocated":4110,"peak_live_bytes":3974,"collections":0,"checksum":"1000000"}
{"workload":"add-small-int","sample":8,"warmup":false,"ns":18661400,"cells_allocated":27,"bytes_allocated":4110,"peak_live_bytes":3974,"collections":0,"checksum":"1000000"}
{"workload":"add-small-int","sample":9,"warmup":false,"ns":18664500,"cells_allocated":27,"bytes_allocated":4110,"peak_live_bytes":3974,"collections":0,"checksum":"1000000"}
{"workload":"add-small-int","sample":10,"warmup":false,"ns":18610100,"cells_allocated":27,"bytes_allocated":4110,"peak_live_bytes":3974,"collections":0,"checksum":"1000000"}
{"workload":"add-small-int","sample":11,"warmup":false,"ns":18648200,"cells_allocated":27,"bytes_allocated":4110,"peak_live_bytes":3974,"collections":0,"checksum":"1000000"}
{"workload":"add-fraction","sample":0,"warmup":true,"ns":18702300,"cells_allocated":27,"bytes_allocated":4108,"peak_live_bytes":3972,"collections":0,"checksum":"500000"}
{"workload":"add-fraction","sample":1,"warmup":false,"ns":18616300,"cells_allocated":27,"bytes_allocated":4108,"peak_live_bytes":3972,"collections":0,"checksum":"500000"}
{"workload":"add-fraction","sample":2,"warmup":false,"ns":18616800,"cells_allocated":27,"bytes_allocated":4108,"peak_live_bytes":3972,"collections":0,"checksum":"500000"}
{"workload":"add-fraction","sample":3,"warmup":false,"ns":18688700,"cells_allocated":27,"bytes_allocated":4108,"peak_live_bytes":3972,"collections":0,"checksum":"500000"}
{"workload":"add-fraction","sample":4,"warmup":false,"ns":18625800,"cells_allocated":27,"bytes_allocated":4108,"peak_live_bytes":3972,"collections":0,"checksum":"500000"}
{"workload":"add-fraction","sample":5,"warmup":false,"ns":18620300,"cells_allocated":27,"bytes_allocated":4108,"peak_live_bytes":3972,"collections":0,"checksum":"500000"}
{"workload":"add-fraction","sample":6,"warmup":false,"ns":18634800,"cells_allocated":27,"bytes_allocated":4108,"peak_live_bytes":3972,"collections":0,"checksum":"500000"}
{"workload":"add-fraction","sample":7,"warmup":false,"ns":18658700,"cells_allocated":27,"bytes_allocated":4108,"peak_live_bytes":3972,"collections":0,"checksum":"500000"}
{"workload":"add-fraction","sample":8,"warmup":false,"ns":18653400,"cells_allocated":27,"bytes_allocated":4108,"peak_live_bytes":3972,"collections":0,"checksum":"500000"}
{"workload":"add-fraction","sample":9,"warmup":false,"ns":18632500,"cells_allocated":27,"bytes_allocated":4108,"peak_live_bytes":3972,"collections":0,"checksum":"500000"}
{"workload":"add-fraction","sample":10,"warmup":false,"ns":18637300,"cells_allocated":27,"bytes_allocated":4108,"peak_live_bytes":3972,"collections":0,"checksum":"500000"}
{"workload":"add-fraction","sample":11,"warmup":false,"ns":18600800,"cells_allocated":27,"bytes_allocated":4108,"peak_live_bytes":3972,"collections":0,"checksum":"500000"}
{"workload":"get-prototype-chain","sample":0,"warmup":true,"ns":24800300,"cells_allocated":36,"bytes_allocated":5798,"peak_live_bytes":5398,"collections":0,"checksum":"7000000"}
{"workload":"get-prototype-chain","sample":1,"warmup":false,"ns":25093300,"cells_allocated":36,"bytes_allocated":5798,"peak_live_bytes":5398,"collections":0,"checksum":"7000000"}
{"workload":"get-prototype-chain","sample":2,"warmup":false,"ns":24992400,"cells_allocated":36,"bytes_allocated":5798,"peak_live_bytes":5398,"collections":0,"checksum":"7000000"}
{"workload":"get-prototype-chain","sample":3,"warmup":false,"ns":25086100,"cells_allocated":36,"bytes_allocated":5798,"peak_live_bytes":5398,"collections":0,"checksum":"7000000"}
{"workload":"get-prototype-chain","sample":4,"warmup":false,"ns":24874400,"cells_allocated":36,"bytes_allocated":5798,"peak_live_bytes":5398,"collections":0,"checksum":"7000000"}
{"workload":"get-prototype-chain","sample":5,"warmup":false,"ns":26116500,"cells_allocated":36,"bytes_allocated":5798,"peak_live_bytes":5398,"collections":0,"checksum":"7000000"}
{"workload":"get-prototype-chain","sample":6,"warmup":false,"ns":24906300,"cells_allocated":36,"bytes_allocated":5798,"peak_live_bytes":5398,"collections":0,"checksum":"7000000"}
{"workload":"get-prototype-chain","sample":7,"warmup":false,"ns":25299900,"cells_allocated":36,"bytes_allocated":5798,"peak_live_bytes":5398,"collections":0,"checksum":"7000000"}
{"workload":"get-prototype-chain","sample":8,"warmup":false,"ns":25060900,"cells_allocated":36,"bytes_allocated":5798,"peak_live_bytes":5398,"collections":0,"checksum":"7000000"}
{"workload":"get-prototype-chain","sample":9,"warmup":false,"ns":25188100,"cells_allocated":36,"bytes_allocated":5798,"peak_live_bytes":5398,"collections":0,"checksum":"7000000"}
{"workload":"get-prototype-chain","sample":10,"warmup":false,"ns":24988800,"cells_allocated":36,"bytes_allocated":5798,"peak_live_bytes":5398,"collections":0,"checksum":"7000000"}
{"workload":"get-prototype-chain","sample":11,"warmup":false,"ns":24944700,"cells_allocated":36,"bytes_allocated":5798,"peak_live_bytes":5398,"collections":0,"checksum":"7000000"}
{"workload":"number-to-string","sample":0,"warmup":true,"ns":10410200,"cells_allocated":100026,"bytes_allocated":17396652,"peak_live_bytes":13444028,"collections":0,"checksum":788890}
{"workload":"number-to-string","sample":1,"warmup":false,"ns":7100700,"cells_allocated":100026,"bytes_allocated":17396652,"peak_live_bytes":13444028,"collections":0,"checksum":788890}
{"workload":"number-to-string","sample":2,"warmup":false,"ns":6766800,"cells_allocated":100026,"bytes_allocated":17396652,"peak_live_bytes":13444028,"collections":0,"checksum":788890}
{"workload":"number-to-string","sample":3,"warmup":false,"ns":6636900,"cells_allocated":100026,"bytes_allocated":17396652,"peak_live_bytes":13444028,"collections":0,"checksum":788890}
{"workload":"number-to-string","sample":4,"warmup":false,"ns":6512400,"cells_allocated":100026,"bytes_allocated":17396652,"peak_live_bytes":13444028,"collections":0,"checksum":788890}
{"workload":"number-to-string","sample":5,"warmup":false,"ns":6593500,"cells_allocated":100026,"bytes_allocated":17396652,"peak_live_bytes":13444028,"collections":0,"checksum":788890}
{"workload":"number-to-string","sample":6,"warmup":false,"ns":6544200,"cells_allocated":100026,"bytes_allocated":17396652,"peak_live_bytes":13444028,"collections":0,"checksum":788890}
{"workload":"number-to-string","sample":7,"warmup":false,"ns":6782400,"cells_allocated":100026,"bytes_allocated":17396652,"peak_live_bytes":13444028,"collections":0,"checksum":788890}
{"workload":"number-to-string","sample":8,"warmup":false,"ns":6571000,"cells_allocated":100026,"bytes_allocated":17396652,"peak_live_bytes":13444028,"collections":0,"checksum":788890}
{"workload":"number-to-string","sample":9,"warmup":false,"ns":6568600,"cells_allocated":100026,"bytes_allocated":17396652,"peak_live_bytes":13444028,"collections":0,"checksum":788890}
{"workload":"number-to-string","sample":10,"warmup":false,"ns":6466300,"cells_allocated":100026,"bytes_allocated":17396652,"peak_live_bytes":13444028,"collections":0,"checksum":788890}
{"workload":"number-to-string","sample":11,"warmup":false,"ns":6552700,"cells_allocated":100026,"bytes_allocated":17396652,"peak_live_bytes":13444028,"collections":0,"checksum":788890}
{"workload":"object-churn","sample":0,"warmup":true,"ns":25407500,"cells_allocated":100026,"bytes_allocated":32457168,"peak_live_bytes":27923892,"collections":1,"checksum":6250}
{"workload":"object-churn","sample":1,"warmup":false,"ns":23106900,"cells_allocated":100026,"bytes_allocated":32457168,"peak_live_bytes":27923892,"collections":1,"checksum":6250}
{"workload":"object-churn","sample":2,"warmup":false,"ns":15911900,"cells_allocated":100026,"bytes_allocated":32457168,"peak_live_bytes":27923892,"collections":1,"checksum":6250}
{"workload":"object-churn","sample":3,"warmup":false,"ns":25023200,"cells_allocated":100026,"bytes_allocated":32457168,"peak_live_bytes":27923892,"collections":1,"checksum":6250}
{"workload":"object-churn","sample":4,"warmup":false,"ns":19119700,"cells_allocated":100026,"bytes_allocated":32457168,"peak_live_bytes":27923892,"collections":1,"checksum":6250}
{"workload":"object-churn","sample":5,"warmup":false,"ns":27356300,"cells_allocated":100026,"bytes_allocated":32457168,"peak_live_bytes":27923892,"collections":1,"checksum":6250}
{"workload":"object-churn","sample":6,"warmup":false,"ns":22394900,"cells_allocated":100026,"bytes_allocated":32457168,"peak_live_bytes":27923892,"collections":1,"checksum":6250}
{"workload":"object-churn","sample":7,"warmup":false,"ns":30549700,"cells_allocated":100026,"bytes_allocated":32457168,"peak_live_bytes":27923892,"collections":1,"checksum":6250}
{"workload":"object-churn","sample":8,"warmup":false,"ns":17333000,"cells_allocated":100026,"bytes_allocated":32457168,"peak_live_bytes":27923892,"collections":1,"checksum":6250}
{"workload":"object-churn","sample":9,"warmup":false,"ns":13302800,"cells_allocated":100026,"bytes_allocated":32457168,"peak_live_bytes":27923892,"collections":1,"checksum":6250}
{"workload":"object-churn","sample":10,"warmup":false,"ns":9760300,"cells_allocated":100026,"bytes_allocated":32457168,"peak_live_bytes":27923892,"collections":1,"checksum":6250}
{"workload":"object-churn","sample":11,"warmup":false,"ns":10167500,"cells_allocated":100026,"bytes_allocated":32457168,"peak_live_bytes":27923892,"collections":1,"checksum":6250}
{"workload":"mark-generated","sample":0,"warmup":true,"ns":4457100,"cells_allocated":100026,"bytes_allocated":71818748,"peak_live_bytes":51695844,"collections":1,"checksum":100000}
{"workload":"mark-generated","sample":1,"warmup":false,"ns":2166600,"cells_allocated":100026,"bytes_allocated":71818748,"peak_live_bytes":51695844,"collections":1,"checksum":100000}
{"workload":"mark-generated","sample":2,"warmup":false,"ns":2840600,"cells_allocated":100026,"bytes_allocated":71818748,"peak_live_bytes":51695844,"collections":1,"checksum":100000}
{"workload":"mark-generated","sample":3,"warmup":false,"ns":2466900,"cells_allocated":100026,"bytes_allocated":71818748,"peak_live_bytes":51695844,"collections":1,"checksum":100000}
{"workload":"mark-generated","sample":4,"warmup":false,"ns":2114500,"cells_allocated":100026,"bytes_allocated":71818748,"peak_live_bytes":51695844,"collections":1,"checksum":100000}
{"workload":"mark-generated","sample":5,"warmup":false,"ns":1953900,"cells_allocated":100026,"bytes_allocated":71818748,"peak_live_bytes":51695844,"collections":1,"checksum":100000}
{"workload":"mark-generated","sample":6,"warmup":false,"ns":1922800,"cells_allocated":100026,"bytes_allocated":71818748,"peak_live_bytes":51695844,"collections":1,"checksum":100000}
{"workload":"mark-generated","sample":7,"warmup":false,"ns":2110000,"cells_allocated":100026,"bytes_allocated":71818748,"peak_live_bytes":51695844,"collections":1,"checksum":100000}
{"workload":"mark-generated","sample":8,"warmup":false,"ns":1881400,"cells_allocated":100026,"bytes_allocated":71818748,"peak_live_bytes":51695844,"collections":1,"checksum":100000}
{"workload":"mark-generated","sample":9,"warmup":false,"ns":2189000,"cells_allocated":100026,"bytes_allocated":71818748,"peak_live_bytes":51695844,"collections":1,"checksum":100000}
{"workload":"mark-generated","sample":10,"warmup":false,"ns":2037300,"cells_allocated":100026,"bytes_allocated":71818748,"peak_live_bytes":51695844,"collections":1,"checksum":100000}
{"workload":"mark-generated","sample":11,"warmup":false,"ns":1992800,"cells_allocated":100026,"bytes_allocated":71818748,"peak_live_bytes":51695844,"collections":1,"checksum":100000}
{"workload":"mark-manual","sample":0,"warmup":true,"ns":2396000,"cells_allocated":100026,"bytes_allocated":71818748,"peak_live_bytes":51695844,"collections":1,"checksum":100000}
{"workload":"mark-manual","sample":1,"warmup":false,"ns":2296200,"cells_allocated":100026,"bytes_allocated":71818748,"peak_live_bytes":51695844,"collections":1,"checksum":100000}
{"workload":"mark-manual","sample":2,"warmup":false,"ns":2547000,"cells_allocated":100026,"bytes_allocated":71818748,"peak_live_bytes":51695844,"collections":1,"checksum":100000}
{"workload":"mark-manual","sample":3,"warmup":false,"ns":2035200,"cells_allocated":100026,"bytes_allocated":71818748,"peak_live_bytes":51695844,"collections":1,"checksum":100000}
{"workload":"mark-manual","sample":4,"warmup":false,"ns":2768900,"cells_allocated":100026,"bytes_allocated":71818748,"peak_live_bytes":51695844,"collections":1,"checksum":100000}
{"workload":"mark-manual","sample":5,"warmup":false,"ns":2098400,"cells_allocated":100026,"bytes_allocated":71818748,"peak_live_bytes":51695844,"collections":1,"checksum":100000}
{"workload":"mark-manual","sample":6,"warmup":false,"ns":3046500,"cells_allocated":100026,"bytes_allocated":71818748,"peak_live_bytes":51695844,"collections":1,"checksum":100000}
{"workload":"mark-manual","sample":7,"warmup":false,"ns":1911800,"cells_allocated":100026,"bytes_allocated":71818748,"peak_live_bytes":51695844,"collections":1,"checksum":100000}
{"workload":"mark-manual","sample":8,"warmup":false,"ns":2403100,"cells_allocated":100026,"bytes_allocated":71818748,"peak_live_bytes":51695844,"collections":1,"checksum":100000}
{"workload":"mark-manual","sample":9,"warmup":false,"ns":1905600,"cells_allocated":100026,"bytes_allocated":71818748,"peak_live_bytes":51695844,"collections":1,"checksum":100000}
{"workload":"mark-manual","sample":10,"warmup":false,"ns":2263400,"cells_allocated":100026,"bytes_allocated":71818748,"peak_live_bytes":51695844,"collections":1,"checksum":100000}
{"workload":"mark-manual","sample":11,"warmup":false,"ns":1959400,"cells_allocated":100026,"bytes_allocated":71818748,"peak_live_bytes":51695844,"collections":1,"checksum":100000}
RESULT {"executable":"C:\\src\\fairpane\\out\\fp0011-measure\\zig-out\\bin\\fairpane-js-measure-reference.exe","arguments":[],"cwd":"C:\\src\\fairpane","started_at":"2026-10-09T11:24:50.503Z","exit_code":0,"signal":null,"timed_out":false,"error":null,"duration_ms":1500}
