
COMMAND ["C:\\Users\\requi\\.omp\\wt\\t1d8c598d4\\m\\zig-out\\bin\\fairpane-js-measure-tagged_index.exe"]
{"format":"fairpane-js-measure","version":1,"representation":"tagged_index","value_size_bytes":4,"zig_version":"0.18.0-dev.120+9fe22a29b","target":"x86_64-windows-gnu","cpu_model":"znver5","optimize":"fast","logical_cpus":32,"executable_bytes":1047552,"clock":"awake","allocator":"smp_allocator"}
{"workload":"add-small-int","sample":0,"warmup":true,"ns":28187900,"cells_allocated":27,"bytes_allocated":3782,"peak_live_bytes":3646,"collections":0,"checksum":"1000000"}
{"workload":"add-small-int","sample":1,"warmup":false,"ns":28304100,"cells_allocated":27,"bytes_allocated":3782,"peak_live_bytes":3646,"collections":0,"checksum":"1000000"}
{"workload":"add-small-int","sample":2,"warmup":false,"ns":28277100,"cells_allocated":27,"bytes_allocated":3782,"peak_live_bytes":3646,"collections":0,"checksum":"1000000"}
{"workload":"add-small-int","sample":3,"warmup":false,"ns":28229900,"cells_allocated":27,"bytes_allocated":3782,"peak_live_bytes":3646,"collections":0,"checksum":"1000000"}
{"workload":"add-small-int","sample":4,"warmup":false,"ns":28218500,"cells_allocated":27,"bytes_allocated":3782,"peak_live_bytes":3646,"collections":0,"checksum":"1000000"}
{"workload":"add-small-int","sample":5,"warmup":false,"ns":28307300,"cells_allocated":27,"bytes_allocated":3782,"peak_live_bytes":3646,"collections":0,"checksum":"1000000"}
{"workload":"add-small-int","sample":6,"warmup":false,"ns":28373500,"cells_allocated":27,"bytes_allocated":3782,"peak_live_bytes":3646,"collections":0,"checksum":"1000000"}
{"workload":"add-small-int","sample":7,"warmup":false,"ns":28614800,"cells_allocated":27,"bytes_allocated":3782,"peak_live_bytes":3646,"collections":0,"checksum":"1000000"}
{"workload":"add-small-int","sample":8,"warmup":false,"ns":28334500,"cells_allocated":27,"bytes_allocated":3782,"peak_live_bytes":3646,"collections":0,"checksum":"1000000"}
{"workload":"add-small-int","sample":9,"warmup":false,"ns":28302600,"cells_allocated":27,"bytes_allocated":3782,"peak_live_bytes":3646,"collections":0,"checksum":"1000000"}
{"workload":"add-small-int","sample":10,"warmup":false,"ns":28400700,"cells_allocated":27,"bytes_allocated":3782,"peak_live_bytes":3646,"collections":0,"checksum":"1000000"}
{"workload":"add-small-int","sample":11,"warmup":false,"ns":28411400,"cells_allocated":27,"bytes_allocated":3782,"peak_live_bytes":3646,"collections":0,"checksum":"1000000"}
{"workload":"add-fraction","sample":0,"warmup":true,"ns":53597400,"cells_allocated":500028,"bytes_allocated":75728300,"peak_live_bytes":56287048,"collections":0,"checksum":"500000"}
{"workload":"add-fraction","sample":1,"warmup":false,"ns":38355500,"cells_allocated":500028,"bytes_allocated":75728300,"peak_live_bytes":56287048,"collections":0,"checksum":"500000"}
{"workload":"add-fraction","sample":2,"warmup":false,"ns":38762900,"cells_allocated":500028,"bytes_allocated":75728300,"peak_live_bytes":56287048,"collections":0,"checksum":"500000"}
{"workload":"add-fraction","sample":3,"warmup":false,"ns":38593400,"cells_allocated":500028,"bytes_allocated":75728300,"peak_live_bytes":56287048,"collections":0,"checksum":"500000"}
{"workload":"add-fraction","sample":4,"warmup":false,"ns":38156700,"cells_allocated":500028,"bytes_allocated":75728300,"peak_live_bytes":56287048,"collections":0,"checksum":"500000"}
{"workload":"add-fraction","sample":5,"warmup":false,"ns":38567600,"cells_allocated":500028,"bytes_allocated":75728300,"peak_live_bytes":56287048,"collections":0,"checksum":"500000"}
{"workload":"add-fraction","sample":6,"warmup":false,"ns":38431700,"cells_allocated":500028,"bytes_allocated":75728300,"peak_live_bytes":56287048,"collections":0,"checksum":"500000"}
{"workload":"add-fraction","sample":7,"warmup":false,"ns":38300300,"cells_allocated":500028,"bytes_allocated":75728300,"peak_live_bytes":56287048,"collections":0,"checksum":"500000"}
{"workload":"add-fraction","sample":8,"warmup":false,"ns":37815800,"cells_allocated":500028,"bytes_allocated":75728300,"peak_live_bytes":56287048,"collections":0,"checksum":"500000"}
{"workload":"add-fraction","sample":9,"warmup":false,"ns":37933300,"cells_allocated":500028,"bytes_allocated":75728300,"peak_live_bytes":56287048,"collections":0,"checksum":"500000"}
{"workload":"add-fraction","sample":10,"warmup":false,"ns":38270200,"cells_allocated":500028,"bytes_allocated":75728300,"peak_live_bytes":56287048,"collections":0,"checksum":"500000"}
{"workload":"add-fraction","sample":11,"warmup":false,"ns":37994900,"cells_allocated":500028,"bytes_allocated":75728300,"peak_live_bytes":56287048,"collections":0,"checksum":"500000"}
{"workload":"get-prototype-chain","sample":0,"warmup":true,"ns":21987100,"cells_allocated":36,"bytes_allocated":5378,"peak_live_bytes":4978,"collections":0,"checksum":"7000000"}
{"workload":"get-prototype-chain","sample":1,"warmup":false,"ns":23039100,"cells_allocated":36,"bytes_allocated":5378,"peak_live_bytes":4978,"collections":0,"checksum":"7000000"}
{"workload":"get-prototype-chain","sample":2,"warmup":false,"ns":22041300,"cells_allocated":36,"bytes_allocated":5378,"peak_live_bytes":4978,"collections":0,"checksum":"7000000"}
{"workload":"get-prototype-chain","sample":3,"warmup":false,"ns":23055000,"cells_allocated":36,"bytes_allocated":5378,"peak_live_bytes":4978,"collections":0,"checksum":"7000000"}
{"workload":"get-prototype-chain","sample":4,"warmup":false,"ns":22126000,"cells_allocated":36,"bytes_allocated":5378,"peak_live_bytes":4978,"collections":0,"checksum":"7000000"}
{"workload":"get-prototype-chain","sample":5,"warmup":false,"ns":22986400,"cells_allocated":36,"bytes_allocated":5378,"peak_live_bytes":4978,"collections":0,"checksum":"7000000"}
{"workload":"get-prototype-chain","sample":6,"warmup":false,"ns":22100300,"cells_allocated":36,"bytes_allocated":5378,"peak_live_bytes":4978,"collections":0,"checksum":"7000000"}
{"workload":"get-prototype-chain","sample":7,"warmup":false,"ns":23512000,"cells_allocated":36,"bytes_allocated":5378,"peak_live_bytes":4978,"collections":0,"checksum":"7000000"}
{"workload":"get-prototype-chain","sample":8,"warmup":false,"ns":22127800,"cells_allocated":36,"bytes_allocated":5378,"peak_live_bytes":4978,"collections":0,"checksum":"7000000"}
{"workload":"get-prototype-chain","sample":9,"warmup":false,"ns":22943900,"cells_allocated":36,"bytes_allocated":5378,"peak_live_bytes":4978,"collections":0,"checksum":"7000000"}
{"workload":"get-prototype-chain","sample":10,"warmup":false,"ns":22115500,"cells_allocated":36,"bytes_allocated":5378,"peak_live_bytes":4978,"collections":0,"checksum":"7000000"}
{"workload":"get-prototype-chain","sample":11,"warmup":false,"ns":22912400,"cells_allocated":36,"bytes_allocated":5378,"peak_live_bytes":4978,"collections":0,"checksum":"7000000"}
{"workload":"number-to-string","sample":0,"warmup":true,"ns":11058300,"cells_allocated":200026,"bytes_allocated":30596316,"peak_live_bytes":23006956,"collections":0,"checksum":788890}
{"workload":"number-to-string","sample":1,"warmup":false,"ns":8657400,"cells_allocated":200026,"bytes_allocated":30596316,"peak_live_bytes":23006956,"collections":0,"checksum":788890}
{"workload":"number-to-string","sample":2,"warmup":false,"ns":6852600,"cells_allocated":200026,"bytes_allocated":30596316,"peak_live_bytes":23006956,"collections":0,"checksum":788890}
{"workload":"number-to-string","sample":3,"warmup":false,"ns":6765600,"cells_allocated":200026,"bytes_allocated":30596316,"peak_live_bytes":23006956,"collections":0,"checksum":788890}
{"workload":"number-to-string","sample":4,"warmup":false,"ns":6777900,"cells_allocated":200026,"bytes_allocated":30596316,"peak_live_bytes":23006956,"collections":0,"checksum":788890}
{"workload":"number-to-string","sample":5,"warmup":false,"ns":6778000,"cells_allocated":200026,"bytes_allocated":30596316,"peak_live_bytes":23006956,"collections":0,"checksum":788890}
{"workload":"number-to-string","sample":6,"warmup":false,"ns":6759400,"cells_allocated":200026,"bytes_allocated":30596316,"peak_live_bytes":23006956,"collections":0,"checksum":788890}
{"workload":"number-to-string","sample":7,"warmup":false,"ns":6814600,"cells_allocated":200026,"bytes_allocated":30596316,"peak_live_bytes":23006956,"collections":0,"checksum":788890}
{"workload":"number-to-string","sample":8,"warmup":false,"ns":6794300,"cells_allocated":200026,"bytes_allocated":30596316,"peak_live_bytes":23006956,"collections":0,"checksum":788890}
{"workload":"number-to-string","sample":9,"warmup":false,"ns":6805600,"cells_allocated":200026,"bytes_allocated":30596316,"peak_live_bytes":23006956,"collections":0,"checksum":788890}
{"workload":"number-to-string","sample":10,"warmup":false,"ns":6768300,"cells_allocated":200026,"bytes_allocated":30596316,"peak_live_bytes":23006956,"collections":0,"checksum":788890}
{"workload":"number-to-string","sample":11,"warmup":false,"ns":6780300,"cells_allocated":200026,"bytes_allocated":30596316,"peak_live_bytes":23006956,"collections":0,"checksum":788890}
{"workload":"object-churn","sample":0,"warmup":true,"ns":39798600,"cells_allocated":500026,"bytes_allocated":89952760,"peak_live_bytes":70279372,"collections":1,"checksum":6250}
{"workload":"object-churn","sample":1,"warmup":false,"ns":28679000,"cells_allocated":500026,"bytes_allocated":89952760,"peak_live_bytes":70279372,"collections":1,"checksum":6250}
{"workload":"object-churn","sample":2,"warmup":false,"ns":29337000,"cells_allocated":500026,"bytes_allocated":89952760,"peak_live_bytes":70279372,"collections":1,"checksum":6250}
{"workload":"object-churn","sample":3,"warmup":false,"ns":32630400,"cells_allocated":500026,"bytes_allocated":89952760,"peak_live_bytes":70279372,"collections":1,"checksum":6250}
{"workload":"object-churn","sample":4,"warmup":false,"ns":34540800,"cells_allocated":500026,"bytes_allocated":89952760,"peak_live_bytes":70279372,"collections":1,"checksum":6250}
{"workload":"object-churn","sample":5,"warmup":false,"ns":36574800,"cells_allocated":500026,"bytes_allocated":89952760,"peak_live_bytes":70279372,"collections":1,"checksum":6250}
{"workload":"object-churn","sample":6,"warmup":false,"ns":39453700,"cells_allocated":500026,"bytes_allocated":89952760,"peak_live_bytes":70279372,"collections":1,"checksum":6250}
{"workload":"object-churn","sample":7,"warmup":false,"ns":44568900,"cells_allocated":500026,"bytes_allocated":89952760,"peak_live_bytes":70279372,"collections":1,"checksum":6250}
{"workload":"object-churn","sample":8,"warmup":false,"ns":41923900,"cells_allocated":500026,"bytes_allocated":89952760,"peak_live_bytes":70279372,"collections":1,"checksum":6250}
{"workload":"object-churn","sample":9,"warmup":false,"ns":45914000,"cells_allocated":500026,"bytes_allocated":89952760,"peak_live_bytes":70279372,"collections":1,"checksum":6250}
{"workload":"object-churn","sample":10,"warmup":false,"ns":46016100,"cells_allocated":500026,"bytes_allocated":89952760,"peak_live_bytes":70279372,"collections":1,"checksum":6250}
{"workload":"object-churn","sample":11,"warmup":false,"ns":49401800,"cells_allocated":500026,"bytes_allocated":89952760,"peak_live_bytes":70279372,"collections":1,"checksum":6250}
{"workload":"mark-generated","sample":0,"warmup":true,"ns":16740900,"cells_allocated":500026,"bytes_allocated":89728380,"peak_live_bytes":70191848,"collections":1,"checksum":100000}
{"workload":"mark-generated","sample":1,"warmup":false,"ns":9831300,"cells_allocated":500026,"bytes_allocated":89728380,"peak_live_bytes":70191848,"collections":1,"checksum":100000}
{"workload":"mark-generated","sample":2,"warmup":false,"ns":10184800,"cells_allocated":500026,"bytes_allocated":89728380,"peak_live_bytes":70191848,"collections":1,"checksum":100000}
{"workload":"mark-generated","sample":3,"warmup":false,"ns":9678800,"cells_allocated":500026,"bytes_allocated":89728380,"peak_live_bytes":70191848,"collections":1,"checksum":100000}
{"workload":"mark-generated","sample":4,"warmup":false,"ns":10365400,"cells_allocated":500026,"bytes_allocated":89728380,"peak_live_bytes":70191848,"collections":1,"checksum":100000}
{"workload":"mark-generated","sample":5,"warmup":false,"ns":10361200,"cells_allocated":500026,"bytes_allocated":89728380,"peak_live_bytes":70191848,"collections":1,"checksum":100000}
{"workload":"mark-generated","sample":6,"warmup":false,"ns":10343600,"cells_allocated":500026,"bytes_allocated":89728380,"peak_live_bytes":70191848,"collections":1,"checksum":100000}
{"workload":"mark-generated","sample":7,"warmup":false,"ns":9574300,"cells_allocated":500026,"bytes_allocated":89728380,"peak_live_bytes":70191848,"collections":1,"checksum":100000}
{"workload":"mark-generated","sample":8,"warmup":false,"ns":10263200,"cells_allocated":500026,"bytes_allocated":89728380,"peak_live_bytes":70191848,"collections":1,"checksum":100000}
{"workload":"mark-generated","sample":9,"warmup":false,"ns":9766700,"cells_allocated":500026,"bytes_allocated":89728380,"peak_live_bytes":70191848,"collections":1,"checksum":100000}
{"workload":"mark-generated","sample":10,"warmup":false,"ns":10274500,"cells_allocated":500026,"bytes_allocated":89728380,"peak_live_bytes":70191848,"collections":1,"checksum":100000}
{"workload":"mark-generated","sample":11,"warmup":false,"ns":10002500,"cells_allocated":500026,"bytes_allocated":89728380,"peak_live_bytes":70191848,"collections":1,"checksum":100000}
{"workload":"mark-manual","sample":0,"warmup":true,"ns":10638900,"cells_allocated":500026,"bytes_allocated":89728380,"peak_live_bytes":70191848,"collections":1,"checksum":100000}
{"workload":"mark-manual","sample":1,"warmup":false,"ns":9522500,"cells_allocated":500026,"bytes_allocated":89728380,"peak_live_bytes":70191848,"collections":1,"checksum":100000}
{"workload":"mark-manual","sample":2,"warmup":false,"ns":10207200,"cells_allocated":500026,"bytes_allocated":89728380,"peak_live_bytes":70191848,"collections":1,"checksum":100000}
{"workload":"mark-manual","sample":3,"warmup":false,"ns":9957800,"cells_allocated":500026,"bytes_allocated":89728380,"peak_live_bytes":70191848,"collections":1,"checksum":100000}
{"workload":"mark-manual","sample":4,"warmup":false,"ns":10507900,"cells_allocated":500026,"bytes_allocated":89728380,"peak_live_bytes":70191848,"collections":1,"checksum":100000}
{"workload":"mark-manual","sample":5,"warmup":false,"ns":9930100,"cells_allocated":500026,"bytes_allocated":89728380,"peak_live_bytes":70191848,"collections":1,"checksum":100000}
{"workload":"mark-manual","sample":6,"warmup":false,"ns":10214300,"cells_allocated":500026,"bytes_allocated":89728380,"peak_live_bytes":70191848,"collections":1,"checksum":100000}
{"workload":"mark-manual","sample":7,"warmup":false,"ns":9853300,"cells_allocated":500026,"bytes_allocated":89728380,"peak_live_bytes":70191848,"collections":1,"checksum":100000}
{"workload":"mark-manual","sample":8,"warmup":false,"ns":10685700,"cells_allocated":500026,"bytes_allocated":89728380,"peak_live_bytes":70191848,"collections":1,"checksum":100000}
{"workload":"mark-manual","sample":9,"warmup":false,"ns":9440500,"cells_allocated":500026,"bytes_allocated":89728380,"peak_live_bytes":70191848,"collections":1,"checksum":100000}
{"workload":"mark-manual","sample":10,"warmup":false,"ns":10301000,"cells_allocated":500026,"bytes_allocated":89728380,"peak_live_bytes":70191848,"collections":1,"checksum":100000}
{"workload":"mark-manual","sample":11,"warmup":false,"ns":9678600,"cells_allocated":500026,"bytes_allocated":89728380,"peak_live_bytes":70191848,"collections":1,"checksum":100000}
RESULT {"executable":"C:\\Users\\requi\\.omp\\wt\\t1d8c598d4\\m\\zig-out\\bin\\fairpane-js-measure-tagged_index.exe","arguments":[],"cwd":"C:\\Users\\requi\\.omp\\wt\\t1d8c598d4\\m","started_at":"2026-10-09T05:03:16.723Z","exit_code":0,"signal":null,"timed_out":false,"error":null,"duration_ms":2789}
