
COMMAND ["C:\\src\\fairpane\\out\\fp0011-measure\\zig-out\\bin\\fairpane-js-measure-nan_box.exe"]
{"format":"fairpane-js-measure","version":1,"representation":"nan_box","value_size_bytes":8,"zig_version":"0.18.0-dev.120+9fe22a29b","target":"x86_64-windows-gnu","cpu_model":"znver5","optimize":"fast","logical_cpus":32,"executable_bytes":1047040,"clock":"awake","allocator":"smp_allocator"}
{"workload":"add-small-int","sample":0,"warmup":true,"ns":12518900,"cells_allocated":27,"bytes_allocated":3846,"peak_live_bytes":3710,"collections":0,"checksum":"1000000"}
{"workload":"add-small-int","sample":1,"warmup":false,"ns":12634600,"cells_allocated":27,"bytes_allocated":3846,"peak_live_bytes":3710,"collections":0,"checksum":"1000000"}
{"workload":"add-small-int","sample":2,"warmup":false,"ns":12705500,"cells_allocated":27,"bytes_allocated":3846,"peak_live_bytes":3710,"collections":0,"checksum":"1000000"}
{"workload":"add-small-int","sample":3,"warmup":false,"ns":12622700,"cells_allocated":27,"bytes_allocated":3846,"peak_live_bytes":3710,"collections":0,"checksum":"1000000"}
{"workload":"add-small-int","sample":4,"warmup":false,"ns":12578400,"cells_allocated":27,"bytes_allocated":3846,"peak_live_bytes":3710,"collections":0,"checksum":"1000000"}
{"workload":"add-small-int","sample":5,"warmup":false,"ns":12689600,"cells_allocated":27,"bytes_allocated":3846,"peak_live_bytes":3710,"collections":0,"checksum":"1000000"}
{"workload":"add-small-int","sample":6,"warmup":false,"ns":12741700,"cells_allocated":27,"bytes_allocated":3846,"peak_live_bytes":3710,"collections":0,"checksum":"1000000"}
{"workload":"add-small-int","sample":7,"warmup":false,"ns":12776000,"cells_allocated":27,"bytes_allocated":3846,"peak_live_bytes":3710,"collections":0,"checksum":"1000000"}
{"workload":"add-small-int","sample":8,"warmup":false,"ns":12796300,"cells_allocated":27,"bytes_allocated":3846,"peak_live_bytes":3710,"collections":0,"checksum":"1000000"}
{"workload":"add-small-int","sample":9,"warmup":false,"ns":12767200,"cells_allocated":27,"bytes_allocated":3846,"peak_live_bytes":3710,"collections":0,"checksum":"1000000"}
{"workload":"add-small-int","sample":10,"warmup":false,"ns":12755700,"cells_allocated":27,"bytes_allocated":3846,"peak_live_bytes":3710,"collections":0,"checksum":"1000000"}
{"workload":"add-small-int","sample":11,"warmup":false,"ns":12724400,"cells_allocated":27,"bytes_allocated":3846,"peak_live_bytes":3710,"collections":0,"checksum":"1000000"}
{"workload":"add-fraction","sample":0,"warmup":true,"ns":12694700,"cells_allocated":27,"bytes_allocated":3844,"peak_live_bytes":3708,"collections":0,"checksum":"500000"}
{"workload":"add-fraction","sample":1,"warmup":false,"ns":12728300,"cells_allocated":27,"bytes_allocated":3844,"peak_live_bytes":3708,"collections":0,"checksum":"500000"}
{"workload":"add-fraction","sample":2,"warmup":false,"ns":12663200,"cells_allocated":27,"bytes_allocated":3844,"peak_live_bytes":3708,"collections":0,"checksum":"500000"}
{"workload":"add-fraction","sample":3,"warmup":false,"ns":12678700,"cells_allocated":27,"bytes_allocated":3844,"peak_live_bytes":3708,"collections":0,"checksum":"500000"}
{"workload":"add-fraction","sample":4,"warmup":false,"ns":12705300,"cells_allocated":27,"bytes_allocated":3844,"peak_live_bytes":3708,"collections":0,"checksum":"500000"}
{"workload":"add-fraction","sample":5,"warmup":false,"ns":12624200,"cells_allocated":27,"bytes_allocated":3844,"peak_live_bytes":3708,"collections":0,"checksum":"500000"}
{"workload":"add-fraction","sample":6,"warmup":false,"ns":12706700,"cells_allocated":27,"bytes_allocated":3844,"peak_live_bytes":3708,"collections":0,"checksum":"500000"}
{"workload":"add-fraction","sample":7,"warmup":false,"ns":12648900,"cells_allocated":27,"bytes_allocated":3844,"peak_live_bytes":3708,"collections":0,"checksum":"500000"}
{"workload":"add-fraction","sample":8,"warmup":false,"ns":12679100,"cells_allocated":27,"bytes_allocated":3844,"peak_live_bytes":3708,"collections":0,"checksum":"500000"}
{"workload":"add-fraction","sample":9,"warmup":false,"ns":12704700,"cells_allocated":27,"bytes_allocated":3844,"peak_live_bytes":3708,"collections":0,"checksum":"500000"}
{"workload":"add-fraction","sample":10,"warmup":false,"ns":12675400,"cells_allocated":27,"bytes_allocated":3844,"peak_live_bytes":3708,"collections":0,"checksum":"500000"}
{"workload":"add-fraction","sample":11,"warmup":false,"ns":12948800,"cells_allocated":27,"bytes_allocated":3844,"peak_live_bytes":3708,"collections":0,"checksum":"500000"}
{"workload":"get-prototype-chain","sample":0,"warmup":true,"ns":23072500,"cells_allocated":36,"bytes_allocated":5462,"peak_live_bytes":5062,"collections":0,"checksum":"7000000"}
{"workload":"get-prototype-chain","sample":1,"warmup":false,"ns":23457200,"cells_allocated":36,"bytes_allocated":5462,"peak_live_bytes":5062,"collections":0,"checksum":"7000000"}
{"workload":"get-prototype-chain","sample":2,"warmup":false,"ns":23416800,"cells_allocated":36,"bytes_allocated":5462,"peak_live_bytes":5062,"collections":0,"checksum":"7000000"}
{"workload":"get-prototype-chain","sample":3,"warmup":false,"ns":23117100,"cells_allocated":36,"bytes_allocated":5462,"peak_live_bytes":5062,"collections":0,"checksum":"7000000"}
{"workload":"get-prototype-chain","sample":4,"warmup":false,"ns":23084500,"cells_allocated":36,"bytes_allocated":5462,"peak_live_bytes":5062,"collections":0,"checksum":"7000000"}
{"workload":"get-prototype-chain","sample":5,"warmup":false,"ns":24387200,"cells_allocated":36,"bytes_allocated":5462,"peak_live_bytes":5062,"collections":0,"checksum":"7000000"}
{"workload":"get-prototype-chain","sample":6,"warmup":false,"ns":23048500,"cells_allocated":36,"bytes_allocated":5462,"peak_live_bytes":5062,"collections":0,"checksum":"7000000"}
{"workload":"get-prototype-chain","sample":7,"warmup":false,"ns":23866700,"cells_allocated":36,"bytes_allocated":5462,"peak_live_bytes":5062,"collections":0,"checksum":"7000000"}
{"workload":"get-prototype-chain","sample":8,"warmup":false,"ns":24092300,"cells_allocated":36,"bytes_allocated":5462,"peak_live_bytes":5062,"collections":0,"checksum":"7000000"}
{"workload":"get-prototype-chain","sample":9,"warmup":false,"ns":23231100,"cells_allocated":36,"bytes_allocated":5462,"peak_live_bytes":5062,"collections":0,"checksum":"7000000"}
{"workload":"get-prototype-chain","sample":10,"warmup":false,"ns":23574600,"cells_allocated":36,"bytes_allocated":5462,"peak_live_bytes":5062,"collections":0,"checksum":"7000000"}
{"workload":"get-prototype-chain","sample":11,"warmup":false,"ns":23017000,"cells_allocated":36,"bytes_allocated":5462,"peak_live_bytes":5062,"collections":0,"checksum":"7000000"}
{"workload":"number-to-string","sample":0,"warmup":true,"ns":9123300,"cells_allocated":100026,"bytes_allocated":16596396,"peak_live_bytes":12659612,"collections":0,"checksum":788890}
{"workload":"number-to-string","sample":1,"warmup":false,"ns":5523300,"cells_allocated":100026,"bytes_allocated":16596396,"peak_live_bytes":12659612,"collections":0,"checksum":788890}
{"workload":"number-to-string","sample":2,"warmup":false,"ns":5209400,"cells_allocated":100026,"bytes_allocated":16596396,"peak_live_bytes":12659612,"collections":0,"checksum":788890}
{"workload":"number-to-string","sample":3,"warmup":false,"ns":5112100,"cells_allocated":100026,"bytes_allocated":16596396,"peak_live_bytes":12659612,"collections":0,"checksum":788890}
{"workload":"number-to-string","sample":4,"warmup":false,"ns":5051300,"cells_allocated":100026,"bytes_allocated":16596396,"peak_live_bytes":12659612,"collections":0,"checksum":788890}
{"workload":"number-to-string","sample":5,"warmup":false,"ns":5145400,"cells_allocated":100026,"bytes_allocated":16596396,"peak_live_bytes":12659612,"collections":0,"checksum":788890}
{"workload":"number-to-string","sample":6,"warmup":false,"ns":5115000,"cells_allocated":100026,"bytes_allocated":16596396,"peak_live_bytes":12659612,"collections":0,"checksum":788890}
{"workload":"number-to-string","sample":7,"warmup":false,"ns":5075800,"cells_allocated":100026,"bytes_allocated":16596396,"peak_live_bytes":12659612,"collections":0,"checksum":788890}
{"workload":"number-to-string","sample":8,"warmup":false,"ns":5294100,"cells_allocated":100026,"bytes_allocated":16596396,"peak_live_bytes":12659612,"collections":0,"checksum":788890}
{"workload":"number-to-string","sample":9,"warmup":false,"ns":5068500,"cells_allocated":100026,"bytes_allocated":16596396,"peak_live_bytes":12659612,"collections":0,"checksum":788890}
{"workload":"number-to-string","sample":10,"warmup":false,"ns":5019200,"cells_allocated":100026,"bytes_allocated":16596396,"peak_live_bytes":12659612,"collections":0,"checksum":788890}
{"workload":"number-to-string","sample":11,"warmup":false,"ns":5072900,"cells_allocated":100026,"bytes_allocated":16596396,"peak_live_bytes":12659612,"collections":0,"checksum":788890}
{"workload":"object-churn","sample":0,"warmup":true,"ns":30204900,"cells_allocated":100026,"bytes_allocated":31463072,"peak_live_bytes":27058908,"collections":1,"checksum":6250}
{"workload":"object-churn","sample":1,"warmup":false,"ns":26577300,"cells_allocated":100026,"bytes_allocated":31463072,"peak_live_bytes":27058908,"collections":1,"checksum":6250}
{"workload":"object-churn","sample":2,"warmup":false,"ns":18252800,"cells_allocated":100026,"bytes_allocated":31463072,"peak_live_bytes":27058908,"collections":1,"checksum":6250}
{"workload":"object-churn","sample":3,"warmup":false,"ns":21472400,"cells_allocated":100026,"bytes_allocated":31463072,"peak_live_bytes":27058908,"collections":1,"checksum":6250}
{"workload":"object-churn","sample":4,"warmup":false,"ns":20681900,"cells_allocated":100026,"bytes_allocated":31463072,"peak_live_bytes":27058908,"collections":1,"checksum":6250}
{"workload":"object-churn","sample":5,"warmup":false,"ns":24531800,"cells_allocated":100026,"bytes_allocated":31463072,"peak_live_bytes":27058908,"collections":1,"checksum":6250}
{"workload":"object-churn","sample":6,"warmup":false,"ns":23400800,"cells_allocated":100026,"bytes_allocated":31463072,"peak_live_bytes":27058908,"collections":1,"checksum":6250}
{"workload":"object-churn","sample":7,"warmup":false,"ns":26716500,"cells_allocated":100026,"bytes_allocated":31463072,"peak_live_bytes":27058908,"collections":1,"checksum":6250}
{"workload":"object-churn","sample":8,"warmup":false,"ns":25730800,"cells_allocated":100026,"bytes_allocated":31463072,"peak_live_bytes":27058908,"collections":1,"checksum":6250}
{"workload":"object-churn","sample":9,"warmup":false,"ns":29895800,"cells_allocated":100026,"bytes_allocated":31463072,"peak_live_bytes":27058908,"collections":1,"checksum":6250}
{"workload":"object-churn","sample":10,"warmup":false,"ns":29271400,"cells_allocated":100026,"bytes_allocated":31463072,"peak_live_bytes":27058908,"collections":1,"checksum":6250}
{"workload":"object-churn","sample":11,"warmup":false,"ns":32875700,"cells_allocated":100026,"bytes_allocated":31463072,"peak_live_bytes":27058908,"collections":1,"checksum":6250}
{"workload":"mark-generated","sample":0,"warmup":true,"ns":17370800,"cells_allocated":100026,"bytes_allocated":31018892,"peak_live_bytes":26895828,"collections":1,"checksum":100000}
{"workload":"mark-generated","sample":1,"warmup":false,"ns":16556900,"cells_allocated":100026,"bytes_allocated":31018892,"peak_live_bytes":26895828,"collections":1,"checksum":100000}
{"workload":"mark-generated","sample":2,"warmup":false,"ns":17883200,"cells_allocated":100026,"bytes_allocated":31018892,"peak_live_bytes":26895828,"collections":1,"checksum":100000}
{"workload":"mark-generated","sample":3,"warmup":false,"ns":16323100,"cells_allocated":100026,"bytes_allocated":31018892,"peak_live_bytes":26895828,"collections":1,"checksum":100000}
{"workload":"mark-generated","sample":4,"warmup":false,"ns":17851300,"cells_allocated":100026,"bytes_allocated":31018892,"peak_live_bytes":26895828,"collections":1,"checksum":100000}
{"workload":"mark-generated","sample":5,"warmup":false,"ns":17597900,"cells_allocated":100026,"bytes_allocated":31018892,"peak_live_bytes":26895828,"collections":1,"checksum":100000}
{"workload":"mark-generated","sample":6,"warmup":false,"ns":17653300,"cells_allocated":100026,"bytes_allocated":31018892,"peak_live_bytes":26895828,"collections":1,"checksum":100000}
{"workload":"mark-generated","sample":7,"warmup":false,"ns":16180700,"cells_allocated":100026,"bytes_allocated":31018892,"peak_live_bytes":26895828,"collections":1,"checksum":100000}
{"workload":"mark-generated","sample":8,"warmup":false,"ns":17268400,"cells_allocated":100026,"bytes_allocated":31018892,"peak_live_bytes":26895828,"collections":1,"checksum":100000}
{"workload":"mark-generated","sample":9,"warmup":false,"ns":16637000,"cells_allocated":100026,"bytes_allocated":31018892,"peak_live_bytes":26895828,"collections":1,"checksum":100000}
{"workload":"mark-generated","sample":10,"warmup":false,"ns":17311500,"cells_allocated":100026,"bytes_allocated":31018892,"peak_live_bytes":26895828,"collections":1,"checksum":100000}
{"workload":"mark-generated","sample":11,"warmup":false,"ns":16422200,"cells_allocated":100026,"bytes_allocated":31018892,"peak_live_bytes":26895828,"collections":1,"checksum":100000}
{"workload":"mark-manual","sample":0,"warmup":true,"ns":18901000,"cells_allocated":100026,"bytes_allocated":31018892,"peak_live_bytes":26895828,"collections":1,"checksum":100000}
{"workload":"mark-manual","sample":1,"warmup":false,"ns":16464900,"cells_allocated":100026,"bytes_allocated":31018892,"peak_live_bytes":26895828,"collections":1,"checksum":100000}
{"workload":"mark-manual","sample":2,"warmup":false,"ns":18789000,"cells_allocated":100026,"bytes_allocated":31018892,"peak_live_bytes":26895828,"collections":1,"checksum":100000}
{"workload":"mark-manual","sample":3,"warmup":false,"ns":15947400,"cells_allocated":100026,"bytes_allocated":31018892,"peak_live_bytes":26895828,"collections":1,"checksum":100000}
{"workload":"mark-manual","sample":4,"warmup":false,"ns":18355200,"cells_allocated":100026,"bytes_allocated":31018892,"peak_live_bytes":26895828,"collections":1,"checksum":100000}
{"workload":"mark-manual","sample":5,"warmup":false,"ns":16256600,"cells_allocated":100026,"bytes_allocated":31018892,"peak_live_bytes":26895828,"collections":1,"checksum":100000}
{"workload":"mark-manual","sample":6,"warmup":false,"ns":7308700,"cells_allocated":100026,"bytes_allocated":31018892,"peak_live_bytes":26895828,"collections":1,"checksum":100000}
{"workload":"mark-manual","sample":7,"warmup":false,"ns":2553500,"cells_allocated":100026,"bytes_allocated":31018892,"peak_live_bytes":26895828,"collections":1,"checksum":100000}
{"workload":"mark-manual","sample":8,"warmup":false,"ns":2810400,"cells_allocated":100026,"bytes_allocated":31018892,"peak_live_bytes":26895828,"collections":1,"checksum":100000}
{"workload":"mark-manual","sample":9,"warmup":false,"ns":2609800,"cells_allocated":100026,"bytes_allocated":31018892,"peak_live_bytes":26895828,"collections":1,"checksum":100000}
{"workload":"mark-manual","sample":10,"warmup":false,"ns":2867200,"cells_allocated":100026,"bytes_allocated":31018892,"peak_live_bytes":26895828,"collections":1,"checksum":100000}
{"workload":"mark-manual","sample":11,"warmup":false,"ns":2558300,"cells_allocated":100026,"bytes_allocated":31018892,"peak_live_bytes":26895828,"collections":1,"checksum":100000}
RESULT {"executable":"C:\\src\\fairpane\\out\\fp0011-measure\\zig-out\\bin\\fairpane-js-measure-nan_box.exe","arguments":[],"cwd":"C:\\src\\fairpane","started_at":"2026-10-09T11:24:58.887Z","exit_code":0,"signal":null,"timed_out":false,"error":null,"duration_ms":2002}
