
COMMAND ["C:\\src\\fairpane\\out\\fp0011-measure\\zig-out\\bin\\fairpane-js-measure-tagged_index.exe"]
{"format":"fairpane-js-measure","version":1,"representation":"tagged_index","value_size_bytes":4,"zig_version":"0.18.0-dev.120+9fe22a29b","target":"x86_64-windows-gnu","cpu_model":"znver5","optimize":"fast","logical_cpus":32,"executable_bytes":1047552,"clock":"awake","allocator":"smp_allocator"}
{"workload":"add-small-int","sample":0,"warmup":true,"ns":28219900,"cells_allocated":27,"bytes_allocated":3782,"peak_live_bytes":3646,"collections":0,"checksum":"1000000"}
{"workload":"add-small-int","sample":1,"warmup":false,"ns":28031100,"cells_allocated":27,"bytes_allocated":3782,"peak_live_bytes":3646,"collections":0,"checksum":"1000000"}
{"workload":"add-small-int","sample":2,"warmup":false,"ns":28166500,"cells_allocated":27,"bytes_allocated":3782,"peak_live_bytes":3646,"collections":0,"checksum":"1000000"}
{"workload":"add-small-int","sample":3,"warmup":false,"ns":28179600,"cells_allocated":27,"bytes_allocated":3782,"peak_live_bytes":3646,"collections":0,"checksum":"1000000"}
{"workload":"add-small-int","sample":4,"warmup":false,"ns":28072000,"cells_allocated":27,"bytes_allocated":3782,"peak_live_bytes":3646,"collections":0,"checksum":"1000000"}
{"workload":"add-small-int","sample":5,"warmup":false,"ns":28157700,"cells_allocated":27,"bytes_allocated":3782,"peak_live_bytes":3646,"collections":0,"checksum":"1000000"}
{"workload":"add-small-int","sample":6,"warmup":false,"ns":28275400,"cells_allocated":27,"bytes_allocated":3782,"peak_live_bytes":3646,"collections":0,"checksum":"1000000"}
{"workload":"add-small-int","sample":7,"warmup":false,"ns":28188400,"cells_allocated":27,"bytes_allocated":3782,"peak_live_bytes":3646,"collections":0,"checksum":"1000000"}
{"workload":"add-small-int","sample":8,"warmup":false,"ns":28228500,"cells_allocated":27,"bytes_allocated":3782,"peak_live_bytes":3646,"collections":0,"checksum":"1000000"}
{"workload":"add-small-int","sample":9,"warmup":false,"ns":28191400,"cells_allocated":27,"bytes_allocated":3782,"peak_live_bytes":3646,"collections":0,"checksum":"1000000"}
{"workload":"add-small-int","sample":10,"warmup":false,"ns":28154700,"cells_allocated":27,"bytes_allocated":3782,"peak_live_bytes":3646,"collections":0,"checksum":"1000000"}
{"workload":"add-small-int","sample":11,"warmup":false,"ns":28095300,"cells_allocated":27,"bytes_allocated":3782,"peak_live_bytes":3646,"collections":0,"checksum":"1000000"}
{"workload":"add-fraction","sample":0,"warmup":true,"ns":56996000,"cells_allocated":500028,"bytes_allocated":75728300,"peak_live_bytes":56287048,"collections":0,"checksum":"500000"}
{"workload":"add-fraction","sample":1,"warmup":false,"ns":39015600,"cells_allocated":500028,"bytes_allocated":75728300,"peak_live_bytes":56287048,"collections":0,"checksum":"500000"}
{"workload":"add-fraction","sample":2,"warmup":false,"ns":39067000,"cells_allocated":500028,"bytes_allocated":75728300,"peak_live_bytes":56287048,"collections":0,"checksum":"500000"}
{"workload":"add-fraction","sample":3,"warmup":false,"ns":39241600,"cells_allocated":500028,"bytes_allocated":75728300,"peak_live_bytes":56287048,"collections":0,"checksum":"500000"}
{"workload":"add-fraction","sample":4,"warmup":false,"ns":39047100,"cells_allocated":500028,"bytes_allocated":75728300,"peak_live_bytes":56287048,"collections":0,"checksum":"500000"}
{"workload":"add-fraction","sample":5,"warmup":false,"ns":39034900,"cells_allocated":500028,"bytes_allocated":75728300,"peak_live_bytes":56287048,"collections":0,"checksum":"500000"}
{"workload":"add-fraction","sample":6,"warmup":false,"ns":39080100,"cells_allocated":500028,"bytes_allocated":75728300,"peak_live_bytes":56287048,"collections":0,"checksum":"500000"}
{"workload":"add-fraction","sample":7,"warmup":false,"ns":39116300,"cells_allocated":500028,"bytes_allocated":75728300,"peak_live_bytes":56287048,"collections":0,"checksum":"500000"}
{"workload":"add-fraction","sample":8,"warmup":false,"ns":39039100,"cells_allocated":500028,"bytes_allocated":75728300,"peak_live_bytes":56287048,"collections":0,"checksum":"500000"}
{"workload":"add-fraction","sample":9,"warmup":false,"ns":39026300,"cells_allocated":500028,"bytes_allocated":75728300,"peak_live_bytes":56287048,"collections":0,"checksum":"500000"}
{"workload":"add-fraction","sample":10,"warmup":false,"ns":39004600,"cells_allocated":500028,"bytes_allocated":75728300,"peak_live_bytes":56287048,"collections":0,"checksum":"500000"}
{"workload":"add-fraction","sample":11,"warmup":false,"ns":38893500,"cells_allocated":500028,"bytes_allocated":75728300,"peak_live_bytes":56287048,"collections":0,"checksum":"500000"}
{"workload":"get-prototype-chain","sample":0,"warmup":true,"ns":23301400,"cells_allocated":36,"bytes_allocated":5378,"peak_live_bytes":4978,"collections":0,"checksum":"7000000"}
{"workload":"get-prototype-chain","sample":1,"warmup":false,"ns":22967500,"cells_allocated":36,"bytes_allocated":5378,"peak_live_bytes":4978,"collections":0,"checksum":"7000000"}
{"workload":"get-prototype-chain","sample":2,"warmup":false,"ns":23383700,"cells_allocated":36,"bytes_allocated":5378,"peak_live_bytes":4978,"collections":0,"checksum":"7000000"}
{"workload":"get-prototype-chain","sample":3,"warmup":false,"ns":22913100,"cells_allocated":36,"bytes_allocated":5378,"peak_live_bytes":4978,"collections":0,"checksum":"7000000"}
{"workload":"get-prototype-chain","sample":4,"warmup":false,"ns":23228000,"cells_allocated":36,"bytes_allocated":5378,"peak_live_bytes":4978,"collections":0,"checksum":"7000000"}
{"workload":"get-prototype-chain","sample":5,"warmup":false,"ns":22743000,"cells_allocated":36,"bytes_allocated":5378,"peak_live_bytes":4978,"collections":0,"checksum":"7000000"}
{"workload":"get-prototype-chain","sample":6,"warmup":false,"ns":23188100,"cells_allocated":36,"bytes_allocated":5378,"peak_live_bytes":4978,"collections":0,"checksum":"7000000"}
{"workload":"get-prototype-chain","sample":7,"warmup":false,"ns":22667900,"cells_allocated":36,"bytes_allocated":5378,"peak_live_bytes":4978,"collections":0,"checksum":"7000000"}
{"workload":"get-prototype-chain","sample":8,"warmup":false,"ns":23136200,"cells_allocated":36,"bytes_allocated":5378,"peak_live_bytes":4978,"collections":0,"checksum":"7000000"}
{"workload":"get-prototype-chain","sample":9,"warmup":false,"ns":22618300,"cells_allocated":36,"bytes_allocated":5378,"peak_live_bytes":4978,"collections":0,"checksum":"7000000"}
{"workload":"get-prototype-chain","sample":10,"warmup":false,"ns":23337600,"cells_allocated":36,"bytes_allocated":5378,"peak_live_bytes":4978,"collections":0,"checksum":"7000000"}
{"workload":"get-prototype-chain","sample":11,"warmup":false,"ns":22819500,"cells_allocated":36,"bytes_allocated":5378,"peak_live_bytes":4978,"collections":0,"checksum":"7000000"}
{"workload":"number-to-string","sample":0,"warmup":true,"ns":12366600,"cells_allocated":200026,"bytes_allocated":30596316,"peak_live_bytes":23006956,"collections":0,"checksum":788890}
{"workload":"number-to-string","sample":1,"warmup":false,"ns":7369800,"cells_allocated":200026,"bytes_allocated":30596316,"peak_live_bytes":23006956,"collections":0,"checksum":788890}
{"workload":"number-to-string","sample":2,"warmup":false,"ns":7304000,"cells_allocated":200026,"bytes_allocated":30596316,"peak_live_bytes":23006956,"collections":0,"checksum":788890}
{"workload":"number-to-string","sample":3,"warmup":false,"ns":7292100,"cells_allocated":200026,"bytes_allocated":30596316,"peak_live_bytes":23006956,"collections":0,"checksum":788890}
{"workload":"number-to-string","sample":4,"warmup":false,"ns":7255800,"cells_allocated":200026,"bytes_allocated":30596316,"peak_live_bytes":23006956,"collections":0,"checksum":788890}
{"workload":"number-to-string","sample":5,"warmup":false,"ns":7259400,"cells_allocated":200026,"bytes_allocated":30596316,"peak_live_bytes":23006956,"collections":0,"checksum":788890}
{"workload":"number-to-string","sample":6,"warmup":false,"ns":7150100,"cells_allocated":200026,"bytes_allocated":30596316,"peak_live_bytes":23006956,"collections":0,"checksum":788890}
{"workload":"number-to-string","sample":7,"warmup":false,"ns":7500200,"cells_allocated":200026,"bytes_allocated":30596316,"peak_live_bytes":23006956,"collections":0,"checksum":788890}
{"workload":"number-to-string","sample":8,"warmup":false,"ns":7245900,"cells_allocated":200026,"bytes_allocated":30596316,"peak_live_bytes":23006956,"collections":0,"checksum":788890}
{"workload":"number-to-string","sample":9,"warmup":false,"ns":7217500,"cells_allocated":200026,"bytes_allocated":30596316,"peak_live_bytes":23006956,"collections":0,"checksum":788890}
{"workload":"number-to-string","sample":10,"warmup":false,"ns":7233400,"cells_allocated":200026,"bytes_allocated":30596316,"peak_live_bytes":23006956,"collections":0,"checksum":788890}
{"workload":"number-to-string","sample":11,"warmup":false,"ns":7237100,"cells_allocated":200026,"bytes_allocated":30596316,"peak_live_bytes":23006956,"collections":0,"checksum":788890}
{"workload":"object-churn","sample":0,"warmup":true,"ns":41492700,"cells_allocated":500026,"bytes_allocated":89952760,"peak_live_bytes":70279372,"collections":1,"checksum":6250}
{"workload":"object-churn","sample":1,"warmup":false,"ns":32730100,"cells_allocated":500026,"bytes_allocated":89952760,"peak_live_bytes":70279372,"collections":1,"checksum":6250}
{"workload":"object-churn","sample":2,"warmup":false,"ns":32143300,"cells_allocated":500026,"bytes_allocated":89952760,"peak_live_bytes":70279372,"collections":1,"checksum":6250}
{"workload":"object-churn","sample":3,"warmup":false,"ns":36170600,"cells_allocated":500026,"bytes_allocated":89952760,"peak_live_bytes":70279372,"collections":1,"checksum":6250}
{"workload":"object-churn","sample":4,"warmup":false,"ns":40555500,"cells_allocated":500026,"bytes_allocated":89952760,"peak_live_bytes":70279372,"collections":1,"checksum":6250}
{"workload":"object-churn","sample":5,"warmup":false,"ns":42347400,"cells_allocated":500026,"bytes_allocated":89952760,"peak_live_bytes":70279372,"collections":1,"checksum":6250}
{"workload":"object-churn","sample":6,"warmup":false,"ns":42707200,"cells_allocated":500026,"bytes_allocated":89952760,"peak_live_bytes":70279372,"collections":1,"checksum":6250}
{"workload":"object-churn","sample":7,"warmup":false,"ns":50872500,"cells_allocated":500026,"bytes_allocated":89952760,"peak_live_bytes":70279372,"collections":1,"checksum":6250}
{"workload":"object-churn","sample":8,"warmup":false,"ns":49328700,"cells_allocated":500026,"bytes_allocated":89952760,"peak_live_bytes":70279372,"collections":1,"checksum":6250}
{"workload":"object-churn","sample":9,"warmup":false,"ns":54636000,"cells_allocated":500026,"bytes_allocated":89952760,"peak_live_bytes":70279372,"collections":1,"checksum":6250}
{"workload":"object-churn","sample":10,"warmup":false,"ns":55321500,"cells_allocated":500026,"bytes_allocated":89952760,"peak_live_bytes":70279372,"collections":1,"checksum":6250}
{"workload":"object-churn","sample":11,"warmup":false,"ns":57961300,"cells_allocated":500026,"bytes_allocated":89952760,"peak_live_bytes":70279372,"collections":1,"checksum":6250}
{"workload":"mark-generated","sample":0,"warmup":true,"ns":18312000,"cells_allocated":500026,"bytes_allocated":89728380,"peak_live_bytes":70191848,"collections":1,"checksum":100000}
{"workload":"mark-generated","sample":1,"warmup":false,"ns":11575200,"cells_allocated":500026,"bytes_allocated":89728380,"peak_live_bytes":70191848,"collections":1,"checksum":100000}
{"workload":"mark-generated","sample":2,"warmup":false,"ns":12289000,"cells_allocated":500026,"bytes_allocated":89728380,"peak_live_bytes":70191848,"collections":1,"checksum":100000}
{"workload":"mark-generated","sample":3,"warmup":false,"ns":10799700,"cells_allocated":500026,"bytes_allocated":89728380,"peak_live_bytes":70191848,"collections":1,"checksum":100000}
{"workload":"mark-generated","sample":4,"warmup":false,"ns":11711900,"cells_allocated":500026,"bytes_allocated":89728380,"peak_live_bytes":70191848,"collections":1,"checksum":100000}
{"workload":"mark-generated","sample":5,"warmup":false,"ns":11172400,"cells_allocated":500026,"bytes_allocated":89728380,"peak_live_bytes":70191848,"collections":1,"checksum":100000}
{"workload":"mark-generated","sample":6,"warmup":false,"ns":11487900,"cells_allocated":500026,"bytes_allocated":89728380,"peak_live_bytes":70191848,"collections":1,"checksum":100000}
{"workload":"mark-generated","sample":7,"warmup":false,"ns":11767800,"cells_allocated":500026,"bytes_allocated":89728380,"peak_live_bytes":70191848,"collections":1,"checksum":100000}
{"workload":"mark-generated","sample":8,"warmup":false,"ns":11738900,"cells_allocated":500026,"bytes_allocated":89728380,"peak_live_bytes":70191848,"collections":1,"checksum":100000}
{"workload":"mark-generated","sample":9,"warmup":false,"ns":10886400,"cells_allocated":500026,"bytes_allocated":89728380,"peak_live_bytes":70191848,"collections":1,"checksum":100000}
{"workload":"mark-generated","sample":10,"warmup":false,"ns":11040400,"cells_allocated":500026,"bytes_allocated":89728380,"peak_live_bytes":70191848,"collections":1,"checksum":100000}
{"workload":"mark-generated","sample":11,"warmup":false,"ns":10691100,"cells_allocated":500026,"bytes_allocated":89728380,"peak_live_bytes":70191848,"collections":1,"checksum":100000}
{"workload":"mark-manual","sample":0,"warmup":true,"ns":10836900,"cells_allocated":500026,"bytes_allocated":89728380,"peak_live_bytes":70191848,"collections":1,"checksum":100000}
{"workload":"mark-manual","sample":1,"warmup":false,"ns":10497000,"cells_allocated":500026,"bytes_allocated":89728380,"peak_live_bytes":70191848,"collections":1,"checksum":100000}
{"workload":"mark-manual","sample":2,"warmup":false,"ns":10361200,"cells_allocated":500026,"bytes_allocated":89728380,"peak_live_bytes":70191848,"collections":1,"checksum":100000}
{"workload":"mark-manual","sample":3,"warmup":false,"ns":11143800,"cells_allocated":500026,"bytes_allocated":89728380,"peak_live_bytes":70191848,"collections":1,"checksum":100000}
{"workload":"mark-manual","sample":4,"warmup":false,"ns":11107700,"cells_allocated":500026,"bytes_allocated":89728380,"peak_live_bytes":70191848,"collections":1,"checksum":100000}
{"workload":"mark-manual","sample":5,"warmup":false,"ns":10464500,"cells_allocated":500026,"bytes_allocated":89728380,"peak_live_bytes":70191848,"collections":1,"checksum":100000}
{"workload":"mark-manual","sample":6,"warmup":false,"ns":11126500,"cells_allocated":500026,"bytes_allocated":89728380,"peak_live_bytes":70191848,"collections":1,"checksum":100000}
{"workload":"mark-manual","sample":7,"warmup":false,"ns":10567900,"cells_allocated":500026,"bytes_allocated":89728380,"peak_live_bytes":70191848,"collections":1,"checksum":100000}
{"workload":"mark-manual","sample":8,"warmup":false,"ns":11539400,"cells_allocated":500026,"bytes_allocated":89728380,"peak_live_bytes":70191848,"collections":1,"checksum":100000}
{"workload":"mark-manual","sample":9,"warmup":false,"ns":11202300,"cells_allocated":500026,"bytes_allocated":89728380,"peak_live_bytes":70191848,"collections":1,"checksum":100000}
{"workload":"mark-manual","sample":10,"warmup":false,"ns":10919400,"cells_allocated":500026,"bytes_allocated":89728380,"peak_live_bytes":70191848,"collections":1,"checksum":100000}
{"workload":"mark-manual","sample":11,"warmup":false,"ns":10029600,"cells_allocated":500026,"bytes_allocated":89728380,"peak_live_bytes":70191848,"collections":1,"checksum":100000}
RESULT {"executable":"C:\\src\\fairpane\\out\\fp0011-measure\\zig-out\\bin\\fairpane-js-measure-tagged_index.exe","arguments":[],"cwd":"C:\\src\\fairpane","started_at":"2026-10-09T11:25:00.951Z","exit_code":0,"signal":null,"timed_out":false,"error":null,"duration_ms":2971}
