
COMMAND ["C:\\Users\\requi\\.omp\\wt\\t1d8c598d4\\m\\zig-out\\bin\\fairpane-js-measure-nan_box.exe"]
{"format":"fairpane-js-measure","version":1,"representation":"nan_box","value_size_bytes":8,"zig_version":"0.18.0-dev.120+9fe22a29b","target":"x86_64-windows-gnu","cpu_model":"znver5","optimize":"fast","logical_cpus":32,"executable_bytes":1047040,"clock":"awake","allocator":"smp_allocator"}
{"workload":"add-small-int","sample":0,"warmup":true,"ns":12097600,"cells_allocated":27,"bytes_allocated":3846,"peak_live_bytes":3710,"collections":0,"checksum":"1000000"}
{"workload":"add-small-int","sample":1,"warmup":false,"ns":12118200,"cells_allocated":27,"bytes_allocated":3846,"peak_live_bytes":3710,"collections":0,"checksum":"1000000"}
{"workload":"add-small-int","sample":2,"warmup":false,"ns":12083400,"cells_allocated":27,"bytes_allocated":3846,"peak_live_bytes":3710,"collections":0,"checksum":"1000000"}
{"workload":"add-small-int","sample":3,"warmup":false,"ns":12106600,"cells_allocated":27,"bytes_allocated":3846,"peak_live_bytes":3710,"collections":0,"checksum":"1000000"}
{"workload":"add-small-int","sample":4,"warmup":false,"ns":12108700,"cells_allocated":27,"bytes_allocated":3846,"peak_live_bytes":3710,"collections":0,"checksum":"1000000"}
{"workload":"add-small-int","sample":5,"warmup":false,"ns":12163400,"cells_allocated":27,"bytes_allocated":3846,"peak_live_bytes":3710,"collections":0,"checksum":"1000000"}
{"workload":"add-small-int","sample":6,"warmup":false,"ns":12142200,"cells_allocated":27,"bytes_allocated":3846,"peak_live_bytes":3710,"collections":0,"checksum":"1000000"}
{"workload":"add-small-int","sample":7,"warmup":false,"ns":12126600,"cells_allocated":27,"bytes_allocated":3846,"peak_live_bytes":3710,"collections":0,"checksum":"1000000"}
{"workload":"add-small-int","sample":8,"warmup":false,"ns":12162000,"cells_allocated":27,"bytes_allocated":3846,"peak_live_bytes":3710,"collections":0,"checksum":"1000000"}
{"workload":"add-small-int","sample":9,"warmup":false,"ns":12247300,"cells_allocated":27,"bytes_allocated":3846,"peak_live_bytes":3710,"collections":0,"checksum":"1000000"}
{"workload":"add-small-int","sample":10,"warmup":false,"ns":12232900,"cells_allocated":27,"bytes_allocated":3846,"peak_live_bytes":3710,"collections":0,"checksum":"1000000"}
{"workload":"add-small-int","sample":11,"warmup":false,"ns":12236100,"cells_allocated":27,"bytes_allocated":3846,"peak_live_bytes":3710,"collections":0,"checksum":"1000000"}
{"workload":"add-fraction","sample":0,"warmup":true,"ns":12164000,"cells_allocated":27,"bytes_allocated":3844,"peak_live_bytes":3708,"collections":0,"checksum":"500000"}
{"workload":"add-fraction","sample":1,"warmup":false,"ns":12190100,"cells_allocated":27,"bytes_allocated":3844,"peak_live_bytes":3708,"collections":0,"checksum":"500000"}
{"workload":"add-fraction","sample":2,"warmup":false,"ns":12171000,"cells_allocated":27,"bytes_allocated":3844,"peak_live_bytes":3708,"collections":0,"checksum":"500000"}
{"workload":"add-fraction","sample":3,"warmup":false,"ns":12137500,"cells_allocated":27,"bytes_allocated":3844,"peak_live_bytes":3708,"collections":0,"checksum":"500000"}
{"workload":"add-fraction","sample":4,"warmup":false,"ns":12128000,"cells_allocated":27,"bytes_allocated":3844,"peak_live_bytes":3708,"collections":0,"checksum":"500000"}
{"workload":"add-fraction","sample":5,"warmup":false,"ns":12146600,"cells_allocated":27,"bytes_allocated":3844,"peak_live_bytes":3708,"collections":0,"checksum":"500000"}
{"workload":"add-fraction","sample":6,"warmup":false,"ns":12136300,"cells_allocated":27,"bytes_allocated":3844,"peak_live_bytes":3708,"collections":0,"checksum":"500000"}
{"workload":"add-fraction","sample":7,"warmup":false,"ns":12144200,"cells_allocated":27,"bytes_allocated":3844,"peak_live_bytes":3708,"collections":0,"checksum":"500000"}
{"workload":"add-fraction","sample":8,"warmup":false,"ns":12147800,"cells_allocated":27,"bytes_allocated":3844,"peak_live_bytes":3708,"collections":0,"checksum":"500000"}
{"workload":"add-fraction","sample":9,"warmup":false,"ns":12150400,"cells_allocated":27,"bytes_allocated":3844,"peak_live_bytes":3708,"collections":0,"checksum":"500000"}
{"workload":"add-fraction","sample":10,"warmup":false,"ns":12178500,"cells_allocated":27,"bytes_allocated":3844,"peak_live_bytes":3708,"collections":0,"checksum":"500000"}
{"workload":"add-fraction","sample":11,"warmup":false,"ns":12179500,"cells_allocated":27,"bytes_allocated":3844,"peak_live_bytes":3708,"collections":0,"checksum":"500000"}
{"workload":"get-prototype-chain","sample":0,"warmup":true,"ns":23199000,"cells_allocated":36,"bytes_allocated":5462,"peak_live_bytes":5062,"collections":0,"checksum":"7000000"}
{"workload":"get-prototype-chain","sample":1,"warmup":false,"ns":23141200,"cells_allocated":36,"bytes_allocated":5462,"peak_live_bytes":5062,"collections":0,"checksum":"7000000"}
{"workload":"get-prototype-chain","sample":2,"warmup":false,"ns":23100700,"cells_allocated":36,"bytes_allocated":5462,"peak_live_bytes":5062,"collections":0,"checksum":"7000000"}
{"workload":"get-prototype-chain","sample":3,"warmup":false,"ns":23130400,"cells_allocated":36,"bytes_allocated":5462,"peak_live_bytes":5062,"collections":0,"checksum":"7000000"}
{"workload":"get-prototype-chain","sample":4,"warmup":false,"ns":23085800,"cells_allocated":36,"bytes_allocated":5462,"peak_live_bytes":5062,"collections":0,"checksum":"7000000"}
{"workload":"get-prototype-chain","sample":5,"warmup":false,"ns":23186600,"cells_allocated":36,"bytes_allocated":5462,"peak_live_bytes":5062,"collections":0,"checksum":"7000000"}
{"workload":"get-prototype-chain","sample":6,"warmup":false,"ns":23216400,"cells_allocated":36,"bytes_allocated":5462,"peak_live_bytes":5062,"collections":0,"checksum":"7000000"}
{"workload":"get-prototype-chain","sample":7,"warmup":false,"ns":23217100,"cells_allocated":36,"bytes_allocated":5462,"peak_live_bytes":5062,"collections":0,"checksum":"7000000"}
{"workload":"get-prototype-chain","sample":8,"warmup":false,"ns":23179900,"cells_allocated":36,"bytes_allocated":5462,"peak_live_bytes":5062,"collections":0,"checksum":"7000000"}
{"workload":"get-prototype-chain","sample":9,"warmup":false,"ns":23177200,"cells_allocated":36,"bytes_allocated":5462,"peak_live_bytes":5062,"collections":0,"checksum":"7000000"}
{"workload":"get-prototype-chain","sample":10,"warmup":false,"ns":23182800,"cells_allocated":36,"bytes_allocated":5462,"peak_live_bytes":5062,"collections":0,"checksum":"7000000"}
{"workload":"get-prototype-chain","sample":11,"warmup":false,"ns":23166000,"cells_allocated":36,"bytes_allocated":5462,"peak_live_bytes":5062,"collections":0,"checksum":"7000000"}
{"workload":"number-to-string","sample":0,"warmup":true,"ns":8344200,"cells_allocated":100026,"bytes_allocated":16596396,"peak_live_bytes":12659612,"collections":0,"checksum":788890}
{"workload":"number-to-string","sample":1,"warmup":false,"ns":4968800,"cells_allocated":100026,"bytes_allocated":16596396,"peak_live_bytes":12659612,"collections":0,"checksum":788890}
{"workload":"number-to-string","sample":2,"warmup":false,"ns":5235800,"cells_allocated":100026,"bytes_allocated":16596396,"peak_live_bytes":12659612,"collections":0,"checksum":788890}
{"workload":"number-to-string","sample":3,"warmup":false,"ns":4948400,"cells_allocated":100026,"bytes_allocated":16596396,"peak_live_bytes":12659612,"collections":0,"checksum":788890}
{"workload":"number-to-string","sample":4,"warmup":false,"ns":4810900,"cells_allocated":100026,"bytes_allocated":16596396,"peak_live_bytes":12659612,"collections":0,"checksum":788890}
{"workload":"number-to-string","sample":5,"warmup":false,"ns":4825400,"cells_allocated":100026,"bytes_allocated":16596396,"peak_live_bytes":12659612,"collections":0,"checksum":788890}
{"workload":"number-to-string","sample":6,"warmup":false,"ns":4808400,"cells_allocated":100026,"bytes_allocated":16596396,"peak_live_bytes":12659612,"collections":0,"checksum":788890}
{"workload":"number-to-string","sample":7,"warmup":false,"ns":4782800,"cells_allocated":100026,"bytes_allocated":16596396,"peak_live_bytes":12659612,"collections":0,"checksum":788890}
{"workload":"number-to-string","sample":8,"warmup":false,"ns":4876400,"cells_allocated":100026,"bytes_allocated":16596396,"peak_live_bytes":12659612,"collections":0,"checksum":788890}
{"workload":"number-to-string","sample":9,"warmup":false,"ns":4766100,"cells_allocated":100026,"bytes_allocated":16596396,"peak_live_bytes":12659612,"collections":0,"checksum":788890}
{"workload":"number-to-string","sample":10,"warmup":false,"ns":4785800,"cells_allocated":100026,"bytes_allocated":16596396,"peak_live_bytes":12659612,"collections":0,"checksum":788890}
{"workload":"number-to-string","sample":11,"warmup":false,"ns":4859300,"cells_allocated":100026,"bytes_allocated":16596396,"peak_live_bytes":12659612,"collections":0,"checksum":788890}
{"workload":"object-churn","sample":0,"warmup":true,"ns":22554200,"cells_allocated":100026,"bytes_allocated":31463072,"peak_live_bytes":27058908,"collections":1,"checksum":6250}
{"workload":"object-churn","sample":1,"warmup":false,"ns":15370500,"cells_allocated":100026,"bytes_allocated":31463072,"peak_live_bytes":27058908,"collections":1,"checksum":6250}
{"workload":"object-churn","sample":2,"warmup":false,"ns":13785300,"cells_allocated":100026,"bytes_allocated":31463072,"peak_live_bytes":27058908,"collections":1,"checksum":6250}
{"workload":"object-churn","sample":3,"warmup":false,"ns":15685500,"cells_allocated":100026,"bytes_allocated":31463072,"peak_live_bytes":27058908,"collections":1,"checksum":6250}
{"workload":"object-churn","sample":4,"warmup":false,"ns":15364900,"cells_allocated":100026,"bytes_allocated":31463072,"peak_live_bytes":27058908,"collections":1,"checksum":6250}
{"workload":"object-churn","sample":5,"warmup":false,"ns":17373300,"cells_allocated":100026,"bytes_allocated":31463072,"peak_live_bytes":27058908,"collections":1,"checksum":6250}
{"workload":"object-churn","sample":6,"warmup":false,"ns":16021700,"cells_allocated":100026,"bytes_allocated":31463072,"peak_live_bytes":27058908,"collections":1,"checksum":6250}
{"workload":"object-churn","sample":7,"warmup":false,"ns":21401500,"cells_allocated":100026,"bytes_allocated":31463072,"peak_live_bytes":27058908,"collections":1,"checksum":6250}
{"workload":"object-churn","sample":8,"warmup":false,"ns":22225800,"cells_allocated":100026,"bytes_allocated":31463072,"peak_live_bytes":27058908,"collections":1,"checksum":6250}
{"workload":"object-churn","sample":9,"warmup":false,"ns":23618100,"cells_allocated":100026,"bytes_allocated":31463072,"peak_live_bytes":27058908,"collections":1,"checksum":6250}
{"workload":"object-churn","sample":10,"warmup":false,"ns":20902500,"cells_allocated":100026,"bytes_allocated":31463072,"peak_live_bytes":27058908,"collections":1,"checksum":6250}
{"workload":"object-churn","sample":11,"warmup":false,"ns":24862700,"cells_allocated":100026,"bytes_allocated":31463072,"peak_live_bytes":27058908,"collections":1,"checksum":6250}
{"workload":"mark-generated","sample":0,"warmup":true,"ns":10692400,"cells_allocated":100026,"bytes_allocated":31018892,"peak_live_bytes":26895828,"collections":1,"checksum":100000}
{"workload":"mark-generated","sample":1,"warmup":false,"ns":11320700,"cells_allocated":100026,"bytes_allocated":31018892,"peak_live_bytes":26895828,"collections":1,"checksum":100000}
{"workload":"mark-generated","sample":2,"warmup":false,"ns":12243600,"cells_allocated":100026,"bytes_allocated":31018892,"peak_live_bytes":26895828,"collections":1,"checksum":100000}
{"workload":"mark-generated","sample":3,"warmup":false,"ns":10120300,"cells_allocated":100026,"bytes_allocated":31018892,"peak_live_bytes":26895828,"collections":1,"checksum":100000}
{"workload":"mark-generated","sample":4,"warmup":false,"ns":13124800,"cells_allocated":100026,"bytes_allocated":31018892,"peak_live_bytes":26895828,"collections":1,"checksum":100000}
{"workload":"mark-generated","sample":5,"warmup":false,"ns":10172000,"cells_allocated":100026,"bytes_allocated":31018892,"peak_live_bytes":26895828,"collections":1,"checksum":100000}
{"workload":"mark-generated","sample":6,"warmup":false,"ns":12284000,"cells_allocated":100026,"bytes_allocated":31018892,"peak_live_bytes":26895828,"collections":1,"checksum":100000}
{"workload":"mark-generated","sample":7,"warmup":false,"ns":13294500,"cells_allocated":100026,"bytes_allocated":31018892,"peak_live_bytes":26895828,"collections":1,"checksum":100000}
{"workload":"mark-generated","sample":8,"warmup":false,"ns":10857300,"cells_allocated":100026,"bytes_allocated":31018892,"peak_live_bytes":26895828,"collections":1,"checksum":100000}
{"workload":"mark-generated","sample":9,"warmup":false,"ns":10408500,"cells_allocated":100026,"bytes_allocated":31018892,"peak_live_bytes":26895828,"collections":1,"checksum":100000}
{"workload":"mark-generated","sample":10,"warmup":false,"ns":12187600,"cells_allocated":100026,"bytes_allocated":31018892,"peak_live_bytes":26895828,"collections":1,"checksum":100000}
{"workload":"mark-generated","sample":11,"warmup":false,"ns":11087600,"cells_allocated":100026,"bytes_allocated":31018892,"peak_live_bytes":26895828,"collections":1,"checksum":100000}
{"workload":"mark-manual","sample":0,"warmup":true,"ns":13154100,"cells_allocated":100026,"bytes_allocated":31018892,"peak_live_bytes":26895828,"collections":1,"checksum":100000}
{"workload":"mark-manual","sample":1,"warmup":false,"ns":10709800,"cells_allocated":100026,"bytes_allocated":31018892,"peak_live_bytes":26895828,"collections":1,"checksum":100000}
{"workload":"mark-manual","sample":2,"warmup":false,"ns":13250800,"cells_allocated":100026,"bytes_allocated":31018892,"peak_live_bytes":26895828,"collections":1,"checksum":100000}
{"workload":"mark-manual","sample":3,"warmup":false,"ns":11448200,"cells_allocated":100026,"bytes_allocated":31018892,"peak_live_bytes":26895828,"collections":1,"checksum":100000}
{"workload":"mark-manual","sample":4,"warmup":false,"ns":12927700,"cells_allocated":100026,"bytes_allocated":31018892,"peak_live_bytes":26895828,"collections":1,"checksum":100000}
{"workload":"mark-manual","sample":5,"warmup":false,"ns":12249700,"cells_allocated":100026,"bytes_allocated":31018892,"peak_live_bytes":26895828,"collections":1,"checksum":100000}
{"workload":"mark-manual","sample":6,"warmup":false,"ns":12543800,"cells_allocated":100026,"bytes_allocated":31018892,"peak_live_bytes":26895828,"collections":1,"checksum":100000}
{"workload":"mark-manual","sample":7,"warmup":false,"ns":11810500,"cells_allocated":100026,"bytes_allocated":31018892,"peak_live_bytes":26895828,"collections":1,"checksum":100000}
{"workload":"mark-manual","sample":8,"warmup":false,"ns":14064200,"cells_allocated":100026,"bytes_allocated":31018892,"peak_live_bytes":26895828,"collections":1,"checksum":100000}
{"workload":"mark-manual","sample":9,"warmup":false,"ns":11080900,"cells_allocated":100026,"bytes_allocated":31018892,"peak_live_bytes":26895828,"collections":1,"checksum":100000}
{"workload":"mark-manual","sample":10,"warmup":false,"ns":12964200,"cells_allocated":100026,"bytes_allocated":31018892,"peak_live_bytes":26895828,"collections":1,"checksum":100000}
{"workload":"mark-manual","sample":11,"warmup":false,"ns":11911600,"cells_allocated":100026,"bytes_allocated":31018892,"peak_live_bytes":26895828,"collections":1,"checksum":100000}
RESULT {"executable":"C:\\Users\\requi\\.omp\\wt\\t1d8c598d4\\m\\zig-out\\bin\\fairpane-js-measure-nan_box.exe","arguments":[],"cwd":"C:\\Users\\requi\\.omp\\wt\\t1d8c598d4\\m","started_at":"2026-10-09T05:03:13.361Z","exit_code":0,"signal":null,"timed_out":false,"error":null,"duration_ms":1764}
