
COMMAND ["C:\\Users\\requi\\.omp\\wt\\t1d8c598d4\\m\\zig-out\\bin\\fairpane-js-measure-nan_box.exe"]
{"format":"fairpane-js-measure","version":1,"representation":"nan_box","value_size_bytes":8,"zig_version":"0.18.0-dev.120+9fe22a29b","target":"x86_64-windows-gnu","cpu_model":"znver5","optimize":"fast","logical_cpus":32,"executable_bytes":1047040,"clock":"awake","allocator":"smp_allocator"}
{"workload":"add-small-int","sample":0,"warmup":true,"ns":12211900,"cells_allocated":27,"bytes_allocated":3846,"peak_live_bytes":3710,"collections":0,"checksum":"1000000"}
{"workload":"add-small-int","sample":1,"warmup":false,"ns":12273400,"cells_allocated":27,"bytes_allocated":3846,"peak_live_bytes":3710,"collections":0,"checksum":"1000000"}
{"workload":"add-small-int","sample":2,"warmup":false,"ns":12194700,"cells_allocated":27,"bytes_allocated":3846,"peak_live_bytes":3710,"collections":0,"checksum":"1000000"}
{"workload":"add-small-int","sample":3,"warmup":false,"ns":12269600,"cells_allocated":27,"bytes_allocated":3846,"peak_live_bytes":3710,"collections":0,"checksum":"1000000"}
{"workload":"add-small-int","sample":4,"warmup":false,"ns":12233800,"cells_allocated":27,"bytes_allocated":3846,"peak_live_bytes":3710,"collections":0,"checksum":"1000000"}
{"workload":"add-small-int","sample":5,"warmup":false,"ns":12238300,"cells_allocated":27,"bytes_allocated":3846,"peak_live_bytes":3710,"collections":0,"checksum":"1000000"}
{"workload":"add-small-int","sample":6,"warmup":false,"ns":12251400,"cells_allocated":27,"bytes_allocated":3846,"peak_live_bytes":3710,"collections":0,"checksum":"1000000"}
{"workload":"add-small-int","sample":7,"warmup":false,"ns":12262600,"cells_allocated":27,"bytes_allocated":3846,"peak_live_bytes":3710,"collections":0,"checksum":"1000000"}
{"workload":"add-small-int","sample":8,"warmup":false,"ns":12221700,"cells_allocated":27,"bytes_allocated":3846,"peak_live_bytes":3710,"collections":0,"checksum":"1000000"}
{"workload":"add-small-int","sample":9,"warmup":false,"ns":12218900,"cells_allocated":27,"bytes_allocated":3846,"peak_live_bytes":3710,"collections":0,"checksum":"1000000"}
{"workload":"add-small-int","sample":10,"warmup":false,"ns":12224200,"cells_allocated":27,"bytes_allocated":3846,"peak_live_bytes":3710,"collections":0,"checksum":"1000000"}
{"workload":"add-small-int","sample":11,"warmup":false,"ns":12300700,"cells_allocated":27,"bytes_allocated":3846,"peak_live_bytes":3710,"collections":0,"checksum":"1000000"}
{"workload":"add-fraction","sample":0,"warmup":true,"ns":12226600,"cells_allocated":27,"bytes_allocated":3844,"peak_live_bytes":3708,"collections":0,"checksum":"500000"}
{"workload":"add-fraction","sample":1,"warmup":false,"ns":12307100,"cells_allocated":27,"bytes_allocated":3844,"peak_live_bytes":3708,"collections":0,"checksum":"500000"}
{"workload":"add-fraction","sample":2,"warmup":false,"ns":12280900,"cells_allocated":27,"bytes_allocated":3844,"peak_live_bytes":3708,"collections":0,"checksum":"500000"}
{"workload":"add-fraction","sample":3,"warmup":false,"ns":12217700,"cells_allocated":27,"bytes_allocated":3844,"peak_live_bytes":3708,"collections":0,"checksum":"500000"}
{"workload":"add-fraction","sample":4,"warmup":false,"ns":12230600,"cells_allocated":27,"bytes_allocated":3844,"peak_live_bytes":3708,"collections":0,"checksum":"500000"}
{"workload":"add-fraction","sample":5,"warmup":false,"ns":12255400,"cells_allocated":27,"bytes_allocated":3844,"peak_live_bytes":3708,"collections":0,"checksum":"500000"}
{"workload":"add-fraction","sample":6,"warmup":false,"ns":12329800,"cells_allocated":27,"bytes_allocated":3844,"peak_live_bytes":3708,"collections":0,"checksum":"500000"}
{"workload":"add-fraction","sample":7,"warmup":false,"ns":12287100,"cells_allocated":27,"bytes_allocated":3844,"peak_live_bytes":3708,"collections":0,"checksum":"500000"}
{"workload":"add-fraction","sample":8,"warmup":false,"ns":12324700,"cells_allocated":27,"bytes_allocated":3844,"peak_live_bytes":3708,"collections":0,"checksum":"500000"}
{"workload":"add-fraction","sample":9,"warmup":false,"ns":12419400,"cells_allocated":27,"bytes_allocated":3844,"peak_live_bytes":3708,"collections":0,"checksum":"500000"}
{"workload":"add-fraction","sample":10,"warmup":false,"ns":12295000,"cells_allocated":27,"bytes_allocated":3844,"peak_live_bytes":3708,"collections":0,"checksum":"500000"}
{"workload":"add-fraction","sample":11,"warmup":false,"ns":12262300,"cells_allocated":27,"bytes_allocated":3844,"peak_live_bytes":3708,"collections":0,"checksum":"500000"}
{"workload":"get-prototype-chain","sample":0,"warmup":true,"ns":23335300,"cells_allocated":36,"bytes_allocated":5462,"peak_live_bytes":5062,"collections":0,"checksum":"7000000"}
{"workload":"get-prototype-chain","sample":1,"warmup":false,"ns":23207300,"cells_allocated":36,"bytes_allocated":5462,"peak_live_bytes":5062,"collections":0,"checksum":"7000000"}
{"workload":"get-prototype-chain","sample":2,"warmup":false,"ns":23226400,"cells_allocated":36,"bytes_allocated":5462,"peak_live_bytes":5062,"collections":0,"checksum":"7000000"}
{"workload":"get-prototype-chain","sample":3,"warmup":false,"ns":23288900,"cells_allocated":36,"bytes_allocated":5462,"peak_live_bytes":5062,"collections":0,"checksum":"7000000"}
{"workload":"get-prototype-chain","sample":4,"warmup":false,"ns":23408300,"cells_allocated":36,"bytes_allocated":5462,"peak_live_bytes":5062,"collections":0,"checksum":"7000000"}
{"workload":"get-prototype-chain","sample":5,"warmup":false,"ns":23253400,"cells_allocated":36,"bytes_allocated":5462,"peak_live_bytes":5062,"collections":0,"checksum":"7000000"}
{"workload":"get-prototype-chain","sample":6,"warmup":false,"ns":23247900,"cells_allocated":36,"bytes_allocated":5462,"peak_live_bytes":5062,"collections":0,"checksum":"7000000"}
{"workload":"get-prototype-chain","sample":7,"warmup":false,"ns":23216900,"cells_allocated":36,"bytes_allocated":5462,"peak_live_bytes":5062,"collections":0,"checksum":"7000000"}
{"workload":"get-prototype-chain","sample":8,"warmup":false,"ns":23296100,"cells_allocated":36,"bytes_allocated":5462,"peak_live_bytes":5062,"collections":0,"checksum":"7000000"}
{"workload":"get-prototype-chain","sample":9,"warmup":false,"ns":23239900,"cells_allocated":36,"bytes_allocated":5462,"peak_live_bytes":5062,"collections":0,"checksum":"7000000"}
{"workload":"get-prototype-chain","sample":10,"warmup":false,"ns":23407400,"cells_allocated":36,"bytes_allocated":5462,"peak_live_bytes":5062,"collections":0,"checksum":"7000000"}
{"workload":"get-prototype-chain","sample":11,"warmup":false,"ns":23604200,"cells_allocated":36,"bytes_allocated":5462,"peak_live_bytes":5062,"collections":0,"checksum":"7000000"}
{"workload":"number-to-string","sample":0,"warmup":true,"ns":10130300,"cells_allocated":100026,"bytes_allocated":16596396,"peak_live_bytes":12659612,"collections":0,"checksum":788890}
{"workload":"number-to-string","sample":1,"warmup":false,"ns":4960800,"cells_allocated":100026,"bytes_allocated":16596396,"peak_live_bytes":12659612,"collections":0,"checksum":788890}
{"workload":"number-to-string","sample":2,"warmup":false,"ns":4900400,"cells_allocated":100026,"bytes_allocated":16596396,"peak_live_bytes":12659612,"collections":0,"checksum":788890}
{"workload":"number-to-string","sample":3,"warmup":false,"ns":4872300,"cells_allocated":100026,"bytes_allocated":16596396,"peak_live_bytes":12659612,"collections":0,"checksum":788890}
{"workload":"number-to-string","sample":4,"warmup":false,"ns":4812600,"cells_allocated":100026,"bytes_allocated":16596396,"peak_live_bytes":12659612,"collections":0,"checksum":788890}
{"workload":"number-to-string","sample":5,"warmup":false,"ns":4994700,"cells_allocated":100026,"bytes_allocated":16596396,"peak_live_bytes":12659612,"collections":0,"checksum":788890}
{"workload":"number-to-string","sample":6,"warmup":false,"ns":4840800,"cells_allocated":100026,"bytes_allocated":16596396,"peak_live_bytes":12659612,"collections":0,"checksum":788890}
{"workload":"number-to-string","sample":7,"warmup":false,"ns":4923200,"cells_allocated":100026,"bytes_allocated":16596396,"peak_live_bytes":12659612,"collections":0,"checksum":788890}
{"workload":"number-to-string","sample":8,"warmup":false,"ns":4867600,"cells_allocated":100026,"bytes_allocated":16596396,"peak_live_bytes":12659612,"collections":0,"checksum":788890}
{"workload":"number-to-string","sample":9,"warmup":false,"ns":4860200,"cells_allocated":100026,"bytes_allocated":16596396,"peak_live_bytes":12659612,"collections":0,"checksum":788890}
{"workload":"number-to-string","sample":10,"warmup":false,"ns":4865200,"cells_allocated":100026,"bytes_allocated":16596396,"peak_live_bytes":12659612,"collections":0,"checksum":788890}
{"workload":"number-to-string","sample":11,"warmup":false,"ns":4844300,"cells_allocated":100026,"bytes_allocated":16596396,"peak_live_bytes":12659612,"collections":0,"checksum":788890}
{"workload":"object-churn","sample":0,"warmup":true,"ns":23614500,"cells_allocated":100026,"bytes_allocated":31463072,"peak_live_bytes":27058908,"collections":1,"checksum":6250}
{"workload":"object-churn","sample":1,"warmup":false,"ns":15383600,"cells_allocated":100026,"bytes_allocated":31463072,"peak_live_bytes":27058908,"collections":1,"checksum":6250}
{"workload":"object-churn","sample":2,"warmup":false,"ns":13585200,"cells_allocated":100026,"bytes_allocated":31463072,"peak_live_bytes":27058908,"collections":1,"checksum":6250}
{"workload":"object-churn","sample":3,"warmup":false,"ns":17014800,"cells_allocated":100026,"bytes_allocated":31463072,"peak_live_bytes":27058908,"collections":1,"checksum":6250}
{"workload":"object-churn","sample":4,"warmup":false,"ns":15716100,"cells_allocated":100026,"bytes_allocated":31463072,"peak_live_bytes":27058908,"collections":1,"checksum":6250}
{"workload":"object-churn","sample":5,"warmup":false,"ns":18830300,"cells_allocated":100026,"bytes_allocated":31463072,"peak_live_bytes":27058908,"collections":1,"checksum":6250}
{"workload":"object-churn","sample":6,"warmup":false,"ns":18812600,"cells_allocated":100026,"bytes_allocated":31463072,"peak_live_bytes":27058908,"collections":1,"checksum":6250}
{"workload":"object-churn","sample":7,"warmup":false,"ns":20084600,"cells_allocated":100026,"bytes_allocated":31463072,"peak_live_bytes":27058908,"collections":1,"checksum":6250}
{"workload":"object-churn","sample":8,"warmup":false,"ns":24124100,"cells_allocated":100026,"bytes_allocated":31463072,"peak_live_bytes":27058908,"collections":1,"checksum":6250}
{"workload":"object-churn","sample":9,"warmup":false,"ns":23395100,"cells_allocated":100026,"bytes_allocated":31463072,"peak_live_bytes":27058908,"collections":1,"checksum":6250}
{"workload":"object-churn","sample":10,"warmup":false,"ns":28887800,"cells_allocated":100026,"bytes_allocated":31463072,"peak_live_bytes":27058908,"collections":1,"checksum":6250}
{"workload":"object-churn","sample":11,"warmup":false,"ns":28829300,"cells_allocated":100026,"bytes_allocated":31463072,"peak_live_bytes":27058908,"collections":1,"checksum":6250}
{"workload":"mark-generated","sample":0,"warmup":true,"ns":16358400,"cells_allocated":100026,"bytes_allocated":31018892,"peak_live_bytes":26895828,"collections":1,"checksum":100000}
{"workload":"mark-generated","sample":1,"warmup":false,"ns":14862200,"cells_allocated":100026,"bytes_allocated":31018892,"peak_live_bytes":26895828,"collections":1,"checksum":100000}
{"workload":"mark-generated","sample":2,"warmup":false,"ns":15381500,"cells_allocated":100026,"bytes_allocated":31018892,"peak_live_bytes":26895828,"collections":1,"checksum":100000}
{"workload":"mark-generated","sample":3,"warmup":false,"ns":14526500,"cells_allocated":100026,"bytes_allocated":31018892,"peak_live_bytes":26895828,"collections":1,"checksum":100000}
{"workload":"mark-generated","sample":4,"warmup":false,"ns":14118400,"cells_allocated":100026,"bytes_allocated":31018892,"peak_live_bytes":26895828,"collections":1,"checksum":100000}
{"workload":"mark-generated","sample":5,"warmup":false,"ns":13069600,"cells_allocated":100026,"bytes_allocated":31018892,"peak_live_bytes":26895828,"collections":1,"checksum":100000}
{"workload":"mark-generated","sample":6,"warmup":false,"ns":15518700,"cells_allocated":100026,"bytes_allocated":31018892,"peak_live_bytes":26895828,"collections":1,"checksum":100000}
{"workload":"mark-generated","sample":7,"warmup":false,"ns":13129600,"cells_allocated":100026,"bytes_allocated":31018892,"peak_live_bytes":26895828,"collections":1,"checksum":100000}
{"workload":"mark-generated","sample":8,"warmup":false,"ns":15733500,"cells_allocated":100026,"bytes_allocated":31018892,"peak_live_bytes":26895828,"collections":1,"checksum":100000}
{"workload":"mark-generated","sample":9,"warmup":false,"ns":3708400,"cells_allocated":100026,"bytes_allocated":31018892,"peak_live_bytes":26895828,"collections":1,"checksum":100000}
{"workload":"mark-generated","sample":10,"warmup":false,"ns":2762300,"cells_allocated":100026,"bytes_allocated":31018892,"peak_live_bytes":26895828,"collections":1,"checksum":100000}
{"workload":"mark-generated","sample":11,"warmup":false,"ns":2649700,"cells_allocated":100026,"bytes_allocated":31018892,"peak_live_bytes":26895828,"collections":1,"checksum":100000}
{"workload":"mark-manual","sample":0,"warmup":true,"ns":2792000,"cells_allocated":100026,"bytes_allocated":31018892,"peak_live_bytes":26895828,"collections":1,"checksum":100000}
{"workload":"mark-manual","sample":1,"warmup":false,"ns":2578600,"cells_allocated":100026,"bytes_allocated":31018892,"peak_live_bytes":26895828,"collections":1,"checksum":100000}
{"workload":"mark-manual","sample":2,"warmup":false,"ns":3358100,"cells_allocated":100026,"bytes_allocated":31018892,"peak_live_bytes":26895828,"collections":1,"checksum":100000}
{"workload":"mark-manual","sample":3,"warmup":false,"ns":3052100,"cells_allocated":100026,"bytes_allocated":31018892,"peak_live_bytes":26895828,"collections":1,"checksum":100000}
{"workload":"mark-manual","sample":4,"warmup":false,"ns":3393500,"cells_allocated":100026,"bytes_allocated":31018892,"peak_live_bytes":26895828,"collections":1,"checksum":100000}
{"workload":"mark-manual","sample":5,"warmup":false,"ns":2594500,"cells_allocated":100026,"bytes_allocated":31018892,"peak_live_bytes":26895828,"collections":1,"checksum":100000}
{"workload":"mark-manual","sample":6,"warmup":false,"ns":2872600,"cells_allocated":100026,"bytes_allocated":31018892,"peak_live_bytes":26895828,"collections":1,"checksum":100000}
{"workload":"mark-manual","sample":7,"warmup":false,"ns":2561900,"cells_allocated":100026,"bytes_allocated":31018892,"peak_live_bytes":26895828,"collections":1,"checksum":100000}
{"workload":"mark-manual","sample":8,"warmup":false,"ns":2958700,"cells_allocated":100026,"bytes_allocated":31018892,"peak_live_bytes":26895828,"collections":1,"checksum":100000}
{"workload":"mark-manual","sample":9,"warmup":false,"ns":2532600,"cells_allocated":100026,"bytes_allocated":31018892,"peak_live_bytes":26895828,"collections":1,"checksum":100000}
{"workload":"mark-manual","sample":10,"warmup":false,"ns":2868700,"cells_allocated":100026,"bytes_allocated":31018892,"peak_live_bytes":26895828,"collections":1,"checksum":100000}
{"workload":"mark-manual","sample":11,"warmup":false,"ns":2920200,"cells_allocated":100026,"bytes_allocated":31018892,"peak_live_bytes":26895828,"collections":1,"checksum":100000}
RESULT {"executable":"C:\\Users\\requi\\.omp\\wt\\t1d8c598d4\\m\\zig-out\\bin\\fairpane-js-measure-nan_box.exe","arguments":[],"cwd":"C:\\Users\\requi\\.omp\\wt\\t1d8c598d4\\m","started_at":"2026-10-09T05:03:24.347Z","exit_code":0,"signal":null,"timed_out":false,"error":null,"duration_ms":1556}
