
COMMAND ["C:\\src\\fairpane\\out\\fp0011-measure\\zig-out\\bin\\fairpane-js-measure-nan_box.exe"]
{"format":"fairpane-js-measure","version":1,"representation":"nan_box","value_size_bytes":8,"zig_version":"0.18.0-dev.120+9fe22a29b","target":"x86_64-windows-gnu","cpu_model":"znver5","optimize":"fast","logical_cpus":32,"executable_bytes":1047040,"clock":"awake","allocator":"smp_allocator"}
{"workload":"add-small-int","sample":0,"warmup":true,"ns":12387000,"cells_allocated":27,"bytes_allocated":3846,"peak_live_bytes":3710,"collections":0,"checksum":"1000000"}
{"workload":"add-small-int","sample":1,"warmup":false,"ns":12564700,"cells_allocated":27,"bytes_allocated":3846,"peak_live_bytes":3710,"collections":0,"checksum":"1000000"}
{"workload":"add-small-int","sample":2,"warmup":false,"ns":12518000,"cells_allocated":27,"bytes_allocated":3846,"peak_live_bytes":3710,"collections":0,"checksum":"1000000"}
{"workload":"add-small-int","sample":3,"warmup":false,"ns":12382400,"cells_allocated":27,"bytes_allocated":3846,"peak_live_bytes":3710,"collections":0,"checksum":"1000000"}
{"workload":"add-small-int","sample":4,"warmup":false,"ns":12381700,"cells_allocated":27,"bytes_allocated":3846,"peak_live_bytes":3710,"collections":0,"checksum":"1000000"}
{"workload":"add-small-int","sample":5,"warmup":false,"ns":12371600,"cells_allocated":27,"bytes_allocated":3846,"peak_live_bytes":3710,"collections":0,"checksum":"1000000"}
{"workload":"add-small-int","sample":6,"warmup":false,"ns":12386400,"cells_allocated":27,"bytes_allocated":3846,"peak_live_bytes":3710,"collections":0,"checksum":"1000000"}
{"workload":"add-small-int","sample":7,"warmup":false,"ns":12387700,"cells_allocated":27,"bytes_allocated":3846,"peak_live_bytes":3710,"collections":0,"checksum":"1000000"}
{"workload":"add-small-int","sample":8,"warmup":false,"ns":12379000,"cells_allocated":27,"bytes_allocated":3846,"peak_live_bytes":3710,"collections":0,"checksum":"1000000"}
{"workload":"add-small-int","sample":9,"warmup":false,"ns":12385800,"cells_allocated":27,"bytes_allocated":3846,"peak_live_bytes":3710,"collections":0,"checksum":"1000000"}
{"workload":"add-small-int","sample":10,"warmup":false,"ns":12365300,"cells_allocated":27,"bytes_allocated":3846,"peak_live_bytes":3710,"collections":0,"checksum":"1000000"}
{"workload":"add-small-int","sample":11,"warmup":false,"ns":12413900,"cells_allocated":27,"bytes_allocated":3846,"peak_live_bytes":3710,"collections":0,"checksum":"1000000"}
{"workload":"add-fraction","sample":0,"warmup":true,"ns":12375200,"cells_allocated":27,"bytes_allocated":3844,"peak_live_bytes":3708,"collections":0,"checksum":"500000"}
{"workload":"add-fraction","sample":1,"warmup":false,"ns":12377500,"cells_allocated":27,"bytes_allocated":3844,"peak_live_bytes":3708,"collections":0,"checksum":"500000"}
{"workload":"add-fraction","sample":2,"warmup":false,"ns":12405400,"cells_allocated":27,"bytes_allocated":3844,"peak_live_bytes":3708,"collections":0,"checksum":"500000"}
{"workload":"add-fraction","sample":3,"warmup":false,"ns":12404100,"cells_allocated":27,"bytes_allocated":3844,"peak_live_bytes":3708,"collections":0,"checksum":"500000"}
{"workload":"add-fraction","sample":4,"warmup":false,"ns":12404800,"cells_allocated":27,"bytes_allocated":3844,"peak_live_bytes":3708,"collections":0,"checksum":"500000"}
{"workload":"add-fraction","sample":5,"warmup":false,"ns":12369900,"cells_allocated":27,"bytes_allocated":3844,"peak_live_bytes":3708,"collections":0,"checksum":"500000"}
{"workload":"add-fraction","sample":6,"warmup":false,"ns":12568900,"cells_allocated":27,"bytes_allocated":3844,"peak_live_bytes":3708,"collections":0,"checksum":"500000"}
{"workload":"add-fraction","sample":7,"warmup":false,"ns":12842700,"cells_allocated":27,"bytes_allocated":3844,"peak_live_bytes":3708,"collections":0,"checksum":"500000"}
{"workload":"add-fraction","sample":8,"warmup":false,"ns":12419300,"cells_allocated":27,"bytes_allocated":3844,"peak_live_bytes":3708,"collections":0,"checksum":"500000"}
{"workload":"add-fraction","sample":9,"warmup":false,"ns":14345700,"cells_allocated":27,"bytes_allocated":3844,"peak_live_bytes":3708,"collections":0,"checksum":"500000"}
{"workload":"add-fraction","sample":10,"warmup":false,"ns":18486600,"cells_allocated":27,"bytes_allocated":3844,"peak_live_bytes":3708,"collections":0,"checksum":"500000"}
{"workload":"add-fraction","sample":11,"warmup":false,"ns":12547500,"cells_allocated":27,"bytes_allocated":3844,"peak_live_bytes":3708,"collections":0,"checksum":"500000"}
{"workload":"get-prototype-chain","sample":0,"warmup":true,"ns":22638400,"cells_allocated":36,"bytes_allocated":5462,"peak_live_bytes":5062,"collections":0,"checksum":"7000000"}
{"workload":"get-prototype-chain","sample":1,"warmup":false,"ns":22749100,"cells_allocated":36,"bytes_allocated":5462,"peak_live_bytes":5062,"collections":0,"checksum":"7000000"}
{"workload":"get-prototype-chain","sample":2,"warmup":false,"ns":22873900,"cells_allocated":36,"bytes_allocated":5462,"peak_live_bytes":5062,"collections":0,"checksum":"7000000"}
{"workload":"get-prototype-chain","sample":3,"warmup":false,"ns":23095500,"cells_allocated":36,"bytes_allocated":5462,"peak_live_bytes":5062,"collections":0,"checksum":"7000000"}
{"workload":"get-prototype-chain","sample":4,"warmup":false,"ns":22853900,"cells_allocated":36,"bytes_allocated":5462,"peak_live_bytes":5062,"collections":0,"checksum":"7000000"}
{"workload":"get-prototype-chain","sample":5,"warmup":false,"ns":24584000,"cells_allocated":36,"bytes_allocated":5462,"peak_live_bytes":5062,"collections":0,"checksum":"7000000"}
{"workload":"get-prototype-chain","sample":6,"warmup":false,"ns":22838400,"cells_allocated":36,"bytes_allocated":5462,"peak_live_bytes":5062,"collections":0,"checksum":"7000000"}
{"workload":"get-prototype-chain","sample":7,"warmup":false,"ns":23735600,"cells_allocated":36,"bytes_allocated":5462,"peak_live_bytes":5062,"collections":0,"checksum":"7000000"}
{"workload":"get-prototype-chain","sample":8,"warmup":false,"ns":22837000,"cells_allocated":36,"bytes_allocated":5462,"peak_live_bytes":5062,"collections":0,"checksum":"7000000"}
{"workload":"get-prototype-chain","sample":9,"warmup":false,"ns":22916500,"cells_allocated":36,"bytes_allocated":5462,"peak_live_bytes":5062,"collections":0,"checksum":"7000000"}
{"workload":"get-prototype-chain","sample":10,"warmup":false,"ns":23360900,"cells_allocated":36,"bytes_allocated":5462,"peak_live_bytes":5062,"collections":0,"checksum":"7000000"}
{"workload":"get-prototype-chain","sample":11,"warmup":false,"ns":22853400,"cells_allocated":36,"bytes_allocated":5462,"peak_live_bytes":5062,"collections":0,"checksum":"7000000"}
{"workload":"number-to-string","sample":0,"warmup":true,"ns":9304700,"cells_allocated":100026,"bytes_allocated":16596396,"peak_live_bytes":12659612,"collections":0,"checksum":788890}
{"workload":"number-to-string","sample":1,"warmup":false,"ns":5331700,"cells_allocated":100026,"bytes_allocated":16596396,"peak_live_bytes":12659612,"collections":0,"checksum":788890}
{"workload":"number-to-string","sample":2,"warmup":false,"ns":5258000,"cells_allocated":100026,"bytes_allocated":16596396,"peak_live_bytes":12659612,"collections":0,"checksum":788890}
{"workload":"number-to-string","sample":3,"warmup":false,"ns":5104300,"cells_allocated":100026,"bytes_allocated":16596396,"peak_live_bytes":12659612,"collections":0,"checksum":788890}
{"workload":"number-to-string","sample":4,"warmup":false,"ns":5026100,"cells_allocated":100026,"bytes_allocated":16596396,"peak_live_bytes":12659612,"collections":0,"checksum":788890}
{"workload":"number-to-string","sample":5,"warmup":false,"ns":5023300,"cells_allocated":100026,"bytes_allocated":16596396,"peak_live_bytes":12659612,"collections":0,"checksum":788890}
{"workload":"number-to-string","sample":6,"warmup":false,"ns":4976800,"cells_allocated":100026,"bytes_allocated":16596396,"peak_live_bytes":12659612,"collections":0,"checksum":788890}
{"workload":"number-to-string","sample":7,"warmup":false,"ns":5050000,"cells_allocated":100026,"bytes_allocated":16596396,"peak_live_bytes":12659612,"collections":0,"checksum":788890}
{"workload":"number-to-string","sample":8,"warmup":false,"ns":4983600,"cells_allocated":100026,"bytes_allocated":16596396,"peak_live_bytes":12659612,"collections":0,"checksum":788890}
{"workload":"number-to-string","sample":9,"warmup":false,"ns":5069200,"cells_allocated":100026,"bytes_allocated":16596396,"peak_live_bytes":12659612,"collections":0,"checksum":788890}
{"workload":"number-to-string","sample":10,"warmup":false,"ns":5017700,"cells_allocated":100026,"bytes_allocated":16596396,"peak_live_bytes":12659612,"collections":0,"checksum":788890}
{"workload":"number-to-string","sample":11,"warmup":false,"ns":4984200,"cells_allocated":100026,"bytes_allocated":16596396,"peak_live_bytes":12659612,"collections":0,"checksum":788890}
{"workload":"object-churn","sample":0,"warmup":true,"ns":25422700,"cells_allocated":100026,"bytes_allocated":31463072,"peak_live_bytes":27058908,"collections":1,"checksum":6250}
{"workload":"object-churn","sample":1,"warmup":false,"ns":18150700,"cells_allocated":100026,"bytes_allocated":31463072,"peak_live_bytes":27058908,"collections":1,"checksum":6250}
{"workload":"object-churn","sample":2,"warmup":false,"ns":17036000,"cells_allocated":100026,"bytes_allocated":31463072,"peak_live_bytes":27058908,"collections":1,"checksum":6250}
{"workload":"object-churn","sample":3,"warmup":false,"ns":20651100,"cells_allocated":100026,"bytes_allocated":31463072,"peak_live_bytes":27058908,"collections":1,"checksum":6250}
{"workload":"object-churn","sample":4,"warmup":false,"ns":19491600,"cells_allocated":100026,"bytes_allocated":31463072,"peak_live_bytes":27058908,"collections":1,"checksum":6250}
{"workload":"object-churn","sample":5,"warmup":false,"ns":23504700,"cells_allocated":100026,"bytes_allocated":31463072,"peak_live_bytes":27058908,"collections":1,"checksum":6250}
{"workload":"object-churn","sample":6,"warmup":false,"ns":22844800,"cells_allocated":100026,"bytes_allocated":31463072,"peak_live_bytes":27058908,"collections":1,"checksum":6250}
{"workload":"object-churn","sample":7,"warmup":false,"ns":26477400,"cells_allocated":100026,"bytes_allocated":31463072,"peak_live_bytes":27058908,"collections":1,"checksum":6250}
{"workload":"object-churn","sample":8,"warmup":false,"ns":25850600,"cells_allocated":100026,"bytes_allocated":31463072,"peak_live_bytes":27058908,"collections":1,"checksum":6250}
{"workload":"object-churn","sample":9,"warmup":false,"ns":30794000,"cells_allocated":100026,"bytes_allocated":31463072,"peak_live_bytes":27058908,"collections":1,"checksum":6250}
{"workload":"object-churn","sample":10,"warmup":false,"ns":28427300,"cells_allocated":100026,"bytes_allocated":31463072,"peak_live_bytes":27058908,"collections":1,"checksum":6250}
{"workload":"object-churn","sample":11,"warmup":false,"ns":33321300,"cells_allocated":100026,"bytes_allocated":31463072,"peak_live_bytes":27058908,"collections":1,"checksum":6250}
{"workload":"mark-generated","sample":0,"warmup":true,"ns":17684600,"cells_allocated":100026,"bytes_allocated":31018892,"peak_live_bytes":26895828,"collections":1,"checksum":100000}
{"workload":"mark-generated","sample":1,"warmup":false,"ns":16338200,"cells_allocated":100026,"bytes_allocated":31018892,"peak_live_bytes":26895828,"collections":1,"checksum":100000}
{"workload":"mark-generated","sample":2,"warmup":false,"ns":17471900,"cells_allocated":100026,"bytes_allocated":31018892,"peak_live_bytes":26895828,"collections":1,"checksum":100000}
{"workload":"mark-generated","sample":3,"warmup":false,"ns":16273800,"cells_allocated":100026,"bytes_allocated":31018892,"peak_live_bytes":26895828,"collections":1,"checksum":100000}
{"workload":"mark-generated","sample":4,"warmup":false,"ns":17560300,"cells_allocated":100026,"bytes_allocated":31018892,"peak_live_bytes":26895828,"collections":1,"checksum":100000}
{"workload":"mark-generated","sample":5,"warmup":false,"ns":16199900,"cells_allocated":100026,"bytes_allocated":31018892,"peak_live_bytes":26895828,"collections":1,"checksum":100000}
{"workload":"mark-generated","sample":6,"warmup":false,"ns":17003900,"cells_allocated":100026,"bytes_allocated":31018892,"peak_live_bytes":26895828,"collections":1,"checksum":100000}
{"workload":"mark-generated","sample":7,"warmup":false,"ns":16586300,"cells_allocated":100026,"bytes_allocated":31018892,"peak_live_bytes":26895828,"collections":1,"checksum":100000}
{"workload":"mark-generated","sample":8,"warmup":false,"ns":18111600,"cells_allocated":100026,"bytes_allocated":31018892,"peak_live_bytes":26895828,"collections":1,"checksum":100000}
{"workload":"mark-generated","sample":9,"warmup":false,"ns":16370500,"cells_allocated":100026,"bytes_allocated":31018892,"peak_live_bytes":26895828,"collections":1,"checksum":100000}
{"workload":"mark-generated","sample":10,"warmup":false,"ns":17794100,"cells_allocated":100026,"bytes_allocated":31018892,"peak_live_bytes":26895828,"collections":1,"checksum":100000}
{"workload":"mark-generated","sample":11,"warmup":false,"ns":7504500,"cells_allocated":100026,"bytes_allocated":31018892,"peak_live_bytes":26895828,"collections":1,"checksum":100000}
{"workload":"mark-manual","sample":0,"warmup":true,"ns":2835400,"cells_allocated":100026,"bytes_allocated":31018892,"peak_live_bytes":26895828,"collections":1,"checksum":100000}
{"workload":"mark-manual","sample":1,"warmup":false,"ns":2629100,"cells_allocated":100026,"bytes_allocated":31018892,"peak_live_bytes":26895828,"collections":1,"checksum":100000}
{"workload":"mark-manual","sample":2,"warmup":false,"ns":2940000,"cells_allocated":100026,"bytes_allocated":31018892,"peak_live_bytes":26895828,"collections":1,"checksum":100000}
{"workload":"mark-manual","sample":3,"warmup":false,"ns":2552400,"cells_allocated":100026,"bytes_allocated":31018892,"peak_live_bytes":26895828,"collections":1,"checksum":100000}
{"workload":"mark-manual","sample":4,"warmup":false,"ns":2868300,"cells_allocated":100026,"bytes_allocated":31018892,"peak_live_bytes":26895828,"collections":1,"checksum":100000}
{"workload":"mark-manual","sample":5,"warmup":false,"ns":2540100,"cells_allocated":100026,"bytes_allocated":31018892,"peak_live_bytes":26895828,"collections":1,"checksum":100000}
{"workload":"mark-manual","sample":6,"warmup":false,"ns":2838800,"cells_allocated":100026,"bytes_allocated":31018892,"peak_live_bytes":26895828,"collections":1,"checksum":100000}
{"workload":"mark-manual","sample":7,"warmup":false,"ns":2567400,"cells_allocated":100026,"bytes_allocated":31018892,"peak_live_bytes":26895828,"collections":1,"checksum":100000}
{"workload":"mark-manual","sample":8,"warmup":false,"ns":2819100,"cells_allocated":100026,"bytes_allocated":31018892,"peak_live_bytes":26895828,"collections":1,"checksum":100000}
{"workload":"mark-manual","sample":9,"warmup":false,"ns":2533300,"cells_allocated":100026,"bytes_allocated":31018892,"peak_live_bytes":26895828,"collections":1,"checksum":100000}
{"workload":"mark-manual","sample":10,"warmup":false,"ns":2809500,"cells_allocated":100026,"bytes_allocated":31018892,"peak_live_bytes":26895828,"collections":1,"checksum":100000}
{"workload":"mark-manual","sample":11,"warmup":false,"ns":2544000,"cells_allocated":100026,"bytes_allocated":31018892,"peak_live_bytes":26895828,"collections":1,"checksum":100000}
RESULT {"executable":"C:\\src\\fairpane\\out\\fp0011-measure\\zig-out\\bin\\fairpane-js-measure-nan_box.exe","arguments":[],"cwd":"C:\\src\\fairpane","started_at":"2026-10-09T11:24:52.064Z","exit_code":0,"signal":null,"timed_out":false,"error":null,"duration_ms":1747}
