
COMMAND ["C:\\Users\\requi\\.omp\\wt\\t1d8c598d4\\m\\zig-out\\bin\\fairpane-js-measure-reference.exe"]
{"format":"fairpane-js-measure","version":1,"representation":"reference","value_size_bytes":16,"zig_version":"0.18.0-dev.120+9fe22a29b","target":"x86_64-windows-gnu","cpu_model":"znver5","optimize":"fast","logical_cpus":32,"executable_bytes":1047552,"clock":"awake","allocator":"smp_allocator"}
{"workload":"add-small-int","sample":0,"warmup":true,"ns":17445000,"cells_allocated":27,"bytes_allocated":4110,"peak_live_bytes":3974,"collections":0,"checksum":"1000000"}
{"workload":"add-small-int","sample":1,"warmup":false,"ns":17379500,"cells_allocated":27,"bytes_allocated":4110,"peak_live_bytes":3974,"collections":0,"checksum":"1000000"}
{"workload":"add-small-int","sample":2,"warmup":false,"ns":17418800,"cells_allocated":27,"bytes_allocated":4110,"peak_live_bytes":3974,"collections":0,"checksum":"1000000"}
{"workload":"add-small-int","sample":3,"warmup":false,"ns":17418300,"cells_allocated":27,"bytes_allocated":4110,"peak_live_bytes":3974,"collections":0,"checksum":"1000000"}
{"workload":"add-small-int","sample":4,"warmup":false,"ns":17458000,"cells_allocated":27,"bytes_allocated":4110,"peak_live_bytes":3974,"collections":0,"checksum":"1000000"}
{"workload":"add-small-int","sample":5,"warmup":false,"ns":17432800,"cells_allocated":27,"bytes_allocated":4110,"peak_live_bytes":3974,"collections":0,"checksum":"1000000"}
{"workload":"add-small-int","sample":6,"warmup":false,"ns":17467200,"cells_allocated":27,"bytes_allocated":4110,"peak_live_bytes":3974,"collections":0,"checksum":"1000000"}
{"workload":"add-small-int","sample":7,"warmup":false,"ns":17445400,"cells_allocated":27,"bytes_allocated":4110,"peak_live_bytes":3974,"collections":0,"checksum":"1000000"}
{"workload":"add-small-int","sample":8,"warmup":false,"ns":17689100,"cells_allocated":27,"bytes_allocated":4110,"peak_live_bytes":3974,"collections":0,"checksum":"1000000"}
{"workload":"add-small-int","sample":9,"warmup":false,"ns":17552900,"cells_allocated":27,"bytes_allocated":4110,"peak_live_bytes":3974,"collections":0,"checksum":"1000000"}
{"workload":"add-small-int","sample":10,"warmup":false,"ns":17512300,"cells_allocated":27,"bytes_allocated":4110,"peak_live_bytes":3974,"collections":0,"checksum":"1000000"}
{"workload":"add-small-int","sample":11,"warmup":false,"ns":17475600,"cells_allocated":27,"bytes_allocated":4110,"peak_live_bytes":3974,"collections":0,"checksum":"1000000"}
{"workload":"add-fraction","sample":0,"warmup":true,"ns":17458300,"cells_allocated":27,"bytes_allocated":4108,"peak_live_bytes":3972,"collections":0,"checksum":"500000"}
{"workload":"add-fraction","sample":1,"warmup":false,"ns":17447000,"cells_allocated":27,"bytes_allocated":4108,"peak_live_bytes":3972,"collections":0,"checksum":"500000"}
{"workload":"add-fraction","sample":2,"warmup":false,"ns":17478100,"cells_allocated":27,"bytes_allocated":4108,"peak_live_bytes":3972,"collections":0,"checksum":"500000"}
{"workload":"add-fraction","sample":3,"warmup":false,"ns":17486100,"cells_allocated":27,"bytes_allocated":4108,"peak_live_bytes":3972,"collections":0,"checksum":"500000"}
{"workload":"add-fraction","sample":4,"warmup":false,"ns":17508500,"cells_allocated":27,"bytes_allocated":4108,"peak_live_bytes":3972,"collections":0,"checksum":"500000"}
{"workload":"add-fraction","sample":5,"warmup":false,"ns":17467200,"cells_allocated":27,"bytes_allocated":4108,"peak_live_bytes":3972,"collections":0,"checksum":"500000"}
{"workload":"add-fraction","sample":6,"warmup":false,"ns":17472600,"cells_allocated":27,"bytes_allocated":4108,"peak_live_bytes":3972,"collections":0,"checksum":"500000"}
{"workload":"add-fraction","sample":7,"warmup":false,"ns":17474800,"cells_allocated":27,"bytes_allocated":4108,"peak_live_bytes":3972,"collections":0,"checksum":"500000"}
{"workload":"add-fraction","sample":8,"warmup":false,"ns":17471600,"cells_allocated":27,"bytes_allocated":4108,"peak_live_bytes":3972,"collections":0,"checksum":"500000"}
{"workload":"add-fraction","sample":9,"warmup":false,"ns":17470600,"cells_allocated":27,"bytes_allocated":4108,"peak_live_bytes":3972,"collections":0,"checksum":"500000"}
{"workload":"add-fraction","sample":10,"warmup":false,"ns":17497200,"cells_allocated":27,"bytes_allocated":4108,"peak_live_bytes":3972,"collections":0,"checksum":"500000"}
{"workload":"add-fraction","sample":11,"warmup":false,"ns":17492800,"cells_allocated":27,"bytes_allocated":4108,"peak_live_bytes":3972,"collections":0,"checksum":"500000"}
{"workload":"get-prototype-chain","sample":0,"warmup":true,"ns":24490700,"cells_allocated":36,"bytes_allocated":5798,"peak_live_bytes":5398,"collections":0,"checksum":"7000000"}
{"workload":"get-prototype-chain","sample":1,"warmup":false,"ns":24594600,"cells_allocated":36,"bytes_allocated":5798,"peak_live_bytes":5398,"collections":0,"checksum":"7000000"}
{"workload":"get-prototype-chain","sample":2,"warmup":false,"ns":24607200,"cells_allocated":36,"bytes_allocated":5798,"peak_live_bytes":5398,"collections":0,"checksum":"7000000"}
{"workload":"get-prototype-chain","sample":3,"warmup":false,"ns":24552400,"cells_allocated":36,"bytes_allocated":5798,"peak_live_bytes":5398,"collections":0,"checksum":"7000000"}
{"workload":"get-prototype-chain","sample":4,"warmup":false,"ns":24576000,"cells_allocated":36,"bytes_allocated":5798,"peak_live_bytes":5398,"collections":0,"checksum":"7000000"}
{"workload":"get-prototype-chain","sample":5,"warmup":false,"ns":24596300,"cells_allocated":36,"bytes_allocated":5798,"peak_live_bytes":5398,"collections":0,"checksum":"7000000"}
{"workload":"get-prototype-chain","sample":6,"warmup":false,"ns":24548900,"cells_allocated":36,"bytes_allocated":5798,"peak_live_bytes":5398,"collections":0,"checksum":"7000000"}
{"workload":"get-prototype-chain","sample":7,"warmup":false,"ns":24569200,"cells_allocated":36,"bytes_allocated":5798,"peak_live_bytes":5398,"collections":0,"checksum":"7000000"}
{"workload":"get-prototype-chain","sample":8,"warmup":false,"ns":24622900,"cells_allocated":36,"bytes_allocated":5798,"peak_live_bytes":5398,"collections":0,"checksum":"7000000"}
{"workload":"get-prototype-chain","sample":9,"warmup":false,"ns":24845800,"cells_allocated":36,"bytes_allocated":5798,"peak_live_bytes":5398,"collections":0,"checksum":"7000000"}
{"workload":"get-prototype-chain","sample":10,"warmup":false,"ns":24693100,"cells_allocated":36,"bytes_allocated":5798,"peak_live_bytes":5398,"collections":0,"checksum":"7000000"}
{"workload":"get-prototype-chain","sample":11,"warmup":false,"ns":24660500,"cells_allocated":36,"bytes_allocated":5798,"peak_live_bytes":5398,"collections":0,"checksum":"7000000"}
{"workload":"number-to-string","sample":0,"warmup":true,"ns":10193300,"cells_allocated":100026,"bytes_allocated":17396652,"peak_live_bytes":13444028,"collections":0,"checksum":788890}
{"workload":"number-to-string","sample":1,"warmup":false,"ns":6525000,"cells_allocated":100026,"bytes_allocated":17396652,"peak_live_bytes":13444028,"collections":0,"checksum":788890}
{"workload":"number-to-string","sample":2,"warmup":false,"ns":6455100,"cells_allocated":100026,"bytes_allocated":17396652,"peak_live_bytes":13444028,"collections":0,"checksum":788890}
{"workload":"number-to-string","sample":3,"warmup":false,"ns":6310900,"cells_allocated":100026,"bytes_allocated":17396652,"peak_live_bytes":13444028,"collections":0,"checksum":788890}
{"workload":"number-to-string","sample":4,"warmup":false,"ns":6343200,"cells_allocated":100026,"bytes_allocated":17396652,"peak_live_bytes":13444028,"collections":0,"checksum":788890}
{"workload":"number-to-string","sample":5,"warmup":false,"ns":6277500,"cells_allocated":100026,"bytes_allocated":17396652,"peak_live_bytes":13444028,"collections":0,"checksum":788890}
{"workload":"number-to-string","sample":6,"warmup":false,"ns":6307800,"cells_allocated":100026,"bytes_allocated":17396652,"peak_live_bytes":13444028,"collections":0,"checksum":788890}
{"workload":"number-to-string","sample":7,"warmup":false,"ns":6244900,"cells_allocated":100026,"bytes_allocated":17396652,"peak_live_bytes":13444028,"collections":0,"checksum":788890}
{"workload":"number-to-string","sample":8,"warmup":false,"ns":6256600,"cells_allocated":100026,"bytes_allocated":17396652,"peak_live_bytes":13444028,"collections":0,"checksum":788890}
{"workload":"number-to-string","sample":9,"warmup":false,"ns":6269300,"cells_allocated":100026,"bytes_allocated":17396652,"peak_live_bytes":13444028,"collections":0,"checksum":788890}
{"workload":"number-to-string","sample":10,"warmup":false,"ns":6337700,"cells_allocated":100026,"bytes_allocated":17396652,"peak_live_bytes":13444028,"collections":0,"checksum":788890}
{"workload":"number-to-string","sample":11,"warmup":false,"ns":6307100,"cells_allocated":100026,"bytes_allocated":17396652,"peak_live_bytes":13444028,"collections":0,"checksum":788890}
{"workload":"object-churn","sample":0,"warmup":true,"ns":22864300,"cells_allocated":100026,"bytes_allocated":32457168,"peak_live_bytes":27923892,"collections":1,"checksum":6250}
{"workload":"object-churn","sample":1,"warmup":false,"ns":19055600,"cells_allocated":100026,"bytes_allocated":32457168,"peak_live_bytes":27923892,"collections":1,"checksum":6250}
{"workload":"object-churn","sample":2,"warmup":false,"ns":13307500,"cells_allocated":100026,"bytes_allocated":32457168,"peak_live_bytes":27923892,"collections":1,"checksum":6250}
{"workload":"object-churn","sample":3,"warmup":false,"ns":19672700,"cells_allocated":100026,"bytes_allocated":32457168,"peak_live_bytes":27923892,"collections":1,"checksum":6250}
{"workload":"object-churn","sample":4,"warmup":false,"ns":13916500,"cells_allocated":100026,"bytes_allocated":32457168,"peak_live_bytes":27923892,"collections":1,"checksum":6250}
{"workload":"object-churn","sample":5,"warmup":false,"ns":20007400,"cells_allocated":100026,"bytes_allocated":32457168,"peak_live_bytes":27923892,"collections":1,"checksum":6250}
{"workload":"object-churn","sample":6,"warmup":false,"ns":15547000,"cells_allocated":100026,"bytes_allocated":32457168,"peak_live_bytes":27923892,"collections":1,"checksum":6250}
{"workload":"object-churn","sample":7,"warmup":false,"ns":23496600,"cells_allocated":100026,"bytes_allocated":32457168,"peak_live_bytes":27923892,"collections":1,"checksum":6250}
{"workload":"object-churn","sample":8,"warmup":false,"ns":22045300,"cells_allocated":100026,"bytes_allocated":32457168,"peak_live_bytes":27923892,"collections":1,"checksum":6250}
{"workload":"object-churn","sample":9,"warmup":false,"ns":25051000,"cells_allocated":100026,"bytes_allocated":32457168,"peak_live_bytes":27923892,"collections":1,"checksum":6250}
{"workload":"object-churn","sample":10,"warmup":false,"ns":19908800,"cells_allocated":100026,"bytes_allocated":32457168,"peak_live_bytes":27923892,"collections":1,"checksum":6250}
{"workload":"object-churn","sample":11,"warmup":false,"ns":26053400,"cells_allocated":100026,"bytes_allocated":32457168,"peak_live_bytes":27923892,"collections":1,"checksum":6250}
{"workload":"mark-generated","sample":0,"warmup":true,"ns":6005100,"cells_allocated":100026,"bytes_allocated":71818748,"peak_live_bytes":51695844,"collections":1,"checksum":100000}
{"workload":"mark-generated","sample":1,"warmup":false,"ns":6670800,"cells_allocated":100026,"bytes_allocated":71818748,"peak_live_bytes":51695844,"collections":1,"checksum":100000}
{"workload":"mark-generated","sample":2,"warmup":false,"ns":6000200,"cells_allocated":100026,"bytes_allocated":71818748,"peak_live_bytes":51695844,"collections":1,"checksum":100000}
{"workload":"mark-generated","sample":3,"warmup":false,"ns":6315600,"cells_allocated":100026,"bytes_allocated":71818748,"peak_live_bytes":51695844,"collections":1,"checksum":100000}
{"workload":"mark-generated","sample":4,"warmup":false,"ns":5918200,"cells_allocated":100026,"bytes_allocated":71818748,"peak_live_bytes":51695844,"collections":1,"checksum":100000}
{"workload":"mark-generated","sample":5,"warmup":false,"ns":6236000,"cells_allocated":100026,"bytes_allocated":71818748,"peak_live_bytes":51695844,"collections":1,"checksum":100000}
{"workload":"mark-generated","sample":6,"warmup":false,"ns":5814000,"cells_allocated":100026,"bytes_allocated":71818748,"peak_live_bytes":51695844,"collections":1,"checksum":100000}
{"workload":"mark-generated","sample":7,"warmup":false,"ns":6631700,"cells_allocated":100026,"bytes_allocated":71818748,"peak_live_bytes":51695844,"collections":1,"checksum":100000}
{"workload":"mark-generated","sample":8,"warmup":false,"ns":5336200,"cells_allocated":100026,"bytes_allocated":71818748,"peak_live_bytes":51695844,"collections":1,"checksum":100000}
{"workload":"mark-generated","sample":9,"warmup":false,"ns":6262000,"cells_allocated":100026,"bytes_allocated":71818748,"peak_live_bytes":51695844,"collections":1,"checksum":100000}
{"workload":"mark-generated","sample":10,"warmup":false,"ns":6202500,"cells_allocated":100026,"bytes_allocated":71818748,"peak_live_bytes":51695844,"collections":1,"checksum":100000}
{"workload":"mark-generated","sample":11,"warmup":false,"ns":6543600,"cells_allocated":100026,"bytes_allocated":71818748,"peak_live_bytes":51695844,"collections":1,"checksum":100000}
{"workload":"mark-manual","sample":0,"warmup":true,"ns":9153900,"cells_allocated":100026,"bytes_allocated":71818748,"peak_live_bytes":51695844,"collections":1,"checksum":100000}
{"workload":"mark-manual","sample":1,"warmup":false,"ns":7480400,"cells_allocated":100026,"bytes_allocated":71818748,"peak_live_bytes":51695844,"collections":1,"checksum":100000}
{"workload":"mark-manual","sample":2,"warmup":false,"ns":8761700,"cells_allocated":100026,"bytes_allocated":71818748,"peak_live_bytes":51695844,"collections":1,"checksum":100000}
{"workload":"mark-manual","sample":3,"warmup":false,"ns":6506400,"cells_allocated":100026,"bytes_allocated":71818748,"peak_live_bytes":51695844,"collections":1,"checksum":100000}
{"workload":"mark-manual","sample":4,"warmup":false,"ns":9202500,"cells_allocated":100026,"bytes_allocated":71818748,"peak_live_bytes":51695844,"collections":1,"checksum":100000}
{"workload":"mark-manual","sample":5,"warmup":false,"ns":6518100,"cells_allocated":100026,"bytes_allocated":71818748,"peak_live_bytes":51695844,"collections":1,"checksum":100000}
{"workload":"mark-manual","sample":6,"warmup":false,"ns":9372700,"cells_allocated":100026,"bytes_allocated":71818748,"peak_live_bytes":51695844,"collections":1,"checksum":100000}
{"workload":"mark-manual","sample":7,"warmup":false,"ns":6480900,"cells_allocated":100026,"bytes_allocated":71818748,"peak_live_bytes":51695844,"collections":1,"checksum":100000}
{"workload":"mark-manual","sample":8,"warmup":false,"ns":9440100,"cells_allocated":100026,"bytes_allocated":71818748,"peak_live_bytes":51695844,"collections":1,"checksum":100000}
{"workload":"mark-manual","sample":9,"warmup":false,"ns":7194900,"cells_allocated":100026,"bytes_allocated":71818748,"peak_live_bytes":51695844,"collections":1,"checksum":100000}
{"workload":"mark-manual","sample":10,"warmup":false,"ns":9279900,"cells_allocated":100026,"bytes_allocated":71818748,"peak_live_bytes":51695844,"collections":1,"checksum":100000}
{"workload":"mark-manual","sample":11,"warmup":false,"ns":6526500,"cells_allocated":100026,"bytes_allocated":71818748,"peak_live_bytes":51695844,"collections":1,"checksum":100000}
RESULT {"executable":"C:\\Users\\requi\\.omp\\wt\\t1d8c598d4\\m\\zig-out\\bin\\fairpane-js-measure-reference.exe","arguments":[],"cwd":"C:\\Users\\requi\\.omp\\wt\\t1d8c598d4\\m","started_at":"2026-10-09T05:03:05.824Z","exit_code":0,"signal":null,"timed_out":false,"error":null,"duration_ms":1779}
