
COMMAND ["C:\\src\\fairpane\\out\\fp0011-measure\\zig-out\\bin\\fairpane-js-measure-tagged_index.exe"]
{"format":"fairpane-js-measure","version":1,"representation":"tagged_index","value_size_bytes":4,"zig_version":"0.18.0-dev.120+9fe22a29b","target":"x86_64-windows-gnu","cpu_model":"znver5","optimize":"fast","logical_cpus":32,"executable_bytes":1047552,"clock":"awake","allocator":"smp_allocator"}
{"workload":"add-small-int","sample":0,"warmup":true,"ns":28345800,"cells_allocated":27,"bytes_allocated":3782,"peak_live_bytes":3646,"collections":0,"checksum":"1000000"}
{"workload":"add-small-int","sample":1,"warmup":false,"ns":28181400,"cells_allocated":27,"bytes_allocated":3782,"peak_live_bytes":3646,"collections":0,"checksum":"1000000"}
{"workload":"add-small-int","sample":2,"warmup":false,"ns":28152100,"cells_allocated":27,"bytes_allocated":3782,"peak_live_bytes":3646,"collections":0,"checksum":"1000000"}
{"workload":"add-small-int","sample":3,"warmup":false,"ns":28193200,"cells_allocated":27,"bytes_allocated":3782,"peak_live_bytes":3646,"collections":0,"checksum":"1000000"}
{"workload":"add-small-int","sample":4,"warmup":false,"ns":28186000,"cells_allocated":27,"bytes_allocated":3782,"peak_live_bytes":3646,"collections":0,"checksum":"1000000"}
{"workload":"add-small-int","sample":5,"warmup":false,"ns":28235300,"cells_allocated":27,"bytes_allocated":3782,"peak_live_bytes":3646,"collections":0,"checksum":"1000000"}
{"workload":"add-small-int","sample":6,"warmup":false,"ns":28101700,"cells_allocated":27,"bytes_allocated":3782,"peak_live_bytes":3646,"collections":0,"checksum":"1000000"}
{"workload":"add-small-int","sample":7,"warmup":false,"ns":28221600,"cells_allocated":27,"bytes_allocated":3782,"peak_live_bytes":3646,"collections":0,"checksum":"1000000"}
{"workload":"add-small-int","sample":8,"warmup":false,"ns":28193200,"cells_allocated":27,"bytes_allocated":3782,"peak_live_bytes":3646,"collections":0,"checksum":"1000000"}
{"workload":"add-small-int","sample":9,"warmup":false,"ns":28306900,"cells_allocated":27,"bytes_allocated":3782,"peak_live_bytes":3646,"collections":0,"checksum":"1000000"}
{"workload":"add-small-int","sample":10,"warmup":false,"ns":28348800,"cells_allocated":27,"bytes_allocated":3782,"peak_live_bytes":3646,"collections":0,"checksum":"1000000"}
{"workload":"add-small-int","sample":11,"warmup":false,"ns":28107500,"cells_allocated":27,"bytes_allocated":3782,"peak_live_bytes":3646,"collections":0,"checksum":"1000000"}
{"workload":"add-fraction","sample":0,"warmup":true,"ns":56139300,"cells_allocated":500028,"bytes_allocated":75728300,"peak_live_bytes":56287048,"collections":0,"checksum":"500000"}
{"workload":"add-fraction","sample":1,"warmup":false,"ns":39049900,"cells_allocated":500028,"bytes_allocated":75728300,"peak_live_bytes":56287048,"collections":0,"checksum":"500000"}
{"workload":"add-fraction","sample":2,"warmup":false,"ns":38870500,"cells_allocated":500028,"bytes_allocated":75728300,"peak_live_bytes":56287048,"collections":0,"checksum":"500000"}
{"workload":"add-fraction","sample":3,"warmup":false,"ns":39131000,"cells_allocated":500028,"bytes_allocated":75728300,"peak_live_bytes":56287048,"collections":0,"checksum":"500000"}
{"workload":"add-fraction","sample":4,"warmup":false,"ns":39437300,"cells_allocated":500028,"bytes_allocated":75728300,"peak_live_bytes":56287048,"collections":0,"checksum":"500000"}
{"workload":"add-fraction","sample":5,"warmup":false,"ns":39331400,"cells_allocated":500028,"bytes_allocated":75728300,"peak_live_bytes":56287048,"collections":0,"checksum":"500000"}
{"workload":"add-fraction","sample":6,"warmup":false,"ns":39685200,"cells_allocated":500028,"bytes_allocated":75728300,"peak_live_bytes":56287048,"collections":0,"checksum":"500000"}
{"workload":"add-fraction","sample":7,"warmup":false,"ns":39529300,"cells_allocated":500028,"bytes_allocated":75728300,"peak_live_bytes":56287048,"collections":0,"checksum":"500000"}
{"workload":"add-fraction","sample":8,"warmup":false,"ns":39704800,"cells_allocated":500028,"bytes_allocated":75728300,"peak_live_bytes":56287048,"collections":0,"checksum":"500000"}
{"workload":"add-fraction","sample":9,"warmup":false,"ns":39875500,"cells_allocated":500028,"bytes_allocated":75728300,"peak_live_bytes":56287048,"collections":0,"checksum":"500000"}
{"workload":"add-fraction","sample":10,"warmup":false,"ns":39979000,"cells_allocated":500028,"bytes_allocated":75728300,"peak_live_bytes":56287048,"collections":0,"checksum":"500000"}
{"workload":"add-fraction","sample":11,"warmup":false,"ns":40248500,"cells_allocated":500028,"bytes_allocated":75728300,"peak_live_bytes":56287048,"collections":0,"checksum":"500000"}
{"workload":"get-prototype-chain","sample":0,"warmup":true,"ns":23878900,"cells_allocated":36,"bytes_allocated":5378,"peak_live_bytes":4978,"collections":0,"checksum":"7000000"}
{"workload":"get-prototype-chain","sample":1,"warmup":false,"ns":23340900,"cells_allocated":36,"bytes_allocated":5378,"peak_live_bytes":4978,"collections":0,"checksum":"7000000"}
{"workload":"get-prototype-chain","sample":2,"warmup":false,"ns":24138500,"cells_allocated":36,"bytes_allocated":5378,"peak_live_bytes":4978,"collections":0,"checksum":"7000000"}
{"workload":"get-prototype-chain","sample":3,"warmup":false,"ns":23566600,"cells_allocated":36,"bytes_allocated":5378,"peak_live_bytes":4978,"collections":0,"checksum":"7000000"}
{"workload":"get-prototype-chain","sample":4,"warmup":false,"ns":23837000,"cells_allocated":36,"bytes_allocated":5378,"peak_live_bytes":4978,"collections":0,"checksum":"7000000"}
{"workload":"get-prototype-chain","sample":5,"warmup":false,"ns":23260000,"cells_allocated":36,"bytes_allocated":5378,"peak_live_bytes":4978,"collections":0,"checksum":"7000000"}
{"workload":"get-prototype-chain","sample":6,"warmup":false,"ns":23976800,"cells_allocated":36,"bytes_allocated":5378,"peak_live_bytes":4978,"collections":0,"checksum":"7000000"}
{"workload":"get-prototype-chain","sample":7,"warmup":false,"ns":24065700,"cells_allocated":36,"bytes_allocated":5378,"peak_live_bytes":4978,"collections":0,"checksum":"7000000"}
{"workload":"get-prototype-chain","sample":8,"warmup":false,"ns":23787500,"cells_allocated":36,"bytes_allocated":5378,"peak_live_bytes":4978,"collections":0,"checksum":"7000000"}
{"workload":"get-prototype-chain","sample":9,"warmup":false,"ns":23282000,"cells_allocated":36,"bytes_allocated":5378,"peak_live_bytes":4978,"collections":0,"checksum":"7000000"}
{"workload":"get-prototype-chain","sample":10,"warmup":false,"ns":24230900,"cells_allocated":36,"bytes_allocated":5378,"peak_live_bytes":4978,"collections":0,"checksum":"7000000"}
{"workload":"get-prototype-chain","sample":11,"warmup":false,"ns":23181700,"cells_allocated":36,"bytes_allocated":5378,"peak_live_bytes":4978,"collections":0,"checksum":"7000000"}
{"workload":"number-to-string","sample":0,"warmup":true,"ns":13088500,"cells_allocated":200026,"bytes_allocated":30596316,"peak_live_bytes":23006956,"collections":0,"checksum":788890}
{"workload":"number-to-string","sample":1,"warmup":false,"ns":7686300,"cells_allocated":200026,"bytes_allocated":30596316,"peak_live_bytes":23006956,"collections":0,"checksum":788890}
{"workload":"number-to-string","sample":2,"warmup":false,"ns":7185700,"cells_allocated":200026,"bytes_allocated":30596316,"peak_live_bytes":23006956,"collections":0,"checksum":788890}
{"workload":"number-to-string","sample":3,"warmup":false,"ns":7159200,"cells_allocated":200026,"bytes_allocated":30596316,"peak_live_bytes":23006956,"collections":0,"checksum":788890}
{"workload":"number-to-string","sample":4,"warmup":false,"ns":7097500,"cells_allocated":200026,"bytes_allocated":30596316,"peak_live_bytes":23006956,"collections":0,"checksum":788890}
{"workload":"number-to-string","sample":5,"warmup":false,"ns":7252800,"cells_allocated":200026,"bytes_allocated":30596316,"peak_live_bytes":23006956,"collections":0,"checksum":788890}
{"workload":"number-to-string","sample":6,"warmup":false,"ns":7180000,"cells_allocated":200026,"bytes_allocated":30596316,"peak_live_bytes":23006956,"collections":0,"checksum":788890}
{"workload":"number-to-string","sample":7,"warmup":false,"ns":7184100,"cells_allocated":200026,"bytes_allocated":30596316,"peak_live_bytes":23006956,"collections":0,"checksum":788890}
{"workload":"number-to-string","sample":8,"warmup":false,"ns":7122900,"cells_allocated":200026,"bytes_allocated":30596316,"peak_live_bytes":23006956,"collections":0,"checksum":788890}
{"workload":"number-to-string","sample":9,"warmup":false,"ns":7126900,"cells_allocated":200026,"bytes_allocated":30596316,"peak_live_bytes":23006956,"collections":0,"checksum":788890}
{"workload":"number-to-string","sample":10,"warmup":false,"ns":7179800,"cells_allocated":200026,"bytes_allocated":30596316,"peak_live_bytes":23006956,"collections":0,"checksum":788890}
{"workload":"number-to-string","sample":11,"warmup":false,"ns":7180200,"cells_allocated":200026,"bytes_allocated":30596316,"peak_live_bytes":23006956,"collections":0,"checksum":788890}
{"workload":"object-churn","sample":0,"warmup":true,"ns":41416800,"cells_allocated":500026,"bytes_allocated":89952760,"peak_live_bytes":70279372,"collections":1,"checksum":6250}
{"workload":"object-churn","sample":1,"warmup":false,"ns":30585000,"cells_allocated":500026,"bytes_allocated":89952760,"peak_live_bytes":70279372,"collections":1,"checksum":6250}
{"workload":"object-churn","sample":2,"warmup":false,"ns":32572000,"cells_allocated":500026,"bytes_allocated":89952760,"peak_live_bytes":70279372,"collections":1,"checksum":6250}
{"workload":"object-churn","sample":3,"warmup":false,"ns":35745400,"cells_allocated":500026,"bytes_allocated":89952760,"peak_live_bytes":70279372,"collections":1,"checksum":6250}
{"workload":"object-churn","sample":4,"warmup":false,"ns":37481000,"cells_allocated":500026,"bytes_allocated":89952760,"peak_live_bytes":70279372,"collections":1,"checksum":6250}
{"workload":"object-churn","sample":5,"warmup":false,"ns":42359700,"cells_allocated":500026,"bytes_allocated":89952760,"peak_live_bytes":70279372,"collections":1,"checksum":6250}
{"workload":"object-churn","sample":6,"warmup":false,"ns":42606800,"cells_allocated":500026,"bytes_allocated":89952760,"peak_live_bytes":70279372,"collections":1,"checksum":6250}
{"workload":"object-churn","sample":7,"warmup":false,"ns":46170400,"cells_allocated":500026,"bytes_allocated":89952760,"peak_live_bytes":70279372,"collections":1,"checksum":6250}
{"workload":"object-churn","sample":8,"warmup":false,"ns":48794600,"cells_allocated":500026,"bytes_allocated":89952760,"peak_live_bytes":70279372,"collections":1,"checksum":6250}
{"workload":"object-churn","sample":9,"warmup":false,"ns":52904700,"cells_allocated":500026,"bytes_allocated":89952760,"peak_live_bytes":70279372,"collections":1,"checksum":6250}
{"workload":"object-churn","sample":10,"warmup":false,"ns":53994900,"cells_allocated":500026,"bytes_allocated":89952760,"peak_live_bytes":70279372,"collections":1,"checksum":6250}
{"workload":"object-churn","sample":11,"warmup":false,"ns":48265500,"cells_allocated":500026,"bytes_allocated":89952760,"peak_live_bytes":70279372,"collections":1,"checksum":6250}
{"workload":"mark-generated","sample":0,"warmup":true,"ns":11913900,"cells_allocated":500026,"bytes_allocated":89728380,"peak_live_bytes":70191848,"collections":1,"checksum":100000}
{"workload":"mark-generated","sample":1,"warmup":false,"ns":9759900,"cells_allocated":500026,"bytes_allocated":89728380,"peak_live_bytes":70191848,"collections":1,"checksum":100000}
{"workload":"mark-generated","sample":2,"warmup":false,"ns":9845300,"cells_allocated":500026,"bytes_allocated":89728380,"peak_live_bytes":70191848,"collections":1,"checksum":100000}
{"workload":"mark-generated","sample":3,"warmup":false,"ns":9454900,"cells_allocated":500026,"bytes_allocated":89728380,"peak_live_bytes":70191848,"collections":1,"checksum":100000}
{"workload":"mark-generated","sample":4,"warmup":false,"ns":10169200,"cells_allocated":500026,"bytes_allocated":89728380,"peak_live_bytes":70191848,"collections":1,"checksum":100000}
{"workload":"mark-generated","sample":5,"warmup":false,"ns":9641200,"cells_allocated":500026,"bytes_allocated":89728380,"peak_live_bytes":70191848,"collections":1,"checksum":100000}
{"workload":"mark-generated","sample":6,"warmup":false,"ns":10077700,"cells_allocated":500026,"bytes_allocated":89728380,"peak_live_bytes":70191848,"collections":1,"checksum":100000}
{"workload":"mark-generated","sample":7,"warmup":false,"ns":9885700,"cells_allocated":500026,"bytes_allocated":89728380,"peak_live_bytes":70191848,"collections":1,"checksum":100000}
{"workload":"mark-generated","sample":8,"warmup":false,"ns":10850200,"cells_allocated":500026,"bytes_allocated":89728380,"peak_live_bytes":70191848,"collections":1,"checksum":100000}
{"workload":"mark-generated","sample":9,"warmup":false,"ns":10143900,"cells_allocated":500026,"bytes_allocated":89728380,"peak_live_bytes":70191848,"collections":1,"checksum":100000}
{"workload":"mark-generated","sample":10,"warmup":false,"ns":9990200,"cells_allocated":500026,"bytes_allocated":89728380,"peak_live_bytes":70191848,"collections":1,"checksum":100000}
{"workload":"mark-generated","sample":11,"warmup":false,"ns":10231700,"cells_allocated":500026,"bytes_allocated":89728380,"peak_live_bytes":70191848,"collections":1,"checksum":100000}
{"workload":"mark-manual","sample":0,"warmup":true,"ns":10616900,"cells_allocated":500026,"bytes_allocated":89728380,"peak_live_bytes":70191848,"collections":1,"checksum":100000}
{"workload":"mark-manual","sample":1,"warmup":false,"ns":10653100,"cells_allocated":500026,"bytes_allocated":89728380,"peak_live_bytes":70191848,"collections":1,"checksum":100000}
{"workload":"mark-manual","sample":2,"warmup":false,"ns":11402400,"cells_allocated":500026,"bytes_allocated":89728380,"peak_live_bytes":70191848,"collections":1,"checksum":100000}
{"workload":"mark-manual","sample":3,"warmup":false,"ns":10550300,"cells_allocated":500026,"bytes_allocated":89728380,"peak_live_bytes":70191848,"collections":1,"checksum":100000}
{"workload":"mark-manual","sample":4,"warmup":false,"ns":11836700,"cells_allocated":500026,"bytes_allocated":89728380,"peak_live_bytes":70191848,"collections":1,"checksum":100000}
{"workload":"mark-manual","sample":5,"warmup":false,"ns":10346200,"cells_allocated":500026,"bytes_allocated":89728380,"peak_live_bytes":70191848,"collections":1,"checksum":100000}
{"workload":"mark-manual","sample":6,"warmup":false,"ns":11568100,"cells_allocated":500026,"bytes_allocated":89728380,"peak_live_bytes":70191848,"collections":1,"checksum":100000}
{"workload":"mark-manual","sample":7,"warmup":false,"ns":10566700,"cells_allocated":500026,"bytes_allocated":89728380,"peak_live_bytes":70191848,"collections":1,"checksum":100000}
{"workload":"mark-manual","sample":8,"warmup":false,"ns":11165100,"cells_allocated":500026,"bytes_allocated":89728380,"peak_live_bytes":70191848,"collections":1,"checksum":100000}
{"workload":"mark-manual","sample":9,"warmup":false,"ns":10933900,"cells_allocated":500026,"bytes_allocated":89728380,"peak_live_bytes":70191848,"collections":1,"checksum":100000}
{"workload":"mark-manual","sample":10,"warmup":false,"ns":11391100,"cells_allocated":500026,"bytes_allocated":89728380,"peak_live_bytes":70191848,"collections":1,"checksum":100000}
{"workload":"mark-manual","sample":11,"warmup":false,"ns":10024300,"cells_allocated":500026,"bytes_allocated":89728380,"peak_live_bytes":70191848,"collections":1,"checksum":100000}
RESULT {"executable":"C:\\src\\fairpane\\out\\fp0011-measure\\zig-out\\bin\\fairpane-js-measure-tagged_index.exe","arguments":[],"cwd":"C:\\src\\fairpane","started_at":"2026-10-09T11:24:53.871Z","exit_code":0,"signal":null,"timed_out":false,"error":null,"duration_ms":2902}
