
COMMAND ["C:\\src\\fairpane\\out\\fp0011-measure\\zig-out\\bin\\fairpane-js-measure-reference.exe"]
{"format":"fairpane-js-measure","version":1,"representation":"reference","value_size_bytes":16,"zig_version":"0.18.0-dev.120+9fe22a29b","target":"x86_64-windows-gnu","cpu_model":"znver5","optimize":"fast","logical_cpus":32,"executable_bytes":1047552,"clock":"awake","allocator":"smp_allocator"}
{"workload":"add-small-int","sample":0,"warmup":true,"ns":18713400,"cells_allocated":27,"bytes_allocated":4110,"peak_live_bytes":3974,"collections":0,"checksum":"1000000"}
{"workload":"add-small-int","sample":1,"warmup":false,"ns":18688000,"cells_allocated":27,"bytes_allocated":4110,"peak_live_bytes":3974,"collections":0,"checksum":"1000000"}
{"workload":"add-small-int","sample":2,"warmup":false,"ns":18763400,"cells_allocated":27,"bytes_allocated":4110,"peak_live_bytes":3974,"collections":0,"checksum":"1000000"}
{"workload":"add-small-int","sample":3,"warmup":false,"ns":18749300,"cells_allocated":27,"bytes_allocated":4110,"peak_live_bytes":3974,"collections":0,"checksum":"1000000"}
{"workload":"add-small-int","sample":4,"warmup":false,"ns":18873100,"cells_allocated":27,"bytes_allocated":4110,"peak_live_bytes":3974,"collections":0,"checksum":"1000000"}
{"workload":"add-small-int","sample":5,"warmup":false,"ns":18775200,"cells_allocated":27,"bytes_allocated":4110,"peak_live_bytes":3974,"collections":0,"checksum":"1000000"}
{"workload":"add-small-int","sample":6,"warmup":false,"ns":18796300,"cells_allocated":27,"bytes_allocated":4110,"peak_live_bytes":3974,"collections":0,"checksum":"1000000"}
{"workload":"add-small-int","sample":7,"warmup":false,"ns":18741400,"cells_allocated":27,"bytes_allocated":4110,"peak_live_bytes":3974,"collections":0,"checksum":"1000000"}
{"workload":"add-small-int","sample":8,"warmup":false,"ns":18777400,"cells_allocated":27,"bytes_allocated":4110,"peak_live_bytes":3974,"collections":0,"checksum":"1000000"}
{"workload":"add-small-int","sample":9,"warmup":false,"ns":19202000,"cells_allocated":27,"bytes_allocated":4110,"peak_live_bytes":3974,"collections":0,"checksum":"1000000"}
{"workload":"add-small-int","sample":10,"warmup":false,"ns":19045800,"cells_allocated":27,"bytes_allocated":4110,"peak_live_bytes":3974,"collections":0,"checksum":"1000000"}
{"workload":"add-small-int","sample":11,"warmup":false,"ns":18771200,"cells_allocated":27,"bytes_allocated":4110,"peak_live_bytes":3974,"collections":0,"checksum":"1000000"}
{"workload":"add-fraction","sample":0,"warmup":true,"ns":18736700,"cells_allocated":27,"bytes_allocated":4108,"peak_live_bytes":3972,"collections":0,"checksum":"500000"}
{"workload":"add-fraction","sample":1,"warmup":false,"ns":18769200,"cells_allocated":27,"bytes_allocated":4108,"peak_live_bytes":3972,"collections":0,"checksum":"500000"}
{"workload":"add-fraction","sample":2,"warmup":false,"ns":18709600,"cells_allocated":27,"bytes_allocated":4108,"peak_live_bytes":3972,"collections":0,"checksum":"500000"}
{"workload":"add-fraction","sample":3,"warmup":false,"ns":18661900,"cells_allocated":27,"bytes_allocated":4108,"peak_live_bytes":3972,"collections":0,"checksum":"500000"}
{"workload":"add-fraction","sample":4,"warmup":false,"ns":18502000,"cells_allocated":27,"bytes_allocated":4108,"peak_live_bytes":3972,"collections":0,"checksum":"500000"}
{"workload":"add-fraction","sample":5,"warmup":false,"ns":18533800,"cells_allocated":27,"bytes_allocated":4108,"peak_live_bytes":3972,"collections":0,"checksum":"500000"}
{"workload":"add-fraction","sample":6,"warmup":false,"ns":18599700,"cells_allocated":27,"bytes_allocated":4108,"peak_live_bytes":3972,"collections":0,"checksum":"500000"}
{"workload":"add-fraction","sample":7,"warmup":false,"ns":18561600,"cells_allocated":27,"bytes_allocated":4108,"peak_live_bytes":3972,"collections":0,"checksum":"500000"}
{"workload":"add-fraction","sample":8,"warmup":false,"ns":18542500,"cells_allocated":27,"bytes_allocated":4108,"peak_live_bytes":3972,"collections":0,"checksum":"500000"}
{"workload":"add-fraction","sample":9,"warmup":false,"ns":18538600,"cells_allocated":27,"bytes_allocated":4108,"peak_live_bytes":3972,"collections":0,"checksum":"500000"}
{"workload":"add-fraction","sample":10,"warmup":false,"ns":18519600,"cells_allocated":27,"bytes_allocated":4108,"peak_live_bytes":3972,"collections":0,"checksum":"500000"}
{"workload":"add-fraction","sample":11,"warmup":false,"ns":18525000,"cells_allocated":27,"bytes_allocated":4108,"peak_live_bytes":3972,"collections":0,"checksum":"500000"}
{"workload":"get-prototype-chain","sample":0,"warmup":true,"ns":25233300,"cells_allocated":36,"bytes_allocated":5798,"peak_live_bytes":5398,"collections":0,"checksum":"7000000"}
{"workload":"get-prototype-chain","sample":1,"warmup":false,"ns":25277800,"cells_allocated":36,"bytes_allocated":5798,"peak_live_bytes":5398,"collections":0,"checksum":"7000000"}
{"workload":"get-prototype-chain","sample":2,"warmup":false,"ns":25159000,"cells_allocated":36,"bytes_allocated":5798,"peak_live_bytes":5398,"collections":0,"checksum":"7000000"}
{"workload":"get-prototype-chain","sample":3,"warmup":false,"ns":25372100,"cells_allocated":36,"bytes_allocated":5798,"peak_live_bytes":5398,"collections":0,"checksum":"7000000"}
{"workload":"get-prototype-chain","sample":4,"warmup":false,"ns":25402400,"cells_allocated":36,"bytes_allocated":5798,"peak_live_bytes":5398,"collections":0,"checksum":"7000000"}
{"workload":"get-prototype-chain","sample":5,"warmup":false,"ns":26379100,"cells_allocated":36,"bytes_allocated":5798,"peak_live_bytes":5398,"collections":0,"checksum":"7000000"}
{"workload":"get-prototype-chain","sample":6,"warmup":false,"ns":25377500,"cells_allocated":36,"bytes_allocated":5798,"peak_live_bytes":5398,"collections":0,"checksum":"7000000"}
{"workload":"get-prototype-chain","sample":7,"warmup":false,"ns":25580900,"cells_allocated":36,"bytes_allocated":5798,"peak_live_bytes":5398,"collections":0,"checksum":"7000000"}
{"workload":"get-prototype-chain","sample":8,"warmup":false,"ns":25755800,"cells_allocated":36,"bytes_allocated":5798,"peak_live_bytes":5398,"collections":0,"checksum":"7000000"}
{"workload":"get-prototype-chain","sample":9,"warmup":false,"ns":25537600,"cells_allocated":36,"bytes_allocated":5798,"peak_live_bytes":5398,"collections":0,"checksum":"7000000"}
{"workload":"get-prototype-chain","sample":10,"warmup":false,"ns":25329300,"cells_allocated":36,"bytes_allocated":5798,"peak_live_bytes":5398,"collections":0,"checksum":"7000000"}
{"workload":"get-prototype-chain","sample":11,"warmup":false,"ns":25374700,"cells_allocated":36,"bytes_allocated":5798,"peak_live_bytes":5398,"collections":0,"checksum":"7000000"}
{"workload":"number-to-string","sample":0,"warmup":true,"ns":10653800,"cells_allocated":100026,"bytes_allocated":17396652,"peak_live_bytes":13444028,"collections":0,"checksum":788890}
{"workload":"number-to-string","sample":1,"warmup":false,"ns":7035300,"cells_allocated":100026,"bytes_allocated":17396652,"peak_live_bytes":13444028,"collections":0,"checksum":788890}
{"workload":"number-to-string","sample":2,"warmup":false,"ns":6818600,"cells_allocated":100026,"bytes_allocated":17396652,"peak_live_bytes":13444028,"collections":0,"checksum":788890}
{"workload":"number-to-string","sample":3,"warmup":false,"ns":6603300,"cells_allocated":100026,"bytes_allocated":17396652,"peak_live_bytes":13444028,"collections":0,"checksum":788890}
{"workload":"number-to-string","sample":4,"warmup":false,"ns":6528200,"cells_allocated":100026,"bytes_allocated":17396652,"peak_live_bytes":13444028,"collections":0,"checksum":788890}
{"workload":"number-to-string","sample":5,"warmup":false,"ns":6550200,"cells_allocated":100026,"bytes_allocated":17396652,"peak_live_bytes":13444028,"collections":0,"checksum":788890}
{"workload":"number-to-string","sample":6,"warmup":false,"ns":6499500,"cells_allocated":100026,"bytes_allocated":17396652,"peak_live_bytes":13444028,"collections":0,"checksum":788890}
{"workload":"number-to-string","sample":7,"warmup":false,"ns":6524100,"cells_allocated":100026,"bytes_allocated":17396652,"peak_live_bytes":13444028,"collections":0,"checksum":788890}
{"workload":"number-to-string","sample":8,"warmup":false,"ns":6533900,"cells_allocated":100026,"bytes_allocated":17396652,"peak_live_bytes":13444028,"collections":0,"checksum":788890}
{"workload":"number-to-string","sample":9,"warmup":false,"ns":6507800,"cells_allocated":100026,"bytes_allocated":17396652,"peak_live_bytes":13444028,"collections":0,"checksum":788890}
{"workload":"number-to-string","sample":10,"warmup":false,"ns":6439100,"cells_allocated":100026,"bytes_allocated":17396652,"peak_live_bytes":13444028,"collections":0,"checksum":788890}
{"workload":"number-to-string","sample":11,"warmup":false,"ns":6512600,"cells_allocated":100026,"bytes_allocated":17396652,"peak_live_bytes":13444028,"collections":0,"checksum":788890}
{"workload":"object-churn","sample":0,"warmup":true,"ns":24939000,"cells_allocated":100026,"bytes_allocated":32457168,"peak_live_bytes":27923892,"collections":1,"checksum":6250}
{"workload":"object-churn","sample":1,"warmup":false,"ns":23571600,"cells_allocated":100026,"bytes_allocated":32457168,"peak_live_bytes":27923892,"collections":1,"checksum":6250}
{"workload":"object-churn","sample":2,"warmup":false,"ns":15930300,"cells_allocated":100026,"bytes_allocated":32457168,"peak_live_bytes":27923892,"collections":1,"checksum":6250}
{"workload":"object-churn","sample":3,"warmup":false,"ns":25549900,"cells_allocated":100026,"bytes_allocated":32457168,"peak_live_bytes":27923892,"collections":1,"checksum":6250}
{"workload":"object-churn","sample":4,"warmup":false,"ns":18924100,"cells_allocated":100026,"bytes_allocated":32457168,"peak_live_bytes":27923892,"collections":1,"checksum":6250}
{"workload":"object-churn","sample":5,"warmup":false,"ns":27240700,"cells_allocated":100026,"bytes_allocated":32457168,"peak_live_bytes":27923892,"collections":1,"checksum":6250}
{"workload":"object-churn","sample":6,"warmup":false,"ns":21474000,"cells_allocated":100026,"bytes_allocated":32457168,"peak_live_bytes":27923892,"collections":1,"checksum":6250}
{"workload":"object-churn","sample":7,"warmup":false,"ns":33322900,"cells_allocated":100026,"bytes_allocated":32457168,"peak_live_bytes":27923892,"collections":1,"checksum":6250}
{"workload":"object-churn","sample":8,"warmup":false,"ns":32013600,"cells_allocated":100026,"bytes_allocated":32457168,"peak_live_bytes":27923892,"collections":1,"checksum":6250}
{"workload":"object-churn","sample":9,"warmup":false,"ns":31462300,"cells_allocated":100026,"bytes_allocated":32457168,"peak_live_bytes":27923892,"collections":1,"checksum":6250}
{"workload":"object-churn","sample":10,"warmup":false,"ns":27121700,"cells_allocated":100026,"bytes_allocated":32457168,"peak_live_bytes":27923892,"collections":1,"checksum":6250}
{"workload":"object-churn","sample":11,"warmup":false,"ns":33677100,"cells_allocated":100026,"bytes_allocated":32457168,"peak_live_bytes":27923892,"collections":1,"checksum":6250}
{"workload":"mark-generated","sample":0,"warmup":true,"ns":8263100,"cells_allocated":100026,"bytes_allocated":71818748,"peak_live_bytes":51695844,"collections":1,"checksum":100000}
{"workload":"mark-generated","sample":1,"warmup":false,"ns":8204800,"cells_allocated":100026,"bytes_allocated":71818748,"peak_live_bytes":51695844,"collections":1,"checksum":100000}
{"workload":"mark-generated","sample":2,"warmup":false,"ns":7650000,"cells_allocated":100026,"bytes_allocated":71818748,"peak_live_bytes":51695844,"collections":1,"checksum":100000}
{"workload":"mark-generated","sample":3,"warmup":false,"ns":8179500,"cells_allocated":100026,"bytes_allocated":71818748,"peak_live_bytes":51695844,"collections":1,"checksum":100000}
{"workload":"mark-generated","sample":4,"warmup":false,"ns":7880300,"cells_allocated":100026,"bytes_allocated":71818748,"peak_live_bytes":51695844,"collections":1,"checksum":100000}
{"workload":"mark-generated","sample":5,"warmup":false,"ns":8475400,"cells_allocated":100026,"bytes_allocated":71818748,"peak_live_bytes":51695844,"collections":1,"checksum":100000}
{"workload":"mark-generated","sample":6,"warmup":false,"ns":7709100,"cells_allocated":100026,"bytes_allocated":71818748,"peak_live_bytes":51695844,"collections":1,"checksum":100000}
{"workload":"mark-generated","sample":7,"warmup":false,"ns":7986700,"cells_allocated":100026,"bytes_allocated":71818748,"peak_live_bytes":51695844,"collections":1,"checksum":100000}
{"workload":"mark-generated","sample":8,"warmup":false,"ns":7784500,"cells_allocated":100026,"bytes_allocated":71818748,"peak_live_bytes":51695844,"collections":1,"checksum":100000}
{"workload":"mark-generated","sample":9,"warmup":false,"ns":8129900,"cells_allocated":100026,"bytes_allocated":71818748,"peak_live_bytes":51695844,"collections":1,"checksum":100000}
{"workload":"mark-generated","sample":10,"warmup":false,"ns":7567000,"cells_allocated":100026,"bytes_allocated":71818748,"peak_live_bytes":51695844,"collections":1,"checksum":100000}
{"workload":"mark-generated","sample":11,"warmup":false,"ns":8063100,"cells_allocated":100026,"bytes_allocated":71818748,"peak_live_bytes":51695844,"collections":1,"checksum":100000}
{"workload":"mark-manual","sample":0,"warmup":true,"ns":11889600,"cells_allocated":100026,"bytes_allocated":71818748,"peak_live_bytes":51695844,"collections":1,"checksum":100000}
{"workload":"mark-manual","sample":1,"warmup":false,"ns":8118000,"cells_allocated":100026,"bytes_allocated":71818748,"peak_live_bytes":51695844,"collections":1,"checksum":100000}
{"workload":"mark-manual","sample":2,"warmup":false,"ns":12305800,"cells_allocated":100026,"bytes_allocated":71818748,"peak_live_bytes":51695844,"collections":1,"checksum":100000}
{"workload":"mark-manual","sample":3,"warmup":false,"ns":7871100,"cells_allocated":100026,"bytes_allocated":71818748,"peak_live_bytes":51695844,"collections":1,"checksum":100000}
{"workload":"mark-manual","sample":4,"warmup":false,"ns":11571500,"cells_allocated":100026,"bytes_allocated":71818748,"peak_live_bytes":51695844,"collections":1,"checksum":100000}
{"workload":"mark-manual","sample":5,"warmup":false,"ns":7962300,"cells_allocated":100026,"bytes_allocated":71818748,"peak_live_bytes":51695844,"collections":1,"checksum":100000}
{"workload":"mark-manual","sample":6,"warmup":false,"ns":12034800,"cells_allocated":100026,"bytes_allocated":71818748,"peak_live_bytes":51695844,"collections":1,"checksum":100000}
{"workload":"mark-manual","sample":7,"warmup":false,"ns":8111700,"cells_allocated":100026,"bytes_allocated":71818748,"peak_live_bytes":51695844,"collections":1,"checksum":100000}
{"workload":"mark-manual","sample":8,"warmup":false,"ns":12706400,"cells_allocated":100026,"bytes_allocated":71818748,"peak_live_bytes":51695844,"collections":1,"checksum":100000}
{"workload":"mark-manual","sample":9,"warmup":false,"ns":4757800,"cells_allocated":100026,"bytes_allocated":71818748,"peak_live_bytes":51695844,"collections":1,"checksum":100000}
{"workload":"mark-manual","sample":10,"warmup":false,"ns":3497800,"cells_allocated":100026,"bytes_allocated":71818748,"peak_live_bytes":51695844,"collections":1,"checksum":100000}
{"workload":"mark-manual","sample":11,"warmup":false,"ns":2397000,"cells_allocated":100026,"bytes_allocated":71818748,"peak_live_bytes":51695844,"collections":1,"checksum":100000}
RESULT {"executable":"C:\\src\\fairpane\\out\\fp0011-measure\\zig-out\\bin\\fairpane-js-measure-reference.exe","arguments":[],"cwd":"C:\\src\\fairpane","started_at":"2026-10-09T11:24:56.834Z","exit_code":0,"signal":null,"timed_out":false,"error":null,"duration_ms":1984}
