Fairpane local gate: repo-check
Trust: unsigned-local-integrity-only

COMMAND ["C:\\nvm4w\\nodejs\\node.exe","C:\\src\\fairpane\\tools\\fairpane.mjs","check"]
{
  "result": "pass",
  "level": "bootstrap-integrity-only",
  "tasks": 28,
  "gates": 9,
  "capability_families": 19,
  "fingerprints": {
    "source": {
      "sha256": "b1dff907acc7392d1163c0a3f64556e5afd343261672e8e58db6fb40b13553ed",
      "file_count": 77
    },
    "policy": {
      "sha256": "ec1505889dbe8cc3aef2fa1e6a9d9da2afd5a7f847fcbe23e1559761d35f3e91",
      "file_count": 12
    }
  },
  "note": "This check is not browser conformance or an independent security attestation."
}
RESULT {"executable":"C:\\nvm4w\\nodejs\\node.exe","arguments":["C:\\src\\fairpane\\tools\\fairpane.mjs","check"],"exit_code":0,"signal":null,"timed_out":false,"error":null,"duration_ms":61}
