
COMMAND ["C:\\src\\fairpane\\.tools\\zig\\0.18.0-dev.120+9fe22a29b\\x86_64-windows\\zig.exe","build","test","--summary","all"]
test
+- run test 35 pass, 3 fail (38 total)
error: 'web_string.test.6: fromUtf8Lossy restores the offending byte after each error' failed:
       slices differ. first difference occurs at index 4 (0x4)
       
       ============ expected this output: =============  len: 10 (0xA)
       
       [0]: 97
       [1]: 65533
       [2]: 65533
       [3]: 65533
       [4]: 98
       [5]: 65533
       [6]: 99
       [7]: 65533
       [8]: 65533
       [9]: 100
       
       ============= instead found this: ==============  len: 9 (0x9)
       
       [0]: 97
       [1]: 65533
       [2]: 65533
       [3]: 65533
       [4]: 65533
       [5]: 99
       [6]: 65533
       [7]: 65533
       [8]: 100
       
       ================================================
       
       C:\Users\requi\.omp\wt\t5f6095e05\m\src\handles.zig:727:46: 0x7ff70c7322a5 in expectation (test_zcu.obj)
                   if (handle.owner != model.owner) return error.WrongOwner;
                                                    ^
       C:\Users\requi\.omp\wt\t5f6095e05\m\src\handles.zig:730:69: 0x7ff70c72c432 in expectation (test_zcu.obj)
                   if (!slot.live or slot.generation != handle.generation) return error.StaleHandle;
                                                                           ^
       C:\Users\requi\.omp\wt\t5f6095e05\m\src\handles.zig:730:69: 0x7ff70c72c432 in expectation (test_zcu.obj)
                   if (!slot.live or slot.generation != handle.generation) return error.StaleHandle;
                                                                           ^
       C:\Users\requi\.omp\wt\t5f6095e05\m\src\handles.zig:730:69: 0x7ff70c72c432 in expectation (test_zcu.obj)
                   if (!slot.live or slot.generation != handle.generation) return error.StaleHandle;
                                                                           ^
       C:\Users\requi\.omp\wt\t5f6095e05\m\src\handles.zig:728:70: 0x7ff70c72c3bd in expectation (test_zcu.obj)
                   if (handle.generation == 0 or handle.index >= model.len) return error.InvalidHandle;
                                                                            ^
       C:\Users\requi\.omp\wt\t5f6095e05\m\src\handles.zig:730:69: 0x7ff70c72c432 in expectation (test_zcu.obj)
                   if (!slot.live or slot.generation != handle.generation) return error.StaleHandle;
                                                                           ^
       C:\Users\requi\.omp\wt\t5f6095e05\m\src\handles.zig:730:69: 0x7ff70c72ebf2 in expectation (test_zcu.obj)
                   if (!slot.live or slot.generation != handle.generation) return error.StaleHandle;
                                                                           ^
       C:\Users\requi\.omp\wt\t5f6095e05\m\src\handles.zig:730:69: 0x7ff70c72c432 in expectation (test_zcu.obj)
                   if (!slot.live or slot.generation != handle.generation) return error.StaleHandle;
                                                                           ^
       C:\Users\requi\.omp\wt\t5f6095e05\m\src\handles.zig:730:69: 0x7ff70c72c432 in expectation (test_zcu.obj)
                   if (!slot.live or slot.generation != handle.generation) return error.StaleHandle;
                                                                           ^
       C:\Users\requi\.omp\wt\t5f6095e05\m\src\handles.zig:730:69: 0x7ff70c72c432 in expectation (test_zcu.obj)
                   if (!slot.live or slot.generation != handle.generation) return error.StaleHandle;
                                                                           ^
       C:\Users\requi\.omp\wt\t5f6095e05\m\src\handles.zig:730:69: 0x7ff70c72c432 in expectation (test_zcu.obj)
                   if (!slot.live or slot.generation != handle.generation) return error.StaleHandle;
                                                                           ^
       C:\Users\requi\.omp\wt\t5f6095e05\m\src\handles.zig:730:69: 0x7ff70c72c432 in expectation (test_zcu.obj)
                   if (!slot.live or slot.generation != handle.generation) return error.StaleHandle;
                                                                           ^
       C:\Users\requi\.omp\wt\t5f6095e05\m\src\handles.zig:730:69: 0x7ff70c72c432 in expectation (test_zcu.obj)
                   if (!slot.live or slot.generation != handle.generation) return error.StaleHandle;
                                                                           ^
       C:\Users\requi\.omp\wt\t5f6095e05\m\src\handles.zig:730:69: 0x7ff70c72c432 in expectation (test_zcu.obj)
                   if (!slot.live or slot.generation != handle.generation) return error.StaleHandle;
                                                                           ^
       C:\Users\requi\.omp\wt\t5f6095e05\m\src\handles.zig:728:70: 0x7ff70c72c3bd in expectation (test_zcu.obj)
                   if (handle.generation == 0 or handle.index >= model.len) return error.InvalidHandle;
                                                                            ^
       C:\Users\requi\.omp\wt\t5f6095e05\m\src\handles.zig:730:69: 0x7ff70c72ebf2 in expectation (test_zcu.obj)
                   if (!slot.live or slot.generation != handle.generation) return error.StaleHandle;
                                                                           ^
       C:\Users\requi\.omp\wt\t5f6095e05\m\src\handles.zig:730:69: 0x7ff70c72ebf2 in expectation (test_zcu.obj)
                   if (!slot.live or slot.generation != handle.generation) return error.StaleHandle;
                                                                           ^
       C:\Users\requi\.omp\wt\t5f6095e05\m\src\handles.zig:727:46: 0x7ff70c72c365 in expectation (test_zcu.obj)
                   if (handle.owner != model.owner) return error.WrongOwner;
                                                    ^
       C:\Users\requi\.omp\wt\t5f6095e05\m\src\handles.zig:730:69: 0x7ff70c72c432 in expectation (test_zcu.obj)
                   if (!slot.live or slot.generation != handle.generation) return error.StaleHandle;
                                                                           ^
       C:\Users\requi\.omp\wt\t5f6095e05\m\src\handles.zig:730:69: 0x7ff70c72c432 in expectation (test_zcu.obj)
                   if (!slot.live or slot.generation != handle.generation) return error.StaleHandle;
                                                                           ^
       C:\src\fairpane\.tools\zig\0.18.0-dev.120+9fe22a29b\x86_64-windows\lib\std\testing.zig:346:5: 0x7ff70c716d4c in expectEqualSlices__func_855 (test_zcu.obj)
           return error.TestExpectedEqual;
           ^
       C:\Users\requi\.omp\wt\t5f6095e05\m\src\web_string.zig:372:5: 0x7ff70c716e20 in expectUnits (test_zcu.obj)
           try testing.expectEqualSlices(u16, expected, string.view().units);
           ^
       C:\Users\requi\.omp\wt\t5f6095e05\m\src\web_string.zig:378:5: 0x7ff70c72292d in expectLossyUnits (test_zcu.obj)
           try expectUnits(expected, string);
           ^
       C:\Users\requi\.omp\wt\t5f6095e05\m\src\web_string.zig:472:5: 0x7ff70c722b03 in test.6: fromUtf8Lossy restores the offending byte after each error (test_zcu.obj)
           try expectLossyUnits(
           ^
error: 'web_string.test.7: fromUtf8Lossy substitutes maximal subparts' failed:
       slices differ. first difference occurs at index 2 (0x2)
       
       ============ expected this output: =============  len: 3 (0x3)
       
       [0]: 65533
       [1]: 65533
       [2]: 65533
       
       ============= instead found this: ==============  len: 2 (0x2)
       
       [0]: 65533
       [1]: 65533
       
       ================================================
       
       C:\src\fairpane\.tools\zig\0.18.0-dev.120+9fe22a29b\x86_64-windows\lib\std\testing.zig:346:5: 0x7ff70c716d4c in expectEqualSlices__func_855 (test_zcu.obj)
           return error.TestExpectedEqual;
           ^
       C:\Users\requi\.omp\wt\t5f6095e05\m\src\web_string.zig:372:5: 0x7ff70c716e20 in expectUnits (test_zcu.obj)
           try testing.expectEqualSlices(u16, expected, string.view().units);
           ^
       C:\Users\requi\.omp\wt\t5f6095e05\m\src\web_string.zig:378:5: 0x7ff70c72292d in expectLossyUnits (test_zcu.obj)
           try expectUnits(expected, string);
           ^
       C:\Users\requi\.omp\wt\t5f6095e05\m\src\web_string.zig:479:5: 0x7ff70c7229ba in test.7: fromUtf8Lossy substitutes maximal subparts (test_zcu.obj)
           try expectLossyUnits("\xED\xA0\x80", &.{ 0xFFFD, 0xFFFD, 0xFFFD });
           ^
error: 'web_string.test.16: every allocating operation survives each induced allocation failure' failed:
       slices differ. first difference occurs at index 3 (0x3)
       
       ============ expected this output: =============  len: 7 (0x7)
       
       EF BF BD 00 EF BF BD                              .......
       
       ============= instead found this: ==============  len: 6 (0x6)
       
       EF BF BD EF BF BD                                 ......
       
       ================================================
       
       C:\src\fairpane\.tools\zig\0.18.0-dev.120+9fe22a29b\x86_64-windows\lib\std\testing.zig:346:5: 0x7ff70c718de8 in expectEqualSlices__func_865 (test_zcu.obj)
           return error.TestExpectedEqual;
           ^
       C:\Users\requi\.omp\wt\t5f6095e05\m\src\web_string.zig:580:5: 0x7ff70c7199fa in allocationFailureScenario (test_zcu.obj)
           try testing.expectEqualSlices(u8, "\xEF\xBF\xBD\x00\xEF\xBF\xBD", lossy_bytes);
           ^
       C:\src\fairpane\.tools\zig\0.18.0-dev.120+9fe22a29b\x86_64-windows\lib\std\testing.zig:1154:9: 0x7ff70c719aff in checkAllAllocationFailures__func_854 (test_zcu.obj)
               try @call(.auto, test_fn, .{failing_allocator_inst.allocator()} ++ extra_args);
               ^
       C:\Users\requi\.omp\wt\t5f6095e05\m\src\web_string.zig:584:5: 0x7ff70c719dfc in test.16: every allocating operation survives each induced allocation failure (test_zcu.obj)
           try testing.checkAllAllocationFailures(testing.allocator, allocationFailureScenario, .{});
           ^
failed command: ".\\.zig-cache\\o\\9951b548382a017450c3fe900f46d301\\test.exe" "--cache-dir=.\\.zig-cache" --seed=0x71bec4da --listen=-

Build Summary: 1/3 steps succeeded (1 failed); 35/38 tests passed (3 failed)
test transitive failure
+- run test 35 pass, 3 fail (38 total)
   +- compile test debug native success 1s MaxRSS:317M

error: the following build command exited with code 1:
C:\src\fairpane\.zig-cache\global\o\253f29e51d3f235ff7bb0cfb57b92bf7\maker.exe build --zig-lib=C:\src\fairpane\.tools\zig\0.18.0-dev.120+9fe22a29b\x86_64-windows\lib --zig=C:\src\fairpane\.tools\zig\0.18.0-dev.120+9fe22a29b\x86_64-windows\zig.exe --global-cache=C:\src\fairpane\.zig-cache\global --seed=0x71bec4da test --summary all
RESULT {"executable":"C:\\src\\fairpane\\.tools\\zig\\0.18.0-dev.120+9fe22a29b\\x86_64-windows\\zig.exe","arguments":["build","test","--summary","all"],"cwd":"C:\\Users\\requi\\.omp\\wt\\t5f6095e05\\m","started_at":"2026-10-09T01:05:07.052Z","exit_code":1,"signal":null,"timed_out":false,"error":null,"duration_ms":4772,"environment_overrides":{"ZIG_GLOBAL_CACHE_DIR":"C:\\src\\fairpane\\.zig-cache\\global"}}
