Fairpane local gate: repo-check
Trust: unsigned-local-integrity-only

COMMAND ["C:\\nvm4w\\nodejs\\node.exe","C:\\src\\fairpane\\out\\fp0131-binding\\tools\\fairpane.mjs","check"]
{
  "result": "pass",
  "level": "bootstrap-integrity-only",
  "tasks": 134,
  "gates": 9,
  "capability_families": 21,
  "fingerprints": {
    "source": {
      "sha256": "2ba85a7105f2f89f2f245c998c2a0ab7df3353111974049d294b844b84156d24",
      "file_count": 343
    },
    "policy": {
      "sha256": "428949ab12432f1189e6739ff4e6018e8441a5d7fa8951457cddfda2c501c297",
      "file_count": 24
    }
  },
  "note": "This check is not browser conformance or an independent security attestation."
}
RESULT {"executable":"C:\\nvm4w\\nodejs\\node.exe","arguments":["C:\\src\\fairpane\\out\\fp0131-binding\\tools\\fairpane.mjs","check"],"cwd":"C:\\src\\fairpane\\out\\fp0131-binding","started_at":"2026-10-09T20:52:57.089Z","exit_code":0,"signal":null,"timed_out":false,"error":null,"duration_ms":208}
