Fairpane local gate: repo-check
Trust: unsigned-local-integrity-only

COMMAND ["C:\\nvm4w\\nodejs\\node.exe","C:\\src\\fairpane\\tools\\fairpane.mjs","check"]
{
  "result": "pass",
  "level": "bootstrap-integrity-only",
  "tasks": 29,
  "gates": 9,
  "capability_families": 19,
  "fingerprints": {
    "source": {
      "sha256": "f48dd23ed10031195dcb9fe177cb9b046b16f31e2f6074d3db4f20c9ac53d02e",
      "file_count": 77
    },
    "policy": {
      "sha256": "0d9ebeb68c7cd21f2e2d7cec6ce68cefc1b4aec3d59be8a6a4668b69bda345e1",
      "file_count": 12
    }
  },
  "note": "This check is not browser conformance or an independent security attestation."
}
RESULT {"executable":"C:\\nvm4w\\nodejs\\node.exe","arguments":["C:\\src\\fairpane\\tools\\fairpane.mjs","check"],"cwd":"C:\\src\\fairpane","started_at":"2026-10-09T00:29:56.438Z","exit_code":0,"signal":null,"timed_out":false,"error":null,"duration_ms":63}
