
COMMAND ["C:\\nvm4w\\nodejs\\node.exe","tools/fairpane.mjs","check"]
{
  "result": "pass",
  "level": "bootstrap-integrity-only",
  "tasks": 81,
  "gates": 9,
  "capability_families": 21,
  "fingerprints": {
    "source": {
      "sha256": "b4a4caf2ffb0971bdf6cdcaa6a9662de8f0a51a9edb63eb54dfe7ea6ea419241",
      "file_count": 283
    },
    "policy": {
      "sha256": "7f54414c3c601aa711ad9de04dfe9c3d4b4fd3999cc01dd1f1ea7de2d3ea17ee",
      "file_count": 23
    }
  },
  "note": "This check is not browser conformance or an independent security attestation."
}
RESULT {"executable":"C:\\nvm4w\\nodejs\\node.exe","arguments":["tools/fairpane.mjs","check"],"cwd":"C:\\Users\\requi\\.omp\\wt\\ta23d1da82\\m","started_at":"2026-10-09T12:56:42.145Z","exit_code":0,"signal":null,"timed_out":false,"error":null,"duration_ms":176}
