
COMMAND ["C:\\Program Files\\Git\\usr\\bin\\gpg.exe","--version"]
gpg (GnuPG) 2.4.9
libgcrypt 1.12.2-unknown
Copyright (C) 2025 g10 Code GmbH
License GNU GPL-3.0-or-later <https://gnu.org/licenses/gpl.html>
This is free software: you are free to change and redistribute it.
There is NO WARRANTY, to the extent permitted by law.

Home: /c/Users/requi/.gnupg
Supported algorithms:
Pubkey: RSA, ELG, DSA, ECDH, ECDSA, EDDSA
Cipher: IDEA, 3DES, CAST5, BLOWFISH, AES, AES192, AES256, TWOFISH,
        CAMELLIA128, CAMELLIA192, CAMELLIA256
Hash: SHA1, RIPEMD160, SHA256, SHA384, SHA512, SHA224
Compression: Uncompressed, ZIP, ZLIB, BZIP2
RESULT {"executable":"C:\\Program Files\\Git\\usr\\bin\\gpg.exe","arguments":["--version"],"cwd":"C:\\Users\\requi\\.omp\\wt\\ta23d1da82\\m","started_at":"2026-10-09T12:44:30.244Z","exit_code":0,"signal":null,"timed_out":false,"error":null,"duration_ms":48}

COMMAND ["C:\\nvm4w\\nodejs\\node.exe","-e","const fs=require('fs');for(const d of ['out/fp0079-gnupg','out/fp0079-gnupg-keybase']){fs.mkdirSync(d,{recursive:true,mode:0o700});fs.chmodSync(d,0o700);console.log(d+' mode '+(fs.statSync(d).mode&0o777).toString(8));}"]
out/fp0079-gnupg mode 666
out/fp0079-gnupg-keybase mode 666
RESULT {"executable":"C:\\nvm4w\\nodejs\\node.exe","arguments":["-e","const fs=require('fs');for(const d of ['out/fp0079-gnupg','out/fp0079-gnupg-keybase']){fs.mkdirSync(d,{recursive:true,mode:0o700});fs.chmodSync(d,0o700);console.log(d+' mode '+(fs.statSync(d).mode&0o777).toString(8));}"],"cwd":"C:\\Users\\requi\\.omp\\wt\\ta23d1da82\\m","started_at":"2026-10-09T12:44:30.343Z","exit_code":0,"signal":null,"timed_out":false,"error":null,"duration_ms":34}

COMMAND ["C:\\Program Files\\Git\\usr\\bin\\gpg.exe","--homedir","out/fp0079-gnupg","--batch","--import","engineering/evidence/FP-0079/raw/provenance/rust-key.gpg.ascii"]
gpg: keybox '/c/Users/requi/.omp/wt/ta23d1da82/m/out/fp0079-gnupg/pubring.kbx' created
gpg: /c/Users/requi/.omp/wt/ta23d1da82/m/out/fp0079-gnupg/trustdb.gpg: trustdb created
gpg: key 85AB96E6FA1BE5FE: public key "Rust Language (Tag and Release Signing Key) <rust-key@rust-lang.org>" imported
gpg: Total number processed: 1
gpg:               imported: 1
RESULT {"executable":"C:\\Program Files\\Git\\usr\\bin\\gpg.exe","arguments":["--homedir","out/fp0079-gnupg","--batch","--import","engineering/evidence/FP-0079/raw/provenance/rust-key.gpg.ascii"],"cwd":"C:\\Users\\requi\\.omp\\wt\\ta23d1da82\\m","started_at":"2026-10-09T12:44:30.433Z","exit_code":0,"signal":null,"timed_out":false,"error":null,"duration_ms":107}

COMMAND ["C:\\Program Files\\Git\\usr\\bin\\gpg.exe","--homedir","out/fp0079-gnupg","--batch","--with-colons","--fingerprint"]
tru::1:1791549870:0:3:1:5
pub:-:4096:1:85AB96E6FA1BE5FE:1380237513:::-:::scESC::::::23::0:
fpr:::::::::108F66205EAEB0AAA8DD5E1C85AB96E6FA1BE5FE:
uid:-::::1380237513::1E2B616E2358AAAC3CB550DA7D232AEE931D2BC3::Rust Language (Tag and Release Signing Key) <rust-key@rust-lang.org>::::::::::0:
sub:-:4096:1:8E9AA3F7AB3F5826:1380237513::::::e::::::23:
fpr:::::::::29D57CE15D76E78CD57D326A8E9AA3F7AB3F5826:
sub:-:4096:1:5CB4A9347B3B09DC:1418683512::::::s::::::23:
fpr:::::::::C13466B7E169A085188632165CB4A9347B3B09DC:
RESULT {"executable":"C:\\Program Files\\Git\\usr\\bin\\gpg.exe","arguments":["--homedir","out/fp0079-gnupg","--batch","--with-colons","--fingerprint"],"cwd":"C:\\Users\\requi\\.omp\\wt\\ta23d1da82\\m","started_at":"2026-10-09T12:44:30.589Z","exit_code":0,"signal":null,"timed_out":false,"error":null,"duration_ms":28}

COMMAND ["C:\\Program Files\\Git\\usr\\bin\\gpg.exe","--homedir","out/fp0079-gnupg-keybase","--batch","--import","engineering/evidence/FP-0079/raw/provenance/rust-key-keybase.asc"]
gpg: keybox '/c/Users/requi/.omp/wt/ta23d1da82/m/out/fp0079-gnupg-keybase/pubring.kbx' created
gpg: /c/Users/requi/.omp/wt/ta23d1da82/m/out/fp0079-gnupg-keybase/trustdb.gpg: trustdb created
gpg: key 85AB96E6FA1BE5FE: public key "Rust Language (Tag and Release Signing Key) <rust-key@rust-lang.org>" imported
gpg: Total number processed: 1
gpg:               imported: 1
RESULT {"executable":"C:\\Program Files\\Git\\usr\\bin\\gpg.exe","arguments":["--homedir","out/fp0079-gnupg-keybase","--batch","--import","engineering/evidence/FP-0079/raw/provenance/rust-key-keybase.asc"],"cwd":"C:\\Users\\requi\\.omp\\wt\\ta23d1da82\\m","started_at":"2026-10-09T12:44:30.681Z","exit_code":0,"signal":null,"timed_out":false,"error":null,"duration_ms":84}

COMMAND ["C:\\Program Files\\Git\\usr\\bin\\gpg.exe","--homedir","out/fp0079-gnupg-keybase","--batch","--with-colons","--fingerprint"]
tru::1:1791549870:0:3:1:5
pub:-:4096:1:85AB96E6FA1BE5FE:1380237513:::-:::scESC::::::23::0:
fpr:::::::::108F66205EAEB0AAA8DD5E1C85AB96E6FA1BE5FE:
uid:-::::1380237513::1E2B616E2358AAAC3CB550DA7D232AEE931D2BC3::Rust Language (Tag and Release Signing Key) <rust-key@rust-lang.org>::::::::::0:
sub:-:4096:1:8E9AA3F7AB3F5826:1380237513::::::e::::::23:
fpr:::::::::29D57CE15D76E78CD57D326A8E9AA3F7AB3F5826:
sub:-:4096:1:5CB4A9347B3B09DC:1418683512::::::s::::::23:
fpr:::::::::C13466B7E169A085188632165CB4A9347B3B09DC:
RESULT {"executable":"C:\\Program Files\\Git\\usr\\bin\\gpg.exe","arguments":["--homedir","out/fp0079-gnupg-keybase","--batch","--with-colons","--fingerprint"],"cwd":"C:\\Users\\requi\\.omp\\wt\\ta23d1da82\\m","started_at":"2026-10-09T12:44:30.817Z","exit_code":0,"signal":null,"timed_out":false,"error":null,"duration_ms":20}

COMMAND ["C:\\Program Files\\Git\\usr\\bin\\gpg.exe","--homedir","out/fp0079-gnupg","--batch","--status-fd","1","--verify","engineering/evidence/FP-0079/raw/provenance/channel-rust-1.99.0.toml.asc","engineering/evidence/FP-0079/raw/provenance/channel-rust-1.99.0.toml"]
[GNUPG:] NEWSIG
gpg: Signature made Thu Oct  1 08:19:35 2026 EDT
gpg:                using RSA key 85AB96E6FA1BE5FE
[GNUPG:] KEY_CONSIDERED 108F66205EAEB0AAA8DD5E1C85AB96E6FA1BE5FE 0
[GNUPG:] SIG_ID DnTstf03H8/b/zNjp3YNN6AF/w4 2026-10-01 1790857175
[GNUPG:] GOODSIG 85AB96E6FA1BE5FE Rust Language (Tag and Release Signing Key) <rust-key@rust-lang.org>
gpg: Good signature from "Rust Language (Tag and Release Signing Key) <rust-key@rust-lang.org>" [unknown]
[GNUPG:] VALIDSIG 108F66205EAEB0AAA8DD5E1C85AB96E6FA1BE5FE 2026-10-01 1790857175 0 4 0 1 10 00 108F66205EAEB0AAA8DD5E1C85AB96E6FA1BE5FE
[GNUPG:] TRUST_UNDEFINED 0 pgp
gpg: WARNING: This key is not certified with a trusted signature!
gpg:          There is no indication that the signature belongs to the owner.
Primary key fingerprint: 108F 6620 5EAE B0AA A8DD  5E1C 85AB 96E6 FA1B E5FE
RESULT {"executable":"C:\\Program Files\\Git\\usr\\bin\\gpg.exe","arguments":["--homedir","out/fp0079-gnupg","--batch","--status-fd","1","--verify","engineering/evidence/FP-0079/raw/provenance/channel-rust-1.99.0.toml.asc","engineering/evidence/FP-0079/raw/provenance/channel-rust-1.99.0.toml"],"cwd":"C:\\Users\\requi\\.omp\\wt\\ta23d1da82\\m","started_at":"2026-10-09T12:44:30.892Z","exit_code":0,"signal":null,"timed_out":false,"error":null,"duration_ms":25}
