
COMMAND ["C:\\Program Files\\Git\\cmd\\git.exe","restore","--staged","--","tools/rust.test.mjs"]
RESULT {"executable":"C:\\Program Files\\Git\\cmd\\git.exe","arguments":["restore","--staged","--","tools/rust.test.mjs"],"cwd":"C:\\Users\\requi\\.omp\\wt\\tf9496f813\\m","started_at":"2026-10-09T13:44:32.740Z","exit_code":0,"signal":null,"timed_out":false,"error":null,"duration_ms":39}

COMMAND ["C:\\Program Files\\Git\\cmd\\git.exe","status","--porcelain=v1","--untracked-files=all"]
 M docs/TOOLCHAIN.md
 M engineering/evidence/FP-0079/README.md
 M tools/fairpane.mjs
 M tools/rust.mjs
 M tools/rust.test.mjs
?? engineering/evidence/FP-0079/raw/base-binding-r1.log
?? engineering/evidence/FP-0079/raw/check-after-r1.log
?? engineering/evidence/FP-0079/raw/claims-r1.log
?? engineering/evidence/FP-0079/raw/controller-tests-after-r1.log
?? engineering/evidence/FP-0079/raw/global-state-compare-r1.log
?? engineering/evidence/FP-0079/raw/global-state-r1.log
?? engineering/evidence/FP-0079/raw/index-reset-r1.log
?? engineering/evidence/FP-0079/raw/install-rust-r1.log
?? engineering/evidence/FP-0079/raw/linux-copy-r1.log
?? engineering/evidence/FP-0079/raw/linux-install-rust-r1.log
?? engineering/evidence/FP-0079/raw/linux-tests-r1.log
?? engineering/evidence/FP-0079/raw/mutation-M5.diff
?? engineering/evidence/FP-0079/raw/mutation-M6.diff
?? engineering/evidence/FP-0079/raw/mutation-r1.log
?? engineering/evidence/FP-0079/raw/reserved-names-r1.log
?? engineering/evidence/FP-0079/raw/rust-cases-development-r1.log
?? engineering/evidence/FP-0079/raw/tests-before-r1.log
RESULT {"executable":"C:\\Program Files\\Git\\cmd\\git.exe","arguments":["status","--porcelain=v1","--untracked-files=all"],"cwd":"C:\\Users\\requi\\.omp\\wt\\tf9496f813\\m","started_at":"2026-10-09T13:44:32.846Z","exit_code":0,"signal":null,"timed_out":false,"error":null,"duration_ms":40}
