
COMMAND ["C:\\nvm4w\\nodejs\\node.exe","-e","const fs=require('fs'),path=require('path');const [from,to]=process.argv.slice(1);console.log('exists before: '+fs.existsSync('.tools'));fs.mkdirSync(to,{recursive:true});for(const n of fs.readdirSync(from).filter(n=>n.endsWith('-x86_64-pc-windows-gnu.tar.gz')).sort()){fs.copyFileSync(path.join(from,n),path.join(to,n),fs.constants.COPYFILE_EXCL);console.log(n+' '+fs.statSync(path.join(to,n)).size);}","C:/Users/requi/.omp/wt/ta23d1da82/m/.tools/downloads",".tools/downloads"]
exists before: false
cargo-1.99.0-x86_64-pc-windows-gnu.tar.gz 18667864
rust-mingw-1.99.0-x86_64-pc-windows-gnu.tar.gz 9594875
rust-std-1.99.0-x86_64-pc-windows-gnu.tar.gz 44949786
rustc-1.99.0-x86_64-pc-windows-gnu.tar.gz 161263734
rustfmt-1.99.0-x86_64-pc-windows-gnu.tar.gz 4938158
RESULT {"executable":"C:\\nvm4w\\nodejs\\node.exe","arguments":["-e","const fs=require('fs'),path=require('path');const [from,to]=process.argv.slice(1);console.log('exists before: '+fs.existsSync('.tools'));fs.mkdirSync(to,{recursive:true});for(const n of fs.readdirSync(from).filter(n=>n.endsWith('-x86_64-pc-windows-gnu.tar.gz')).sort()){fs.copyFileSync(path.join(from,n),path.join(to,n),fs.constants.COPYFILE_EXCL);console.log(n+' '+fs.statSync(path.join(to,n)).size);}","C:/Users/requi/.omp/wt/ta23d1da82/m/.tools/downloads",".tools/downloads"],"cwd":"C:\\Users\\requi\\.omp\\wt\\tf9496f813\\m","started_at":"2026-10-09T13:36:23.310Z","exit_code":0,"signal":null,"timed_out":false,"error":null,"duration_ms":99}

COMMAND ["C:\\nvm4w\\nodejs\\node.exe","tools/fairpane.mjs","install-rust"]
{
  "toolchain": "C:\\Users\\requi\\.omp\\wt\\tf9496f813\\m\\.tools\\rust\\1.99.0\\x86_64-windows\\bin\\rustc.exe",
  "downloaded": true,
  "components": [
    {
      "package": "rustc",
      "sha256": "3c7bad76bebfda385cc1061c1f0b625b02c212dcca5ea70b7bc6773153e6f15c",
      "installer_components": [
        "rustc"
      ]
    },
    {
      "package": "cargo",
      "sha256": "125f4a389c765e59c94a12ec16cd668dfe7d6884b5e8edc8eaf2575f0162890d",
      "installer_components": [
        "cargo"
      ]
    },
    {
      "package": "rust-std",
      "sha256": "5d7f8eb792439b2e85afaf27497ff0f67e3ada0ef09adf81d564028e2aa1b90b",
      "installer_components": [
        "rust-std-x86_64-pc-windows-gnu"
      ]
    },
    {
      "package": "rust-mingw",
      "sha256": "6ebe238508348b3faaabb8e259874415ce674dfcb0540392fe1a94f836e51b1b",
      "installer_components": [
        "rust-mingw"
      ]
    },
    {
      "package": "rustfmt-preview",
      "sha256": "a32c5025c2fa54f53fba92b0be6a949d3b041541917f9d33962187c06e45217a",
      "installer_components": [
        "rustfmt-preview"
      ]
    }
  ]
}
RESULT {"executable":"C:\\nvm4w\\nodejs\\node.exe","arguments":["tools/fairpane.mjs","install-rust"],"cwd":"C:\\Users\\requi\\.omp\\wt\\tf9496f813\\m","started_at":"2026-10-09T13:36:28.286Z","exit_code":0,"signal":null,"timed_out":false,"error":null,"duration_ms":8749}

COMMAND ["C:\\nvm4w\\nodejs\\node.exe","tools/fairpane.mjs","install-rust"]
{
  "toolchain": "C:\\Users\\requi\\.omp\\wt\\tf9496f813\\m\\.tools\\rust\\1.99.0\\x86_64-windows\\bin\\rustc.exe",
  "downloaded": false
}
RESULT {"executable":"C:\\nvm4w\\nodejs\\node.exe","arguments":["tools/fairpane.mjs","install-rust"],"cwd":"C:\\Users\\requi\\.omp\\wt\\tf9496f813\\m","started_at":"2026-10-09T13:36:41.698Z","exit_code":0,"signal":null,"timed_out":false,"error":null,"duration_ms":150}
