
COMMAND ["C:\\Windows\\system32\\wsl.exe","-d","Ubuntu","-e","bash","-c","set -eu; cd \"$HOME/fairpane-linux/work/FP-0079-r1\"; test ! -e .tools; mkdir -p .tools/downloads; for f in \"$HOME\"/fairpane-linux/work/FP-0079/.tools/downloads/*-x86_64-unknown-linux-gnu.tar.gz; do cp -n \"$f\" .tools/downloads/; done; ls -l .tools/downloads"]
cp: warning: behavior of -n is non-portable and may change in future; use --update=none instead
cp: warning: behavior of -n is non-portable and may change in future; use --update=none instead
cp: warning: behavior of -n is non-portable and may change in future; use --update=none instead
cp: warning: behavior of -n is non-portable and may change in future; use --update=none instead
total 204516
-rw-r--r-- 1 autark autark  14521653 Oct  9 09:43 cargo-1.99.0-x86_64-unknown-linux-gnu.tar.gz
-rw-r--r-- 1 autark autark  50364291 Oct  9 09:43 rust-std-1.99.0-x86_64-unknown-linux-gnu.tar.gz
-rw-r--r-- 1 autark autark 141398713 Oct  9 09:43 rustc-1.99.0-x86_64-unknown-linux-gnu.tar.gz
-rw-r--r-- 1 autark autark   3133022 Oct  9 09:43 rustfmt-1.99.0-x86_64-unknown-linux-gnu.tar.gz
RESULT {"executable":"C:\\Windows\\system32\\wsl.exe","arguments":["-d","Ubuntu","-e","bash","-c","set -eu; cd \"$HOME/fairpane-linux/work/FP-0079-r1\"; test ! -e .tools; mkdir -p .tools/downloads; for f in \"$HOME\"/fairpane-linux/work/FP-0079/.tools/downloads/*-x86_64-unknown-linux-gnu.tar.gz; do cp -n \"$f\" .tools/downloads/; done; ls -l .tools/downloads"],"cwd":"C:\\Users\\requi\\.omp\\wt\\tf9496f813\\m","started_at":"2026-10-09T13:43:13.364Z","exit_code":0,"signal":null,"timed_out":false,"error":null,"duration_ms":303}

COMMAND ["C:\\Windows\\system32\\wsl.exe","-d","Ubuntu","-e","bash","-c","cd \"$HOME/fairpane-linux/work/FP-0079-r1\" && exec \"$HOME/fairpane-linux/node/bin/node\" tools/fairpane.mjs install-rust"]
{
  "toolchain": "/home/autark/fairpane-linux/work/FP-0079-r1/.tools/rust/1.99.0/x86_64-linux/bin/rustc",
  "downloaded": true,
  "components": [
    {
      "package": "rustc",
      "sha256": "238e72b8617f79bc96f27a5bfeb1a208b5755fe1a48f8bc190fe403ef6d54ab8",
      "installer_components": [
        "rustc"
      ]
    },
    {
      "package": "cargo",
      "sha256": "c2b8ba1f59e7a230aa5522684f3f7aa620b98e5ad37683a5e5cf9b41f534fa1e",
      "installer_components": [
        "cargo"
      ]
    },
    {
      "package": "rust-std",
      "sha256": "1dcaa01beb6bc78fdb13815b4f15214719167c58e3d79fbdf214591f8c195ee1",
      "installer_components": [
        "rust-std-x86_64-unknown-linux-gnu"
      ]
    },
    {
      "package": "rustfmt-preview",
      "sha256": "9fc3a87d3d4f6e5e2bd87e6fb8779b7a95831f533cb8cc8ae1304a797c648733",
      "installer_components": [
        "rustfmt-preview"
      ]
    }
  ]
}
RESULT {"executable":"C:\\Windows\\system32\\wsl.exe","arguments":["-d","Ubuntu","-e","bash","-c","cd \"$HOME/fairpane-linux/work/FP-0079-r1\" && exec \"$HOME/fairpane-linux/node/bin/node\" tools/fairpane.mjs install-rust"],"cwd":"C:\\Users\\requi\\.omp\\wt\\tf9496f813\\m","started_at":"2026-10-09T13:43:19.296Z","exit_code":0,"signal":null,"timed_out":false,"error":null,"duration_ms":4343}

COMMAND ["C:\\Windows\\system32\\wsl.exe","-d","Ubuntu","-e","bash","-c","cd \"$HOME/fairpane-linux/work/FP-0079-r1\" && exec \"$HOME/fairpane-linux/node/bin/node\" tools/fairpane.mjs install-rust"]
{
  "toolchain": "/home/autark/fairpane-linux/work/FP-0079-r1/.tools/rust/1.99.0/x86_64-linux/bin/rustc",
  "downloaded": false
}
RESULT {"executable":"C:\\Windows\\system32\\wsl.exe","arguments":["-d","Ubuntu","-e","bash","-c","cd \"$HOME/fairpane-linux/work/FP-0079-r1\" && exec \"$HOME/fairpane-linux/node/bin/node\" tools/fairpane.mjs install-rust"],"cwd":"C:\\Users\\requi\\.omp\\wt\\tf9496f813\\m","started_at":"2026-10-09T13:43:23.691Z","exit_code":0,"signal":null,"timed_out":false,"error":null,"duration_ms":100}
