
COMMAND ["C:\\Windows\\system32\\wsl.exe","-d","Ubuntu","-e","bash","-c","cd \"$HOME/fairpane-linux/work/FP-0079\" && CARGO_HOME=\"$PWD/.tools/cargo-home\" exec .tools/rust/1.99.0/x86_64-linux/bin/rustc -vV"]
rustc 1.99.0 (b940084d7 2026-09-28)
binary: rustc
commit-hash: b940084d7eb6a299eb4bfeb8e34901bc051e7ac4
commit-date: 2026-09-28
host: x86_64-unknown-linux-gnu
release: 1.99.0
LLVM version: 23.1.1
RESULT {"executable":"C:\\Windows\\system32\\wsl.exe","arguments":["-d","Ubuntu","-e","bash","-c","cd \"$HOME/fairpane-linux/work/FP-0079\" && CARGO_HOME=\"$PWD/.tools/cargo-home\" exec .tools/rust/1.99.0/x86_64-linux/bin/rustc -vV"],"cwd":"C:\\Users\\requi\\.omp\\wt\\ta23d1da82\\m","started_at":"2026-10-09T12:55:25.648Z","exit_code":0,"signal":null,"timed_out":false,"error":null,"duration_ms":69}

COMMAND ["C:\\Windows\\system32\\wsl.exe","-d","Ubuntu","-e","bash","-c","cd \"$HOME/fairpane-linux/work/FP-0079\" && CARGO_HOME=\"$PWD/.tools/cargo-home\" exec .tools/rust/1.99.0/x86_64-linux/bin/cargo -V"]
cargo 1.99.0 (5f94df478 2026-08-27)
RESULT {"executable":"C:\\Windows\\system32\\wsl.exe","arguments":["-d","Ubuntu","-e","bash","-c","cd \"$HOME/fairpane-linux/work/FP-0079\" && CARGO_HOME=\"$PWD/.tools/cargo-home\" exec .tools/rust/1.99.0/x86_64-linux/bin/cargo -V"],"cwd":"C:\\Users\\requi\\.omp\\wt\\ta23d1da82\\m","started_at":"2026-10-09T12:55:25.767Z","exit_code":0,"signal":null,"timed_out":false,"error":null,"duration_ms":63}

COMMAND ["C:\\Windows\\system32\\wsl.exe","-d","Ubuntu","-e","bash","-c","cd \"$HOME/fairpane-linux/work/FP-0079\" && CARGO_HOME=\"$PWD/.tools/cargo-home\" exec .tools/rust/1.99.0/x86_64-linux/bin/rustdoc -V"]
rustdoc 1.99.0 (b940084d7 2026-09-28)
RESULT {"executable":"C:\\Windows\\system32\\wsl.exe","arguments":["-d","Ubuntu","-e","bash","-c","cd \"$HOME/fairpane-linux/work/FP-0079\" && CARGO_HOME=\"$PWD/.tools/cargo-home\" exec .tools/rust/1.99.0/x86_64-linux/bin/rustdoc -V"],"cwd":"C:\\Users\\requi\\.omp\\wt\\ta23d1da82\\m","started_at":"2026-10-09T12:55:25.880Z","exit_code":0,"signal":null,"timed_out":false,"error":null,"duration_ms":64}

COMMAND ["C:\\Windows\\system32\\wsl.exe","-d","Ubuntu","-e","bash","-c","cd \"$HOME/fairpane-linux/work/FP-0079\" && CARGO_HOME=\"$PWD/.tools/cargo-home\" exec .tools/rust/1.99.0/x86_64-linux/bin/rustfmt -V"]
rustfmt 1.10.0-stable (b940084d7e 2026-09-28)
RESULT {"executable":"C:\\Windows\\system32\\wsl.exe","arguments":["-d","Ubuntu","-e","bash","-c","cd \"$HOME/fairpane-linux/work/FP-0079\" && CARGO_HOME=\"$PWD/.tools/cargo-home\" exec .tools/rust/1.99.0/x86_64-linux/bin/rustfmt -V"],"cwd":"C:\\Users\\requi\\.omp\\wt\\ta23d1da82\\m","started_at":"2026-10-09T12:55:25.994Z","exit_code":0,"signal":null,"timed_out":false,"error":null,"duration_ms":72}

COMMAND ["C:\\Windows\\system32\\wsl.exe","-d","Ubuntu","-e","bash","-c","cd \"$HOME/fairpane-linux/work/FP-0079\" && exec cat .tools/rust/1.99.0/x86_64-linux/fairpane-install.json"]
{
  "version": "1.99.0",
  "platform": "x86_64-linux",
  "host": "x86_64-unknown-linux-gnu",
  "rustc_commit_hash": "b940084d7eb6a299eb4bfeb8e34901bc051e7ac4",
  "manifest_sha256": "ce6dddc886364f8d786514771212cebe9b731ba82d6b859951c6b0ccc516b6a2",
  "components": [
    {
      "package": "rustc",
      "sha256": "238e72b8617f79bc96f27a5bfeb1a208b5755fe1a48f8bc190fe403ef6d54ab8",
      "installer_components": [
        "rustc"
      ]
    },
    {
      "package": "cargo",
      "sha256": "c2b8ba1f59e7a230aa5522684f3f7aa620b98e5ad37683a5e5cf9b41f534fa1e",
      "installer_components": [
        "cargo"
      ]
    },
    {
      "package": "rust-std",
      "sha256": "1dcaa01beb6bc78fdb13815b4f15214719167c58e3d79fbdf214591f8c195ee1",
      "installer_components": [
        "rust-std-x86_64-unknown-linux-gnu"
      ]
    },
    {
      "package": "rustfmt-preview",
      "sha256": "9fc3a87d3d4f6e5e2bd87e6fb8779b7a95831f533cb8cc8ae1304a797c648733",
      "installer_components": [
        "rustfmt-preview"
      ]
    }
  ],
  "source": "https://static.rust-lang.org/dist/channel-rust-1.99.0.toml"
}
RESULT {"executable":"C:\\Windows\\system32\\wsl.exe","arguments":["-d","Ubuntu","-e","bash","-c","cd \"$HOME/fairpane-linux/work/FP-0079\" && exec cat .tools/rust/1.99.0/x86_64-linux/fairpane-install.json"],"cwd":"C:\\Users\\requi\\.omp\\wt\\ta23d1da82\\m","started_at":"2026-10-09T12:55:26.115Z","exit_code":0,"signal":null,"timed_out":false,"error":null,"duration_ms":69}
