
COMMAND ["C:\\Windows\\system32\\wsl.exe","-d","Ubuntu","-e","bash","-c","\"$HOME/fairpane-linux/node/bin/node\" --version"]
v26.7.0
RESULT {"executable":"C:\\Windows\\system32\\wsl.exe","arguments":["-d","Ubuntu","-e","bash","-c","\"$HOME/fairpane-linux/node/bin/node\" --version"],"cwd":"C:\\Users\\requi\\.omp\\wt\\ta23d1da82\\m","started_at":"2026-10-09T12:52:40.800Z","exit_code":0,"signal":null,"timed_out":false,"error":null,"duration_ms":84}

COMMAND ["C:\\Windows\\system32\\wsl.exe","-d","Ubuntu","-e","bash","-c","echo \"HOME=$HOME\"; uname -srm; command -v cc gcc ld git sha1sum tar || true; ls -la \"$HOME/fairpane-linux\" \"$HOME/fairpane-linux/work\" 2>&1 || true"]
HOME=/home/autark
Linux 7.2.6-locietta-WSL2-xanmod1 x86_64
/usr/bin/cc
/usr/bin/gcc
/usr/bin/ld
/usr/bin/git
/usr/bin/sha1sum
/usr/bin/tar
ls: cannot access '/home/autark/fairpane-linux/work': No such file or directory
/home/autark/fairpane-linux:
total 40
drwxr-xr-x   8 autark autark  4096 Oct  9 08:35 .
drwxr-x--- 131 autark autark 12288 Oct  9 08:02 ..
drwxr-xr-x   7 autark autark  4096 Oct  9 08:04 cache
drwxr-xr-x   2 autark autark  4096 Oct  9 08:35 downloads
drwxr-xr-x   6 autark autark  4096 Oct  9 08:35 node
drwxr-xr-x  18 autark autark  4096 Oct  9 08:04 repo
drwxr-xr-x   3 autark autark  4096 Oct  9 08:03 tools
drwxr-xr-x   7 autark autark  4096 Oct  9 08:04 zig-global-cache
RESULT {"executable":"C:\\Windows\\system32\\wsl.exe","arguments":["-d","Ubuntu","-e","bash","-c","echo \"HOME=$HOME\"; uname -srm; command -v cc gcc ld git sha1sum tar || true; ls -la \"$HOME/fairpane-linux\" \"$HOME/fairpane-linux/work\" 2>&1 || true"],"cwd":"C:\\Users\\requi\\.omp\\wt\\ta23d1da82\\m","started_at":"2026-10-09T12:52:40.938Z","exit_code":0,"signal":null,"timed_out":false,"error":null,"duration_ms":74}
