
COMMAND ["C:\\Users\\requi\\.omp\\wt\\ta23d1da82\\m\\.tools\\rust\\1.99.0\\x86_64-windows\\bin\\rustc.exe","-vV"]
rustc 1.99.0 (b940084d7 2026-09-28)
binary: rustc
commit-hash: b940084d7eb6a299eb4bfeb8e34901bc051e7ac4
commit-date: 2026-09-28
host: x86_64-pc-windows-gnu
release: 1.99.0
LLVM version: 23.1.1
RESULT {"executable":"C:\\Users\\requi\\.omp\\wt\\ta23d1da82\\m\\.tools\\rust\\1.99.0\\x86_64-windows\\bin\\rustc.exe","arguments":["-vV"],"cwd":"C:\\Users\\requi\\.omp\\wt\\ta23d1da82\\m","started_at":"2026-10-09T12:52:31.350Z","exit_code":0,"signal":null,"timed_out":false,"error":null,"duration_ms":18,"environment_overrides":{"CARGO_HOME":"C:\\Users\\requi\\.omp\\wt\\ta23d1da82\\m\\.tools\\cargo-home"}}

COMMAND ["C:\\Users\\requi\\.omp\\wt\\ta23d1da82\\m\\.tools\\rust\\1.99.0\\x86_64-windows\\bin\\cargo.exe","-V"]
cargo 1.99.0 (5f94df478 2026-08-27)
RESULT {"executable":"C:\\Users\\requi\\.omp\\wt\\ta23d1da82\\m\\.tools\\rust\\1.99.0\\x86_64-windows\\bin\\cargo.exe","arguments":["-V"],"cwd":"C:\\Users\\requi\\.omp\\wt\\ta23d1da82\\m","started_at":"2026-10-09T12:52:31.426Z","exit_code":0,"signal":null,"timed_out":false,"error":null,"duration_ms":16,"environment_overrides":{"CARGO_HOME":"C:\\Users\\requi\\.omp\\wt\\ta23d1da82\\m\\.tools\\cargo-home"}}

COMMAND ["C:\\Users\\requi\\.omp\\wt\\ta23d1da82\\m\\.tools\\rust\\1.99.0\\x86_64-windows\\bin\\rustdoc.exe","-V"]
rustdoc 1.99.0 (b940084d7 2026-09-28)
RESULT {"executable":"C:\\Users\\requi\\.omp\\wt\\ta23d1da82\\m\\.tools\\rust\\1.99.0\\x86_64-windows\\bin\\rustdoc.exe","arguments":["-V"],"cwd":"C:\\Users\\requi\\.omp\\wt\\ta23d1da82\\m","started_at":"2026-10-09T12:52:31.501Z","exit_code":0,"signal":null,"timed_out":false,"error":null,"duration_ms":18,"environment_overrides":{"CARGO_HOME":"C:\\Users\\requi\\.omp\\wt\\ta23d1da82\\m\\.tools\\cargo-home"}}

COMMAND ["C:\\Users\\requi\\.omp\\wt\\ta23d1da82\\m\\.tools\\rust\\1.99.0\\x86_64-windows\\bin\\rustfmt.exe","-V"]
rustfmt 1.10.0-stable (b940084d7e 2026-09-28)
RESULT {"executable":"C:\\Users\\requi\\.omp\\wt\\ta23d1da82\\m\\.tools\\rust\\1.99.0\\x86_64-windows\\bin\\rustfmt.exe","arguments":["-V"],"cwd":"C:\\Users\\requi\\.omp\\wt\\ta23d1da82\\m","started_at":"2026-10-09T12:52:31.577Z","exit_code":0,"signal":null,"timed_out":false,"error":null,"duration_ms":17,"environment_overrides":{"CARGO_HOME":"C:\\Users\\requi\\.omp\\wt\\ta23d1da82\\m\\.tools\\cargo-home"}}

COMMAND ["C:\\nvm4w\\nodejs\\node.exe","-e","process.stdout.write(require('fs').readFileSync('.tools/rust/1.99.0/x86_64-windows/fairpane-install.json','utf8'))"]
{
  "version": "1.99.0",
  "platform": "x86_64-windows",
  "host": "x86_64-pc-windows-gnu",
  "rustc_commit_hash": "b940084d7eb6a299eb4bfeb8e34901bc051e7ac4",
  "manifest_sha256": "ce6dddc886364f8d786514771212cebe9b731ba82d6b859951c6b0ccc516b6a2",
  "components": [
    {
      "package": "rustc",
      "sha256": "3c7bad76bebfda385cc1061c1f0b625b02c212dcca5ea70b7bc6773153e6f15c",
      "installer_components": [
        "rustc"
      ]
    },
    {
      "package": "cargo",
      "sha256": "125f4a389c765e59c94a12ec16cd668dfe7d6884b5e8edc8eaf2575f0162890d",
      "installer_components": [
        "cargo"
      ]
    },
    {
      "package": "rust-std",
      "sha256": "5d7f8eb792439b2e85afaf27497ff0f67e3ada0ef09adf81d564028e2aa1b90b",
      "installer_components": [
        "rust-std-x86_64-pc-windows-gnu"
      ]
    },
    {
      "package": "rust-mingw",
      "sha256": "6ebe238508348b3faaabb8e259874415ce674dfcb0540392fe1a94f836e51b1b",
      "installer_components": [
        "rust-mingw"
      ]
    },
    {
      "package": "rustfmt-preview",
      "sha256": "a32c5025c2fa54f53fba92b0be6a949d3b041541917f9d33962187c06e45217a",
      "installer_components": [
        "rustfmt-preview"
      ]
    }
  ],
  "source": "https://static.rust-lang.org/dist/channel-rust-1.99.0.toml"
}
RESULT {"executable":"C:\\nvm4w\\nodejs\\node.exe","arguments":["-e","process.stdout.write(require('fs').readFileSync('.tools/rust/1.99.0/x86_64-windows/fairpane-install.json','utf8'))"],"cwd":"C:\\Users\\requi\\.omp\\wt\\ta23d1da82\\m","started_at":"2026-10-09T12:52:31.661Z","exit_code":0,"signal":null,"timed_out":false,"error":null,"duration_ms":37}
