Fairpane local gate: c-abi
Trust: unsigned-local-integrity-only

COMMAND ["C:\\Users\\requi\\.omp\\wt\\tf07027fe0\\m\\.tools\\zig\\0.18.0-dev.120+9fe22a29b\\x86_64-windows\\zig.exe","build","--prefix","C:\\Users\\requi\\.omp\\wt\\tf07027fe0\\m\\out\\c-abi-build"]
RESULT {"executable":"C:\\Users\\requi\\.omp\\wt\\tf07027fe0\\m\\.tools\\zig\\0.18.0-dev.120+9fe22a29b\\x86_64-windows\\zig.exe","arguments":["build","--prefix","C:\\Users\\requi\\.omp\\wt\\tf07027fe0\\m\\out\\c-abi-build"],"cwd":"C:\\Users\\requi\\.omp\\wt\\tf07027fe0\\m","started_at":"2026-10-09T20:19:18.528Z","exit_code":0,"signal":null,"timed_out":false,"error":null,"duration_ms":81778,"environment_overrides":{"ZIG_GLOBAL_CACHE_DIR":"C:\\Users\\requi\\.omp\\wt\\tf07027fe0\\m\\.zig-cache\\global"}}

COMMAND ["C:\\nvm4w\\nodejs\\node.exe","C:\\Users\\requi\\.omp\\wt\\tf07027fe0\\m\\tools\\fairpane.mjs","abi-exports","out/c-abi-build/lib/fairpane.lib"]
{
  "result": "pass",
  "schema": "api/fairpane.schema.json",
  "library": "out/c-abi-build/lib/fairpane.lib",
  "exports": 15
}
RESULT {"executable":"C:\\nvm4w\\nodejs\\node.exe","arguments":["C:\\Users\\requi\\.omp\\wt\\tf07027fe0\\m\\tools\\fairpane.mjs","abi-exports","out/c-abi-build/lib/fairpane.lib"],"cwd":"C:\\Users\\requi\\.omp\\wt\\tf07027fe0\\m","started_at":"2026-10-09T20:20:40.307Z","exit_code":0,"signal":null,"timed_out":false,"error":null,"duration_ms":72,"environment_overrides":{"ZIG_GLOBAL_CACHE_DIR":"C:\\Users\\requi\\.omp\\wt\\tf07027fe0\\m\\.zig-cache\\global"}}

COMMAND ["C:\\Users\\requi\\.omp\\wt\\tf07027fe0\\m\\.tools\\zig\\0.18.0-dev.120+9fe22a29b\\x86_64-windows\\zig.exe","cc","-std=c11","-Wall","-Wextra","-Werror","tests/c/abi_smoke.c","-Iinclude","C:\\Users\\requi\\.omp\\wt\\tf07027fe0\\m\\out\\c-abi-build\\lib\\fairpane.lib","-o","C:\\Users\\requi\\.omp\\wt\\tf07027fe0\\m\\out\\c-abi-smoke.exe"]
RESULT {"executable":"C:\\Users\\requi\\.omp\\wt\\tf07027fe0\\m\\.tools\\zig\\0.18.0-dev.120+9fe22a29b\\x86_64-windows\\zig.exe","arguments":["cc","-std=c11","-Wall","-Wextra","-Werror","tests/c/abi_smoke.c","-Iinclude","C:\\Users\\requi\\.omp\\wt\\tf07027fe0\\m\\out\\c-abi-build\\lib\\fairpane.lib","-o","C:\\Users\\requi\\.omp\\wt\\tf07027fe0\\m\\out\\c-abi-smoke.exe"],"cwd":"C:\\Users\\requi\\.omp\\wt\\tf07027fe0\\m","started_at":"2026-10-09T20:20:40.379Z","exit_code":0,"signal":null,"timed_out":false,"error":null,"duration_ms":15615,"environment_overrides":{"ZIG_GLOBAL_CACHE_DIR":"C:\\Users\\requi\\.omp\\wt\\tf07027fe0\\m\\.zig-cache\\global"}}

COMMAND ["C:\\Users\\requi\\.omp\\wt\\tf07027fe0\\m\\out\\c-abi-smoke.exe"]
RESULT {"executable":"C:\\Users\\requi\\.omp\\wt\\tf07027fe0\\m\\out\\c-abi-smoke.exe","arguments":[],"cwd":"C:\\Users\\requi\\.omp\\wt\\tf07027fe0\\m","started_at":"2026-10-09T20:20:55.994Z","exit_code":0,"signal":null,"timed_out":false,"error":null,"duration_ms":96,"environment_overrides":{"ZIG_GLOBAL_CACHE_DIR":"C:\\Users\\requi\\.omp\\wt\\tf07027fe0\\m\\.zig-cache\\global"}}

COMMAND ["C:\\Users\\requi\\.omp\\wt\\tf07027fe0\\m\\.tools\\zig\\0.18.0-dev.120+9fe22a29b\\x86_64-windows\\zig.exe","build","-Doptimize=ReleaseSafe","--prefix","C:\\Users\\requi\\.omp\\wt\\tf07027fe0\\m\\out\\c-abi-release"]
RESULT {"executable":"C:\\Users\\requi\\.omp\\wt\\tf07027fe0\\m\\.tools\\zig\\0.18.0-dev.120+9fe22a29b\\x86_64-windows\\zig.exe","arguments":["build","-Doptimize=ReleaseSafe","--prefix","C:\\Users\\requi\\.omp\\wt\\tf07027fe0\\m\\out\\c-abi-release"],"cwd":"C:\\Users\\requi\\.omp\\wt\\tf07027fe0\\m","started_at":"2026-10-09T20:20:56.090Z","exit_code":0,"signal":null,"timed_out":false,"error":null,"duration_ms":4688,"environment_overrides":{"ZIG_GLOBAL_CACHE_DIR":"C:\\Users\\requi\\.omp\\wt\\tf07027fe0\\m\\.zig-cache\\global"}}

COMMAND ["C:\\nvm4w\\nodejs\\node.exe","C:\\Users\\requi\\.omp\\wt\\tf07027fe0\\m\\tools\\fairpane.mjs","abi-exports","out/c-abi-release/lib/fairpane.lib"]
{
  "result": "pass",
  "schema": "api/fairpane.schema.json",
  "library": "out/c-abi-release/lib/fairpane.lib",
  "exports": 15
}
RESULT {"executable":"C:\\nvm4w\\nodejs\\node.exe","arguments":["C:\\Users\\requi\\.omp\\wt\\tf07027fe0\\m\\tools\\fairpane.mjs","abi-exports","out/c-abi-release/lib/fairpane.lib"],"cwd":"C:\\Users\\requi\\.omp\\wt\\tf07027fe0\\m","started_at":"2026-10-09T20:21:00.779Z","exit_code":0,"signal":null,"timed_out":false,"error":null,"duration_ms":162,"environment_overrides":{"ZIG_GLOBAL_CACHE_DIR":"C:\\Users\\requi\\.omp\\wt\\tf07027fe0\\m\\.zig-cache\\global"}}
