Fairpane local gate: repo-check
Trust: unsigned-local-integrity-only

COMMAND ["/opt/hostedtoolcache/node/24.21.0/x64/bin/node","/home/runner/work/fairpane/fairpane/tools/fairpane.mjs","check"]
{
  "result": "pass",
  "level": "bootstrap-integrity-only",
  "tasks": 99,
  "gates": 9,
  "capability_families": 21,
  "fingerprints": {
    "source": {
      "sha256": "201073e2db42a0f12b4dbafb3088d9e07bc14bc55381fd43f15bd30cca6747cc",
      "file_count": 287
    },
    "policy": {
      "sha256": "e2b37533b264bc03ffea6716553bd0dcd0fadbdcb9536538e27a1e28ecda3925",
      "file_count": 24
    }
  },
  "note": "This check is not browser conformance or an independent security attestation."
}
RESULT {"executable":"/opt/hostedtoolcache/node/24.21.0/x64/bin/node","arguments":["/home/runner/work/fairpane/fairpane/tools/fairpane.mjs","check"],"cwd":"/home/runner/work/fairpane/fairpane","started_at":"2026-10-09T14:06:18.335Z","exit_code":0,"signal":null,"timed_out":false,"error":null,"duration_ms":112}
