
COMMAND ["C:\\Program Files\\Git\\cmd\\git.exe","show","--name-status","--format=%H %s","9d5638b","29a9f8e"]
9d5638b241f16807bf197a80db80a6eb7f635b04 FP-0098: make zig-test fast again and list processes on a timeout

A	engineering/evidence/FP-0098/README.md
A	engineering/evidence/FP-0098/raw/controller-tests-after.log
A	engineering/evidence/FP-0098/raw/controller-tests-attempt-1.log
A	engineering/evidence/FP-0098/raw/fmt.log
A	engineering/evidence/FP-0098/raw/linux-controller-tests.log
A	engineering/evidence/FP-0098/raw/linux-node-probe.log
A	engineering/evidence/FP-0098/raw/mutation-final.diff
A	engineering/evidence/FP-0098/raw/mutation.diff
A	engineering/evidence/FP-0098/raw/mutation.log
A	engineering/evidence/FP-0098/raw/probe-case46-parts-leaf-shortcut.log
A	engineering/evidence/FP-0098/raw/probe-case46-parts.log
A	engineering/evidence/FP-0098/raw/test-profile-after.log
A	engineering/evidence/FP-0098/raw/test-profile-before.log
A	engineering/evidence/FP-0098/raw/tests-after.log
A	engineering/evidence/FP-0098/raw/tests-before.log
M	src/dom.zig
M	tools/README.md
M	tools/lib.mjs
M	tools/selftest.mjs
A	tools/zig/test_profile_runner.zig
29a9f8e1cc1dde5e249226f6b2237e8387493f88 FP-0098: record the binding and remove a private directory listing

M	engineering/evidence/FP-0098/README.md
A	engineering/evidence/FP-0098/gates/2026-10-09T14-06-03-411Z-repo-check-ec5516bd.json
A	engineering/evidence/FP-0098/gates/2026-10-09T14-06-03-411Z-repo-check-ec5516bd.log
A	engineering/evidence/FP-0098/gates/2026-10-09T14-06-03-775Z-controller-test-2e778742.json
A	engineering/evidence/FP-0098/gates/2026-10-09T14-06-03-775Z-controller-test-2e778742.log
A	engineering/evidence/FP-0098/gates/2026-10-09T14-06-49-061Z-zig-fmt-4639710b.json
A	engineering/evidence/FP-0098/gates/2026-10-09T14-06-49-061Z-zig-fmt-4639710b.log
A	engineering/evidence/FP-0098/gates/2026-10-09T14-06-49-319Z-zig-test-ba3f7be3.json
A	engineering/evidence/FP-0098/gates/2026-10-09T14-06-49-319Z-zig-test-ba3f7be3.log
A	engineering/evidence/FP-0098/raw/bun-selftest.log
A	engineering/evidence/FP-0098/raw/integration-binding.log
A	engineering/evidence/FP-0098/raw/integration-tests.log
D	engineering/evidence/FP-0098/raw/linux-node-probe.log
RESULT {"executable":"C:\\Program Files\\Git\\cmd\\git.exe","arguments":["show","--name-status","--format=%H %s","9d5638b","29a9f8e"],"cwd":"C:\\src\\fairpane","started_at":"2026-10-09T17:44:33.103Z","exit_code":0,"signal":null,"timed_out":false,"error":null,"duration_ms":25}
