
COMMAND ["C:\\Program Files\\Git\\cmd\\git.exe","log","--format=%H %s","0276268..588b5bc"]
588b5bcc2351ca30cd606f2af930f49221705763 plan: accept FP-0052, FP-0064, FP-0066, FP-0067, FP-0076, FP-0079, FP-0081
7631ec58d2c66a258c8740ea586c1ba7600ed7af engineering: extend the Gates ledger through 0276268
4fa8d16e760c0cc086c2732a930a7eb82cec78f5 plan: add FP-0131 for the FP-0052 review findings
f9f94583996b7c5e2533647dcf20caf74a64e7ee FP-0052: record review 1 and its protected-path log
4465aa94966dc211c0c8a2a63f64a7a2cbdf7dba FP-0123: freeze the Encoding Standard labels and UTF decoders contract
77158595185cdf213c663c9817200200df0b88c2 FP-0082: record review 2 and freeze revision 2
212676fa20b148d7972cfe43dfb66362b811a4c1 FP-0052: record spec review 1 and the diffs it asked for
507ea53c81d87406cc2a9af887db5c0be6295407 FP-0119: freeze the TrueType glyph outline contract
553cbcdb9b9a686ca6278af666e421c77afb82cc FP-0108: freeze the grapheme cluster segmentation contract
936a947b7c70405b08c89a8cb9d2013e4dc1c39e FP-0082: record spec review 2 and the early-error basis of E96
c53dd35c81b37fc13fff02a2ee2ab170b2e8c277 plan: let FP-0130 follow the parser, as plan review 5 found
252538e6f478d08e63884be90ee0bfa1ccdf8812 plan: keep FP-0055 the owner of the other UCD core properties
RESULT {"executable":"C:\\Program Files\\Git\\cmd\\git.exe","arguments":["log","--format=%H %s","0276268..588b5bc"],"cwd":"C:\\src\\fairpane","started_at":"2026-10-09T20:50:19.524Z","exit_code":0,"signal":null,"timed_out":false,"error":null,"duration_ms":36}

COMMAND ["C:\\Program Files\\Git\\cmd\\git.exe","log","--format=%H %s","588b5bc..07aa602"]
07aa602a609a30105000c0e70cdc1263304fcf7c plan: apply the owner's seac and shaping oracle answers
4410cc209b5229c05669a27efd89d645cbedbd6d policy: admit the TN5176 seac tables and two shaping oracles
22d118548bbd3356eee580c5709307538e83e802 engineering: mark FP-0107, FP-0108, FP-0119, and FP-0123 active
RESULT {"executable":"C:\\Program Files\\Git\\cmd\\git.exe","arguments":["log","--format=%H %s","588b5bc..07aa602"],"cwd":"C:\\src\\fairpane","started_at":"2026-10-09T20:50:19.650Z","exit_code":0,"signal":null,"timed_out":false,"error":null,"duration_ms":28}

COMMAND ["C:\\Program Files\\Git\\cmd\\git.exe","log","--format=%H %s","07aa602..3e7128c"]
3e7128c2c69d40a8ad350157acb5523042d7e2b6 FP-0107: record the integration binding at 13168dc
c28afb0a14e86afbfdabc60498a957f4cd87898b FP-0082: freeze revision 2 amendment 1 for stale census outputs
13168dc371dcb381d532f7e221a8f55d6bab8e79 FP-0107: run independent controller cases on four workers
194739e49d85d6b48367d0a1b2c9e56c08dbbe04 plan: route the text-rendering-tests import and the layout dumps
RESULT {"executable":"C:\\Program Files\\Git\\cmd\\git.exe","arguments":["log","--format=%H %s","07aa602..3e7128c"],"cwd":"C:\\src\\fairpane","started_at":"2026-10-09T20:50:19.808Z","exit_code":0,"signal":null,"timed_out":false,"error":null,"duration_ms":28}

COMMAND ["C:\\Program Files\\Git\\cmd\\git.exe","log","--format=%H %s","3e7128c..96bad1c"]
96bad1c47d46185670f0991a18e708d4c7910832 FP-0107: record the revision 1 binding at d4de685
d4de685d3cf53176b95d96bd120f6466028ea059 FP-0107: name the Windows search path PATH in each worker environment
f585679d89f3b539be2304136f9973f090c6e099 FP-0107: amend revision 1 to give workers canonical names
9dfb13e759ee571589fdb125219b69f231667094 FP-0107: freeze revision 1 for the worker environment on Windows
b68eebfa75b9e7d7c84ae47056d7194111f4d523 FP-0123: add Encoding Standard labels and streaming UTF decoders
3400a3878bde04267c55f904c0d0e7ef1bb7e0b7 FP-0082: record the revision 2 binding at f397d8d
f397d8d304d889af032b93d5423c27879b048b97 FP-0082: record revision 2 amendment 2 for deterministic allocations
84ffa53ced9cfa7bb651657b4b8ccaab311cd009 FP-0082: bound per-body name sets and replace stale census output
246e6de7349bfb05a9a38a2b86858c5d030c1261 FP-0119: record the integration binding at 077ad63
077ad63aca31dd8efc91617f2bbdd08b54055338 FP-0119: decode TrueType glyf outlines into a bounded path model
f76662a317f112ed4ad88b9516f7c29c43cbe741 engineering: mark FP-0100 active
bd11c2b561c78ecd0964c02b83c728caf3bf6f76 FP-0100: freeze the tree construction contract
d945fa7b159eabeaa870d09e94256867f25241f6 plan: split FP-0080 into FP-0132, FP-0133, and FP-0134
1d6508e3e9786138c2ef17f301b9cf47ca9cefca FP-0108: record the integration binding at 7f2a7e7
7f2a7e7c20d3652d9968f4f382abb6f640b9fa6d FP-0108: limit M7 to the lines that depend on U+0903
6cf88af1957810c432974adc2052b9fbd8a5ef6a FP-0108: segment grapheme clusters with UAX #29 data
RESULT {"executable":"C:\\Program Files\\Git\\cmd\\git.exe","arguments":["log","--format=%H %s","3e7128c..96bad1c"],"cwd":"C:\\src\\fairpane","started_at":"2026-10-09T20:50:19.927Z","exit_code":0,"signal":null,"timed_out":false,"error":null,"duration_ms":35}

COMMAND ["C:\\Program Files\\Git\\cmd\\git.exe","log","--format=%H %s","96bad1c..57df855"]
57df855cb9b99b0e557f4e4e4462963248219300 engineering: record the FP-0107 revision 2 binding and four reviews
0cf7c9592f96358690d2888ea5e3b9c78c110ae0 FP-0107: declare the five TMP cases and pass module declarations
0f187af0d10116a3d126151211a68d17af9e6ff6 FP-0107: record review 1 and freeze revision 2
f6a75f4c26c4e4d7468b3e6618ad799c561b2763 FP-0108: record review 1 and correct amendment 1's explanation
01b449b8deae73abdb1676953c9eb8af707e9f5c engineering: record FP-0082 review 3 and FP-0108 spec review 1
0c904f8d65f39e4739b3dc40c972787a161bdfc0 engineering: refresh the handoff and keep the 3e7128c failure records
9982925659ae6dcbca36e66a1f75f4585297990f plan: list every protected policy path in the open tasks
cf67a2882badba5ed7d70bf3bbfcf596679f96bd plan: name owners for the shadow DOM and hash-flooding obligations
45f5da11e91fe19adb3a073d4f1badae6de915ef FP-0123: record the integration binding at b68eebf
RESULT {"executable":"C:\\Program Files\\Git\\cmd\\git.exe","arguments":["log","--format=%H %s","96bad1c..57df855"],"cwd":"C:\\src\\fairpane","started_at":"2026-10-09T20:50:20.057Z","exit_code":0,"signal":null,"timed_out":false,"error":null,"duration_ms":35}

COMMAND ["C:\\Program Files\\Git\\cmd\\git.exe","log","--format=%H %s","57df855..9df8680"]
9df8680bc74d85bd1afd8b568e7bdd71098f6e1c engineering: record the ten dispatched Gates runs of 57df855
9108e97ff0ecb9058468bcea96f133e7e41169d2 engineering: mark FP-0106 and FP-0131 active
b8313e622326ba6ba8438455d947a487c8ac3add FP-0131: freeze the FP-0052 review follow-up contract
01e0f7007aee39d510bc85a8c4b6c382e3334de5 FP-0106: freeze the FP-0066 and FP-0076 review follow-up contract
8f52fe75435bacab11d8cf782fa2b497d3fc72f9 FP-0099: freeze the FP-0067 and FP-0079 review follow-up contract
f806aa66004514cb2c3091405d77109675d513f2 engineering: mark FP-0111 active
ca026e893493f61bbdf6f0f67a4ab9edd0a3aca8 FP-0111: freeze the OpenType layout common tables contract
b9217fe08de4fb87f9491a6344a0df45748fc577 plan: route the FP-0111 handoffs and give open tasks evidence paths
d8210c07b0217aa82325c6a529047d42d2333246 engineering: mark FP-0132 active
416130e300a73b2902a4fc309ded604d477c16bf FP-0132: freeze the i686 Rust standard library lock contract
0e281b57e3f29beac84eee10691a58d5eb26198f FP-0107: record review 2
c6f8d706b4dab4040641888125b4968a2b02d8f7 FP-0107: correct two statements that review 2 flags
378d9d8d9c737a38475a893bfb113b7e71f6eb5c FP-0100: record the integration binding at f17b396
f17b3965df24bd324fd6542df8c6ccae9ba6b1fb FP-0100: construct HTML document trees in ten insertion modes
RESULT {"executable":"C:\\Program Files\\Git\\cmd\\git.exe","arguments":["log","--format=%H %s","57df855..9df8680"],"cwd":"C:\\src\\fairpane","started_at":"2026-10-09T20:50:20.196Z","exit_code":0,"signal":null,"timed_out":false,"error":null,"duration_ms":38}

COMMAND ["C:\\Program Files\\Git\\cmd\\git.exe","log","--format=%H %s","9df8680..5859de7"]
5859de73cede8fe498d7fca8bcad03fbd52680ca plan: record plan review 9
b24dcabd55b8dbdbfe7469ea327935c3a3f3ec74 plan: close plan review 9's findings and add FP-0135
ecdd343f9b510ab903cc470086ac3f190c32ff9f FP-0098: record the revision 1 series on 57df855 and its binding
9b47a3707910a0791ad784da260f81a954faee30 FP-0131: take the corpus lock before choosing pins and narrow WPT text
RESULT {"executable":"C:\\Program Files\\Git\\cmd\\git.exe","arguments":["log","--format=%H %s","9df8680..5859de7"],"cwd":"C:\\src\\fairpane","started_at":"2026-10-09T20:50:20.455Z","exit_code":0,"signal":null,"timed_out":false,"error":null,"duration_ms":80}

COMMAND ["C:\\Program Files\\Git\\cmd\\git.exe","rev-list","--count","0276268..5859de7"]
62
RESULT {"executable":"C:\\Program Files\\Git\\cmd\\git.exe","arguments":["rev-list","--count","0276268..5859de7"],"cwd":"C:\\src\\fairpane","started_at":"2026-10-09T20:50:20.690Z","exit_code":0,"signal":null,"timed_out":false,"error":null,"duration_ms":37}

COMMAND ["C:\\Program Files\\Git\\cmd\\git.exe","merge-base","--is-ancestor","ecdd343","9df8680"]
RESULT {"executable":"C:\\Program Files\\Git\\cmd\\git.exe","arguments":["merge-base","--is-ancestor","ecdd343","9df8680"],"cwd":"C:\\src\\fairpane","started_at":"2026-10-09T20:50:20.860Z","exit_code":1,"signal":null,"timed_out":false,"error":null,"duration_ms":41}

COMMAND ["C:\\Program Files\\Git\\cmd\\git.exe","merge-base","--is-ancestor","ecdd343","57df855"]
RESULT {"executable":"C:\\Program Files\\Git\\cmd\\git.exe","arguments":["merge-base","--is-ancestor","ecdd343","57df855"],"cwd":"C:\\src\\fairpane","started_at":"2026-10-09T20:50:20.973Z","exit_code":1,"signal":null,"timed_out":false,"error":null,"duration_ms":40}

COMMAND ["C:\\Program Files\\Git\\cmd\\git.exe","merge-base","--is-ancestor","ecdd343","5859de7"]
RESULT {"executable":"C:\\Program Files\\Git\\cmd\\git.exe","arguments":["merge-base","--is-ancestor","ecdd343","5859de7"],"cwd":"C:\\src\\fairpane","started_at":"2026-10-09T20:50:26.429Z","exit_code":0,"signal":null,"timed_out":false,"error":null,"duration_ms":33}
