
COMMAND ["C:\\Program Files\\Git\\cmd\\git.exe","log","--format=%H %s","a7219f9..0df569a"]
0df569a83189ba749c42323e03946bfb3630ccdc plan: accept FP-0098, FP-0108, FP-0123
568dbb96cc5d08fdcc980f180afbb088f07d1ac0 engineering: extend the Gates ledger through a7219f9
RESULT {"executable":"C:\\Program Files\\Git\\cmd\\git.exe","arguments":["log","--format=%H %s","a7219f9..0df569a"],"cwd":"C:\\src\\fairpane","started_at":"2026-10-09T21:42:14.508Z","exit_code":0,"signal":null,"timed_out":false,"error":null,"duration_ms":23}

COMMAND ["C:\\Program Files\\Git\\cmd\\git.exe","log","--format=%H %s","0df569a..8b3aa72"]
8b3aa7292cdd1e12dbbb7eaad288d48924de0985 plan: record plan review 12
9fedf557b7f898f7c439d5f31f12071689de98c0 plan: apply plan review 11's findings
b2149c5629a18ea9a277c2728e67ac0562dfecde plan: record plan review 11
831bbd1697fd7e5718cc9f71ea0c21c540b85cf3 plan: route the FP-0100, FP-0119, FP-0131, and FP-0082 review findings
47d498c2bae96bcb93b0139c72f40a67b4e6c9f3 FP-0119: list the run-time stop rule in tests/text/README.md
ef144d8bf666c33cb099a9f8fa47be2e15673392 FP-0131: record reviews and accept the early policy read
1ecd24a1390084b80cf1d31cf182172bfccaac34 FP-0082: state the 13.2.9.1 basis of the E96 rows
dbb971649bf146dd0ed9c50556f3203e12b60796 FP-0082: record spec review 3 of revision 2
7f6b77df3d2bd8c6a6807e1225568b76c385e9c2 FP-0106: record the first Gates run that contains it
0d18ac16cb03da9d96df5ce199949169126f98f3 FP-0107: record the revision 3 binding at c7d1830
c7d18309b3ac5a8883f6557da5b3dacc5ece9bde FP-0107: batch Git fixture objects in the controller suite
46e7ffbe9e32fd8902b2e64f579b700969b0d7e7 FP-0111: record the integration binding at 0484339
04843390c3df958084e7917cedc27529cc5a7396 FP-0111: parse OpenType layout common tables and GDEF
RESULT {"executable":"C:\\Program Files\\Git\\cmd\\git.exe","arguments":["log","--format=%H %s","0df569a..8b3aa72"],"cwd":"C:\\src\\fairpane","started_at":"2026-10-09T21:42:14.612Z","exit_code":0,"signal":null,"timed_out":false,"error":null,"duration_ms":68}

COMMAND ["C:\\Program Files\\Git\\cmd\\git.exe","rev-list","--count","a7219f9..8b3aa72"]
15
RESULT {"executable":"C:\\Program Files\\Git\\cmd\\git.exe","arguments":["rev-list","--count","a7219f9..8b3aa72"],"cwd":"C:\\src\\fairpane","started_at":"2026-10-09T21:42:14.748Z","exit_code":0,"signal":null,"timed_out":false,"error":null,"duration_ms":24}

COMMAND ["C:\\Program Files\\Git\\cmd\\git.exe","ls-remote","origin","refs/heads/master"]
8b3aa7292cdd1e12dbbb7eaad288d48924de0985	refs/heads/master
RESULT {"executable":"C:\\Program Files\\Git\\cmd\\git.exe","arguments":["ls-remote","origin","refs/heads/master"],"cwd":"C:\\src\\fairpane","started_at":"2026-10-09T21:42:14.843Z","exit_code":0,"signal":null,"timed_out":false,"error":null,"duration_ms":833}
