
COMMAND ["C:\\Program Files\\GitHub CLI\\gh.exe","run","view","37940691005","--repo","mattneel/fairpane","--attempt","1","--log-failed"]
Linux gates	UNKNOWN STEP	﻿2026-10-09T13:58:18.3263494Z Current runner version: '2.337.0'
Linux gates	UNKNOWN STEP	2026-10-09T13:58:18.3290129Z ##[group]Runner Image Provisioner
Linux gates	UNKNOWN STEP	2026-10-09T13:58:18.3291040Z Hosted Compute Agent
Linux gates	UNKNOWN STEP	2026-10-09T13:58:18.3291676Z Version: 20261002.596
Linux gates	UNKNOWN STEP	2026-10-09T13:58:18.3292391Z Commit: c3d12f3313a95f25162a1503be624f3b0617f8c0
Linux gates	UNKNOWN STEP	2026-10-09T13:58:18.3293559Z Build Date: 2026-10-02T22:28:27Z
Linux gates	UNKNOWN STEP	2026-10-09T13:58:18.3294366Z Worker ID: {e9d0b934-a198-4e3a-9965-24c88352199d}
Linux gates	UNKNOWN STEP	2026-10-09T13:58:18.3295090Z Region: eastus
Linux gates	UNKNOWN STEP	2026-10-09T13:58:18.3295670Z Cloud: Azure
Linux gates	UNKNOWN STEP	2026-10-09T13:58:18.3296293Z ##[endgroup]
Linux gates	UNKNOWN STEP	2026-10-09T13:58:18.3298202Z ##[group]Operating System
Linux gates	UNKNOWN STEP	2026-10-09T13:58:18.3298971Z Ubuntu
Linux gates	UNKNOWN STEP	2026-10-09T13:58:18.3299509Z 24.04.5
Linux gates	UNKNOWN STEP	2026-10-09T13:58:18.3300411Z LTS
Linux gates	UNKNOWN STEP	2026-10-09T13:58:18.3301054Z ##[endgroup]
Linux gates	UNKNOWN STEP	2026-10-09T13:58:18.3301628Z ##[group]Runner Image
Linux gates	UNKNOWN STEP	2026-10-09T13:58:18.3302327Z Image: ubuntu-24.04
Linux gates	UNKNOWN STEP	2026-10-09T13:58:18.3303158Z Version: 20261004.327.1
Linux gates	UNKNOWN STEP	2026-10-09T13:58:18.3304510Z Included Software: https://github.com/actions/runner-images/blob/ubuntu24/20261004.327/images/ubuntu/Ubuntu2404-Readme.md
Linux gates	UNKNOWN STEP	2026-10-09T13:58:18.3306064Z Image Release: https://github.com/actions/runner-images/releases/tag/ubuntu24%2F20261004.327
Linux gates	UNKNOWN STEP	2026-10-09T13:58:18.3307098Z ##[endgroup]
Linux gates	UNKNOWN STEP	2026-10-09T13:58:18.3308217Z ##[group]GITHUB_TOKEN Permissions
Linux gates	UNKNOWN STEP	2026-10-09T13:58:18.3310450Z Contents: read
Linux gates	UNKNOWN STEP	2026-10-09T13:58:18.3311076Z Metadata: read
Linux gates	UNKNOWN STEP	2026-10-09T13:58:18.3311713Z ##[endgroup]
Linux gates	UNKNOWN STEP	2026-10-09T13:58:18.3314624Z Secret source: Actions
Linux gates	UNKNOWN STEP	2026-10-09T13:58:18.3315772Z Cache mode: write
Linux gates	UNKNOWN STEP	2026-10-09T13:58:18.3316948Z Prepare workflow directory
Linux gates	UNKNOWN STEP	2026-10-09T13:58:18.3654579Z Prepare all required actions
Linux gates	UNKNOWN STEP	2026-10-09T13:58:18.3702316Z Getting action download info
Linux gates	UNKNOWN STEP	2026-10-09T13:58:18.6131806Z Download action repository 'actions/checkout@3d3c42e5aac5ba805825da76410c181273ba90b1' (SHA:3d3c42e5aac5ba805825da76410c181273ba90b1)
Linux gates	UNKNOWN STEP	2026-10-09T13:58:18.7317763Z Download action repository 'actions/setup-node@949feb2413d6458794dcd2491c4babbbce0c15c1' (SHA:949feb2413d6458794dcd2491c4babbbce0c15c1)
Linux gates	UNKNOWN STEP	2026-10-09T13:58:19.0077609Z Download action repository 'actions/upload-artifact@cf430e030ddbb5b0abf93d22962f4752f3646cd9' (SHA:cf430e030ddbb5b0abf93d22962f4752f3646cd9)
Linux gates	UNKNOWN STEP	2026-10-09T13:58:19.2946629Z Complete job name: Linux gates
Linux gates	UNKNOWN STEP	2026-10-09T13:58:19.3809279Z ##[group]Run actions/checkout@3d3c42e5aac5ba805825da76410c181273ba90b1
Linux gates	UNKNOWN STEP	2026-10-09T13:58:19.3810418Z with:
Linux gates	UNKNOWN STEP	2026-10-09T13:58:19.3810899Z   persist-credentials: false
Linux gates	UNKNOWN STEP	2026-10-09T13:58:19.3811519Z   repository: mattneel/fairpane
Linux gates	UNKNOWN STEP	2026-10-09T13:58:19.3815854Z   token: ***
Linux gates	UNKNOWN STEP	2026-10-09T13:58:19.3816327Z   ssh-strict: true
Linux gates	UNKNOWN STEP	2026-10-09T13:58:19.3816788Z   ssh-user: git
Linux gates	UNKNOWN STEP	2026-10-09T13:58:19.3817228Z   clean: true
Linux gates	UNKNOWN STEP	2026-10-09T13:58:19.3817682Z   sparse-checkout-cone-mode: true
Linux gates	UNKNOWN STEP	2026-10-09T13:58:19.3818217Z   fetch-depth: 1
Linux gates	UNKNOWN STEP	2026-10-09T13:58:19.3818849Z   fetch-tags: false
Linux gates	UNKNOWN STEP	2026-10-09T13:58:19.3819629Z   show-progress: true
Linux gates	UNKNOWN STEP	2026-10-09T13:58:19.3820213Z   lfs: false
Linux gates	UNKNOWN STEP	2026-10-09T13:58:19.3820971Z   submodules: false
Linux gates	UNKNOWN STEP	2026-10-09T13:58:19.3821749Z   set-safe-directory: true
Linux gates	UNKNOWN STEP	2026-10-09T13:58:19.3822304Z   allow-unsafe-pr-checkout: false
Linux gates	UNKNOWN STEP	2026-10-09T13:58:19.3823513Z ##[endgroup]
Linux gates	UNKNOWN STEP	2026-10-09T13:58:19.4881729Z Syncing repository: mattneel/fairpane
Linux gates	UNKNOWN STEP	2026-10-09T13:58:19.4885352Z ##[group]Getting Git version info
Linux gates	UNKNOWN STEP	2026-10-09T13:58:19.4886807Z Working directory is '/home/runner/work/fairpane/fairpane'
Linux gates	UNKNOWN STEP	2026-10-09T13:58:19.4888766Z [command]/usr/bin/git version
Linux gates	UNKNOWN STEP	2026-10-09T13:58:19.4989023Z git version 2.55.0
Linux gates	UNKNOWN STEP	2026-10-09T13:58:19.5014059Z ##[endgroup]
Linux gates	UNKNOWN STEP	2026-10-09T13:58:19.5029179Z Temporarily overriding HOME='/home/runner/work/_temp/9069d1df-f00b-4dbb-ba14-7ed4f5e6679d' before making global git config changes
Linux gates	UNKNOWN STEP	2026-10-09T13:58:19.5031987Z Adding repository directory to the temporary git global config as a safe directory
Linux gates	UNKNOWN STEP	2026-10-09T13:58:19.5035935Z [command]/usr/bin/git config --global --add safe.directory /home/runner/work/fairpane/fairpane
Linux gates	UNKNOWN STEP	2026-10-09T13:58:19.5116366Z Deleting the contents of '/home/runner/work/fairpane/fairpane'
Linux gates	UNKNOWN STEP	2026-10-09T13:58:19.5120867Z ##[group]Determining repository object format
Linux gates	UNKNOWN STEP	2026-10-09T13:58:19.5123613Z ##[endgroup]
Linux gates	UNKNOWN STEP	2026-10-09T13:58:19.5126025Z ##[group]Initializing the repository
Linux gates	UNKNOWN STEP	2026-10-09T13:58:19.5128957Z [command]/usr/bin/git init /home/runner/work/fairpane/fairpane
Linux gates	UNKNOWN STEP	2026-10-09T13:58:19.5274451Z hint: Using 'master' as the name for the initial branch. This default branch name
Linux gates	UNKNOWN STEP	2026-10-09T13:58:19.5276211Z hint: will change to "main" in Git 3.0. To configure the initial branch name
Linux gates	UNKNOWN STEP	2026-10-09T13:58:19.5277304Z hint: to use in all of your new repositories, which will suppress this warning,
Linux gates	UNKNOWN STEP	2026-10-09T13:58:19.5278254Z hint: call:
Linux gates	UNKNOWN STEP	2026-10-09T13:58:19.5278802Z hint:
Linux gates	UNKNOWN STEP	2026-10-09T13:58:19.5279505Z hint: 	git config --global init.defaultBranch <name>
Linux gates	UNKNOWN STEP	2026-10-09T13:58:19.5280299Z hint:
Linux gates	UNKNOWN STEP	2026-10-09T13:58:19.5281006Z hint: Names commonly chosen instead of 'master' are 'main', 'trunk' and
Linux gates	UNKNOWN STEP	2026-10-09T13:58:19.5282066Z hint: 'development'. The just-created branch can be renamed via this command:
Linux gates	UNKNOWN STEP	2026-10-09T13:58:19.5283326Z hint:
Linux gates	UNKNOWN STEP	2026-10-09T13:58:19.5283918Z hint: 	git branch -m <name>
Linux gates	UNKNOWN STEP	2026-10-09T13:58:19.5284548Z hint:
Linux gates	UNKNOWN STEP	2026-10-09T13:58:19.5285385Z hint: Disable this message with "git config set advice.defaultBranchName false"
Linux gates	UNKNOWN STEP	2026-10-09T13:58:19.5292088Z Initialized empty Git repository in /home/runner/work/fairpane/fairpane/.git/
Linux gates	UNKNOWN STEP	2026-10-09T13:58:19.5303794Z [command]/usr/bin/git remote add origin https://github.com/mattneel/fairpane
Linux gates	UNKNOWN STEP	2026-10-09T13:58:19.5371622Z ##[endgroup]
Linux gates	UNKNOWN STEP	2026-10-09T13:58:19.5373912Z ##[group]Disabling automatic garbage collection
Linux gates	UNKNOWN STEP	2026-10-09T13:58:19.5375679Z [command]/usr/bin/git config --local gc.auto 0
Linux gates	UNKNOWN STEP	2026-10-09T13:58:19.5418769Z ##[endgroup]
Linux gates	UNKNOWN STEP	2026-10-09T13:58:19.5420832Z ##[group]Setting up auth
Linux gates	UNKNOWN STEP	2026-10-09T13:58:19.5421969Z Removing SSH command configuration
Linux gates	UNKNOWN STEP	2026-10-09T13:58:19.5425366Z [command]/usr/bin/git config --local --name-only --get-regexp core\.sshCommand
Linux gates	UNKNOWN STEP	2026-10-09T13:58:19.5469169Z [command]/usr/bin/git submodule foreach --recursive sh -c "git config --local --name-only --get-regexp 'core\.sshCommand' && git config --local --unset-all 'core.sshCommand' || :"
Linux gates	UNKNOWN STEP	2026-10-09T13:58:19.5886553Z Removing HTTP extra header
Linux gates	UNKNOWN STEP	2026-10-09T13:58:19.5893301Z [command]/usr/bin/git config --local --name-only --get-regexp http\.https\:\/\/github\.com\/\.extraheader
Linux gates	UNKNOWN STEP	2026-10-09T13:58:19.5930372Z [command]/usr/bin/git submodule foreach --recursive sh -c "git config --local --name-only --get-regexp 'http\.https\:\/\/github\.com\/\.extraheader' && git config --local --unset-all 'http.https://github.com/.extraheader' || :"
Linux gates	UNKNOWN STEP	2026-10-09T13:58:19.6160792Z Removing includeIf entries pointing to credentials config files
Linux gates	UNKNOWN STEP	2026-10-09T13:58:19.6166001Z [command]/usr/bin/git config --local --name-only --get-regexp ^includeIf\.gitdir:
Linux gates	UNKNOWN STEP	2026-10-09T13:58:19.6204196Z [command]/usr/bin/git submodule foreach --recursive git config --local --show-origin --name-only --get-regexp remote.origin.url
Linux gates	UNKNOWN STEP	2026-10-09T13:58:19.6478489Z [command]/usr/bin/git config --file /home/runner/work/_temp/git-credentials-a13b97fe-cda2-4990-8a47-69d79d2c0c9f.config http.https://github.com/.extraheader AUTHORIZATION: basic ***
Linux gates	UNKNOWN STEP	2026-10-09T13:58:19.6521969Z [command]/usr/bin/git config --local includeIf.gitdir:/home/runner/work/fairpane/fairpane/.git.path /home/runner/work/_temp/git-credentials-a13b97fe-cda2-4990-8a47-69d79d2c0c9f.config
Linux gates	UNKNOWN STEP	2026-10-09T13:58:19.6560578Z [command]/usr/bin/git config --local includeIf.gitdir:/home/runner/work/fairpane/fairpane/.git/worktrees/*.path /home/runner/work/_temp/git-credentials-a13b97fe-cda2-4990-8a47-69d79d2c0c9f.config
Linux gates	UNKNOWN STEP	2026-10-09T13:58:19.6601537Z [command]/usr/bin/git config --local includeIf.gitdir:/github/workspace/.git.path /github/runner_temp/git-credentials-a13b97fe-cda2-4990-8a47-69d79d2c0c9f.config
Linux gates	UNKNOWN STEP	2026-10-09T13:58:19.6639935Z [command]/usr/bin/git config --local includeIf.gitdir:/github/workspace/.git/worktrees/*.path /github/runner_temp/git-credentials-a13b97fe-cda2-4990-8a47-69d79d2c0c9f.config
Linux gates	UNKNOWN STEP	2026-10-09T13:58:19.6684224Z ##[endgroup]
Linux gates	UNKNOWN STEP	2026-10-09T13:58:19.6685902Z ##[group]Fetching the repository
Linux gates	UNKNOWN STEP	2026-10-09T13:58:19.6693115Z [command]/usr/bin/git -c protocol.version=2 fetch --no-tags --prune --no-recurse-submodules --depth=1 origin +f40a90261a4f8ce9007c68508138b6831c787e27:refs/remotes/origin/master
Linux gates	UNKNOWN STEP	2026-10-09T13:58:20.2457154Z From https://github.com/mattneel/fairpane
Linux gates	UNKNOWN STEP	2026-10-09T13:58:20.2460338Z  * [new ref]         f40a90261a4f8ce9007c68508138b6831c787e27 -> origin/master
Linux gates	UNKNOWN STEP	2026-10-09T13:58:20.2468916Z [command]/usr/bin/git branch --list --remote origin/master
Linux gates	UNKNOWN STEP	2026-10-09T13:58:20.2501919Z   origin/master
Linux gates	UNKNOWN STEP	2026-10-09T13:58:20.2510457Z [command]/usr/bin/git rev-parse refs/remotes/origin/master
Linux gates	UNKNOWN STEP	2026-10-09T13:58:20.2537957Z f40a90261a4f8ce9007c68508138b6831c787e27
Linux gates	UNKNOWN STEP	2026-10-09T13:58:20.2543664Z ##[endgroup]
Linux gates	UNKNOWN STEP	2026-10-09T13:58:20.2545131Z ##[group]Determining the checkout info
Linux gates	UNKNOWN STEP	2026-10-09T13:58:20.2547247Z ##[endgroup]
Linux gates	UNKNOWN STEP	2026-10-09T13:58:20.2548539Z [command]/usr/bin/git sparse-checkout disable
Linux gates	UNKNOWN STEP	2026-10-09T13:58:20.2606632Z [command]/usr/bin/git config --local --unset-all extensions.worktreeConfig
Linux gates	UNKNOWN STEP	2026-10-09T13:58:20.2642916Z ##[group]Checking out the ref
Linux gates	UNKNOWN STEP	2026-10-09T13:58:20.2646387Z [command]/usr/bin/git checkout --progress --force -B master refs/remotes/origin/master
Linux gates	UNKNOWN STEP	2026-10-09T13:58:20.3749844Z Reset branch 'master'
Linux gates	UNKNOWN STEP	2026-10-09T13:58:20.3754173Z branch 'master' set up to track 'origin/master'.
Linux gates	UNKNOWN STEP	2026-10-09T13:58:20.3769779Z ##[endgroup]
Linux gates	UNKNOWN STEP	2026-10-09T13:58:20.3830184Z [command]/usr/bin/git log -1 --format=%H
Linux gates	UNKNOWN STEP	2026-10-09T13:58:20.3871784Z f40a90261a4f8ce9007c68508138b6831c787e27
Linux gates	UNKNOWN STEP	2026-10-09T13:58:20.3886907Z ##[group]Removing auth
Linux gates	UNKNOWN STEP	2026-10-09T13:58:20.3888490Z Removing SSH command configuration
Linux gates	UNKNOWN STEP	2026-10-09T13:58:20.3892832Z [command]/usr/bin/git config --local --name-only --get-regexp core\.sshCommand
Linux gates	UNKNOWN STEP	2026-10-09T13:58:20.3937431Z [command]/usr/bin/git submodule foreach --recursive sh -c "git config --local --name-only --get-regexp 'core\.sshCommand' && git config --local --unset-all 'core.sshCommand' || :"
Linux gates	UNKNOWN STEP	2026-10-09T13:58:20.4183720Z Removing HTTP extra header
Linux gates	UNKNOWN STEP	2026-10-09T13:58:20.4186848Z [command]/usr/bin/git config --local --name-only --get-regexp http\.https\:\/\/github\.com\/\.extraheader
Linux gates	UNKNOWN STEP	2026-10-09T13:58:20.4226111Z [command]/usr/bin/git submodule foreach --recursive sh -c "git config --local --name-only --get-regexp 'http\.https\:\/\/github\.com\/\.extraheader' && git config --local --unset-all 'http.https://github.com/.extraheader' || :"
Linux gates	UNKNOWN STEP	2026-10-09T13:58:20.4461073Z Removing includeIf entries pointing to credentials config files
Linux gates	UNKNOWN STEP	2026-10-09T13:58:20.4465000Z [command]/usr/bin/git config --local --name-only --get-regexp ^includeIf\.gitdir:
Linux gates	UNKNOWN STEP	2026-10-09T13:58:20.4497303Z includeif.gitdir:/home/runner/work/fairpane/fairpane/.git.path
Linux gates	UNKNOWN STEP	2026-10-09T13:58:20.4500019Z includeif.gitdir:/home/runner/work/fairpane/fairpane/.git/worktrees/*.path
Linux gates	UNKNOWN STEP	2026-10-09T13:58:20.4502207Z includeif.gitdir:/github/workspace/.git.path
Linux gates	UNKNOWN STEP	2026-10-09T13:58:20.4504441Z includeif.gitdir:/github/workspace/.git/worktrees/*.path
Linux gates	UNKNOWN STEP	2026-10-09T13:58:20.4510832Z [command]/usr/bin/git config --local --get-all includeif.gitdir:/home/runner/work/fairpane/fairpane/.git.path
Linux gates	UNKNOWN STEP	2026-10-09T13:58:20.4538956Z /home/runner/work/_temp/git-credentials-a13b97fe-cda2-4990-8a47-69d79d2c0c9f.config
Linux gates	UNKNOWN STEP	2026-10-09T13:58:20.4553677Z [command]/usr/bin/git config --local --unset includeif.gitdir:/home/runner/work/fairpane/fairpane/.git.path \/home\/runner\/work\/_temp\/git\-credentials\-a13b97fe\-cda2\-4990\-8a47\-69d79d2c0c9f\.config
Linux gates	UNKNOWN STEP	2026-10-09T13:58:20.4596563Z [command]/usr/bin/git config --local --get-all includeif.gitdir:/home/runner/work/fairpane/fairpane/.git/worktrees/*.path
Linux gates	UNKNOWN STEP	2026-10-09T13:58:20.4631371Z /home/runner/work/_temp/git-credentials-a13b97fe-cda2-4990-8a47-69d79d2c0c9f.config
Linux gates	UNKNOWN STEP	2026-10-09T13:58:20.4643440Z [command]/usr/bin/git config --local --unset includeif.gitdir:/home/runner/work/fairpane/fairpane/.git/worktrees/*.path \/home\/runner\/work\/_temp\/git\-credentials\-a13b97fe\-cda2\-4990\-8a47\-69d79d2c0c9f\.config
Linux gates	UNKNOWN STEP	2026-10-09T13:58:20.4682919Z [command]/usr/bin/git config --local --get-all includeif.gitdir:/github/workspace/.git.path
Linux gates	UNKNOWN STEP	2026-10-09T13:58:20.4735816Z /github/runner_temp/git-credentials-a13b97fe-cda2-4990-8a47-69d79d2c0c9f.config
Linux gates	UNKNOWN STEP	2026-10-09T13:58:20.4760150Z [command]/usr/bin/git config --local --unset includeif.gitdir:/github/workspace/.git.path \/github\/runner_temp\/git\-credentials\-a13b97fe\-cda2\-4990\-8a47\-69d79d2c0c9f\.config
Linux gates	UNKNOWN STEP	2026-10-09T13:58:20.4816065Z [command]/usr/bin/git config --local --get-all includeif.gitdir:/github/workspace/.git/worktrees/*.path
Linux gates	UNKNOWN STEP	2026-10-09T13:58:20.4844959Z /github/runner_temp/git-credentials-a13b97fe-cda2-4990-8a47-69d79d2c0c9f.config
Linux gates	UNKNOWN STEP	2026-10-09T13:58:20.4853203Z [command]/usr/bin/git config --local --unset includeif.gitdir:/github/workspace/.git/worktrees/*.path \/github\/runner_temp\/git\-credentials\-a13b97fe\-cda2\-4990\-8a47\-69d79d2c0c9f\.config
Linux gates	UNKNOWN STEP	2026-10-09T13:58:20.4893116Z [command]/usr/bin/git submodule foreach --recursive git config --local --show-origin --name-only --get-regexp remote.origin.url
Linux gates	UNKNOWN STEP	2026-10-09T13:58:20.5121241Z Removing credentials config '/home/runner/work/_temp/git-credentials-a13b97fe-cda2-4990-8a47-69d79d2c0c9f.config'
Linux gates	UNKNOWN STEP	2026-10-09T13:58:20.5203707Z ##[endgroup]
Linux gates	UNKNOWN STEP	2026-10-09T13:58:20.5513210Z ##[group]Run actions/setup-node@949feb2413d6458794dcd2491c4babbbce0c15c1
Linux gates	UNKNOWN STEP	2026-10-09T13:58:20.5515065Z with:
Linux gates	UNKNOWN STEP	2026-10-09T13:58:20.5515947Z   node-version: 24.21.0
Linux gates	UNKNOWN STEP	2026-10-09T13:58:20.5516955Z   check-latest: false
Linux gates	UNKNOWN STEP	2026-10-09T13:58:20.5527440Z   token: ***
Linux gates	UNKNOWN STEP	2026-10-09T13:58:20.5528398Z   package-manager-cache: true
Linux gates	UNKNOWN STEP	2026-10-09T13:58:20.5529493Z ##[endgroup]
Linux gates	UNKNOWN STEP	2026-10-09T13:58:20.6820473Z Found in cache @ /opt/hostedtoolcache/node/24.21.0/x64
Linux gates	UNKNOWN STEP	2026-10-09T13:58:20.7713990Z ##[group]Environment details
Linux gates	UNKNOWN STEP	2026-10-09T13:58:21.1373895Z node: v24.21.0
Linux gates	UNKNOWN STEP	2026-10-09T13:58:21.1376512Z npm: 11.19.0
Linux gates	UNKNOWN STEP	2026-10-09T13:58:21.1377983Z yarn: 1.22.22
Linux gates	UNKNOWN STEP	2026-10-09T13:58:21.1380306Z ##[endgroup]
Linux gates	UNKNOWN STEP	2026-10-09T13:58:21.1561791Z ##[group]Run node tools/fairpane.mjs install-zig
Linux gates	UNKNOWN STEP	2026-10-09T13:58:21.1563500Z [36;1mnode tools/fairpane.mjs install-zig[0m
Linux gates	UNKNOWN STEP	2026-10-09T13:58:21.1865517Z shell: /usr/bin/bash -e {0}
Linux gates	UNKNOWN STEP	2026-10-09T13:58:21.1866851Z ##[endgroup]
Linux gates	UNKNOWN STEP	2026-10-09T13:58:34.0081765Z {
Linux gates	UNKNOWN STEP	2026-10-09T13:58:34.0083396Z   "compiler": "/home/runner/work/fairpane/fairpane/.tools/zig/0.18.0-dev.120+9fe22a29b/x86_64-linux/zig",
Linux gates	UNKNOWN STEP	2026-10-09T13:58:34.0084492Z   "downloaded": true
Linux gates	UNKNOWN STEP	2026-10-09T13:58:34.0084914Z }
Linux gates	UNKNOWN STEP	2026-10-09T13:58:34.0238490Z ##[group]Run node tools/fairpane.mjs run repo-check
Linux gates	UNKNOWN STEP	2026-10-09T13:58:34.0238974Z [36;1mnode tools/fairpane.mjs run repo-check[0m
Linux gates	UNKNOWN STEP	2026-10-09T13:58:34.0302709Z shell: /usr/bin/bash -e {0}
Linux gates	UNKNOWN STEP	2026-10-09T13:58:34.0303032Z ##[endgroup]
Linux gates	UNKNOWN STEP	2026-10-09T13:58:34.0856615Z Execute gate repo-check.
Linux gates	UNKNOWN STEP	2026-10-09T13:58:34.3017476Z {
Linux gates	UNKNOWN STEP	2026-10-09T13:58:34.3017937Z   "gate": "repo-check",
Linux gates	UNKNOWN STEP	2026-10-09T13:58:34.3018416Z   "status": "pass",
Linux gates	UNKNOWN STEP	2026-10-09T13:58:34.3019131Z   "receipt": "out/evidence/2026-10-09T13-58-34-133Z-repo-check-04e34b4e.json",
Linux gates	UNKNOWN STEP	2026-10-09T13:58:34.3019852Z   "error": null
Linux gates	UNKNOWN STEP	2026-10-09T13:58:34.3020216Z }
Linux gates	UNKNOWN STEP	2026-10-09T13:58:34.3135862Z ##[group]Run node tools/fairpane.mjs run controller-test
Linux gates	UNKNOWN STEP	2026-10-09T13:58:34.3136664Z [36;1mnode tools/fairpane.mjs run controller-test[0m
Linux gates	UNKNOWN STEP	2026-10-09T13:58:34.3226420Z shell: /usr/bin/bash -e {0}
Linux gates	UNKNOWN STEP	2026-10-09T13:58:34.3226931Z ##[endgroup]
Linux gates	UNKNOWN STEP	2026-10-09T13:58:34.3821922Z Execute gate controller-test.
Linux gates	UNKNOWN STEP	2026-10-09T13:58:44.7573139Z {
Linux gates	UNKNOWN STEP	2026-10-09T13:58:44.7573854Z   "gate": "controller-test",
Linux gates	UNKNOWN STEP	2026-10-09T13:58:44.7574392Z   "status": "pass",
Linux gates	UNKNOWN STEP	2026-10-09T13:58:44.7575228Z   "receipt": "out/evidence/2026-10-09T13-58-34-428Z-controller-test-6fbe41d9.json",
Linux gates	UNKNOWN STEP	2026-10-09T13:58:44.7576288Z   "error": null
Linux gates	UNKNOWN STEP	2026-10-09T13:58:44.7576804Z }
Linux gates	UNKNOWN STEP	2026-10-09T13:58:44.7685599Z ##[group]Run node tools/fairpane.mjs run zig-fmt
Linux gates	UNKNOWN STEP	2026-10-09T13:58:44.7686069Z [36;1mnode tools/fairpane.mjs run zig-fmt[0m
Linux gates	UNKNOWN STEP	2026-10-09T13:58:44.7751480Z shell: /usr/bin/bash -e {0}
Linux gates	UNKNOWN STEP	2026-10-09T13:58:44.7751826Z ##[endgroup]
Linux gates	UNKNOWN STEP	2026-10-09T13:58:44.8314039Z Execute gate zig-fmt.
Linux gates	UNKNOWN STEP	2026-10-09T13:58:45.0186268Z {
Linux gates	UNKNOWN STEP	2026-10-09T13:58:45.0187062Z   "gate": "zig-fmt",
Linux gates	UNKNOWN STEP	2026-10-09T13:58:45.0187588Z   "status": "pass",
Linux gates	UNKNOWN STEP	2026-10-09T13:58:45.0188422Z   "receipt": "out/evidence/2026-10-09T13-58-44-877Z-zig-fmt-fff69a03.json",
Linux gates	UNKNOWN STEP	2026-10-09T13:58:45.0189259Z   "error": null
Linux gates	UNKNOWN STEP	2026-10-09T13:58:45.0189684Z }
Linux gates	UNKNOWN STEP	2026-10-09T13:58:45.0290861Z ##[group]Run node tools/fairpane.mjs run zig-test
Linux gates	UNKNOWN STEP	2026-10-09T13:58:45.0291595Z [36;1mnode tools/fairpane.mjs run zig-test[0m
Linux gates	UNKNOWN STEP	2026-10-09T13:58:45.0355131Z shell: /usr/bin/bash -e {0}
Linux gates	UNKNOWN STEP	2026-10-09T13:58:45.0355446Z ##[endgroup]
Linux gates	UNKNOWN STEP	2026-10-09T13:58:45.0891694Z Execute gate zig-test.
Linux gates	UNKNOWN STEP	2026-10-09T14:08:45.1860177Z {
Linux gates	UNKNOWN STEP	2026-10-09T14:08:45.1861094Z   "gate": "zig-test",
Linux gates	UNKNOWN STEP	2026-10-09T14:08:45.1861867Z   "status": "fail",
Linux gates	UNKNOWN STEP	2026-10-09T14:08:45.1863058Z   "receipt": "out/evidence/2026-10-09T13-58-45-138Z-zig-test-1da977e2.json",
Linux gates	UNKNOWN STEP	2026-10-09T14:08:45.1865040Z   "error": "Gate command failed: [\"/home/runner/work/fairpane/fairpane/.tools/zig/0.18.0-dev.120+9fe22a29b/x86_64-linux/zig\",\"build\",\"test\"]"
Linux gates	UNKNOWN STEP	2026-10-09T14:08:45.1866718Z }
Linux gates	UNKNOWN STEP	2026-10-09T14:08:45.1954413Z ##[error]Process completed with exit code 1.
Linux gates	UNKNOWN STEP	2026-10-09T14:08:45.2046158Z ##[group]Run actions/upload-artifact@cf430e030ddbb5b0abf93d22962f4752f3646cd9
Linux gates	UNKNOWN STEP	2026-10-09T14:08:45.2046586Z with:
Linux gates	UNKNOWN STEP	2026-10-09T14:08:45.2046955Z   name: linux-gate-receipts-unsigned-local-integrity-records-not-attestations
Linux gates	UNKNOWN STEP	2026-10-09T14:08:45.2047407Z   path: out/evidence/
Linux gates	UNKNOWN STEP	2026-10-09T14:08:45.2047636Z   if-no-files-found: error
Linux gates	UNKNOWN STEP	2026-10-09T14:08:45.2047872Z   compression-level: 6
Linux gates	UNKNOWN STEP	2026-10-09T14:08:45.2048084Z   overwrite: false
Linux gates	UNKNOWN STEP	2026-10-09T14:08:45.2048297Z   include-hidden-files: false
Linux gates	UNKNOWN STEP	2026-10-09T14:08:45.2048530Z   archive: true
Linux gates	UNKNOWN STEP	2026-10-09T14:08:45.2048726Z ##[endgroup]
Linux gates	UNKNOWN STEP	2026-10-09T14:08:45.3698396Z With the provided path, there will be 8 files uploaded
Linux gates	UNKNOWN STEP	2026-10-09T14:08:45.3699380Z Artifact name is valid!
Linux gates	UNKNOWN STEP	2026-10-09T14:08:45.3723672Z Root directory input is valid!
Linux gates	UNKNOWN STEP	2026-10-09T14:08:45.5665827Z Uploading artifact: linux-gate-receipts-unsigned-local-integrity-records-not-attestations.zip
Linux gates	UNKNOWN STEP	2026-10-09T14:08:45.5709319Z Beginning upload of artifact content to blob storage
Linux gates	UNKNOWN STEP	2026-10-09T14:08:45.6429261Z Uploaded bytes 15755
Linux gates	UNKNOWN STEP	2026-10-09T14:08:45.6559650Z Finished uploading artifact content to blob storage!
Linux gates	UNKNOWN STEP	2026-10-09T14:08:45.6561262Z SHA256 digest of uploaded artifact is 1e5bda3d2778fb2967528a56f42cd7dc421b4f5bcaf361edef3384ccac31d9dc
Linux gates	UNKNOWN STEP	2026-10-09T14:08:45.6562733Z Finalizing artifact upload
Linux gates	UNKNOWN STEP	2026-10-09T14:08:45.9069948Z Artifact linux-gate-receipts-unsigned-local-integrity-records-not-attestations successfully finalized. Artifact ID 11621870344
Linux gates	UNKNOWN STEP	2026-10-09T14:08:45.9073860Z Artifact linux-gate-receipts-unsigned-local-integrity-records-not-attestations has been successfully uploaded! Final size is 15755 bytes. Artifact ID is 11621870344
Linux gates	UNKNOWN STEP	2026-10-09T14:08:45.9076431Z Artifact download URL: https://github.com/mattneel/fairpane/actions/runs/37940691005/artifacts/11621870344
Linux gates	UNKNOWN STEP	2026-10-09T14:08:45.9267929Z Post job cleanup.
Linux gates	UNKNOWN STEP	2026-10-09T14:08:46.0176111Z [command]/usr/bin/git version
Linux gates	UNKNOWN STEP	2026-10-09T14:08:46.0223191Z git version 2.55.0
Linux gates	UNKNOWN STEP	2026-10-09T14:08:46.0271574Z Temporarily overriding HOME='/home/runner/work/_temp/cb7f3cf2-fabe-4628-89f8-e98466080a7b' before making global git config changes
Linux gates	UNKNOWN STEP	2026-10-09T14:08:46.0273378Z Adding repository directory to the temporary git global config as a safe directory
Linux gates	UNKNOWN STEP	2026-10-09T14:08:46.0276794Z [command]/usr/bin/git config --global --add safe.directory /home/runner/work/fairpane/fairpane
Linux gates	UNKNOWN STEP	2026-10-09T14:08:46.0319084Z Removing SSH command configuration
Linux gates	UNKNOWN STEP	2026-10-09T14:08:46.0326729Z [command]/usr/bin/git config --local --name-only --get-regexp core\.sshCommand
Linux gates	UNKNOWN STEP	2026-10-09T14:08:46.0373660Z [command]/usr/bin/git submodule foreach --recursive sh -c "git config --local --name-only --get-regexp 'core\.sshCommand' && git config --local --unset-all 'core.sshCommand' || :"
Linux gates	UNKNOWN STEP	2026-10-09T14:08:46.0630021Z Removing HTTP extra header
Linux gates	UNKNOWN STEP	2026-10-09T14:08:46.0637945Z [command]/usr/bin/git config --local --name-only --get-regexp http\.https\:\/\/github\.com\/\.extraheader
Linux gates	UNKNOWN STEP	2026-10-09T14:08:46.0677786Z [command]/usr/bin/git submodule foreach --recursive sh -c "git config --local --name-only --get-regexp 'http\.https\:\/\/github\.com\/\.extraheader' && git config --local --unset-all 'http.https://github.com/.extraheader' || :"
Linux gates	UNKNOWN STEP	2026-10-09T14:08:46.0940486Z Removing includeIf entries pointing to credentials config files
Linux gates	UNKNOWN STEP	2026-10-09T14:08:46.0947903Z [command]/usr/bin/git config --local --name-only --get-regexp ^includeIf\.gitdir:
Linux gates	UNKNOWN STEP	2026-10-09T14:08:46.0988506Z [command]/usr/bin/git submodule foreach --recursive git config --local --show-origin --name-only --get-regexp remote.origin.url
Linux gates	UNKNOWN STEP	2026-10-09T14:08:46.1393602Z Cleaning up orphan processes
RESULT {"executable":"C:\\Program Files\\GitHub CLI\\gh.exe","arguments":["run","view","37940691005","--repo","mattneel/fairpane","--attempt","1","--log-failed"],"cwd":"C:\\Users\\requi\\.omp\\wt\\t60e032fd5\\m","started_at":"2026-10-09T16:45:23.090Z","exit_code":0,"signal":null,"timed_out":false,"error":null,"duration_ms":1945}
