
COMMAND ["C:\\Program Files\\GitHub CLI\\gh.exe","run","view","37937485293","--repo","mattneel/fairpane","--attempt","1","--log-failed"]
Linux gates	UNKNOWN STEP	﻿2026-10-09T13:31:51.8134358Z Current runner version: '2.337.0'
Linux gates	UNKNOWN STEP	2026-10-09T13:31:51.8174739Z ##[group]Runner Image Provisioner
Linux gates	UNKNOWN STEP	2026-10-09T13:31:51.8176230Z Hosted Compute Agent
Linux gates	UNKNOWN STEP	2026-10-09T13:31:51.8177422Z Version: 20261002.596
Linux gates	UNKNOWN STEP	2026-10-09T13:31:51.8178608Z Commit: c3d12f3313a95f25162a1503be624f3b0617f8c0
Linux gates	UNKNOWN STEP	2026-10-09T13:31:51.8180029Z Build Date: 2026-10-02T22:28:27Z
Linux gates	UNKNOWN STEP	2026-10-09T13:31:51.8181714Z Worker ID: {4a8a4272-5aaf-43d9-9956-18cec5e762ed}
Linux gates	UNKNOWN STEP	2026-10-09T13:31:51.8183027Z Region: canadaeast
Linux gates	UNKNOWN STEP	2026-10-09T13:31:51.8184178Z Cloud: Azure
Linux gates	UNKNOWN STEP	2026-10-09T13:31:51.8185099Z ##[endgroup]
Linux gates	UNKNOWN STEP	2026-10-09T13:31:51.8187594Z ##[group]Operating System
Linux gates	UNKNOWN STEP	2026-10-09T13:31:51.8188895Z Ubuntu
Linux gates	UNKNOWN STEP	2026-10-09T13:31:51.8189883Z 24.04.5
Linux gates	UNKNOWN STEP	2026-10-09T13:31:51.8190867Z LTS
Linux gates	UNKNOWN STEP	2026-10-09T13:31:51.8192094Z ##[endgroup]
Linux gates	UNKNOWN STEP	2026-10-09T13:31:51.8193116Z ##[group]Runner Image
Linux gates	UNKNOWN STEP	2026-10-09T13:31:51.8194967Z Image: ubuntu-24.04
Linux gates	UNKNOWN STEP	2026-10-09T13:31:51.8196015Z Version: 20261004.327.1
Linux gates	UNKNOWN STEP	2026-10-09T13:31:51.8198306Z Included Software: https://github.com/actions/runner-images/blob/ubuntu24/20261004.327/images/ubuntu/Ubuntu2404-Readme.md
Linux gates	UNKNOWN STEP	2026-10-09T13:31:51.8201426Z Image Release: https://github.com/actions/runner-images/releases/tag/ubuntu24%2F20261004.327
Linux gates	UNKNOWN STEP	2026-10-09T13:31:51.8203456Z ##[endgroup]
Linux gates	UNKNOWN STEP	2026-10-09T13:31:51.8205449Z ##[group]GITHUB_TOKEN Permissions
Linux gates	UNKNOWN STEP	2026-10-09T13:31:51.8208595Z Contents: read
Linux gates	UNKNOWN STEP	2026-10-09T13:31:51.8209584Z Metadata: read
Linux gates	UNKNOWN STEP	2026-10-09T13:31:51.8210702Z ##[endgroup]
Linux gates	UNKNOWN STEP	2026-10-09T13:31:51.8214167Z Secret source: Actions
Linux gates	UNKNOWN STEP	2026-10-09T13:31:51.8215837Z Cache mode: write
Linux gates	UNKNOWN STEP	2026-10-09T13:31:51.8217096Z Prepare workflow directory
Linux gates	UNKNOWN STEP	2026-10-09T13:31:51.8595859Z Prepare all required actions
Linux gates	UNKNOWN STEP	2026-10-09T13:31:51.8671439Z Getting action download info
Linux gates	UNKNOWN STEP	2026-10-09T13:31:52.1588085Z Download action repository 'actions/checkout@3d3c42e5aac5ba805825da76410c181273ba90b1' (SHA:3d3c42e5aac5ba805825da76410c181273ba90b1)
Linux gates	UNKNOWN STEP	2026-10-09T13:31:52.2603033Z Download action repository 'actions/setup-node@949feb2413d6458794dcd2491c4babbbce0c15c1' (SHA:949feb2413d6458794dcd2491c4babbbce0c15c1)
Linux gates	UNKNOWN STEP	2026-10-09T13:31:52.7453621Z Download action repository 'actions/upload-artifact@cf430e030ddbb5b0abf93d22962f4752f3646cd9' (SHA:cf430e030ddbb5b0abf93d22962f4752f3646cd9)
Linux gates	UNKNOWN STEP	2026-10-09T13:31:53.3786693Z Complete job name: Linux gates
Linux gates	UNKNOWN STEP	2026-10-09T13:31:53.4823073Z ##[group]Run actions/checkout@3d3c42e5aac5ba805825da76410c181273ba90b1
Linux gates	UNKNOWN STEP	2026-10-09T13:31:53.4824931Z with:
Linux gates	UNKNOWN STEP	2026-10-09T13:31:53.4825783Z   persist-credentials: false
Linux gates	UNKNOWN STEP	2026-10-09T13:31:53.4826819Z   repository: mattneel/fairpane
Linux gates	UNKNOWN STEP	2026-10-09T13:31:53.4835839Z   token: ***
Linux gates	UNKNOWN STEP	2026-10-09T13:31:53.4836688Z   ssh-strict: true
Linux gates	UNKNOWN STEP	2026-10-09T13:31:53.4837545Z   ssh-user: git
Linux gates	UNKNOWN STEP	2026-10-09T13:31:53.4838374Z   clean: true
Linux gates	UNKNOWN STEP	2026-10-09T13:31:53.4839249Z   sparse-checkout-cone-mode: true
Linux gates	UNKNOWN STEP	2026-10-09T13:31:53.4840290Z   fetch-depth: 1
Linux gates	UNKNOWN STEP	2026-10-09T13:31:53.4841288Z   fetch-tags: false
Linux gates	UNKNOWN STEP	2026-10-09T13:31:53.4842181Z   show-progress: true
Linux gates	UNKNOWN STEP	2026-10-09T13:31:53.4843070Z   lfs: false
Linux gates	UNKNOWN STEP	2026-10-09T13:31:53.4843887Z   submodules: false
Linux gates	UNKNOWN STEP	2026-10-09T13:31:53.4844769Z   set-safe-directory: true
Linux gates	UNKNOWN STEP	2026-10-09T13:31:53.4845783Z   allow-unsafe-pr-checkout: false
Linux gates	UNKNOWN STEP	2026-10-09T13:31:53.4847160Z ##[endgroup]
Linux gates	UNKNOWN STEP	2026-10-09T13:31:53.5898482Z Syncing repository: mattneel/fairpane
Linux gates	UNKNOWN STEP	2026-10-09T13:31:53.5902841Z ##[group]Getting Git version info
Linux gates	UNKNOWN STEP	2026-10-09T13:31:53.5905114Z Working directory is '/home/runner/work/fairpane/fairpane'
Linux gates	UNKNOWN STEP	2026-10-09T13:31:53.5908349Z [command]/usr/bin/git version
Linux gates	UNKNOWN STEP	2026-10-09T13:31:53.5950289Z git version 2.55.0
Linux gates	UNKNOWN STEP	2026-10-09T13:31:53.6008255Z ##[endgroup]
Linux gates	UNKNOWN STEP	2026-10-09T13:31:53.6021692Z Temporarily overriding HOME='/home/runner/work/_temp/b706ef26-f792-4536-96dd-ca449cd2adda' before making global git config changes
Linux gates	UNKNOWN STEP	2026-10-09T13:31:53.6027471Z Adding repository directory to the temporary git global config as a safe directory
Linux gates	UNKNOWN STEP	2026-10-09T13:31:53.6032081Z [command]/usr/bin/git config --global --add safe.directory /home/runner/work/fairpane/fairpane
Linux gates	UNKNOWN STEP	2026-10-09T13:31:53.6087923Z Deleting the contents of '/home/runner/work/fairpane/fairpane'
Linux gates	UNKNOWN STEP	2026-10-09T13:31:53.6092651Z ##[group]Determining repository object format
Linux gates	UNKNOWN STEP	2026-10-09T13:31:53.6096132Z ##[endgroup]
Linux gates	UNKNOWN STEP	2026-10-09T13:31:53.6099801Z ##[group]Initializing the repository
Linux gates	UNKNOWN STEP	2026-10-09T13:31:53.6102154Z [command]/usr/bin/git init /home/runner/work/fairpane/fairpane
Linux gates	UNKNOWN STEP	2026-10-09T13:31:53.6234578Z hint: Using 'master' as the name for the initial branch. This default branch name
Linux gates	UNKNOWN STEP	2026-10-09T13:31:53.6236875Z hint: will change to "main" in Git 3.0. To configure the initial branch name
Linux gates	UNKNOWN STEP	2026-10-09T13:31:53.6238868Z hint: to use in all of your new repositories, which will suppress this warning,
Linux gates	UNKNOWN STEP	2026-10-09T13:31:53.6240549Z hint: call:
Linux gates	UNKNOWN STEP	2026-10-09T13:31:53.6242016Z hint:
Linux gates	UNKNOWN STEP	2026-10-09T13:31:53.6243374Z hint: 	git config --global init.defaultBranch <name>
Linux gates	UNKNOWN STEP	2026-10-09T13:31:53.6244741Z hint:
Linux gates	UNKNOWN STEP	2026-10-09T13:31:53.6245963Z hint: Names commonly chosen instead of 'master' are 'main', 'trunk' and
Linux gates	UNKNOWN STEP	2026-10-09T13:31:53.6248004Z hint: 'development'. The just-created branch can be renamed via this command:
Linux gates	UNKNOWN STEP	2026-10-09T13:31:53.6249839Z hint:
Linux gates	UNKNOWN STEP	2026-10-09T13:31:53.6251088Z hint: 	git branch -m <name>
Linux gates	UNKNOWN STEP	2026-10-09T13:31:53.6252231Z hint:
Linux gates	UNKNOWN STEP	2026-10-09T13:31:53.6253598Z hint: Disable this message with "git config set advice.defaultBranchName false"
Linux gates	UNKNOWN STEP	2026-10-09T13:31:53.6269016Z Initialized empty Git repository in /home/runner/work/fairpane/fairpane/.git/
Linux gates	UNKNOWN STEP	2026-10-09T13:31:53.6281622Z [command]/usr/bin/git remote add origin https://github.com/mattneel/fairpane
Linux gates	UNKNOWN STEP	2026-10-09T13:31:53.6340570Z ##[endgroup]
Linux gates	UNKNOWN STEP	2026-10-09T13:31:53.6343791Z ##[group]Disabling automatic garbage collection
Linux gates	UNKNOWN STEP	2026-10-09T13:31:53.6345290Z [command]/usr/bin/git config --local gc.auto 0
Linux gates	UNKNOWN STEP	2026-10-09T13:31:53.6387133Z ##[endgroup]
Linux gates	UNKNOWN STEP	2026-10-09T13:31:53.6389667Z ##[group]Setting up auth
Linux gates	UNKNOWN STEP	2026-10-09T13:31:53.6390835Z Removing SSH command configuration
Linux gates	UNKNOWN STEP	2026-10-09T13:31:53.6395099Z [command]/usr/bin/git config --local --name-only --get-regexp core\.sshCommand
Linux gates	UNKNOWN STEP	2026-10-09T13:31:53.6436804Z [command]/usr/bin/git submodule foreach --recursive sh -c "git config --local --name-only --get-regexp 'core\.sshCommand' && git config --local --unset-all 'core.sshCommand' || :"
Linux gates	UNKNOWN STEP	2026-10-09T13:31:53.6876839Z Removing HTTP extra header
Linux gates	UNKNOWN STEP	2026-10-09T13:31:53.6883389Z [command]/usr/bin/git config --local --name-only --get-regexp http\.https\:\/\/github\.com\/\.extraheader
Linux gates	UNKNOWN STEP	2026-10-09T13:31:53.6923063Z [command]/usr/bin/git submodule foreach --recursive sh -c "git config --local --name-only --get-regexp 'http\.https\:\/\/github\.com\/\.extraheader' && git config --local --unset-all 'http.https://github.com/.extraheader' || :"
Linux gates	UNKNOWN STEP	2026-10-09T13:31:53.7146368Z Removing includeIf entries pointing to credentials config files
Linux gates	UNKNOWN STEP	2026-10-09T13:31:53.7151607Z [command]/usr/bin/git config --local --name-only --get-regexp ^includeIf\.gitdir:
Linux gates	UNKNOWN STEP	2026-10-09T13:31:53.7190054Z [command]/usr/bin/git submodule foreach --recursive git config --local --show-origin --name-only --get-regexp remote.origin.url
Linux gates	UNKNOWN STEP	2026-10-09T13:31:53.7432439Z [command]/usr/bin/git config --file /home/runner/work/_temp/git-credentials-a3ac13cd-15bf-42fd-b25b-bc5d3524cbcd.config http.https://github.com/.extraheader AUTHORIZATION: basic ***
Linux gates	UNKNOWN STEP	2026-10-09T13:31:53.7474809Z [command]/usr/bin/git config --local includeIf.gitdir:/home/runner/work/fairpane/fairpane/.git.path /home/runner/work/_temp/git-credentials-a3ac13cd-15bf-42fd-b25b-bc5d3524cbcd.config
Linux gates	UNKNOWN STEP	2026-10-09T13:31:53.7513424Z [command]/usr/bin/git config --local includeIf.gitdir:/home/runner/work/fairpane/fairpane/.git/worktrees/*.path /home/runner/work/_temp/git-credentials-a3ac13cd-15bf-42fd-b25b-bc5d3524cbcd.config
Linux gates	UNKNOWN STEP	2026-10-09T13:31:53.7553303Z [command]/usr/bin/git config --local includeIf.gitdir:/github/workspace/.git.path /github/runner_temp/git-credentials-a3ac13cd-15bf-42fd-b25b-bc5d3524cbcd.config
Linux gates	UNKNOWN STEP	2026-10-09T13:31:53.7590350Z [command]/usr/bin/git config --local includeIf.gitdir:/github/workspace/.git/worktrees/*.path /github/runner_temp/git-credentials-a3ac13cd-15bf-42fd-b25b-bc5d3524cbcd.config
Linux gates	UNKNOWN STEP	2026-10-09T13:31:53.7622154Z ##[endgroup]
Linux gates	UNKNOWN STEP	2026-10-09T13:31:53.7624265Z ##[group]Fetching the repository
Linux gates	UNKNOWN STEP	2026-10-09T13:31:53.7629535Z [command]/usr/bin/git -c protocol.version=2 fetch --no-tags --prune --no-recurse-submodules --depth=1 origin +45acde8bd09df957515b75962f29ab2f5632feb0:refs/remotes/origin/master
Linux gates	UNKNOWN STEP	2026-10-09T13:31:54.6421775Z From https://github.com/mattneel/fairpane
Linux gates	UNKNOWN STEP	2026-10-09T13:31:54.6422976Z  * [new ref]         45acde8bd09df957515b75962f29ab2f5632feb0 -> origin/master
Linux gates	UNKNOWN STEP	2026-10-09T13:31:54.6434135Z [command]/usr/bin/git branch --list --remote origin/master
Linux gates	UNKNOWN STEP	2026-10-09T13:31:54.6465415Z   origin/master
Linux gates	UNKNOWN STEP	2026-10-09T13:31:54.6474649Z [command]/usr/bin/git rev-parse refs/remotes/origin/master
Linux gates	UNKNOWN STEP	2026-10-09T13:31:54.6502654Z 45acde8bd09df957515b75962f29ab2f5632feb0
Linux gates	UNKNOWN STEP	2026-10-09T13:31:54.6507071Z ##[endgroup]
Linux gates	UNKNOWN STEP	2026-10-09T13:31:54.6507983Z ##[group]Determining the checkout info
Linux gates	UNKNOWN STEP	2026-10-09T13:31:54.6508976Z ##[endgroup]
Linux gates	UNKNOWN STEP	2026-10-09T13:31:54.6512750Z [command]/usr/bin/git sparse-checkout disable
Linux gates	UNKNOWN STEP	2026-10-09T13:31:54.6573171Z [command]/usr/bin/git config --local --unset-all extensions.worktreeConfig
Linux gates	UNKNOWN STEP	2026-10-09T13:31:54.6609897Z ##[group]Checking out the ref
Linux gates	UNKNOWN STEP	2026-10-09T13:31:54.6614215Z [command]/usr/bin/git checkout --progress --force -B master refs/remotes/origin/master
Linux gates	UNKNOWN STEP	2026-10-09T13:31:54.7643714Z Reset branch 'master'
Linux gates	UNKNOWN STEP	2026-10-09T13:31:54.7649435Z branch 'master' set up to track 'origin/master'.
Linux gates	UNKNOWN STEP	2026-10-09T13:31:54.7661330Z ##[endgroup]
Linux gates	UNKNOWN STEP	2026-10-09T13:31:54.7716262Z [command]/usr/bin/git log -1 --format=%H
Linux gates	UNKNOWN STEP	2026-10-09T13:31:54.7748786Z 45acde8bd09df957515b75962f29ab2f5632feb0
Linux gates	UNKNOWN STEP	2026-10-09T13:31:54.7759205Z ##[group]Removing auth
Linux gates	UNKNOWN STEP	2026-10-09T13:31:54.7759976Z Removing SSH command configuration
Linux gates	UNKNOWN STEP	2026-10-09T13:31:54.7764967Z [command]/usr/bin/git config --local --name-only --get-regexp core\.sshCommand
Linux gates	UNKNOWN STEP	2026-10-09T13:31:54.7806336Z [command]/usr/bin/git submodule foreach --recursive sh -c "git config --local --name-only --get-regexp 'core\.sshCommand' && git config --local --unset-all 'core.sshCommand' || :"
Linux gates	UNKNOWN STEP	2026-10-09T13:31:54.8052335Z Removing HTTP extra header
Linux gates	UNKNOWN STEP	2026-10-09T13:31:54.8056721Z [command]/usr/bin/git config --local --name-only --get-regexp http\.https\:\/\/github\.com\/\.extraheader
Linux gates	UNKNOWN STEP	2026-10-09T13:31:54.8096242Z [command]/usr/bin/git submodule foreach --recursive sh -c "git config --local --name-only --get-regexp 'http\.https\:\/\/github\.com\/\.extraheader' && git config --local --unset-all 'http.https://github.com/.extraheader' || :"
Linux gates	UNKNOWN STEP	2026-10-09T13:31:54.8334696Z Removing includeIf entries pointing to credentials config files
Linux gates	UNKNOWN STEP	2026-10-09T13:31:54.8337660Z [command]/usr/bin/git config --local --name-only --get-regexp ^includeIf\.gitdir:
Linux gates	UNKNOWN STEP	2026-10-09T13:31:54.8388550Z includeif.gitdir:/home/runner/work/fairpane/fairpane/.git.path
Linux gates	UNKNOWN STEP	2026-10-09T13:31:54.8390197Z includeif.gitdir:/home/runner/work/fairpane/fairpane/.git/worktrees/*.path
Linux gates	UNKNOWN STEP	2026-10-09T13:31:54.8391993Z includeif.gitdir:/github/workspace/.git.path
Linux gates	UNKNOWN STEP	2026-10-09T13:31:54.8393049Z includeif.gitdir:/github/workspace/.git/worktrees/*.path
Linux gates	UNKNOWN STEP	2026-10-09T13:31:54.8400199Z [command]/usr/bin/git config --local --get-all includeif.gitdir:/home/runner/work/fairpane/fairpane/.git.path
Linux gates	UNKNOWN STEP	2026-10-09T13:31:54.8429409Z /home/runner/work/_temp/git-credentials-a3ac13cd-15bf-42fd-b25b-bc5d3524cbcd.config
Linux gates	UNKNOWN STEP	2026-10-09T13:31:54.8441571Z [command]/usr/bin/git config --local --unset includeif.gitdir:/home/runner/work/fairpane/fairpane/.git.path \/home\/runner\/work\/_temp\/git\-credentials\-a3ac13cd\-15bf\-42fd\-b25b\-bc5d3524cbcd\.config
Linux gates	UNKNOWN STEP	2026-10-09T13:31:54.8492604Z [command]/usr/bin/git config --local --get-all includeif.gitdir:/home/runner/work/fairpane/fairpane/.git/worktrees/*.path
Linux gates	UNKNOWN STEP	2026-10-09T13:31:54.8522473Z /home/runner/work/_temp/git-credentials-a3ac13cd-15bf-42fd-b25b-bc5d3524cbcd.config
Linux gates	UNKNOWN STEP	2026-10-09T13:31:54.8532341Z [command]/usr/bin/git config --local --unset includeif.gitdir:/home/runner/work/fairpane/fairpane/.git/worktrees/*.path \/home\/runner\/work\/_temp\/git\-credentials\-a3ac13cd\-15bf\-42fd\-b25b\-bc5d3524cbcd\.config
Linux gates	UNKNOWN STEP	2026-10-09T13:31:54.8582907Z [command]/usr/bin/git config --local --get-all includeif.gitdir:/github/workspace/.git.path
Linux gates	UNKNOWN STEP	2026-10-09T13:31:54.8617875Z /github/runner_temp/git-credentials-a3ac13cd-15bf-42fd-b25b-bc5d3524cbcd.config
Linux gates	UNKNOWN STEP	2026-10-09T13:31:54.8685494Z [command]/usr/bin/git config --local --unset includeif.gitdir:/github/workspace/.git.path \/github\/runner_temp\/git\-credentials\-a3ac13cd\-15bf\-42fd\-b25b\-bc5d3524cbcd\.config
Linux gates	UNKNOWN STEP	2026-10-09T13:31:54.8726221Z [command]/usr/bin/git config --local --get-all includeif.gitdir:/github/workspace/.git/worktrees/*.path
Linux gates	UNKNOWN STEP	2026-10-09T13:31:54.8764518Z /github/runner_temp/git-credentials-a3ac13cd-15bf-42fd-b25b-bc5d3524cbcd.config
Linux gates	UNKNOWN STEP	2026-10-09T13:31:54.8768989Z [command]/usr/bin/git config --local --unset includeif.gitdir:/github/workspace/.git/worktrees/*.path \/github\/runner_temp\/git\-credentials\-a3ac13cd\-15bf\-42fd\-b25b\-bc5d3524cbcd\.config
Linux gates	UNKNOWN STEP	2026-10-09T13:31:54.8827252Z [command]/usr/bin/git submodule foreach --recursive git config --local --show-origin --name-only --get-regexp remote.origin.url
Linux gates	UNKNOWN STEP	2026-10-09T13:31:54.9080356Z Removing credentials config '/home/runner/work/_temp/git-credentials-a3ac13cd-15bf-42fd-b25b-bc5d3524cbcd.config'
Linux gates	UNKNOWN STEP	2026-10-09T13:31:54.9172542Z ##[endgroup]
Linux gates	UNKNOWN STEP	2026-10-09T13:31:54.9363119Z ##[group]Run actions/setup-node@949feb2413d6458794dcd2491c4babbbce0c15c1
Linux gates	UNKNOWN STEP	2026-10-09T13:31:54.9363565Z with:
Linux gates	UNKNOWN STEP	2026-10-09T13:31:54.9363784Z   node-version: 24.21.0
Linux gates	UNKNOWN STEP	2026-10-09T13:31:54.9364024Z   check-latest: false
Linux gates	UNKNOWN STEP	2026-10-09T13:31:54.9366491Z   token: ***
Linux gates	UNKNOWN STEP	2026-10-09T13:31:54.9366720Z   package-manager-cache: true
Linux gates	UNKNOWN STEP	2026-10-09T13:31:54.9366986Z ##[endgroup]
Linux gates	UNKNOWN STEP	2026-10-09T13:31:55.0660595Z Found in cache @ /opt/hostedtoolcache/node/24.21.0/x64
Linux gates	UNKNOWN STEP	2026-10-09T13:31:55.1713653Z ##[group]Environment details
Linux gates	UNKNOWN STEP	2026-10-09T13:31:55.5497260Z node: v24.21.0
Linux gates	UNKNOWN STEP	2026-10-09T13:31:55.5498096Z npm: 11.19.0
Linux gates	UNKNOWN STEP	2026-10-09T13:31:55.5498640Z yarn: 1.22.22
Linux gates	UNKNOWN STEP	2026-10-09T13:31:55.5499809Z ##[endgroup]
Linux gates	UNKNOWN STEP	2026-10-09T13:31:55.5647203Z ##[group]Run node tools/fairpane.mjs install-zig
Linux gates	UNKNOWN STEP	2026-10-09T13:31:55.5647657Z [36;1mnode tools/fairpane.mjs install-zig[0m
Linux gates	UNKNOWN STEP	2026-10-09T13:31:55.5937157Z shell: /usr/bin/bash -e {0}
Linux gates	UNKNOWN STEP	2026-10-09T13:31:55.5937558Z ##[endgroup]
Linux gates	UNKNOWN STEP	2026-10-09T13:32:08.2580538Z {
Linux gates	UNKNOWN STEP	2026-10-09T13:32:08.2582331Z   "compiler": "/home/runner/work/fairpane/fairpane/.tools/zig/0.18.0-dev.120+9fe22a29b/x86_64-linux/zig",
Linux gates	UNKNOWN STEP	2026-10-09T13:32:08.2583366Z   "downloaded": true
Linux gates	UNKNOWN STEP	2026-10-09T13:32:08.2583784Z }
Linux gates	UNKNOWN STEP	2026-10-09T13:32:08.2739500Z ##[group]Run node tools/fairpane.mjs run repo-check
Linux gates	UNKNOWN STEP	2026-10-09T13:32:08.2739970Z [36;1mnode tools/fairpane.mjs run repo-check[0m
Linux gates	UNKNOWN STEP	2026-10-09T13:32:08.2803186Z shell: /usr/bin/bash -e {0}
Linux gates	UNKNOWN STEP	2026-10-09T13:32:08.2803494Z ##[endgroup]
Linux gates	UNKNOWN STEP	2026-10-09T13:32:08.3344850Z Execute gate repo-check.
Linux gates	UNKNOWN STEP	2026-10-09T13:32:08.5409143Z {
Linux gates	UNKNOWN STEP	2026-10-09T13:32:08.5409966Z   "gate": "repo-check",
Linux gates	UNKNOWN STEP	2026-10-09T13:32:08.5410454Z   "status": "pass",
Linux gates	UNKNOWN STEP	2026-10-09T13:32:08.5473406Z   "receipt": "out/evidence/2026-10-09T13-32-08-381Z-repo-check-722fee36.json",
Linux gates	UNKNOWN STEP	2026-10-09T13:32:08.5473934Z   "error": null
Linux gates	UNKNOWN STEP	2026-10-09T13:32:08.5474182Z }
Linux gates	UNKNOWN STEP	2026-10-09T13:32:08.5506261Z ##[group]Run node tools/fairpane.mjs run controller-test
Linux gates	UNKNOWN STEP	2026-10-09T13:32:08.5506730Z [36;1mnode tools/fairpane.mjs run controller-test[0m
Linux gates	UNKNOWN STEP	2026-10-09T13:32:08.5570614Z shell: /usr/bin/bash -e {0}
Linux gates	UNKNOWN STEP	2026-10-09T13:32:08.5571250Z ##[endgroup]
Linux gates	UNKNOWN STEP	2026-10-09T13:32:08.6098154Z Execute gate controller-test.
Linux gates	UNKNOWN STEP	2026-10-09T13:32:26.8476365Z {
Linux gates	UNKNOWN STEP	2026-10-09T13:32:26.8476922Z   "gate": "controller-test",
Linux gates	UNKNOWN STEP	2026-10-09T13:32:26.8479335Z   "status": "pass",
Linux gates	UNKNOWN STEP	2026-10-09T13:32:26.8480200Z   "receipt": "out/evidence/2026-10-09T13-32-08-655Z-controller-test-47e5ddad.json",
Linux gates	UNKNOWN STEP	2026-10-09T13:32:26.8481317Z   "error": null
Linux gates	UNKNOWN STEP	2026-10-09T13:32:26.8481810Z }
Linux gates	UNKNOWN STEP	2026-10-09T13:32:26.8580562Z ##[group]Run node tools/fairpane.mjs run zig-fmt
Linux gates	UNKNOWN STEP	2026-10-09T13:32:26.8581293Z [36;1mnode tools/fairpane.mjs run zig-fmt[0m
Linux gates	UNKNOWN STEP	2026-10-09T13:32:26.8650072Z shell: /usr/bin/bash -e {0}
Linux gates	UNKNOWN STEP	2026-10-09T13:32:26.8650347Z ##[endgroup]
Linux gates	UNKNOWN STEP	2026-10-09T13:32:26.9216114Z Execute gate zig-fmt.
Linux gates	UNKNOWN STEP	2026-10-09T13:32:27.0964581Z {
Linux gates	UNKNOWN STEP	2026-10-09T13:32:27.0965096Z   "gate": "zig-fmt",
Linux gates	UNKNOWN STEP	2026-10-09T13:32:27.0965590Z   "status": "pass",
Linux gates	UNKNOWN STEP	2026-10-09T13:32:27.0966343Z   "receipt": "out/evidence/2026-10-09T13-32-26-966Z-zig-fmt-eac3311b.json",
Linux gates	UNKNOWN STEP	2026-10-09T13:32:27.0967042Z   "error": null
Linux gates	UNKNOWN STEP	2026-10-09T13:32:27.0967442Z }
Linux gates	UNKNOWN STEP	2026-10-09T13:32:27.1063842Z ##[group]Run node tools/fairpane.mjs run zig-test
Linux gates	UNKNOWN STEP	2026-10-09T13:32:27.1064441Z [36;1mnode tools/fairpane.mjs run zig-test[0m
Linux gates	UNKNOWN STEP	2026-10-09T13:32:27.1128730Z shell: /usr/bin/bash -e {0}
Linux gates	UNKNOWN STEP	2026-10-09T13:32:27.1129028Z ##[endgroup]
Linux gates	UNKNOWN STEP	2026-10-09T13:32:27.1683090Z Execute gate zig-test.
Linux gates	UNKNOWN STEP	2026-10-09T13:42:27.2711606Z {
Linux gates	UNKNOWN STEP	2026-10-09T13:42:27.2712476Z   "gate": "zig-test",
Linux gates	UNKNOWN STEP	2026-10-09T13:42:27.2713038Z   "status": "fail",
Linux gates	UNKNOWN STEP	2026-10-09T13:42:27.2713928Z   "receipt": "out/evidence/2026-10-09T13-32-27-223Z-zig-test-46a89bbd.json",
Linux gates	UNKNOWN STEP	2026-10-09T13:42:27.2715767Z   "error": "Gate command failed: [\"/home/runner/work/fairpane/fairpane/.tools/zig/0.18.0-dev.120+9fe22a29b/x86_64-linux/zig\",\"build\",\"test\"]"
Linux gates	UNKNOWN STEP	2026-10-09T13:42:27.2717203Z }
Linux gates	UNKNOWN STEP	2026-10-09T13:42:27.2803506Z ##[error]Process completed with exit code 1.
Linux gates	UNKNOWN STEP	2026-10-09T13:42:27.2897897Z ##[group]Run actions/upload-artifact@cf430e030ddbb5b0abf93d22962f4752f3646cd9
Linux gates	UNKNOWN STEP	2026-10-09T13:42:27.2898310Z with:
Linux gates	UNKNOWN STEP	2026-10-09T13:42:27.2898672Z   name: linux-gate-receipts-unsigned-local-integrity-records-not-attestations
Linux gates	UNKNOWN STEP	2026-10-09T13:42:27.2899121Z   path: out/evidence/
Linux gates	UNKNOWN STEP	2026-10-09T13:42:27.2899351Z   if-no-files-found: error
Linux gates	UNKNOWN STEP	2026-10-09T13:42:27.2899581Z   compression-level: 6
Linux gates	UNKNOWN STEP	2026-10-09T13:42:27.2899792Z   overwrite: false
Linux gates	UNKNOWN STEP	2026-10-09T13:42:27.2900000Z   include-hidden-files: false
Linux gates	UNKNOWN STEP	2026-10-09T13:42:27.2900241Z   archive: true
Linux gates	UNKNOWN STEP	2026-10-09T13:42:27.2900437Z ##[endgroup]
Linux gates	UNKNOWN STEP	2026-10-09T13:42:27.4383555Z With the provided path, there will be 8 files uploaded
Linux gates	UNKNOWN STEP	2026-10-09T13:42:27.4391751Z Artifact name is valid!
Linux gates	UNKNOWN STEP	2026-10-09T13:42:27.4392715Z Root directory input is valid!
Linux gates	UNKNOWN STEP	2026-10-09T13:42:27.6978287Z Uploading artifact: linux-gate-receipts-unsigned-local-integrity-records-not-attestations.zip
Linux gates	UNKNOWN STEP	2026-10-09T13:42:27.7040939Z Beginning upload of artifact content to blob storage
Linux gates	UNKNOWN STEP	2026-10-09T13:42:27.8973315Z Uploaded bytes 15640
Linux gates	UNKNOWN STEP	2026-10-09T13:42:27.9322251Z Finished uploading artifact content to blob storage!
Linux gates	UNKNOWN STEP	2026-10-09T13:42:27.9323472Z SHA256 digest of uploaded artifact is c840dc5cf91c3ec944a0380ad5e72ff13934216acb0500595ab9a34e416da2af
Linux gates	UNKNOWN STEP	2026-10-09T13:42:27.9324430Z Finalizing artifact upload
Linux gates	UNKNOWN STEP	2026-10-09T13:42:28.2468371Z Artifact linux-gate-receipts-unsigned-local-integrity-records-not-attestations successfully finalized. Artifact ID 11620461075
Linux gates	UNKNOWN STEP	2026-10-09T13:42:28.2471430Z Artifact linux-gate-receipts-unsigned-local-integrity-records-not-attestations has been successfully uploaded! Final size is 15640 bytes. Artifact ID is 11620461075
Linux gates	UNKNOWN STEP	2026-10-09T13:42:28.2473495Z Artifact download URL: https://github.com/mattneel/fairpane/actions/runs/37937485293/artifacts/11620461075
Linux gates	UNKNOWN STEP	2026-10-09T13:42:28.2668683Z Post job cleanup.
Linux gates	UNKNOWN STEP	2026-10-09T13:42:28.3511838Z [command]/usr/bin/git version
Linux gates	UNKNOWN STEP	2026-10-09T13:42:28.3551840Z git version 2.55.0
Linux gates	UNKNOWN STEP	2026-10-09T13:42:28.3595778Z Temporarily overriding HOME='/home/runner/work/_temp/4d060137-bd13-41ed-bdc5-9757a25a416e' before making global git config changes
Linux gates	UNKNOWN STEP	2026-10-09T13:42:28.3597551Z Adding repository directory to the temporary git global config as a safe directory
Linux gates	UNKNOWN STEP	2026-10-09T13:42:28.3612130Z [command]/usr/bin/git config --global --add safe.directory /home/runner/work/fairpane/fairpane
Linux gates	UNKNOWN STEP	2026-10-09T13:42:28.3635572Z Removing SSH command configuration
Linux gates	UNKNOWN STEP	2026-10-09T13:42:28.3642354Z [command]/usr/bin/git config --local --name-only --get-regexp core\.sshCommand
Linux gates	UNKNOWN STEP	2026-10-09T13:42:28.3682984Z [command]/usr/bin/git submodule foreach --recursive sh -c "git config --local --name-only --get-regexp 'core\.sshCommand' && git config --local --unset-all 'core.sshCommand' || :"
Linux gates	UNKNOWN STEP	2026-10-09T13:42:28.3925105Z Removing HTTP extra header
Linux gates	UNKNOWN STEP	2026-10-09T13:42:28.3932535Z [command]/usr/bin/git config --local --name-only --get-regexp http\.https\:\/\/github\.com\/\.extraheader
Linux gates	UNKNOWN STEP	2026-10-09T13:42:28.3968615Z [command]/usr/bin/git submodule foreach --recursive sh -c "git config --local --name-only --get-regexp 'http\.https\:\/\/github\.com\/\.extraheader' && git config --local --unset-all 'http.https://github.com/.extraheader' || :"
Linux gates	UNKNOWN STEP	2026-10-09T13:42:28.4235431Z Removing includeIf entries pointing to credentials config files
Linux gates	UNKNOWN STEP	2026-10-09T13:42:28.4243739Z [command]/usr/bin/git config --local --name-only --get-regexp ^includeIf\.gitdir:
Linux gates	UNKNOWN STEP	2026-10-09T13:42:28.4284857Z [command]/usr/bin/git submodule foreach --recursive git config --local --show-origin --name-only --get-regexp remote.origin.url
Linux gates	UNKNOWN STEP	2026-10-09T13:42:28.4702407Z Cleaning up orphan processes
Windows gates	UNKNOWN STEP	﻿2026-10-09T13:31:52.3709634Z Current runner version: '2.337.0'
Windows gates	UNKNOWN STEP	2026-10-09T13:31:52.3743136Z ##[group]Runner Image Provisioner
Windows gates	UNKNOWN STEP	2026-10-09T13:31:52.3744636Z Hosted Compute Agent
Windows gates	UNKNOWN STEP	2026-10-09T13:31:52.3745537Z Version: 20260901.588
Windows gates	UNKNOWN STEP	2026-10-09T13:31:52.3746471Z Commit: f88ec8081b781fac6c440065ac7ff9e710ce3d0b
Windows gates	UNKNOWN STEP	2026-10-09T13:31:52.3747604Z Build Date: 2026-09-01T19:56:44Z
Windows gates	UNKNOWN STEP	2026-10-09T13:31:52.3748638Z Worker ID: {692151a4-23dd-4880-a7cc-4378492a1467}
Windows gates	UNKNOWN STEP	2026-10-09T13:31:52.3749881Z Azure Region: westus
Windows gates	UNKNOWN STEP	2026-10-09T13:31:52.3750735Z ##[endgroup]
Windows gates	UNKNOWN STEP	2026-10-09T13:31:52.3752855Z ##[group]Operating System
Windows gates	UNKNOWN STEP	2026-10-09T13:31:52.3753830Z Microsoft Windows Server 2025
Windows gates	UNKNOWN STEP	2026-10-09T13:31:52.3754836Z 10.0.26100
Windows gates	UNKNOWN STEP	2026-10-09T13:31:52.3755609Z Datacenter
Windows gates	UNKNOWN STEP	2026-10-09T13:31:52.3756348Z ##[endgroup]
Windows gates	UNKNOWN STEP	2026-10-09T13:31:52.3757104Z ##[group]Runner Image
Windows gates	UNKNOWN STEP	2026-10-09T13:31:52.3757974Z Image: windows-2025-vs2026
Windows gates	UNKNOWN STEP	2026-10-09T13:31:52.3758970Z Version: 20260925.250.1
Windows gates	UNKNOWN STEP	2026-10-09T13:31:52.3761155Z Included Software: https://github.com/actions/runner-images/blob/win25-vs2026/20260925.250/images/windows/Windows2025-VS2026-Readme.md
Windows gates	UNKNOWN STEP	2026-10-09T13:31:52.3763971Z Image Release: https://github.com/actions/runner-images/releases/tag/win25-vs2026%2F20260925.250
Windows gates	UNKNOWN STEP	2026-10-09T13:31:52.3765967Z ##[endgroup]
Windows gates	UNKNOWN STEP	2026-10-09T13:31:52.3767679Z ##[group]GITHUB_TOKEN Permissions
Windows gates	UNKNOWN STEP	2026-10-09T13:31:52.3770452Z Contents: read
Windows gates	UNKNOWN STEP	2026-10-09T13:31:52.3771351Z Metadata: read
Windows gates	UNKNOWN STEP	2026-10-09T13:31:52.3772143Z ##[endgroup]
Windows gates	UNKNOWN STEP	2026-10-09T13:31:52.3775052Z Secret source: Actions
Windows gates	UNKNOWN STEP	2026-10-09T13:31:52.3776374Z Cache mode: write
Windows gates	UNKNOWN STEP	2026-10-09T13:31:52.3777678Z Prepare workflow directory
Windows gates	UNKNOWN STEP	2026-10-09T13:31:52.4284684Z Prepare all required actions
Windows gates	UNKNOWN STEP	2026-10-09T13:31:52.4335677Z Getting action download info
Windows gates	UNKNOWN STEP	2026-10-09T13:31:52.7899162Z Download action repository 'actions/checkout@3d3c42e5aac5ba805825da76410c181273ba90b1' (SHA:3d3c42e5aac5ba805825da76410c181273ba90b1)
Windows gates	UNKNOWN STEP	2026-10-09T13:31:52.9258424Z Download action repository 'actions/setup-node@949feb2413d6458794dcd2491c4babbbce0c15c1' (SHA:949feb2413d6458794dcd2491c4babbbce0c15c1)
Windows gates	UNKNOWN STEP	2026-10-09T13:31:53.4257754Z Download action repository 'actions/upload-artifact@cf430e030ddbb5b0abf93d22962f4752f3646cd9' (SHA:cf430e030ddbb5b0abf93d22962f4752f3646cd9)
Windows gates	UNKNOWN STEP	2026-10-09T13:31:55.0895610Z Complete job name: Windows gates
Windows gates	UNKNOWN STEP	2026-10-09T13:31:55.2593299Z ##[group]Run actions/checkout@3d3c42e5aac5ba805825da76410c181273ba90b1
Windows gates	UNKNOWN STEP	2026-10-09T13:31:55.2595535Z with:
Windows gates	UNKNOWN STEP	2026-10-09T13:31:55.2596408Z   persist-credentials: false
Windows gates	UNKNOWN STEP	2026-10-09T13:31:55.2597439Z   repository: mattneel/fairpane
Windows gates	UNKNOWN STEP	2026-10-09T13:31:55.2606660Z   token: ***
Windows gates	UNKNOWN STEP	2026-10-09T13:31:55.2607479Z   ssh-strict: true
Windows gates	UNKNOWN STEP	2026-10-09T13:31:55.2608311Z   ssh-user: git
Windows gates	UNKNOWN STEP	2026-10-09T13:31:55.2609109Z   clean: true
Windows gates	UNKNOWN STEP	2026-10-09T13:31:55.2609915Z   sparse-checkout-cone-mode: true
Windows gates	UNKNOWN STEP	2026-10-09T13:31:55.2610832Z   fetch-depth: 1
Windows gates	UNKNOWN STEP	2026-10-09T13:31:55.2611579Z   fetch-tags: false
Windows gates	UNKNOWN STEP	2026-10-09T13:31:55.2612356Z   show-progress: true
Windows gates	UNKNOWN STEP	2026-10-09T13:31:55.2613123Z   lfs: false
Windows gates	UNKNOWN STEP	2026-10-09T13:31:55.2613850Z   submodules: false
Windows gates	UNKNOWN STEP	2026-10-09T13:31:55.2614652Z   set-safe-directory: true
Windows gates	UNKNOWN STEP	2026-10-09T13:31:55.2615797Z   allow-unsafe-pr-checkout: false
Windows gates	UNKNOWN STEP	2026-10-09T13:31:55.2617004Z ##[endgroup]
Windows gates	UNKNOWN STEP	2026-10-09T13:31:55.4263308Z Syncing repository: mattneel/fairpane
Windows gates	UNKNOWN STEP	2026-10-09T13:31:55.4265997Z ##[group]Getting Git version info
Windows gates	UNKNOWN STEP	2026-10-09T13:31:55.4267074Z Working directory is 'D:\a\fairpane\fairpane'
Windows gates	UNKNOWN STEP	2026-10-09T13:31:55.5427541Z [command]"C:\Program Files\Git\bin\git.exe" version
Windows gates	UNKNOWN STEP	2026-10-09T13:31:55.9143939Z git version 2.55.0.windows.5
Windows gates	UNKNOWN STEP	2026-10-09T13:31:55.9197080Z ##[endgroup]
Windows gates	UNKNOWN STEP	2026-10-09T13:31:55.9213402Z Temporarily overriding HOME='D:\a\_temp\c0e5c1f1-412b-42fb-bbee-53f59d95d08e' before making global git config changes
Windows gates	UNKNOWN STEP	2026-10-09T13:31:55.9214768Z Adding repository directory to the temporary git global config as a safe directory
Windows gates	UNKNOWN STEP	2026-10-09T13:31:55.9225123Z [command]"C:\Program Files\Git\bin\git.exe" config --global --add safe.directory D:\a\fairpane\fairpane
Windows gates	UNKNOWN STEP	2026-10-09T13:31:55.9897122Z Deleting the contents of 'D:\a\fairpane\fairpane'
Windows gates	UNKNOWN STEP	2026-10-09T13:31:55.9903341Z ##[group]Determining repository object format
Windows gates	UNKNOWN STEP	2026-10-09T13:31:55.9905254Z ##[endgroup]
Windows gates	UNKNOWN STEP	2026-10-09T13:31:55.9906335Z ##[group]Initializing the repository
Windows gates	UNKNOWN STEP	2026-10-09T13:31:55.9913785Z [command]"C:\Program Files\Git\bin\git.exe" init D:\a\fairpane\fairpane
Windows gates	UNKNOWN STEP	2026-10-09T13:31:56.0873437Z Initialized empty Git repository in D:/a/fairpane/fairpane/.git/
Windows gates	UNKNOWN STEP	2026-10-09T13:31:56.0921454Z [command]"C:\Program Files\Git\bin\git.exe" remote add origin https://github.com/mattneel/fairpane
Windows gates	UNKNOWN STEP	2026-10-09T13:31:56.1534219Z ##[endgroup]
Windows gates	UNKNOWN STEP	2026-10-09T13:31:56.1535348Z ##[group]Disabling automatic garbage collection
Windows gates	UNKNOWN STEP	2026-10-09T13:31:56.1544591Z [command]"C:\Program Files\Git\bin\git.exe" config --local gc.auto 0
Windows gates	UNKNOWN STEP	2026-10-09T13:31:56.1849108Z ##[endgroup]
Windows gates	UNKNOWN STEP	2026-10-09T13:31:56.1850853Z ##[group]Setting up auth
Windows gates	UNKNOWN STEP	2026-10-09T13:31:56.1852036Z Removing SSH command configuration
Windows gates	UNKNOWN STEP	2026-10-09T13:31:56.1861278Z [command]"C:\Program Files\Git\bin\git.exe" config --local --name-only --get-regexp core\.sshCommand
Windows gates	UNKNOWN STEP	2026-10-09T13:31:56.2172559Z [command]"C:\Program Files\Git\bin\git.exe" submodule foreach --recursive "sh -c \"git config --local --name-only --get-regexp 'core\.sshCommand' && git config --local --unset-all 'core.sshCommand' || :\""
Windows gates	UNKNOWN STEP	2026-10-09T13:31:57.6411070Z Removing HTTP extra header
Windows gates	UNKNOWN STEP	2026-10-09T13:31:57.6420160Z [command]"C:\Program Files\Git\bin\git.exe" config --local --name-only --get-regexp http\.https\:\/\/github\.com\/\.extraheader
Windows gates	UNKNOWN STEP	2026-10-09T13:31:57.6733053Z [command]"C:\Program Files\Git\bin\git.exe" submodule foreach --recursive "sh -c \"git config --local --name-only --get-regexp 'http\.https\:\/\/github\.com\/\.extraheader' && git config --local --unset-all 'http.https://github.com/.extraheader' || :\""
Windows gates	UNKNOWN STEP	2026-10-09T13:31:58.2214094Z Removing includeIf entries pointing to credentials config files
Windows gates	UNKNOWN STEP	2026-10-09T13:31:58.2228594Z [command]"C:\Program Files\Git\bin\git.exe" config --local --name-only --get-regexp ^includeIf\.gitdir:
Windows gates	UNKNOWN STEP	2026-10-09T13:31:58.2548216Z [command]"C:\Program Files\Git\bin\git.exe" submodule foreach --recursive "git config --local --show-origin --name-only --get-regexp remote.origin.url"
Windows gates	UNKNOWN STEP	2026-10-09T13:31:58.7959732Z [command]"C:\Program Files\Git\bin\git.exe" config --file D:\a\_temp\git-credentials-db30990b-5118-4402-9856-756fa83b70b6.config http.https://github.com/.extraheader "AUTHORIZATION: basic ***"
Windows gates	UNKNOWN STEP	2026-10-09T13:31:58.8371810Z [command]"C:\Program Files\Git\bin\git.exe" config --local includeIf.gitdir:D:/a/fairpane/fairpane/.git.path D:\a\_temp\git-credentials-db30990b-5118-4402-9856-756fa83b70b6.config
Windows gates	UNKNOWN STEP	2026-10-09T13:31:58.8719462Z [command]"C:\Program Files\Git\bin\git.exe" config --local includeIf.gitdir:D:/a/fairpane/fairpane/.git/worktrees/*.path D:\a\_temp\git-credentials-db30990b-5118-4402-9856-756fa83b70b6.config
Windows gates	UNKNOWN STEP	2026-10-09T13:31:58.9077128Z [command]"C:\Program Files\Git\bin\git.exe" config --local includeIf.gitdir:/github/workspace/.git.path /github/runner_temp/git-credentials-db30990b-5118-4402-9856-756fa83b70b6.config
Windows gates	UNKNOWN STEP	2026-10-09T13:31:58.9403384Z [command]"C:\Program Files\Git\bin\git.exe" config --local includeIf.gitdir:/github/workspace/.git/worktrees/*.path /github/runner_temp/git-credentials-db30990b-5118-4402-9856-756fa83b70b6.config
Windows gates	UNKNOWN STEP	2026-10-09T13:31:58.9730124Z ##[endgroup]
Windows gates	UNKNOWN STEP	2026-10-09T13:31:58.9730608Z ##[group]Fetching the repository
Windows gates	UNKNOWN STEP	2026-10-09T13:31:58.9742965Z [command]"C:\Program Files\Git\bin\git.exe" -c protocol.version=2 fetch --no-tags --prune --no-recurse-submodules --depth=1 origin +45acde8bd09df957515b75962f29ab2f5632feb0:refs/remotes/origin/master
Windows gates	UNKNOWN STEP	2026-10-09T13:32:00.7812209Z From https://github.com/mattneel/fairpane
Windows gates	UNKNOWN STEP	2026-10-09T13:32:00.7814092Z  * [new ref]         45acde8bd09df957515b75962f29ab2f5632feb0 -> origin/master
Windows gates	UNKNOWN STEP	2026-10-09T13:32:00.7875113Z [command]"C:\Program Files\Git\bin\git.exe" branch --list --remote origin/master
Windows gates	UNKNOWN STEP	2026-10-09T13:32:00.8312598Z   origin/master
Windows gates	UNKNOWN STEP	2026-10-09T13:32:00.8361431Z [command]"C:\Program Files\Git\bin\git.exe" rev-parse refs/remotes/origin/master
Windows gates	UNKNOWN STEP	2026-10-09T13:32:00.8642997Z 45acde8bd09df957515b75962f29ab2f5632feb0
Windows gates	UNKNOWN STEP	2026-10-09T13:32:00.8681416Z ##[endgroup]
Windows gates	UNKNOWN STEP	2026-10-09T13:32:00.8681895Z ##[group]Determining the checkout info
Windows gates	UNKNOWN STEP	2026-10-09T13:32:00.8682445Z ##[endgroup]
Windows gates	UNKNOWN STEP	2026-10-09T13:32:00.8691793Z [command]"C:\Program Files\Git\bin\git.exe" sparse-checkout disable
Windows gates	UNKNOWN STEP	2026-10-09T13:32:00.9151733Z [command]"C:\Program Files\Git\bin\git.exe" config --local --unset-all extensions.worktreeConfig
Windows gates	UNKNOWN STEP	2026-10-09T13:32:00.9487002Z ##[group]Checking out the ref
Windows gates	UNKNOWN STEP	2026-10-09T13:32:00.9496125Z [command]"C:\Program Files\Git\bin\git.exe" checkout --progress --force -B master refs/remotes/origin/master
Windows gates	UNKNOWN STEP	2026-10-09T13:32:01.3972137Z Reset branch 'master'
Windows gates	UNKNOWN STEP	2026-10-09T13:32:01.4041192Z branch 'master' set up to track 'origin/master'.
Windows gates	UNKNOWN STEP	2026-10-09T13:32:01.4096629Z ##[endgroup]
Windows gates	UNKNOWN STEP	2026-10-09T13:32:01.4632824Z [command]"C:\Program Files\Git\bin\git.exe" log -1 --format=%H
Windows gates	UNKNOWN STEP	2026-10-09T13:32:01.4971827Z 45acde8bd09df957515b75962f29ab2f5632feb0
Windows gates	UNKNOWN STEP	2026-10-09T13:32:01.5013725Z ##[group]Removing auth
Windows gates	UNKNOWN STEP	2026-10-09T13:32:01.5014178Z Removing SSH command configuration
Windows gates	UNKNOWN STEP	2026-10-09T13:32:01.5022195Z [command]"C:\Program Files\Git\bin\git.exe" config --local --name-only --get-regexp core\.sshCommand
Windows gates	UNKNOWN STEP	2026-10-09T13:32:01.5331330Z [command]"C:\Program Files\Git\bin\git.exe" submodule foreach --recursive "sh -c \"git config --local --name-only --get-regexp 'core\.sshCommand' && git config --local --unset-all 'core.sshCommand' || :\""
Windows gates	UNKNOWN STEP	2026-10-09T13:32:02.0744290Z Removing HTTP extra header
Windows gates	UNKNOWN STEP	2026-10-09T13:32:02.0753086Z [command]"C:\Program Files\Git\bin\git.exe" config --local --name-only --get-regexp http\.https\:\/\/github\.com\/\.extraheader
Windows gates	UNKNOWN STEP	2026-10-09T13:32:02.1063236Z [command]"C:\Program Files\Git\bin\git.exe" submodule foreach --recursive "sh -c \"git config --local --name-only --get-regexp 'http\.https\:\/\/github\.com\/\.extraheader' && git config --local --unset-all 'http.https://github.com/.extraheader' || :\""
Windows gates	UNKNOWN STEP	2026-10-09T13:32:02.6565191Z Removing includeIf entries pointing to credentials config files
Windows gates	UNKNOWN STEP	2026-10-09T13:32:02.6574637Z [command]"C:\Program Files\Git\bin\git.exe" config --local --name-only --get-regexp ^includeIf\.gitdir:
Windows gates	UNKNOWN STEP	2026-10-09T13:32:02.6844607Z includeif.gitdir:D:/a/fairpane/fairpane/.git.path
Windows gates	UNKNOWN STEP	2026-10-09T13:32:02.6846599Z includeif.gitdir:D:/a/fairpane/fairpane/.git/worktrees/*.path
Windows gates	UNKNOWN STEP	2026-10-09T13:32:02.6847220Z includeif.gitdir:/github/workspace/.git.path
Windows gates	UNKNOWN STEP	2026-10-09T13:32:02.6847890Z includeif.gitdir:/github/workspace/.git/worktrees/*.path
Windows gates	UNKNOWN STEP	2026-10-09T13:32:02.6891449Z [command]"C:\Program Files\Git\bin\git.exe" config --local --get-all includeif.gitdir:D:/a/fairpane/fairpane/.git.path
Windows gates	UNKNOWN STEP	2026-10-09T13:32:02.7158942Z D:\a\_temp\git-credentials-db30990b-5118-4402-9856-756fa83b70b6.config
Windows gates	UNKNOWN STEP	2026-10-09T13:32:02.7205558Z [command]"C:\Program Files\Git\bin\git.exe" config --local --unset includeif.gitdir:D:/a/fairpane/fairpane/.git.path D\:\\a\\_temp\\git\-credentials\-db30990b\-5118\-4402\-9856\-756fa83b70b6\.config
Windows gates	UNKNOWN STEP	2026-10-09T13:32:02.7519170Z [command]"C:\Program Files\Git\bin\git.exe" config --local --get-all includeif.gitdir:D:/a/fairpane/fairpane/.git/worktrees/*.path
Windows gates	UNKNOWN STEP	2026-10-09T13:32:02.7782799Z D:\a\_temp\git-credentials-db30990b-5118-4402-9856-756fa83b70b6.config
Windows gates	UNKNOWN STEP	2026-10-09T13:32:02.7832311Z [command]"C:\Program Files\Git\bin\git.exe" config --local --unset includeif.gitdir:D:/a/fairpane/fairpane/.git/worktrees/*.path D\:\\a\\_temp\\git\-credentials\-db30990b\-5118\-4402\-9856\-756fa83b70b6\.config
Windows gates	UNKNOWN STEP	2026-10-09T13:32:02.8148562Z [command]"C:\Program Files\Git\bin\git.exe" config --local --get-all includeif.gitdir:/github/workspace/.git.path
Windows gates	UNKNOWN STEP	2026-10-09T13:32:02.8418010Z /github/runner_temp/git-credentials-db30990b-5118-4402-9856-756fa83b70b6.config
Windows gates	UNKNOWN STEP	2026-10-09T13:32:02.8462505Z [command]"C:\Program Files\Git\bin\git.exe" config --local --unset includeif.gitdir:/github/workspace/.git.path \/github\/runner_temp\/git\-credentials\-db30990b\-5118\-4402\-9856\-756fa83b70b6\.config
Windows gates	UNKNOWN STEP	2026-10-09T13:32:02.8773576Z [command]"C:\Program Files\Git\bin\git.exe" config --local --get-all includeif.gitdir:/github/workspace/.git/worktrees/*.path
Windows gates	UNKNOWN STEP	2026-10-09T13:32:02.9033296Z /github/runner_temp/git-credentials-db30990b-5118-4402-9856-756fa83b70b6.config
Windows gates	UNKNOWN STEP	2026-10-09T13:32:02.9082492Z [command]"C:\Program Files\Git\bin\git.exe" config --local --unset includeif.gitdir:/github/workspace/.git/worktrees/*.path \/github\/runner_temp\/git\-credentials\-db30990b\-5118\-4402\-9856\-756fa83b70b6\.config
Windows gates	UNKNOWN STEP	2026-10-09T13:32:02.9397540Z [command]"C:\Program Files\Git\bin\git.exe" submodule foreach --recursive "git config --local --show-origin --name-only --get-regexp remote.origin.url"
Windows gates	UNKNOWN STEP	2026-10-09T13:32:03.4703267Z Removing credentials config 'D:\a\_temp\git-credentials-db30990b-5118-4402-9856-756fa83b70b6.config'
Windows gates	UNKNOWN STEP	2026-10-09T13:32:03.4716340Z ##[endgroup]
Windows gates	UNKNOWN STEP	2026-10-09T13:32:03.5270160Z ##[group]Run actions/setup-node@949feb2413d6458794dcd2491c4babbbce0c15c1
Windows gates	UNKNOWN STEP	2026-10-09T13:32:03.5270613Z with:
Windows gates	UNKNOWN STEP	2026-10-09T13:32:03.5270808Z   node-version: 24.21.0
Windows gates	UNKNOWN STEP	2026-10-09T13:32:03.5271045Z   check-latest: false
Windows gates	UNKNOWN STEP	2026-10-09T13:32:03.5273395Z   token: ***
Windows gates	UNKNOWN STEP	2026-10-09T13:32:03.5273600Z   package-manager-cache: true
Windows gates	UNKNOWN STEP	2026-10-09T13:32:03.5273855Z ##[endgroup]
Windows gates	UNKNOWN STEP	2026-10-09T13:32:03.6892114Z Found in cache @ C:\hostedtoolcache\windows\node\24.21.0\x64
Windows gates	UNKNOWN STEP	2026-10-09T13:32:04.7028940Z ##[group]Environment details
Windows gates	UNKNOWN STEP	2026-10-09T13:32:11.4766457Z node: v24.21.0
Windows gates	UNKNOWN STEP	2026-10-09T13:32:11.4766711Z npm: 11.19.0
Windows gates	UNKNOWN STEP	2026-10-09T13:32:11.4766896Z yarn: 1.22.22
Windows gates	UNKNOWN STEP	2026-10-09T13:32:11.4767829Z ##[endgroup]
Windows gates	UNKNOWN STEP	2026-10-09T13:32:11.5093131Z ##[group]Run node tools/fairpane.mjs install-zig
Windows gates	UNKNOWN STEP	2026-10-09T13:32:11.5093579Z [36;1mnode tools/fairpane.mjs install-zig[0m
Windows gates	UNKNOWN STEP	2026-10-09T13:32:11.9989704Z shell: C:\Program Files\PowerShell\7\pwsh.EXE -command ". '{0}'"
Windows gates	UNKNOWN STEP	2026-10-09T13:32:11.9990147Z ##[endgroup]
Windows gates	UNKNOWN STEP	2026-10-09T13:34:42.1152896Z D:\a\fairpane\fairpane\.tools\zig\0.18.0-dev.120+9fe22a29b\x86_64-windows\zig.exe
Windows gates	UNKNOWN STEP	2026-10-09T13:34:42.1986339Z {
Windows gates	UNKNOWN STEP	2026-10-09T13:34:42.1986997Z   "compiler": "D:\\a\\fairpane\\fairpane\\.tools\\zig\\0.18.0-dev.120+9fe22a29b\\x86_64-windows\\zig.exe",
Windows gates	UNKNOWN STEP	2026-10-09T13:34:42.1987561Z   "downloaded": true
Windows gates	UNKNOWN STEP	2026-10-09T13:34:42.1987957Z }
Windows gates	UNKNOWN STEP	2026-10-09T13:34:42.3357433Z ##[group]Run node tools/fairpane.mjs run repo-check
Windows gates	UNKNOWN STEP	2026-10-09T13:34:42.3357981Z [36;1mnode tools/fairpane.mjs run repo-check[0m
Windows gates	UNKNOWN STEP	2026-10-09T13:34:42.3434136Z shell: C:\Program Files\PowerShell\7\pwsh.EXE -command ". '{0}'"
Windows gates	UNKNOWN STEP	2026-10-09T13:34:42.3434569Z ##[endgroup]
Windows gates	UNKNOWN STEP	2026-10-09T13:34:42.7242465Z Execute gate repo-check.
Windows gates	UNKNOWN STEP	2026-10-09T13:34:43.1473652Z {
Windows gates	UNKNOWN STEP	2026-10-09T13:34:43.1474099Z   "gate": "repo-check",
Windows gates	UNKNOWN STEP	2026-10-09T13:34:43.1474497Z   "status": "pass",
Windows gates	UNKNOWN STEP	2026-10-09T13:34:43.1475128Z   "receipt": "out/evidence/2026-10-09T13-34-42-832Z-repo-check-07acec24.json",
Windows gates	UNKNOWN STEP	2026-10-09T13:34:43.1475701Z   "error": null
Windows gates	UNKNOWN STEP	2026-10-09T13:34:43.1476026Z }
Windows gates	UNKNOWN STEP	2026-10-09T13:34:43.3138845Z ##[group]Run node tools/fairpane.mjs run controller-test
Windows gates	UNKNOWN STEP	2026-10-09T13:34:43.3139339Z [36;1mnode tools/fairpane.mjs run controller-test[0m
Windows gates	UNKNOWN STEP	2026-10-09T13:34:43.3212843Z shell: C:\Program Files\PowerShell\7\pwsh.EXE -command ". '{0}'"
Windows gates	UNKNOWN STEP	2026-10-09T13:34:43.3213267Z ##[endgroup]
Windows gates	UNKNOWN STEP	2026-10-09T13:34:43.6688039Z Execute gate controller-test.
Windows gates	UNKNOWN STEP	2026-10-09T13:36:05.8233578Z {
Windows gates	UNKNOWN STEP	2026-10-09T13:36:05.8234265Z   "gate": "controller-test",
Windows gates	UNKNOWN STEP	2026-10-09T13:36:05.8234763Z   "status": "pass",
Windows gates	UNKNOWN STEP	2026-10-09T13:36:05.8235411Z   "receipt": "out/evidence/2026-10-09T13-34-43-769Z-controller-test-c4bf8907.json",
Windows gates	UNKNOWN STEP	2026-10-09T13:36:05.8236016Z   "error": null
Windows gates	UNKNOWN STEP	2026-10-09T13:36:05.8236384Z }
Windows gates	UNKNOWN STEP	2026-10-09T13:36:05.9441872Z ##[group]Run node tools/fairpane.mjs run zig-fmt
Windows gates	UNKNOWN STEP	2026-10-09T13:36:05.9442401Z [36;1mnode tools/fairpane.mjs run zig-fmt[0m
Windows gates	UNKNOWN STEP	2026-10-09T13:36:05.9517001Z shell: C:\Program Files\PowerShell\7\pwsh.EXE -command ". '{0}'"
Windows gates	UNKNOWN STEP	2026-10-09T13:36:05.9517443Z ##[endgroup]
Windows gates	UNKNOWN STEP	2026-10-09T13:36:06.3445188Z Execute gate zig-fmt.
Windows gates	UNKNOWN STEP	2026-10-09T13:36:06.6864263Z {
Windows gates	UNKNOWN STEP	2026-10-09T13:36:06.6865244Z   "gate": "zig-fmt",
Windows gates	UNKNOWN STEP	2026-10-09T13:36:06.6865765Z   "status": "pass",
Windows gates	UNKNOWN STEP	2026-10-09T13:36:06.6866278Z   "receipt": "out/evidence/2026-10-09T13-36-06-450Z-zig-fmt-20da7bbc.json",
Windows gates	UNKNOWN STEP	2026-10-09T13:36:06.6866828Z   "error": null
Windows gates	UNKNOWN STEP	2026-10-09T13:36:06.6867400Z }
Windows gates	UNKNOWN STEP	2026-10-09T13:36:06.8415443Z ##[group]Run node tools/fairpane.mjs run zig-test
Windows gates	UNKNOWN STEP	2026-10-09T13:36:06.8415988Z [36;1mnode tools/fairpane.mjs run zig-test[0m
Windows gates	UNKNOWN STEP	2026-10-09T13:36:06.8491103Z shell: C:\Program Files\PowerShell\7\pwsh.EXE -command ". '{0}'"
Windows gates	UNKNOWN STEP	2026-10-09T13:36:06.8491524Z ##[endgroup]
Windows gates	UNKNOWN STEP	2026-10-09T13:36:07.2113673Z Execute gate zig-test.
Windows gates	UNKNOWN STEP	2026-10-09T13:46:07.5581903Z {
Windows gates	UNKNOWN STEP	2026-10-09T13:46:07.5582978Z   "gate": "zig-test",
Windows gates	UNKNOWN STEP	2026-10-09T13:46:07.5584142Z   "status": "fail",
Windows gates	UNKNOWN STEP	2026-10-09T13:46:07.5584829Z   "receipt": "out/evidence/2026-10-09T13-36-07-309Z-zig-test-8381f25d.json",
Windows gates	UNKNOWN STEP	2026-10-09T13:46:07.5586252Z   "error": "Gate command failed: [\"D:\\\\a\\\\fairpane\\\\fairpane\\\\.tools\\\\zig\\\\0.18.0-dev.120+9fe22a29b\\\\x86_64-windows\\\\zig.exe\",\"build\",\"test\"]"
Windows gates	UNKNOWN STEP	2026-10-09T13:46:07.5587322Z }
Windows gates	UNKNOWN STEP	2026-10-09T13:46:07.6741058Z ##[error]Process completed with exit code 1.
Windows gates	UNKNOWN STEP	2026-10-09T13:46:07.6994137Z ##[group]Run actions/upload-artifact@cf430e030ddbb5b0abf93d22962f4752f3646cd9
Windows gates	UNKNOWN STEP	2026-10-09T13:46:07.6994819Z with:
Windows gates	UNKNOWN STEP	2026-10-09T13:46:07.6995249Z   name: windows-gate-receipts-unsigned-local-integrity-records-not-attestations
Windows gates	UNKNOWN STEP	2026-10-09T13:46:07.6995779Z   path: out/evidence/
Windows gates	UNKNOWN STEP	2026-10-09T13:46:07.6996058Z   if-no-files-found: error
Windows gates	UNKNOWN STEP	2026-10-09T13:46:07.6996339Z   compression-level: 6
Windows gates	UNKNOWN STEP	2026-10-09T13:46:07.6996603Z   overwrite: false
Windows gates	UNKNOWN STEP	2026-10-09T13:46:07.6996865Z   include-hidden-files: false
Windows gates	UNKNOWN STEP	2026-10-09T13:46:07.6997143Z   archive: true
Windows gates	UNKNOWN STEP	2026-10-09T13:46:07.6997390Z ##[endgroup]
Windows gates	UNKNOWN STEP	2026-10-09T13:46:07.9069415Z With the provided path, there will be 8 files uploaded
Windows gates	UNKNOWN STEP	2026-10-09T13:46:07.9076751Z Artifact name is valid!
Windows gates	UNKNOWN STEP	2026-10-09T13:46:07.9079017Z Root directory input is valid!
Windows gates	UNKNOWN STEP	2026-10-09T13:46:08.3008625Z Uploading artifact: windows-gate-receipts-unsigned-local-integrity-records-not-attestations.zip
Windows gates	UNKNOWN STEP	2026-10-09T13:46:08.3069343Z Beginning upload of artifact content to blob storage
Windows gates	UNKNOWN STEP	2026-10-09T13:46:08.7117938Z Uploaded bytes 15844
Windows gates	UNKNOWN STEP	2026-10-09T13:46:08.7869574Z Finished uploading artifact content to blob storage!
Windows gates	UNKNOWN STEP	2026-10-09T13:46:08.7871218Z SHA256 digest of uploaded artifact is 8e6776c19b9c1e4358178bd5c637572b8557fe3f34571ac755d2115bb42cbdb9
Windows gates	UNKNOWN STEP	2026-10-09T13:46:08.7872552Z Finalizing artifact upload
Windows gates	UNKNOWN STEP	2026-10-09T13:46:09.1847879Z Artifact windows-gate-receipts-unsigned-local-integrity-records-not-attestations successfully finalized. Artifact ID 11620626591
Windows gates	UNKNOWN STEP	2026-10-09T13:46:09.1850723Z Artifact windows-gate-receipts-unsigned-local-integrity-records-not-attestations has been successfully uploaded! Final size is 15844 bytes. Artifact ID is 11620626591
Windows gates	UNKNOWN STEP	2026-10-09T13:46:09.1857717Z Artifact download URL: https://github.com/mattneel/fairpane/actions/runs/37937485293/artifacts/11620626591
Windows gates	UNKNOWN STEP	2026-10-09T13:46:09.2269184Z Post job cleanup.
Windows gates	UNKNOWN STEP	2026-10-09T13:46:09.4755673Z [command]"C:\Program Files\Git\bin\git.exe" version
Windows gates	UNKNOWN STEP	2026-10-09T13:46:09.5049900Z git version 2.55.0.windows.5
Windows gates	UNKNOWN STEP	2026-10-09T13:46:09.5123757Z Temporarily overriding HOME='D:\a\_temp\54a02b3a-9249-4c45-a96a-27896ac38de9' before making global git config changes
Windows gates	UNKNOWN STEP	2026-10-09T13:46:09.5125947Z Adding repository directory to the temporary git global config as a safe directory
Windows gates	UNKNOWN STEP	2026-10-09T13:46:09.5137222Z [command]"C:\Program Files\Git\bin\git.exe" config --global --add safe.directory D:\a\fairpane\fairpane
Windows gates	UNKNOWN STEP	2026-10-09T13:46:09.5512619Z Removing SSH command configuration
Windows gates	UNKNOWN STEP	2026-10-09T13:46:09.5529971Z [command]"C:\Program Files\Git\bin\git.exe" config --local --name-only --get-regexp core\.sshCommand
Windows gates	UNKNOWN STEP	2026-10-09T13:46:09.5879888Z [command]"C:\Program Files\Git\bin\git.exe" submodule foreach --recursive "sh -c \"git config --local --name-only --get-regexp 'core\.sshCommand' && git config --local --unset-all 'core.sshCommand' || :\""
Windows gates	UNKNOWN STEP	2026-10-09T13:46:10.1859585Z Removing HTTP extra header
Windows gates	UNKNOWN STEP	2026-10-09T13:46:10.1870626Z [command]"C:\Program Files\Git\bin\git.exe" config --local --name-only --get-regexp http\.https\:\/\/github\.com\/\.extraheader
Windows gates	UNKNOWN STEP	2026-10-09T13:46:10.2221727Z [command]"C:\Program Files\Git\bin\git.exe" submodule foreach --recursive "sh -c \"git config --local --name-only --get-regexp 'http\.https\:\/\/github\.com\/\.extraheader' && git config --local --unset-all 'http.https://github.com/.extraheader' || :\""
Windows gates	UNKNOWN STEP	2026-10-09T13:46:10.8175443Z Removing includeIf entries pointing to credentials config files
Windows gates	UNKNOWN STEP	2026-10-09T13:46:10.8187092Z [command]"C:\Program Files\Git\bin\git.exe" config --local --name-only --get-regexp ^includeIf\.gitdir:
Windows gates	UNKNOWN STEP	2026-10-09T13:46:10.8533480Z [command]"C:\Program Files\Git\bin\git.exe" submodule foreach --recursive "git config --local --show-origin --name-only --get-regexp remote.origin.url"
Windows gates	UNKNOWN STEP	2026-10-09T13:46:11.4379158Z Cleaning up orphan processes
RESULT {"executable":"C:\\Program Files\\GitHub CLI\\gh.exe","arguments":["run","view","37937485293","--repo","mattneel/fairpane","--attempt","1","--log-failed"],"cwd":"C:\\Users\\requi\\.omp\\wt\\t60e032fd5\\m","started_at":"2026-10-09T16:45:21.323Z","exit_code":0,"signal":null,"timed_out":false,"error":null,"duration_ms":2056}
