
COMMAND ["C:\\Program Files\\GitHub CLI\\gh.exe","run","view","37935108213","--repo","mattneel/fairpane","--attempt","1","--log-failed"]
Windows gates	UNKNOWN STEP	﻿2026-10-09T13:11:44.8687794Z Current runner version: '2.337.0'
Windows gates	UNKNOWN STEP	2026-10-09T13:11:44.8714852Z ##[group]Runner Image Provisioner
Windows gates	UNKNOWN STEP	2026-10-09T13:11:44.8715673Z Hosted Compute Agent
Windows gates	UNKNOWN STEP	2026-10-09T13:11:44.8716219Z Version: 20260901.588
Windows gates	UNKNOWN STEP	2026-10-09T13:11:44.8716866Z Commit: f88ec8081b781fac6c440065ac7ff9e710ce3d0b
Windows gates	UNKNOWN STEP	2026-10-09T13:11:44.8717615Z Build Date: 2026-09-01T19:56:44Z
Windows gates	UNKNOWN STEP	2026-10-09T13:11:44.8718269Z Worker ID: {5142acee-e190-4116-a45a-104a780914e1}
Windows gates	UNKNOWN STEP	2026-10-09T13:11:44.8718992Z Azure Region: westus
Windows gates	UNKNOWN STEP	2026-10-09T13:11:44.8719565Z ##[endgroup]
Windows gates	UNKNOWN STEP	2026-10-09T13:11:44.8721040Z ##[group]Operating System
Windows gates	UNKNOWN STEP	2026-10-09T13:11:44.8721682Z Microsoft Windows Server 2025
Windows gates	UNKNOWN STEP	2026-10-09T13:11:44.8722843Z 10.0.26100
Windows gates	UNKNOWN STEP	2026-10-09T13:11:44.8723370Z Datacenter
Windows gates	UNKNOWN STEP	2026-10-09T13:11:44.8723927Z ##[endgroup]
Windows gates	UNKNOWN STEP	2026-10-09T13:11:44.8724477Z ##[group]Runner Image
Windows gates	UNKNOWN STEP	2026-10-09T13:11:44.8725047Z Image: windows-2025-vs2026
Windows gates	UNKNOWN STEP	2026-10-09T13:11:44.8725639Z Version: 20260925.250.1
Windows gates	UNKNOWN STEP	2026-10-09T13:11:44.8727136Z Included Software: https://github.com/actions/runner-images/blob/win25-vs2026/20260925.250/images/windows/Windows2025-VS2026-Readme.md
Windows gates	UNKNOWN STEP	2026-10-09T13:11:44.8728767Z Image Release: https://github.com/actions/runner-images/releases/tag/win25-vs2026%2F20260925.250
Windows gates	UNKNOWN STEP	2026-10-09T13:11:44.8729693Z ##[endgroup]
Windows gates	UNKNOWN STEP	2026-10-09T13:11:44.8730753Z ##[group]GITHUB_TOKEN Permissions
Windows gates	UNKNOWN STEP	2026-10-09T13:11:44.8732559Z Contents: read
Windows gates	UNKNOWN STEP	2026-10-09T13:11:44.8733178Z Metadata: read
Windows gates	UNKNOWN STEP	2026-10-09T13:11:44.8733756Z ##[endgroup]
Windows gates	UNKNOWN STEP	2026-10-09T13:11:44.8735859Z Secret source: Actions
Windows gates	UNKNOWN STEP	2026-10-09T13:11:44.8736813Z Cache mode: write
Windows gates	UNKNOWN STEP	2026-10-09T13:11:44.8737503Z Prepare workflow directory
Windows gates	UNKNOWN STEP	2026-10-09T13:11:44.9086111Z Prepare all required actions
Windows gates	UNKNOWN STEP	2026-10-09T13:11:44.9160485Z Getting action download info
Windows gates	UNKNOWN STEP	2026-10-09T13:11:45.2751532Z Download action repository 'actions/checkout@3d3c42e5aac5ba805825da76410c181273ba90b1' (SHA:3d3c42e5aac5ba805825da76410c181273ba90b1)
Windows gates	UNKNOWN STEP	2026-10-09T13:11:45.4041364Z Download action repository 'actions/setup-node@949feb2413d6458794dcd2491c4babbbce0c15c1' (SHA:949feb2413d6458794dcd2491c4babbbce0c15c1)
Windows gates	UNKNOWN STEP	2026-10-09T13:11:45.8624053Z Download action repository 'actions/upload-artifact@cf430e030ddbb5b0abf93d22962f4752f3646cd9' (SHA:cf430e030ddbb5b0abf93d22962f4752f3646cd9)
Windows gates	UNKNOWN STEP	2026-10-09T13:11:46.4273914Z Complete job name: Windows gates
Windows gates	UNKNOWN STEP	2026-10-09T13:11:46.6207259Z ##[group]Run actions/checkout@3d3c42e5aac5ba805825da76410c181273ba90b1
Windows gates	UNKNOWN STEP	2026-10-09T13:11:46.6209476Z with:
Windows gates	UNKNOWN STEP	2026-10-09T13:11:46.6210451Z   persist-credentials: false
Windows gates	UNKNOWN STEP	2026-10-09T13:11:46.6211722Z   repository: mattneel/fairpane
Windows gates	UNKNOWN STEP	2026-10-09T13:11:46.6222243Z   token: ***
Windows gates	UNKNOWN STEP	2026-10-09T13:11:46.6223007Z   ssh-strict: true
Windows gates	UNKNOWN STEP	2026-10-09T13:11:46.6223797Z   ssh-user: git
Windows gates	UNKNOWN STEP	2026-10-09T13:11:46.6224546Z   clean: true
Windows gates	UNKNOWN STEP	2026-10-09T13:11:46.6225359Z   sparse-checkout-cone-mode: true
Windows gates	UNKNOWN STEP	2026-10-09T13:11:46.6226763Z   fetch-depth: 1
Windows gates	UNKNOWN STEP	2026-10-09T13:11:46.6227556Z   fetch-tags: false
Windows gates	UNKNOWN STEP	2026-10-09T13:11:46.6228349Z   show-progress: true
Windows gates	UNKNOWN STEP	2026-10-09T13:11:46.6229153Z   lfs: false
Windows gates	UNKNOWN STEP	2026-10-09T13:11:46.6229896Z   submodules: false
Windows gates	UNKNOWN STEP	2026-10-09T13:11:46.6230696Z   set-safe-directory: true
Windows gates	UNKNOWN STEP	2026-10-09T13:11:46.6231647Z   allow-unsafe-pr-checkout: false
Windows gates	UNKNOWN STEP	2026-10-09T13:11:46.6232859Z ##[endgroup]
Windows gates	UNKNOWN STEP	2026-10-09T13:11:46.7808003Z Syncing repository: mattneel/fairpane
Windows gates	UNKNOWN STEP	2026-10-09T13:11:46.7811767Z ##[group]Getting Git version info
Windows gates	UNKNOWN STEP	2026-10-09T13:11:46.7813553Z Working directory is 'D:\a\fairpane\fairpane'
Windows gates	UNKNOWN STEP	2026-10-09T13:11:46.8862236Z [command]"C:\Program Files\Git\bin\git.exe" version
Windows gates	UNKNOWN STEP	2026-10-09T13:11:47.2672732Z git version 2.55.0.windows.5
Windows gates	UNKNOWN STEP	2026-10-09T13:11:47.2723322Z ##[endgroup]
Windows gates	UNKNOWN STEP	2026-10-09T13:11:47.2739664Z Temporarily overriding HOME='D:\a\_temp\2e39c613-0661-46c5-bffa-ef59b4d7a1fd' before making global git config changes
Windows gates	UNKNOWN STEP	2026-10-09T13:11:47.2742017Z Adding repository directory to the temporary git global config as a safe directory
Windows gates	UNKNOWN STEP	2026-10-09T13:11:47.2750133Z [command]"C:\Program Files\Git\bin\git.exe" config --global --add safe.directory D:\a\fairpane\fairpane
Windows gates	UNKNOWN STEP	2026-10-09T13:11:47.3425212Z Deleting the contents of 'D:\a\fairpane\fairpane'
Windows gates	UNKNOWN STEP	2026-10-09T13:11:47.3430834Z ##[group]Determining repository object format
Windows gates	UNKNOWN STEP	2026-10-09T13:11:47.3433053Z ##[endgroup]
Windows gates	UNKNOWN STEP	2026-10-09T13:11:47.3434391Z ##[group]Initializing the repository
Windows gates	UNKNOWN STEP	2026-10-09T13:11:47.3444882Z [command]"C:\Program Files\Git\bin\git.exe" init D:\a\fairpane\fairpane
Windows gates	UNKNOWN STEP	2026-10-09T13:11:47.4312695Z Initialized empty Git repository in D:/a/fairpane/fairpane/.git/
Windows gates	UNKNOWN STEP	2026-10-09T13:11:47.4358166Z [command]"C:\Program Files\Git\bin\git.exe" remote add origin https://github.com/mattneel/fairpane
Windows gates	UNKNOWN STEP	2026-10-09T13:11:47.5021537Z ##[endgroup]
Windows gates	UNKNOWN STEP	2026-10-09T13:11:47.5022950Z ##[group]Disabling automatic garbage collection
Windows gates	UNKNOWN STEP	2026-10-09T13:11:47.5030715Z [command]"C:\Program Files\Git\bin\git.exe" config --local gc.auto 0
Windows gates	UNKNOWN STEP	2026-10-09T13:11:47.5359679Z ##[endgroup]
Windows gates	UNKNOWN STEP	2026-10-09T13:11:47.5363479Z ##[group]Setting up auth
Windows gates	UNKNOWN STEP	2026-10-09T13:11:47.5364931Z Removing SSH command configuration
Windows gates	UNKNOWN STEP	2026-10-09T13:11:47.5372058Z [command]"C:\Program Files\Git\bin\git.exe" config --local --name-only --get-regexp core\.sshCommand
Windows gates	UNKNOWN STEP	2026-10-09T13:11:47.5674739Z [command]"C:\Program Files\Git\bin\git.exe" submodule foreach --recursive "sh -c \"git config --local --name-only --get-regexp 'core\.sshCommand' && git config --local --unset-all 'core.sshCommand' || :\""
Windows gates	UNKNOWN STEP	2026-10-09T13:11:49.1153735Z Removing HTTP extra header
Windows gates	UNKNOWN STEP	2026-10-09T13:11:49.1167620Z [command]"C:\Program Files\Git\bin\git.exe" config --local --name-only --get-regexp http\.https\:\/\/github\.com\/\.extraheader
Windows gates	UNKNOWN STEP	2026-10-09T13:11:49.1483088Z [command]"C:\Program Files\Git\bin\git.exe" submodule foreach --recursive "sh -c \"git config --local --name-only --get-regexp 'http\.https\:\/\/github\.com\/\.extraheader' && git config --local --unset-all 'http.https://github.com/.extraheader' || :\""
Windows gates	UNKNOWN STEP	2026-10-09T13:11:49.6889268Z Removing includeIf entries pointing to credentials config files
Windows gates	UNKNOWN STEP	2026-10-09T13:11:49.6900782Z [command]"C:\Program Files\Git\bin\git.exe" config --local --name-only --get-regexp ^includeIf\.gitdir:
Windows gates	UNKNOWN STEP	2026-10-09T13:11:49.7213068Z [command]"C:\Program Files\Git\bin\git.exe" submodule foreach --recursive "git config --local --show-origin --name-only --get-regexp remote.origin.url"
Windows gates	UNKNOWN STEP	2026-10-09T13:11:50.2842723Z [command]"C:\Program Files\Git\bin\git.exe" config --file D:\a\_temp\git-credentials-6ff965ed-f431-4445-8aa2-32e3eb66a6a8.config http.https://github.com/.extraheader "AUTHORIZATION: basic ***"
Windows gates	UNKNOWN STEP	2026-10-09T13:11:50.3154444Z [command]"C:\Program Files\Git\bin\git.exe" config --local includeIf.gitdir:D:/a/fairpane/fairpane/.git.path D:\a\_temp\git-credentials-6ff965ed-f431-4445-8aa2-32e3eb66a6a8.config
Windows gates	UNKNOWN STEP	2026-10-09T13:11:50.3464984Z [command]"C:\Program Files\Git\bin\git.exe" config --local includeIf.gitdir:D:/a/fairpane/fairpane/.git/worktrees/*.path D:\a\_temp\git-credentials-6ff965ed-f431-4445-8aa2-32e3eb66a6a8.config
Windows gates	UNKNOWN STEP	2026-10-09T13:11:50.3819778Z [command]"C:\Program Files\Git\bin\git.exe" config --local includeIf.gitdir:/github/workspace/.git.path /github/runner_temp/git-credentials-6ff965ed-f431-4445-8aa2-32e3eb66a6a8.config
Windows gates	UNKNOWN STEP	2026-10-09T13:11:50.4123174Z [command]"C:\Program Files\Git\bin\git.exe" config --local includeIf.gitdir:/github/workspace/.git/worktrees/*.path /github/runner_temp/git-credentials-6ff965ed-f431-4445-8aa2-32e3eb66a6a8.config
Windows gates	UNKNOWN STEP	2026-10-09T13:11:50.4438847Z ##[endgroup]
Windows gates	UNKNOWN STEP	2026-10-09T13:11:50.4439609Z ##[group]Fetching the repository
Windows gates	UNKNOWN STEP	2026-10-09T13:11:50.4451556Z [command]"C:\Program Files\Git\bin\git.exe" -c protocol.version=2 fetch --no-tags --prune --no-recurse-submodules --depth=1 origin +d52621966e4cd1b38d43a72c8e901f88c93d6262:refs/remotes/origin/master
Windows gates	UNKNOWN STEP	2026-10-09T13:11:51.7430779Z From https://github.com/mattneel/fairpane
Windows gates	UNKNOWN STEP	2026-10-09T13:11:51.7431416Z  * [new ref]         d52621966e4cd1b38d43a72c8e901f88c93d6262 -> origin/master
Windows gates	UNKNOWN STEP	2026-10-09T13:11:51.7482827Z [command]"C:\Program Files\Git\bin\git.exe" branch --list --remote origin/master
Windows gates	UNKNOWN STEP	2026-10-09T13:11:51.7867887Z   origin/master
Windows gates	UNKNOWN STEP	2026-10-09T13:11:51.7920057Z [command]"C:\Program Files\Git\bin\git.exe" rev-parse refs/remotes/origin/master
Windows gates	UNKNOWN STEP	2026-10-09T13:11:51.8198801Z d52621966e4cd1b38d43a72c8e901f88c93d6262
Windows gates	UNKNOWN STEP	2026-10-09T13:11:51.8229561Z ##[endgroup]
Windows gates	UNKNOWN STEP	2026-10-09T13:11:51.8229986Z ##[group]Determining the checkout info
Windows gates	UNKNOWN STEP	2026-10-09T13:11:51.8230961Z ##[endgroup]
Windows gates	UNKNOWN STEP	2026-10-09T13:11:51.8239999Z [command]"C:\Program Files\Git\bin\git.exe" sparse-checkout disable
Windows gates	UNKNOWN STEP	2026-10-09T13:11:51.8694953Z [command]"C:\Program Files\Git\bin\git.exe" config --local --unset-all extensions.worktreeConfig
Windows gates	UNKNOWN STEP	2026-10-09T13:11:51.9023832Z ##[group]Checking out the ref
Windows gates	UNKNOWN STEP	2026-10-09T13:11:51.9033426Z [command]"C:\Program Files\Git\bin\git.exe" checkout --progress --force -B master refs/remotes/origin/master
Windows gates	UNKNOWN STEP	2026-10-09T13:11:52.3518038Z Reset branch 'master'
Windows gates	UNKNOWN STEP	2026-10-09T13:11:52.3589206Z branch 'master' set up to track 'origin/master'.
Windows gates	UNKNOWN STEP	2026-10-09T13:11:52.3641037Z ##[endgroup]
Windows gates	UNKNOWN STEP	2026-10-09T13:11:52.4105255Z [command]"C:\Program Files\Git\bin\git.exe" log -1 --format=%H
Windows gates	UNKNOWN STEP	2026-10-09T13:11:52.4389526Z d52621966e4cd1b38d43a72c8e901f88c93d6262
Windows gates	UNKNOWN STEP	2026-10-09T13:11:52.4430560Z ##[group]Removing auth
Windows gates	UNKNOWN STEP	2026-10-09T13:11:52.4431018Z Removing SSH command configuration
Windows gates	UNKNOWN STEP	2026-10-09T13:11:52.4440482Z [command]"C:\Program Files\Git\bin\git.exe" config --local --name-only --get-regexp core\.sshCommand
Windows gates	UNKNOWN STEP	2026-10-09T13:11:52.4760300Z [command]"C:\Program Files\Git\bin\git.exe" submodule foreach --recursive "sh -c \"git config --local --name-only --get-regexp 'core\.sshCommand' && git config --local --unset-all 'core.sshCommand' || :\""
Windows gates	UNKNOWN STEP	2026-10-09T13:11:53.0201483Z Removing HTTP extra header
Windows gates	UNKNOWN STEP	2026-10-09T13:11:53.0209155Z [command]"C:\Program Files\Git\bin\git.exe" config --local --name-only --get-regexp http\.https\:\/\/github\.com\/\.extraheader
Windows gates	UNKNOWN STEP	2026-10-09T13:11:53.0522634Z [command]"C:\Program Files\Git\bin\git.exe" submodule foreach --recursive "sh -c \"git config --local --name-only --get-regexp 'http\.https\:\/\/github\.com\/\.extraheader' && git config --local --unset-all 'http.https://github.com/.extraheader' || :\""
Windows gates	UNKNOWN STEP	2026-10-09T13:11:53.6424414Z Removing includeIf entries pointing to credentials config files
Windows gates	UNKNOWN STEP	2026-10-09T13:11:53.6433862Z [command]"C:\Program Files\Git\bin\git.exe" config --local --name-only --get-regexp ^includeIf\.gitdir:
Windows gates	UNKNOWN STEP	2026-10-09T13:11:53.6700626Z includeif.gitdir:D:/a/fairpane/fairpane/.git.path
Windows gates	UNKNOWN STEP	2026-10-09T13:11:53.6702642Z includeif.gitdir:D:/a/fairpane/fairpane/.git/worktrees/*.path
Windows gates	UNKNOWN STEP	2026-10-09T13:11:53.6703320Z includeif.gitdir:/github/workspace/.git.path
Windows gates	UNKNOWN STEP	2026-10-09T13:11:53.6703894Z includeif.gitdir:/github/workspace/.git/worktrees/*.path
Windows gates	UNKNOWN STEP	2026-10-09T13:11:53.6741679Z [command]"C:\Program Files\Git\bin\git.exe" config --local --get-all includeif.gitdir:D:/a/fairpane/fairpane/.git.path
Windows gates	UNKNOWN STEP	2026-10-09T13:11:53.7008051Z D:\a\_temp\git-credentials-6ff965ed-f431-4445-8aa2-32e3eb66a6a8.config
Windows gates	UNKNOWN STEP	2026-10-09T13:11:53.7048135Z [command]"C:\Program Files\Git\bin\git.exe" config --local --unset includeif.gitdir:D:/a/fairpane/fairpane/.git.path D\:\\a\\_temp\\git\-credentials\-6ff965ed\-f431\-4445\-8aa2\-32e3eb66a6a8\.config
Windows gates	UNKNOWN STEP	2026-10-09T13:11:53.7366277Z [command]"C:\Program Files\Git\bin\git.exe" config --local --get-all includeif.gitdir:D:/a/fairpane/fairpane/.git/worktrees/*.path
Windows gates	UNKNOWN STEP	2026-10-09T13:11:53.7628482Z D:\a\_temp\git-credentials-6ff965ed-f431-4445-8aa2-32e3eb66a6a8.config
Windows gates	UNKNOWN STEP	2026-10-09T13:11:53.7675412Z [command]"C:\Program Files\Git\bin\git.exe" config --local --unset includeif.gitdir:D:/a/fairpane/fairpane/.git/worktrees/*.path D\:\\a\\_temp\\git\-credentials\-6ff965ed\-f431\-4445\-8aa2\-32e3eb66a6a8\.config
Windows gates	UNKNOWN STEP	2026-10-09T13:11:53.8007249Z [command]"C:\Program Files\Git\bin\git.exe" config --local --get-all includeif.gitdir:/github/workspace/.git.path
Windows gates	UNKNOWN STEP	2026-10-09T13:11:53.8267069Z /github/runner_temp/git-credentials-6ff965ed-f431-4445-8aa2-32e3eb66a6a8.config
Windows gates	UNKNOWN STEP	2026-10-09T13:11:53.8308353Z [command]"C:\Program Files\Git\bin\git.exe" config --local --unset includeif.gitdir:/github/workspace/.git.path \/github\/runner_temp\/git\-credentials\-6ff965ed\-f431\-4445\-8aa2\-32e3eb66a6a8\.config
Windows gates	UNKNOWN STEP	2026-10-09T13:11:53.8618692Z [command]"C:\Program Files\Git\bin\git.exe" config --local --get-all includeif.gitdir:/github/workspace/.git/worktrees/*.path
Windows gates	UNKNOWN STEP	2026-10-09T13:11:53.8871885Z /github/runner_temp/git-credentials-6ff965ed-f431-4445-8aa2-32e3eb66a6a8.config
Windows gates	UNKNOWN STEP	2026-10-09T13:11:53.8913326Z [command]"C:\Program Files\Git\bin\git.exe" config --local --unset includeif.gitdir:/github/workspace/.git/worktrees/*.path \/github\/runner_temp\/git\-credentials\-6ff965ed\-f431\-4445\-8aa2\-32e3eb66a6a8\.config
Windows gates	UNKNOWN STEP	2026-10-09T13:11:53.9220811Z [command]"C:\Program Files\Git\bin\git.exe" submodule foreach --recursive "git config --local --show-origin --name-only --get-regexp remote.origin.url"
Windows gates	UNKNOWN STEP	2026-10-09T13:11:54.4938453Z Removing credentials config 'D:\a\_temp\git-credentials-6ff965ed-f431-4445-8aa2-32e3eb66a6a8.config'
Windows gates	UNKNOWN STEP	2026-10-09T13:11:54.4950256Z ##[endgroup]
Windows gates	UNKNOWN STEP	2026-10-09T13:11:54.5451421Z ##[group]Run actions/setup-node@949feb2413d6458794dcd2491c4babbbce0c15c1
Windows gates	UNKNOWN STEP	2026-10-09T13:11:54.5451873Z with:
Windows gates	UNKNOWN STEP	2026-10-09T13:11:54.5452074Z   node-version: 24.21.0
Windows gates	UNKNOWN STEP	2026-10-09T13:11:54.5452310Z   check-latest: false
Windows gates	UNKNOWN STEP	2026-10-09T13:11:54.5455055Z   token: ***
Windows gates	UNKNOWN STEP	2026-10-09T13:11:54.5455271Z   package-manager-cache: true
Windows gates	UNKNOWN STEP	2026-10-09T13:11:54.5455531Z ##[endgroup]
Windows gates	UNKNOWN STEP	2026-10-09T13:11:54.7097833Z Found in cache @ C:\hostedtoolcache\windows\node\24.21.0\x64
Windows gates	UNKNOWN STEP	2026-10-09T13:11:56.0770036Z ##[group]Environment details
Windows gates	UNKNOWN STEP	2026-10-09T13:12:00.7085722Z node: v24.21.0
Windows gates	UNKNOWN STEP	2026-10-09T13:12:00.7086088Z npm: 11.19.0
Windows gates	UNKNOWN STEP	2026-10-09T13:12:00.7086387Z yarn: 1.22.22
Windows gates	UNKNOWN STEP	2026-10-09T13:12:00.7087058Z ##[endgroup]
Windows gates	UNKNOWN STEP	2026-10-09T13:12:00.7391203Z ##[group]Run node tools/fairpane.mjs install-zig
Windows gates	UNKNOWN STEP	2026-10-09T13:12:00.7391659Z [36;1mnode tools/fairpane.mjs install-zig[0m
Windows gates	UNKNOWN STEP	2026-10-09T13:12:00.8429350Z shell: C:\Program Files\PowerShell\7\pwsh.EXE -command ". '{0}'"
Windows gates	UNKNOWN STEP	2026-10-09T13:12:00.8429875Z ##[endgroup]
Windows gates	UNKNOWN STEP	2026-10-09T13:14:32.7156483Z D:\a\fairpane\fairpane\.tools\zig\0.18.0-dev.120+9fe22a29b\x86_64-windows\zig.exe
Windows gates	UNKNOWN STEP	2026-10-09T13:14:32.7960946Z {
Windows gates	UNKNOWN STEP	2026-10-09T13:14:32.7961925Z   "compiler": "D:\\a\\fairpane\\fairpane\\.tools\\zig\\0.18.0-dev.120+9fe22a29b\\x86_64-windows\\zig.exe",
Windows gates	UNKNOWN STEP	2026-10-09T13:14:32.7963115Z   "downloaded": true
Windows gates	UNKNOWN STEP	2026-10-09T13:14:32.7963763Z }
Windows gates	UNKNOWN STEP	2026-10-09T13:14:32.9289445Z ##[group]Run node tools/fairpane.mjs run repo-check
Windows gates	UNKNOWN STEP	2026-10-09T13:14:32.9289963Z [36;1mnode tools/fairpane.mjs run repo-check[0m
Windows gates	UNKNOWN STEP	2026-10-09T13:14:32.9364007Z shell: C:\Program Files\PowerShell\7\pwsh.EXE -command ". '{0}'"
Windows gates	UNKNOWN STEP	2026-10-09T13:14:32.9364432Z ##[endgroup]
Windows gates	UNKNOWN STEP	2026-10-09T13:14:33.2938523Z Execute gate repo-check.
Windows gates	UNKNOWN STEP	2026-10-09T13:14:33.7760984Z {
Windows gates	UNKNOWN STEP	2026-10-09T13:14:33.7761443Z   "gate": "repo-check",
Windows gates	UNKNOWN STEP	2026-10-09T13:14:33.7761933Z   "status": "pass",
Windows gates	UNKNOWN STEP	2026-10-09T13:14:33.7763062Z   "receipt": "out/evidence/2026-10-09T13-14-33-418Z-repo-check-ed0933d4.json",
Windows gates	UNKNOWN STEP	2026-10-09T13:14:33.7763708Z   "error": null
Windows gates	UNKNOWN STEP	2026-10-09T13:14:33.7764036Z }
Windows gates	UNKNOWN STEP	2026-10-09T13:14:33.9356069Z ##[group]Run node tools/fairpane.mjs run controller-test
Windows gates	UNKNOWN STEP	2026-10-09T13:14:33.9356675Z [36;1mnode tools/fairpane.mjs run controller-test[0m
Windows gates	UNKNOWN STEP	2026-10-09T13:14:33.9429104Z shell: C:\Program Files\PowerShell\7\pwsh.EXE -command ". '{0}'"
Windows gates	UNKNOWN STEP	2026-10-09T13:14:33.9429518Z ##[endgroup]
Windows gates	UNKNOWN STEP	2026-10-09T13:14:34.2992646Z Execute gate controller-test.
Windows gates	UNKNOWN STEP	2026-10-09T13:16:07.9207790Z {
Windows gates	UNKNOWN STEP	2026-10-09T13:16:07.9209548Z   "gate": "controller-test",
Windows gates	UNKNOWN STEP	2026-10-09T13:16:07.9210168Z   "status": "pass",
Windows gates	UNKNOWN STEP	2026-10-09T13:16:07.9211016Z   "receipt": "out/evidence/2026-10-09T13-14-34-393Z-controller-test-f84389d4.json",
Windows gates	UNKNOWN STEP	2026-10-09T13:16:07.9211785Z   "error": null
Windows gates	UNKNOWN STEP	2026-10-09T13:16:07.9212174Z }
Windows gates	UNKNOWN STEP	2026-10-09T13:16:08.0430608Z ##[group]Run node tools/fairpane.mjs run zig-fmt
Windows gates	UNKNOWN STEP	2026-10-09T13:16:08.0431166Z [36;1mnode tools/fairpane.mjs run zig-fmt[0m
Windows gates	UNKNOWN STEP	2026-10-09T13:16:08.0513658Z shell: C:\Program Files\PowerShell\7\pwsh.EXE -command ". '{0}'"
Windows gates	UNKNOWN STEP	2026-10-09T13:16:08.0514106Z ##[endgroup]
Windows gates	UNKNOWN STEP	2026-10-09T13:16:08.4323356Z Execute gate zig-fmt.
Windows gates	UNKNOWN STEP	2026-10-09T13:16:08.7701023Z {
Windows gates	UNKNOWN STEP	2026-10-09T13:16:08.7701566Z   "gate": "zig-fmt",
Windows gates	UNKNOWN STEP	2026-10-09T13:16:08.7701991Z   "status": "pass",
Windows gates	UNKNOWN STEP	2026-10-09T13:16:08.7702616Z   "receipt": "out/evidence/2026-10-09T13-16-08-536Z-zig-fmt-936dc90f.json",
Windows gates	UNKNOWN STEP	2026-10-09T13:16:08.7703231Z   "error": null
Windows gates	UNKNOWN STEP	2026-10-09T13:16:08.7703932Z }
Windows gates	UNKNOWN STEP	2026-10-09T13:16:08.9249483Z ##[group]Run node tools/fairpane.mjs run zig-test
Windows gates	UNKNOWN STEP	2026-10-09T13:16:08.9250030Z [36;1mnode tools/fairpane.mjs run zig-test[0m
Windows gates	UNKNOWN STEP	2026-10-09T13:16:08.9324630Z shell: C:\Program Files\PowerShell\7\pwsh.EXE -command ". '{0}'"
Windows gates	UNKNOWN STEP	2026-10-09T13:16:08.9325078Z ##[endgroup]
Windows gates	UNKNOWN STEP	2026-10-09T13:16:09.2838615Z Execute gate zig-test.
Windows gates	UNKNOWN STEP	2026-10-09T13:26:09.6718314Z {
Windows gates	UNKNOWN STEP	2026-10-09T13:26:09.6718978Z   "gate": "zig-test",
Windows gates	UNKNOWN STEP	2026-10-09T13:26:09.6719575Z   "status": "fail",
Windows gates	UNKNOWN STEP	2026-10-09T13:26:09.6720316Z   "receipt": "out/evidence/2026-10-09T13-16-09-382Z-zig-test-db2649fb.json",
Windows gates	UNKNOWN STEP	2026-10-09T13:26:09.6721844Z   "error": "Gate command failed: [\"D:\\\\a\\\\fairpane\\\\fairpane\\\\.tools\\\\zig\\\\0.18.0-dev.120+9fe22a29b\\\\x86_64-windows\\\\zig.exe\",\"build\",\"test\"]"
Windows gates	UNKNOWN STEP	2026-10-09T13:26:09.6723104Z }
Windows gates	UNKNOWN STEP	2026-10-09T13:26:09.7831413Z ##[error]Process completed with exit code 1.
Windows gates	UNKNOWN STEP	2026-10-09T13:26:09.8076657Z ##[group]Run actions/upload-artifact@cf430e030ddbb5b0abf93d22962f4752f3646cd9
Windows gates	UNKNOWN STEP	2026-10-09T13:26:09.8077286Z with:
Windows gates	UNKNOWN STEP	2026-10-09T13:26:09.8077725Z   name: windows-gate-receipts-unsigned-local-integrity-records-not-attestations
Windows gates	UNKNOWN STEP	2026-10-09T13:26:09.8078235Z   path: out/evidence/
Windows gates	UNKNOWN STEP	2026-10-09T13:26:09.8078534Z   if-no-files-found: error
Windows gates	UNKNOWN STEP	2026-10-09T13:26:09.8078824Z   compression-level: 6
Windows gates	UNKNOWN STEP	2026-10-09T13:26:09.8079090Z   overwrite: false
Windows gates	UNKNOWN STEP	2026-10-09T13:26:09.8079354Z   include-hidden-files: false
Windows gates	UNKNOWN STEP	2026-10-09T13:26:09.8079642Z   archive: true
Windows gates	UNKNOWN STEP	2026-10-09T13:26:09.8079893Z ##[endgroup]
Windows gates	UNKNOWN STEP	2026-10-09T13:26:09.9986861Z With the provided path, there will be 8 files uploaded
Windows gates	UNKNOWN STEP	2026-10-09T13:26:09.9992521Z Artifact name is valid!
Windows gates	UNKNOWN STEP	2026-10-09T13:26:09.9993611Z Root directory input is valid!
Windows gates	UNKNOWN STEP	2026-10-09T13:26:10.3690985Z Uploading artifact: windows-gate-receipts-unsigned-local-integrity-records-not-attestations.zip
Windows gates	UNKNOWN STEP	2026-10-09T13:26:10.3742735Z Beginning upload of artifact content to blob storage
Windows gates	UNKNOWN STEP	2026-10-09T13:26:10.7823142Z Uploaded bytes 15630
Windows gates	UNKNOWN STEP	2026-10-09T13:26:10.8525238Z Finished uploading artifact content to blob storage!
Windows gates	UNKNOWN STEP	2026-10-09T13:26:10.8526719Z SHA256 digest of uploaded artifact is 79ebfb9e70435f848b42f1bf0ffad5621a05ff25a152181cd4fbb23488e67ab7
Windows gates	UNKNOWN STEP	2026-10-09T13:26:10.8527704Z Finalizing artifact upload
Windows gates	UNKNOWN STEP	2026-10-09T13:26:11.2660358Z Artifact windows-gate-receipts-unsigned-local-integrity-records-not-attestations successfully finalized. Artifact ID 11618278273
Windows gates	UNKNOWN STEP	2026-10-09T13:26:11.2663651Z Artifact windows-gate-receipts-unsigned-local-integrity-records-not-attestations has been successfully uploaded! Final size is 15630 bytes. Artifact ID is 11618278273
Windows gates	UNKNOWN STEP	2026-10-09T13:26:11.2670461Z Artifact download URL: https://github.com/mattneel/fairpane/actions/runs/37935108213/artifacts/11618278273
Windows gates	UNKNOWN STEP	2026-10-09T13:26:11.3066189Z Post job cleanup.
Windows gates	UNKNOWN STEP	2026-10-09T13:26:11.5254644Z [command]"C:\Program Files\Git\bin\git.exe" version
Windows gates	UNKNOWN STEP	2026-10-09T13:26:11.5598272Z git version 2.55.0.windows.5
Windows gates	UNKNOWN STEP	2026-10-09T13:26:11.5668910Z Temporarily overriding HOME='D:\a\_temp\a0e68d03-1fc0-4b0d-a406-dabbc1149480' before making global git config changes
Windows gates	UNKNOWN STEP	2026-10-09T13:26:11.5669994Z Adding repository directory to the temporary git global config as a safe directory
Windows gates	UNKNOWN STEP	2026-10-09T13:26:11.5680519Z [command]"C:\Program Files\Git\bin\git.exe" config --global --add safe.directory D:\a\fairpane\fairpane
Windows gates	UNKNOWN STEP	2026-10-09T13:26:11.6004305Z Removing SSH command configuration
Windows gates	UNKNOWN STEP	2026-10-09T13:26:11.6016440Z [command]"C:\Program Files\Git\bin\git.exe" config --local --name-only --get-regexp core\.sshCommand
Windows gates	UNKNOWN STEP	2026-10-09T13:26:11.6339708Z [command]"C:\Program Files\Git\bin\git.exe" submodule foreach --recursive "sh -c \"git config --local --name-only --get-regexp 'core\.sshCommand' && git config --local --unset-all 'core.sshCommand' || :\""
Windows gates	UNKNOWN STEP	2026-10-09T13:26:12.1827446Z Removing HTTP extra header
Windows gates	UNKNOWN STEP	2026-10-09T13:26:12.1837364Z [command]"C:\Program Files\Git\bin\git.exe" config --local --name-only --get-regexp http\.https\:\/\/github\.com\/\.extraheader
Windows gates	UNKNOWN STEP	2026-10-09T13:26:12.2146963Z [command]"C:\Program Files\Git\bin\git.exe" submodule foreach --recursive "sh -c \"git config --local --name-only --get-regexp 'http\.https\:\/\/github\.com\/\.extraheader' && git config --local --unset-all 'http.https://github.com/.extraheader' || :\""
Windows gates	UNKNOWN STEP	2026-10-09T13:26:12.7755755Z Removing includeIf entries pointing to credentials config files
Windows gates	UNKNOWN STEP	2026-10-09T13:26:12.7766903Z [command]"C:\Program Files\Git\bin\git.exe" config --local --name-only --get-regexp ^includeIf\.gitdir:
Windows gates	UNKNOWN STEP	2026-10-09T13:26:12.8078507Z [command]"C:\Program Files\Git\bin\git.exe" submodule foreach --recursive "git config --local --show-origin --name-only --get-regexp remote.origin.url"
Windows gates	UNKNOWN STEP	2026-10-09T13:26:13.3929869Z Cleaning up orphan processes
RESULT {"executable":"C:\\Program Files\\GitHub CLI\\gh.exe","arguments":["run","view","37935108213","--repo","mattneel/fairpane","--attempt","1","--log-failed"],"cwd":"C:\\Users\\requi\\.omp\\wt\\t60e032fd5\\m","started_at":"2026-10-09T16:45:18.600Z","exit_code":0,"signal":null,"timed_out":false,"error":null,"duration_ms":2676}
