
COMMAND ["C:\\Program Files\\GitHub CLI\\gh.exe","run","view","37936849509","--repo","mattneel/fairpane","--attempt","1","--log-failed"]
Linux gates	UNKNOWN STEP	﻿2026-10-09T13:26:31.8912669Z Current runner version: '2.337.0'
Linux gates	UNKNOWN STEP	2026-10-09T13:26:31.8937335Z ##[group]Runner Image Provisioner
Linux gates	UNKNOWN STEP	2026-10-09T13:26:31.8938216Z Hosted Compute Agent
Linux gates	UNKNOWN STEP	2026-10-09T13:26:31.8938948Z Version: 20261002.596
Linux gates	UNKNOWN STEP	2026-10-09T13:26:31.8939564Z Commit: c3d12f3313a95f25162a1503be624f3b0617f8c0
Linux gates	UNKNOWN STEP	2026-10-09T13:26:31.8940328Z Build Date: 2026-10-02T22:28:27Z
Linux gates	UNKNOWN STEP	2026-10-09T13:26:31.8941055Z Worker ID: {d5a8498f-61e7-40e3-9350-3d0d6181410f}
Linux gates	UNKNOWN STEP	2026-10-09T13:26:31.8941770Z Region: westus
Linux gates	UNKNOWN STEP	2026-10-09T13:26:31.8942372Z Cloud: Azure
Linux gates	UNKNOWN STEP	2026-10-09T13:26:31.8942903Z ##[endgroup]
Linux gates	UNKNOWN STEP	2026-10-09T13:26:31.8944560Z ##[group]Operating System
Linux gates	UNKNOWN STEP	2026-10-09T13:26:31.8945261Z Ubuntu
Linux gates	UNKNOWN STEP	2026-10-09T13:26:31.8946072Z 24.04.5
Linux gates	UNKNOWN STEP	2026-10-09T13:26:31.8946682Z LTS
Linux gates	UNKNOWN STEP	2026-10-09T13:26:31.8947196Z ##[endgroup]
Linux gates	UNKNOWN STEP	2026-10-09T13:26:31.8947783Z ##[group]Runner Image
Linux gates	UNKNOWN STEP	2026-10-09T13:26:31.8948440Z Image: ubuntu-24.04
Linux gates	UNKNOWN STEP	2026-10-09T13:26:31.8949004Z Version: 20261004.327.1
Linux gates	UNKNOWN STEP	2026-10-09T13:26:31.8950670Z Included Software: https://github.com/actions/runner-images/blob/ubuntu24/20261004.327/images/ubuntu/Ubuntu2404-Readme.md
Linux gates	UNKNOWN STEP	2026-10-09T13:26:31.8952320Z Image Release: https://github.com/actions/runner-images/releases/tag/ubuntu24%2F20261004.327
Linux gates	UNKNOWN STEP	2026-10-09T13:26:31.8953320Z ##[endgroup]
Linux gates	UNKNOWN STEP	2026-10-09T13:26:31.8954448Z ##[group]GITHUB_TOKEN Permissions
Linux gates	UNKNOWN STEP	2026-10-09T13:26:31.8956886Z Contents: read
Linux gates	UNKNOWN STEP	2026-10-09T13:26:31.8957551Z Metadata: read
Linux gates	UNKNOWN STEP	2026-10-09T13:26:31.8958272Z ##[endgroup]
Linux gates	UNKNOWN STEP	2026-10-09T13:26:31.8960345Z Secret source: Actions
Linux gates	UNKNOWN STEP	2026-10-09T13:26:31.8961392Z Cache mode: write
Linux gates	UNKNOWN STEP	2026-10-09T13:26:31.8962080Z Prepare workflow directory
Linux gates	UNKNOWN STEP	2026-10-09T13:26:31.9295362Z Prepare all required actions
Linux gates	UNKNOWN STEP	2026-10-09T13:26:31.9344417Z Getting action download info
Linux gates	UNKNOWN STEP	2026-10-09T13:26:32.3317013Z Download action repository 'actions/checkout@3d3c42e5aac5ba805825da76410c181273ba90b1' (SHA:3d3c42e5aac5ba805825da76410c181273ba90b1)
Linux gates	UNKNOWN STEP	2026-10-09T13:26:32.4179057Z Download action repository 'actions/setup-node@949feb2413d6458794dcd2491c4babbbce0c15c1' (SHA:949feb2413d6458794dcd2491c4babbbce0c15c1)
Linux gates	UNKNOWN STEP	2026-10-09T13:26:32.9240759Z Download action repository 'actions/upload-artifact@cf430e030ddbb5b0abf93d22962f4752f3646cd9' (SHA:cf430e030ddbb5b0abf93d22962f4752f3646cd9)
Linux gates	UNKNOWN STEP	2026-10-09T13:26:33.5212565Z Complete job name: Linux gates
Linux gates	UNKNOWN STEP	2026-10-09T13:26:33.6192390Z ##[group]Run actions/checkout@3d3c42e5aac5ba805825da76410c181273ba90b1
Linux gates	UNKNOWN STEP	2026-10-09T13:26:33.6194308Z with:
Linux gates	UNKNOWN STEP	2026-10-09T13:26:33.6195197Z   persist-credentials: false
Linux gates	UNKNOWN STEP	2026-10-09T13:26:33.6196469Z   repository: mattneel/fairpane
Linux gates	UNKNOWN STEP	2026-10-09T13:26:33.6205149Z   token: ***
Linux gates	UNKNOWN STEP	2026-10-09T13:26:33.6206427Z   ssh-strict: true
Linux gates	UNKNOWN STEP	2026-10-09T13:26:33.6207336Z   ssh-user: git
Linux gates	UNKNOWN STEP	2026-10-09T13:26:33.6208211Z   clean: true
Linux gates	UNKNOWN STEP	2026-10-09T13:26:33.6209144Z   sparse-checkout-cone-mode: true
Linux gates	UNKNOWN STEP	2026-10-09T13:26:33.6210233Z   fetch-depth: 1
Linux gates	UNKNOWN STEP	2026-10-09T13:26:33.6211133Z   fetch-tags: false
Linux gates	UNKNOWN STEP	2026-10-09T13:26:33.6212058Z   show-progress: true
Linux gates	UNKNOWN STEP	2026-10-09T13:26:33.6213006Z   lfs: false
Linux gates	UNKNOWN STEP	2026-10-09T13:26:33.6213871Z   submodules: false
Linux gates	UNKNOWN STEP	2026-10-09T13:26:33.6214801Z   set-safe-directory: true
Linux gates	UNKNOWN STEP	2026-10-09T13:26:33.6215998Z   allow-unsafe-pr-checkout: false
Linux gates	UNKNOWN STEP	2026-10-09T13:26:33.6217452Z ##[endgroup]
Linux gates	UNKNOWN STEP	2026-10-09T13:26:33.7249788Z Syncing repository: mattneel/fairpane
Linux gates	UNKNOWN STEP	2026-10-09T13:26:33.7252778Z ##[group]Getting Git version info
Linux gates	UNKNOWN STEP	2026-10-09T13:26:33.7254607Z Working directory is '/home/runner/work/fairpane/fairpane'
Linux gates	UNKNOWN STEP	2026-10-09T13:26:33.7257065Z [command]/usr/bin/git version
Linux gates	UNKNOWN STEP	2026-10-09T13:26:33.7347621Z git version 2.55.0
Linux gates	UNKNOWN STEP	2026-10-09T13:26:33.7371084Z ##[endgroup]
Linux gates	UNKNOWN STEP	2026-10-09T13:26:33.7388776Z Temporarily overriding HOME='/home/runner/work/_temp/a6f4cf3f-36a9-4e72-bdd9-5871646927bb' before making global git config changes
Linux gates	UNKNOWN STEP	2026-10-09T13:26:33.7394159Z Adding repository directory to the temporary git global config as a safe directory
Linux gates	UNKNOWN STEP	2026-10-09T13:26:33.7398872Z [command]/usr/bin/git config --global --add safe.directory /home/runner/work/fairpane/fairpane
Linux gates	UNKNOWN STEP	2026-10-09T13:26:33.7446978Z Deleting the contents of '/home/runner/work/fairpane/fairpane'
Linux gates	UNKNOWN STEP	2026-10-09T13:26:33.7466170Z ##[group]Determining repository object format
Linux gates	UNKNOWN STEP	2026-10-09T13:26:33.7468898Z ##[endgroup]
Linux gates	UNKNOWN STEP	2026-10-09T13:26:33.7470888Z ##[group]Initializing the repository
Linux gates	UNKNOWN STEP	2026-10-09T13:26:33.7474405Z [command]/usr/bin/git init /home/runner/work/fairpane/fairpane
Linux gates	UNKNOWN STEP	2026-10-09T13:26:33.7618213Z hint: Using 'master' as the name for the initial branch. This default branch name
Linux gates	UNKNOWN STEP	2026-10-09T13:26:33.7621164Z hint: will change to "main" in Git 3.0. To configure the initial branch name
Linux gates	UNKNOWN STEP	2026-10-09T13:26:33.7623643Z hint: to use in all of your new repositories, which will suppress this warning,
Linux gates	UNKNOWN STEP	2026-10-09T13:26:33.7626125Z hint: call:
Linux gates	UNKNOWN STEP	2026-10-09T13:26:33.7627642Z hint:
Linux gates	UNKNOWN STEP	2026-10-09T13:26:33.7628819Z hint: 	git config --global init.defaultBranch <name>
Linux gates	UNKNOWN STEP	2026-10-09T13:26:33.7630383Z hint:
Linux gates	UNKNOWN STEP	2026-10-09T13:26:33.7631670Z hint: Names commonly chosen instead of 'master' are 'main', 'trunk' and
Linux gates	UNKNOWN STEP	2026-10-09T13:26:33.7633734Z hint: 'development'. The just-created branch can be renamed via this command:
Linux gates	UNKNOWN STEP	2026-10-09T13:26:33.7635415Z hint:
Linux gates	UNKNOWN STEP	2026-10-09T13:26:33.7636664Z hint: 	git branch -m <name>
Linux gates	UNKNOWN STEP	2026-10-09T13:26:33.7637860Z hint:
Linux gates	UNKNOWN STEP	2026-10-09T13:26:33.7639250Z hint: Disable this message with "git config set advice.defaultBranchName false"
Linux gates	UNKNOWN STEP	2026-10-09T13:26:33.7646607Z Initialized empty Git repository in /home/runner/work/fairpane/fairpane/.git/
Linux gates	UNKNOWN STEP	2026-10-09T13:26:33.7658068Z [command]/usr/bin/git remote add origin https://github.com/mattneel/fairpane
Linux gates	UNKNOWN STEP	2026-10-09T13:26:33.7715199Z ##[endgroup]
Linux gates	UNKNOWN STEP	2026-10-09T13:26:33.7718067Z ##[group]Disabling automatic garbage collection
Linux gates	UNKNOWN STEP	2026-10-09T13:26:33.7720432Z [command]/usr/bin/git config --local gc.auto 0
Linux gates	UNKNOWN STEP	2026-10-09T13:26:33.7756128Z ##[endgroup]
Linux gates	UNKNOWN STEP	2026-10-09T13:26:33.7758375Z ##[group]Setting up auth
Linux gates	UNKNOWN STEP	2026-10-09T13:26:33.7759956Z Removing SSH command configuration
Linux gates	UNKNOWN STEP	2026-10-09T13:26:33.7762271Z [command]/usr/bin/git config --local --name-only --get-regexp core\.sshCommand
Linux gates	UNKNOWN STEP	2026-10-09T13:26:33.7799750Z [command]/usr/bin/git submodule foreach --recursive sh -c "git config --local --name-only --get-regexp 'core\.sshCommand' && git config --local --unset-all 'core.sshCommand' || :"
Linux gates	UNKNOWN STEP	2026-10-09T13:26:33.8189522Z Removing HTTP extra header
Linux gates	UNKNOWN STEP	2026-10-09T13:26:33.8194806Z [command]/usr/bin/git config --local --name-only --get-regexp http\.https\:\/\/github\.com\/\.extraheader
Linux gates	UNKNOWN STEP	2026-10-09T13:26:33.8231505Z [command]/usr/bin/git submodule foreach --recursive sh -c "git config --local --name-only --get-regexp 'http\.https\:\/\/github\.com\/\.extraheader' && git config --local --unset-all 'http.https://github.com/.extraheader' || :"
Linux gates	UNKNOWN STEP	2026-10-09T13:26:33.8448955Z Removing includeIf entries pointing to credentials config files
Linux gates	UNKNOWN STEP	2026-10-09T13:26:33.8452236Z [command]/usr/bin/git config --local --name-only --get-regexp ^includeIf\.gitdir:
Linux gates	UNKNOWN STEP	2026-10-09T13:26:33.8488253Z [command]/usr/bin/git submodule foreach --recursive git config --local --show-origin --name-only --get-regexp remote.origin.url
Linux gates	UNKNOWN STEP	2026-10-09T13:26:33.8733386Z [command]/usr/bin/git config --file /home/runner/work/_temp/git-credentials-54acbe94-d3d3-4489-8d68-be4f7561a264.config http.https://github.com/.extraheader AUTHORIZATION: basic ***
Linux gates	UNKNOWN STEP	2026-10-09T13:26:33.8774654Z [command]/usr/bin/git config --local includeIf.gitdir:/home/runner/work/fairpane/fairpane/.git.path /home/runner/work/_temp/git-credentials-54acbe94-d3d3-4489-8d68-be4f7561a264.config
Linux gates	UNKNOWN STEP	2026-10-09T13:26:33.8808377Z [command]/usr/bin/git config --local includeIf.gitdir:/home/runner/work/fairpane/fairpane/.git/worktrees/*.path /home/runner/work/_temp/git-credentials-54acbe94-d3d3-4489-8d68-be4f7561a264.config
Linux gates	UNKNOWN STEP	2026-10-09T13:26:33.8849034Z [command]/usr/bin/git config --local includeIf.gitdir:/github/workspace/.git.path /github/runner_temp/git-credentials-54acbe94-d3d3-4489-8d68-be4f7561a264.config
Linux gates	UNKNOWN STEP	2026-10-09T13:26:33.8882929Z [command]/usr/bin/git config --local includeIf.gitdir:/github/workspace/.git/worktrees/*.path /github/runner_temp/git-credentials-54acbe94-d3d3-4489-8d68-be4f7561a264.config
Linux gates	UNKNOWN STEP	2026-10-09T13:26:33.8914734Z ##[endgroup]
Linux gates	UNKNOWN STEP	2026-10-09T13:26:33.8916932Z ##[group]Fetching the repository
Linux gates	UNKNOWN STEP	2026-10-09T13:26:33.8922054Z [command]/usr/bin/git -c protocol.version=2 fetch --no-tags --prune --no-recurse-submodules --depth=1 origin +f38fe6c772775a09c625b05049be6b8691b35d35:refs/remotes/origin/master
Linux gates	UNKNOWN STEP	2026-10-09T13:26:34.7881132Z From https://github.com/mattneel/fairpane
Linux gates	UNKNOWN STEP	2026-10-09T13:26:34.7883410Z  * [new ref]         f38fe6c772775a09c625b05049be6b8691b35d35 -> origin/master
Linux gates	UNKNOWN STEP	2026-10-09T13:26:34.7889499Z [command]/usr/bin/git branch --list --remote origin/master
Linux gates	UNKNOWN STEP	2026-10-09T13:26:34.7918200Z   origin/master
Linux gates	UNKNOWN STEP	2026-10-09T13:26:34.7926073Z [command]/usr/bin/git rev-parse refs/remotes/origin/master
Linux gates	UNKNOWN STEP	2026-10-09T13:26:34.7951850Z f38fe6c772775a09c625b05049be6b8691b35d35
Linux gates	UNKNOWN STEP	2026-10-09T13:26:34.7956229Z ##[endgroup]
Linux gates	UNKNOWN STEP	2026-10-09T13:26:34.7957282Z ##[group]Determining the checkout info
Linux gates	UNKNOWN STEP	2026-10-09T13:26:34.7958070Z ##[endgroup]
Linux gates	UNKNOWN STEP	2026-10-09T13:26:34.7961021Z [command]/usr/bin/git sparse-checkout disable
Linux gates	UNKNOWN STEP	2026-10-09T13:26:34.8016755Z [command]/usr/bin/git config --local --unset-all extensions.worktreeConfig
Linux gates	UNKNOWN STEP	2026-10-09T13:26:34.8051855Z ##[group]Checking out the ref
Linux gates	UNKNOWN STEP	2026-10-09T13:26:34.8056025Z [command]/usr/bin/git checkout --progress --force -B master refs/remotes/origin/master
Linux gates	UNKNOWN STEP	2026-10-09T13:26:34.9072145Z Reset branch 'master'
Linux gates	UNKNOWN STEP	2026-10-09T13:26:34.9078343Z branch 'master' set up to track 'origin/master'.
Linux gates	UNKNOWN STEP	2026-10-09T13:26:34.9090641Z ##[endgroup]
Linux gates	UNKNOWN STEP	2026-10-09T13:26:34.9141685Z [command]/usr/bin/git log -1 --format=%H
Linux gates	UNKNOWN STEP	2026-10-09T13:26:34.9170501Z f38fe6c772775a09c625b05049be6b8691b35d35
Linux gates	UNKNOWN STEP	2026-10-09T13:26:34.9179807Z ##[group]Removing auth
Linux gates	UNKNOWN STEP	2026-10-09T13:26:34.9180727Z Removing SSH command configuration
Linux gates	UNKNOWN STEP	2026-10-09T13:26:34.9184798Z [command]/usr/bin/git config --local --name-only --get-regexp core\.sshCommand
Linux gates	UNKNOWN STEP	2026-10-09T13:26:34.9220656Z [command]/usr/bin/git submodule foreach --recursive sh -c "git config --local --name-only --get-regexp 'core\.sshCommand' && git config --local --unset-all 'core.sshCommand' || :"
Linux gates	UNKNOWN STEP	2026-10-09T13:26:34.9452042Z Removing HTTP extra header
Linux gates	UNKNOWN STEP	2026-10-09T13:26:34.9456413Z [command]/usr/bin/git config --local --name-only --get-regexp http\.https\:\/\/github\.com\/\.extraheader
Linux gates	UNKNOWN STEP	2026-10-09T13:26:34.9492618Z [command]/usr/bin/git submodule foreach --recursive sh -c "git config --local --name-only --get-regexp 'http\.https\:\/\/github\.com\/\.extraheader' && git config --local --unset-all 'http.https://github.com/.extraheader' || :"
Linux gates	UNKNOWN STEP	2026-10-09T13:26:34.9715013Z Removing includeIf entries pointing to credentials config files
Linux gates	UNKNOWN STEP	2026-10-09T13:26:34.9718266Z [command]/usr/bin/git config --local --name-only --get-regexp ^includeIf\.gitdir:
Linux gates	UNKNOWN STEP	2026-10-09T13:26:34.9749276Z includeif.gitdir:/home/runner/work/fairpane/fairpane/.git.path
Linux gates	UNKNOWN STEP	2026-10-09T13:26:34.9750315Z includeif.gitdir:/home/runner/work/fairpane/fairpane/.git/worktrees/*.path
Linux gates	UNKNOWN STEP	2026-10-09T13:26:34.9751017Z includeif.gitdir:/github/workspace/.git.path
Linux gates	UNKNOWN STEP	2026-10-09T13:26:34.9751897Z includeif.gitdir:/github/workspace/.git/worktrees/*.path
Linux gates	UNKNOWN STEP	2026-10-09T13:26:34.9757623Z [command]/usr/bin/git config --local --get-all includeif.gitdir:/home/runner/work/fairpane/fairpane/.git.path
Linux gates	UNKNOWN STEP	2026-10-09T13:26:34.9784644Z /home/runner/work/_temp/git-credentials-54acbe94-d3d3-4489-8d68-be4f7561a264.config
Linux gates	UNKNOWN STEP	2026-10-09T13:26:34.9794196Z [command]/usr/bin/git config --local --unset includeif.gitdir:/home/runner/work/fairpane/fairpane/.git.path \/home\/runner\/work\/_temp\/git\-credentials\-54acbe94\-d3d3\-4489\-8d68\-be4f7561a264\.config
Linux gates	UNKNOWN STEP	2026-10-09T13:26:34.9830530Z [command]/usr/bin/git config --local --get-all includeif.gitdir:/home/runner/work/fairpane/fairpane/.git/worktrees/*.path
Linux gates	UNKNOWN STEP	2026-10-09T13:26:34.9861809Z /home/runner/work/_temp/git-credentials-54acbe94-d3d3-4489-8d68-be4f7561a264.config
Linux gates	UNKNOWN STEP	2026-10-09T13:26:34.9871821Z [command]/usr/bin/git config --local --unset includeif.gitdir:/home/runner/work/fairpane/fairpane/.git/worktrees/*.path \/home\/runner\/work\/_temp\/git\-credentials\-54acbe94\-d3d3\-4489\-8d68\-be4f7561a264\.config
Linux gates	UNKNOWN STEP	2026-10-09T13:26:34.9909590Z [command]/usr/bin/git config --local --get-all includeif.gitdir:/github/workspace/.git.path
Linux gates	UNKNOWN STEP	2026-10-09T13:26:34.9938133Z /github/runner_temp/git-credentials-54acbe94-d3d3-4489-8d68-be4f7561a264.config
Linux gates	UNKNOWN STEP	2026-10-09T13:26:34.9948695Z [command]/usr/bin/git config --local --unset includeif.gitdir:/github/workspace/.git.path \/github\/runner_temp\/git\-credentials\-54acbe94\-d3d3\-4489\-8d68\-be4f7561a264\.config
Linux gates	UNKNOWN STEP	2026-10-09T13:26:34.9985007Z [command]/usr/bin/git config --local --get-all includeif.gitdir:/github/workspace/.git/worktrees/*.path
Linux gates	UNKNOWN STEP	2026-10-09T13:26:35.0010267Z /github/runner_temp/git-credentials-54acbe94-d3d3-4489-8d68-be4f7561a264.config
Linux gates	UNKNOWN STEP	2026-10-09T13:26:35.0017392Z [command]/usr/bin/git config --local --unset includeif.gitdir:/github/workspace/.git/worktrees/*.path \/github\/runner_temp\/git\-credentials\-54acbe94\-d3d3\-4489\-8d68\-be4f7561a264\.config
Linux gates	UNKNOWN STEP	2026-10-09T13:26:35.0055095Z [command]/usr/bin/git submodule foreach --recursive git config --local --show-origin --name-only --get-regexp remote.origin.url
Linux gates	UNKNOWN STEP	2026-10-09T13:26:35.0348088Z Removing credentials config '/home/runner/work/_temp/git-credentials-54acbe94-d3d3-4489-8d68-be4f7561a264.config'
Linux gates	UNKNOWN STEP	2026-10-09T13:26:35.0350469Z ##[endgroup]
Linux gates	UNKNOWN STEP	2026-10-09T13:26:35.0543777Z ##[group]Run actions/setup-node@949feb2413d6458794dcd2491c4babbbce0c15c1
Linux gates	UNKNOWN STEP	2026-10-09T13:26:35.0544324Z with:
Linux gates	UNKNOWN STEP	2026-10-09T13:26:35.0544600Z   node-version: 24.21.0
Linux gates	UNKNOWN STEP	2026-10-09T13:26:35.0544910Z   check-latest: false
Linux gates	UNKNOWN STEP	2026-10-09T13:26:35.0547936Z   token: ***
Linux gates	UNKNOWN STEP	2026-10-09T13:26:35.0548247Z   package-manager-cache: true
Linux gates	UNKNOWN STEP	2026-10-09T13:26:35.0548578Z ##[endgroup]
Linux gates	UNKNOWN STEP	2026-10-09T13:26:35.1745496Z Found in cache @ /opt/hostedtoolcache/node/24.21.0/x64
Linux gates	UNKNOWN STEP	2026-10-09T13:26:35.2804444Z ##[group]Environment details
Linux gates	UNKNOWN STEP	2026-10-09T13:26:35.6472053Z node: v24.21.0
Linux gates	UNKNOWN STEP	2026-10-09T13:26:35.6472532Z npm: 11.19.0
Linux gates	UNKNOWN STEP	2026-10-09T13:26:35.6472824Z yarn: 1.22.22
Linux gates	UNKNOWN STEP	2026-10-09T13:26:35.6474326Z ##[endgroup]
Linux gates	UNKNOWN STEP	2026-10-09T13:26:35.6603126Z ##[group]Run node tools/fairpane.mjs install-zig
Linux gates	UNKNOWN STEP	2026-10-09T13:26:35.6603692Z [36;1mnode tools/fairpane.mjs install-zig[0m
Linux gates	UNKNOWN STEP	2026-10-09T13:26:35.6978779Z shell: /usr/bin/bash -e {0}
Linux gates	UNKNOWN STEP	2026-10-09T13:26:35.6979228Z ##[endgroup]
Linux gates	UNKNOWN STEP	2026-10-09T13:26:49.7032308Z {
Linux gates	UNKNOWN STEP	2026-10-09T13:26:49.7033476Z   "compiler": "/home/runner/work/fairpane/fairpane/.tools/zig/0.18.0-dev.120+9fe22a29b/x86_64-linux/zig",
Linux gates	UNKNOWN STEP	2026-10-09T13:26:49.7034621Z   "downloaded": true
Linux gates	UNKNOWN STEP	2026-10-09T13:26:49.7035038Z }
Linux gates	UNKNOWN STEP	2026-10-09T13:26:49.7175419Z ##[group]Run node tools/fairpane.mjs run repo-check
Linux gates	UNKNOWN STEP	2026-10-09T13:26:49.7176505Z [36;1mnode tools/fairpane.mjs run repo-check[0m
Linux gates	UNKNOWN STEP	2026-10-09T13:26:49.7239875Z shell: /usr/bin/bash -e {0}
Linux gates	UNKNOWN STEP	2026-10-09T13:26:49.7240141Z ##[endgroup]
Linux gates	UNKNOWN STEP	2026-10-09T13:26:49.7775400Z Execute gate repo-check.
Linux gates	UNKNOWN STEP	2026-10-09T13:26:49.9709113Z {
Linux gates	UNKNOWN STEP	2026-10-09T13:26:49.9709436Z   "gate": "repo-check",
Linux gates	UNKNOWN STEP	2026-10-09T13:26:49.9709791Z   "status": "pass",
Linux gates	UNKNOWN STEP	2026-10-09T13:26:49.9710310Z   "receipt": "out/evidence/2026-10-09T13-26-49-822Z-repo-check-75aceb76.json",
Linux gates	UNKNOWN STEP	2026-10-09T13:26:49.9710816Z   "error": null
Linux gates	UNKNOWN STEP	2026-10-09T13:26:49.9711070Z }
Linux gates	UNKNOWN STEP	2026-10-09T13:26:49.9803036Z ##[group]Run node tools/fairpane.mjs run controller-test
Linux gates	UNKNOWN STEP	2026-10-09T13:26:49.9803490Z [36;1mnode tools/fairpane.mjs run controller-test[0m
Linux gates	UNKNOWN STEP	2026-10-09T13:26:49.9866584Z shell: /usr/bin/bash -e {0}
Linux gates	UNKNOWN STEP	2026-10-09T13:26:49.9866857Z ##[endgroup]
Linux gates	UNKNOWN STEP	2026-10-09T13:26:50.0399930Z Execute gate controller-test.
Linux gates	UNKNOWN STEP	2026-10-09T13:27:07.4739052Z {
Linux gates	UNKNOWN STEP	2026-10-09T13:27:07.4739557Z   "gate": "controller-test",
Linux gates	UNKNOWN STEP	2026-10-09T13:27:07.4740018Z   "status": "pass",
Linux gates	UNKNOWN STEP	2026-10-09T13:27:07.4740702Z   "receipt": "out/evidence/2026-10-09T13-26-50-083Z-controller-test-e0e0e991.json",
Linux gates	UNKNOWN STEP	2026-10-09T13:27:07.4741512Z   "error": null
Linux gates	UNKNOWN STEP	2026-10-09T13:27:07.4741885Z }
Linux gates	UNKNOWN STEP	2026-10-09T13:27:07.4834188Z ##[group]Run node tools/fairpane.mjs run zig-fmt
Linux gates	UNKNOWN STEP	2026-10-09T13:27:07.4834578Z [36;1mnode tools/fairpane.mjs run zig-fmt[0m
Linux gates	UNKNOWN STEP	2026-10-09T13:27:07.4897823Z shell: /usr/bin/bash -e {0}
Linux gates	UNKNOWN STEP	2026-10-09T13:27:07.4898143Z ##[endgroup]
Linux gates	UNKNOWN STEP	2026-10-09T13:27:07.5408737Z Execute gate zig-fmt.
Linux gates	UNKNOWN STEP	2026-10-09T13:27:07.7125840Z {
Linux gates	UNKNOWN STEP	2026-10-09T13:27:07.7126503Z   "gate": "zig-fmt",
Linux gates	UNKNOWN STEP	2026-10-09T13:27:07.7126957Z   "status": "pass",
Linux gates	UNKNOWN STEP	2026-10-09T13:27:07.7127703Z   "receipt": "out/evidence/2026-10-09T13-27-07-586Z-zig-fmt-dce9bb84.json",
Linux gates	UNKNOWN STEP	2026-10-09T13:27:07.7128424Z   "error": null
Linux gates	UNKNOWN STEP	2026-10-09T13:27:07.7128785Z }
Linux gates	UNKNOWN STEP	2026-10-09T13:27:07.7238191Z ##[group]Run node tools/fairpane.mjs run zig-test
Linux gates	UNKNOWN STEP	2026-10-09T13:27:07.7238756Z [36;1mnode tools/fairpane.mjs run zig-test[0m
Linux gates	UNKNOWN STEP	2026-10-09T13:27:07.7304214Z shell: /usr/bin/bash -e {0}
Linux gates	UNKNOWN STEP	2026-10-09T13:27:07.7304580Z ##[endgroup]
Linux gates	UNKNOWN STEP	2026-10-09T13:27:07.7818771Z Execute gate zig-test.
Linux gates	UNKNOWN STEP	2026-10-09T13:37:07.8761992Z {
Linux gates	UNKNOWN STEP	2026-10-09T13:37:07.8762409Z   "gate": "zig-test",
Linux gates	UNKNOWN STEP	2026-10-09T13:37:07.8762849Z   "status": "fail",
Linux gates	UNKNOWN STEP	2026-10-09T13:37:07.8763634Z   "receipt": "out/evidence/2026-10-09T13-27-07-827Z-zig-test-61b8f7fd.json",
Linux gates	UNKNOWN STEP	2026-10-09T13:37:07.8765144Z   "error": "Gate command failed: [\"/home/runner/work/fairpane/fairpane/.tools/zig/0.18.0-dev.120+9fe22a29b/x86_64-linux/zig\",\"build\",\"test\"]"
Linux gates	UNKNOWN STEP	2026-10-09T13:37:07.8766386Z }
Linux gates	UNKNOWN STEP	2026-10-09T13:37:07.8858081Z ##[error]Process completed with exit code 1.
Linux gates	UNKNOWN STEP	2026-10-09T13:37:07.8952143Z ##[group]Run actions/upload-artifact@cf430e030ddbb5b0abf93d22962f4752f3646cd9
Linux gates	UNKNOWN STEP	2026-10-09T13:37:07.8952579Z with:
Linux gates	UNKNOWN STEP	2026-10-09T13:37:07.8952954Z   name: linux-gate-receipts-unsigned-local-integrity-records-not-attestations
Linux gates	UNKNOWN STEP	2026-10-09T13:37:07.8953420Z   path: out/evidence/
Linux gates	UNKNOWN STEP	2026-10-09T13:37:07.8953648Z   if-no-files-found: error
Linux gates	UNKNOWN STEP	2026-10-09T13:37:07.8953880Z   compression-level: 6
Linux gates	UNKNOWN STEP	2026-10-09T13:37:07.8954094Z   overwrite: false
Linux gates	UNKNOWN STEP	2026-10-09T13:37:07.8954304Z   include-hidden-files: false
Linux gates	UNKNOWN STEP	2026-10-09T13:37:07.8954538Z   archive: true
Linux gates	UNKNOWN STEP	2026-10-09T13:37:07.8954733Z ##[endgroup]
Linux gates	UNKNOWN STEP	2026-10-09T13:37:08.0390144Z With the provided path, there will be 8 files uploaded
Linux gates	UNKNOWN STEP	2026-10-09T13:37:08.0396395Z Artifact name is valid!
Linux gates	UNKNOWN STEP	2026-10-09T13:37:08.0397329Z Root directory input is valid!
Linux gates	UNKNOWN STEP	2026-10-09T13:37:08.4072264Z Uploading artifact: linux-gate-receipts-unsigned-local-integrity-records-not-attestations.zip
Linux gates	UNKNOWN STEP	2026-10-09T13:37:08.4120004Z Beginning upload of artifact content to blob storage
Linux gates	UNKNOWN STEP	2026-10-09T13:37:08.7740087Z Uploaded bytes 15640
Linux gates	UNKNOWN STEP	2026-10-09T13:37:08.8425868Z Finished uploading artifact content to blob storage!
Linux gates	UNKNOWN STEP	2026-10-09T13:37:08.8427414Z SHA256 digest of uploaded artifact is 4b5fdeb78e0c875f8648f9208bb4aa01c85fe440cc9b352b83199e815be99bae
Linux gates	UNKNOWN STEP	2026-10-09T13:37:08.8428396Z Finalizing artifact upload
Linux gates	UNKNOWN STEP	2026-10-09T13:37:09.2525152Z Artifact linux-gate-receipts-unsigned-local-integrity-records-not-attestations successfully finalized. Artifact ID 11620470145
Linux gates	UNKNOWN STEP	2026-10-09T13:37:09.2527330Z Artifact linux-gate-receipts-unsigned-local-integrity-records-not-attestations has been successfully uploaded! Final size is 15640 bytes. Artifact ID is 11620470145
Linux gates	UNKNOWN STEP	2026-10-09T13:37:09.2529297Z Artifact download URL: https://github.com/mattneel/fairpane/actions/runs/37936849509/artifacts/11620470145
Linux gates	UNKNOWN STEP	2026-10-09T13:37:09.2721593Z Post job cleanup.
Linux gates	UNKNOWN STEP	2026-10-09T13:37:09.3606787Z [command]/usr/bin/git version
Linux gates	UNKNOWN STEP	2026-10-09T13:37:09.3646844Z git version 2.55.0
Linux gates	UNKNOWN STEP	2026-10-09T13:37:09.3697807Z Temporarily overriding HOME='/home/runner/work/_temp/c3ff568b-1984-4a29-a062-bdda2f233a05' before making global git config changes
Linux gates	UNKNOWN STEP	2026-10-09T13:37:09.3699013Z Adding repository directory to the temporary git global config as a safe directory
Linux gates	UNKNOWN STEP	2026-10-09T13:37:09.3703473Z [command]/usr/bin/git config --global --add safe.directory /home/runner/work/fairpane/fairpane
Linux gates	UNKNOWN STEP	2026-10-09T13:37:09.3737430Z Removing SSH command configuration
Linux gates	UNKNOWN STEP	2026-10-09T13:37:09.3744462Z [command]/usr/bin/git config --local --name-only --get-regexp core\.sshCommand
Linux gates	UNKNOWN STEP	2026-10-09T13:37:09.3779710Z [command]/usr/bin/git submodule foreach --recursive sh -c "git config --local --name-only --get-regexp 'core\.sshCommand' && git config --local --unset-all 'core.sshCommand' || :"
Linux gates	UNKNOWN STEP	2026-10-09T13:37:09.4025055Z Removing HTTP extra header
Linux gates	UNKNOWN STEP	2026-10-09T13:37:09.4031191Z [command]/usr/bin/git config --local --name-only --get-regexp http\.https\:\/\/github\.com\/\.extraheader
Linux gates	UNKNOWN STEP	2026-10-09T13:37:09.4070307Z [command]/usr/bin/git submodule foreach --recursive sh -c "git config --local --name-only --get-regexp 'http\.https\:\/\/github\.com\/\.extraheader' && git config --local --unset-all 'http.https://github.com/.extraheader' || :"
Linux gates	UNKNOWN STEP	2026-10-09T13:37:09.4336577Z Removing includeIf entries pointing to credentials config files
Linux gates	UNKNOWN STEP	2026-10-09T13:37:09.4343490Z [command]/usr/bin/git config --local --name-only --get-regexp ^includeIf\.gitdir:
Linux gates	UNKNOWN STEP	2026-10-09T13:37:09.4385029Z [command]/usr/bin/git submodule foreach --recursive git config --local --show-origin --name-only --get-regexp remote.origin.url
Linux gates	UNKNOWN STEP	2026-10-09T13:37:09.4778448Z Cleaning up orphan processes
RESULT {"executable":"C:\\Program Files\\GitHub CLI\\gh.exe","arguments":["run","view","37936849509","--repo","mattneel/fairpane","--attempt","1","--log-failed"],"cwd":"C:\\Users\\requi\\.omp\\wt\\t60e032fd5\\m","started_at":"2026-10-09T16:45:20.763Z","exit_code":0,"signal":null,"timed_out":false,"error":null,"duration_ms":2273}
