
COMMAND ["C:\\Program Files\\GitHub CLI\\gh.exe","run","view","37941142815","--repo","mattneel/fairpane","--attempt","1","--log-failed"]
Linux gates	UNKNOWN STEP	﻿2026-10-09T14:01:53.6338656Z Current runner version: '2.337.0'
Linux gates	UNKNOWN STEP	2026-10-09T14:01:53.6364182Z ##[group]Runner Image Provisioner
Linux gates	UNKNOWN STEP	2026-10-09T14:01:53.6365195Z Hosted Compute Agent
Linux gates	UNKNOWN STEP	2026-10-09T14:01:53.6365785Z Version: 20261002.596
Linux gates	UNKNOWN STEP	2026-10-09T14:01:53.6366424Z Commit: c3d12f3313a95f25162a1503be624f3b0617f8c0
Linux gates	UNKNOWN STEP	2026-10-09T14:01:53.6367229Z Build Date: 2026-10-02T22:28:27Z
Linux gates	UNKNOWN STEP	2026-10-09T14:01:53.6368350Z Worker ID: {59fede9f-4ded-4d2d-8678-503a1c3aa170}
Linux gates	UNKNOWN STEP	2026-10-09T14:01:53.6369189Z Region: westcentralus
Linux gates	UNKNOWN STEP	2026-10-09T14:01:53.6369766Z Cloud: Azure
Linux gates	UNKNOWN STEP	2026-10-09T14:01:53.6370289Z ##[endgroup]
Linux gates	UNKNOWN STEP	2026-10-09T14:01:53.6372135Z ##[group]Operating System
Linux gates	UNKNOWN STEP	2026-10-09T14:01:53.6372789Z Ubuntu
Linux gates	UNKNOWN STEP	2026-10-09T14:01:53.6373371Z 24.04.5
Linux gates	UNKNOWN STEP	2026-10-09T14:01:53.6373910Z LTS
Linux gates	UNKNOWN STEP	2026-10-09T14:01:53.6374434Z ##[endgroup]
Linux gates	UNKNOWN STEP	2026-10-09T14:01:53.6375069Z ##[group]Runner Image
Linux gates	UNKNOWN STEP	2026-10-09T14:01:53.6375720Z Image: ubuntu-24.04
Linux gates	UNKNOWN STEP	2026-10-09T14:01:53.6376744Z Version: 20261004.327.1
Linux gates	UNKNOWN STEP	2026-10-09T14:01:53.6378469Z Included Software: https://github.com/actions/runner-images/blob/ubuntu24/20261004.327/images/ubuntu/Ubuntu2404-Readme.md
Linux gates	UNKNOWN STEP	2026-10-09T14:01:53.6380158Z Image Release: https://github.com/actions/runner-images/releases/tag/ubuntu24%2F20261004.327
Linux gates	UNKNOWN STEP	2026-10-09T14:01:53.6381180Z ##[endgroup]
Linux gates	UNKNOWN STEP	2026-10-09T14:01:53.6382341Z ##[group]GITHUB_TOKEN Permissions
Linux gates	UNKNOWN STEP	2026-10-09T14:01:53.6384628Z Contents: read
Linux gates	UNKNOWN STEP	2026-10-09T14:01:53.6385343Z Metadata: read
Linux gates	UNKNOWN STEP	2026-10-09T14:01:53.6385939Z ##[endgroup]
Linux gates	UNKNOWN STEP	2026-10-09T14:01:53.6388460Z Secret source: Actions
Linux gates	UNKNOWN STEP	2026-10-09T14:01:53.6389523Z Cache mode: write
Linux gates	UNKNOWN STEP	2026-10-09T14:01:53.6390243Z Prepare workflow directory
Linux gates	UNKNOWN STEP	2026-10-09T14:01:53.6748773Z Prepare all required actions
Linux gates	UNKNOWN STEP	2026-10-09T14:01:53.6798299Z Getting action download info
Linux gates	UNKNOWN STEP	2026-10-09T14:01:54.0092072Z Download action repository 'actions/checkout@3d3c42e5aac5ba805825da76410c181273ba90b1' (SHA:3d3c42e5aac5ba805825da76410c181273ba90b1)
Linux gates	UNKNOWN STEP	2026-10-09T14:01:54.1046753Z Download action repository 'actions/setup-node@949feb2413d6458794dcd2491c4babbbce0c15c1' (SHA:949feb2413d6458794dcd2491c4babbbce0c15c1)
Linux gates	UNKNOWN STEP	2026-10-09T14:01:54.9731181Z Download action repository 'actions/upload-artifact@cf430e030ddbb5b0abf93d22962f4752f3646cd9' (SHA:cf430e030ddbb5b0abf93d22962f4752f3646cd9)
Linux gates	UNKNOWN STEP	2026-10-09T14:01:56.0473108Z Complete job name: Linux gates
Linux gates	UNKNOWN STEP	2026-10-09T14:01:56.1501605Z ##[group]Run actions/checkout@3d3c42e5aac5ba805825da76410c181273ba90b1
Linux gates	UNKNOWN STEP	2026-10-09T14:01:56.1503434Z with:
Linux gates	UNKNOWN STEP	2026-10-09T14:01:56.1504263Z   persist-credentials: false
Linux gates	UNKNOWN STEP	2026-10-09T14:01:56.1505278Z   repository: mattneel/fairpane
Linux gates	UNKNOWN STEP	2026-10-09T14:01:56.1514624Z   token: ***
Linux gates	UNKNOWN STEP	2026-10-09T14:01:56.1515450Z   ssh-strict: true
Linux gates	UNKNOWN STEP	2026-10-09T14:01:56.1516279Z   ssh-user: git
Linux gates	UNKNOWN STEP	2026-10-09T14:01:56.1517073Z   clean: true
Linux gates	UNKNOWN STEP	2026-10-09T14:01:56.1518081Z   sparse-checkout-cone-mode: true
Linux gates	UNKNOWN STEP	2026-10-09T14:01:56.1519100Z   fetch-depth: 1
Linux gates	UNKNOWN STEP	2026-10-09T14:01:56.1519927Z   fetch-tags: false
Linux gates	UNKNOWN STEP	2026-10-09T14:01:56.1520768Z   show-progress: true
Linux gates	UNKNOWN STEP	2026-10-09T14:01:56.1521638Z   lfs: false
Linux gates	UNKNOWN STEP	2026-10-09T14:01:56.1522433Z   submodules: false
Linux gates	UNKNOWN STEP	2026-10-09T14:01:56.1523318Z   set-safe-directory: true
Linux gates	UNKNOWN STEP	2026-10-09T14:01:56.1524310Z   allow-unsafe-pr-checkout: false
Linux gates	UNKNOWN STEP	2026-10-09T14:01:56.1525711Z ##[endgroup]
Linux gates	UNKNOWN STEP	2026-10-09T14:01:56.2551407Z Syncing repository: mattneel/fairpane
Linux gates	UNKNOWN STEP	2026-10-09T14:01:56.2554830Z ##[group]Getting Git version info
Linux gates	UNKNOWN STEP	2026-10-09T14:01:56.2556940Z Working directory is '/home/runner/work/fairpane/fairpane'
Linux gates	UNKNOWN STEP	2026-10-09T14:01:56.2560342Z [command]/usr/bin/git version
Linux gates	UNKNOWN STEP	2026-10-09T14:01:56.2657140Z git version 2.55.0
Linux gates	UNKNOWN STEP	2026-10-09T14:01:56.2693661Z ##[endgroup]
Linux gates	UNKNOWN STEP	2026-10-09T14:01:56.2703078Z Temporarily overriding HOME='/home/runner/work/_temp/2b4277b3-0088-420d-bdcb-7ff9b7d361fc' before making global git config changes
Linux gates	UNKNOWN STEP	2026-10-09T14:01:56.2707247Z Adding repository directory to the temporary git global config as a safe directory
Linux gates	UNKNOWN STEP	2026-10-09T14:01:56.2710486Z [command]/usr/bin/git config --global --add safe.directory /home/runner/work/fairpane/fairpane
Linux gates	UNKNOWN STEP	2026-10-09T14:01:56.2767250Z Deleting the contents of '/home/runner/work/fairpane/fairpane'
Linux gates	UNKNOWN STEP	2026-10-09T14:01:56.2771443Z ##[group]Determining repository object format
Linux gates	UNKNOWN STEP	2026-10-09T14:01:56.2774477Z ##[endgroup]
Linux gates	UNKNOWN STEP	2026-10-09T14:01:56.2776029Z ##[group]Initializing the repository
Linux gates	UNKNOWN STEP	2026-10-09T14:01:56.2779726Z [command]/usr/bin/git init /home/runner/work/fairpane/fairpane
Linux gates	UNKNOWN STEP	2026-10-09T14:01:56.2969780Z hint: Using 'master' as the name for the initial branch. This default branch name
Linux gates	UNKNOWN STEP	2026-10-09T14:01:56.2973070Z hint: will change to "main" in Git 3.0. To configure the initial branch name
Linux gates	UNKNOWN STEP	2026-10-09T14:01:56.2975907Z hint: to use in all of your new repositories, which will suppress this warning,
Linux gates	UNKNOWN STEP	2026-10-09T14:01:56.2978802Z hint: call:
Linux gates	UNKNOWN STEP	2026-10-09T14:01:56.2980550Z hint:
Linux gates	UNKNOWN STEP	2026-10-09T14:01:56.2982444Z hint: 	git config --global init.defaultBranch <name>
Linux gates	UNKNOWN STEP	2026-10-09T14:01:56.2983947Z hint:
Linux gates	UNKNOWN STEP	2026-10-09T14:01:56.2985180Z hint: Names commonly chosen instead of 'master' are 'main', 'trunk' and
Linux gates	UNKNOWN STEP	2026-10-09T14:01:56.2987150Z hint: 'development'. The just-created branch can be renamed via this command:
Linux gates	UNKNOWN STEP	2026-10-09T14:01:56.2989203Z hint:
Linux gates	UNKNOWN STEP	2026-10-09T14:01:56.2990570Z hint: 	git branch -m <name>
Linux gates	UNKNOWN STEP	2026-10-09T14:01:56.2992360Z hint:
Linux gates	UNKNOWN STEP	2026-10-09T14:01:56.2994371Z hint: Disable this message with "git config set advice.defaultBranchName false"
Linux gates	UNKNOWN STEP	2026-10-09T14:01:56.2998184Z Initialized empty Git repository in /home/runner/work/fairpane/fairpane/.git/
Linux gates	UNKNOWN STEP	2026-10-09T14:01:56.3004131Z [command]/usr/bin/git remote add origin https://github.com/mattneel/fairpane
Linux gates	UNKNOWN STEP	2026-10-09T14:01:56.3050243Z ##[endgroup]
Linux gates	UNKNOWN STEP	2026-10-09T14:01:56.3052330Z ##[group]Disabling automatic garbage collection
Linux gates	UNKNOWN STEP	2026-10-09T14:01:56.3054418Z [command]/usr/bin/git config --local gc.auto 0
Linux gates	UNKNOWN STEP	2026-10-09T14:01:56.3096394Z ##[endgroup]
Linux gates	UNKNOWN STEP	2026-10-09T14:01:56.3098876Z ##[group]Setting up auth
Linux gates	UNKNOWN STEP	2026-10-09T14:01:56.3100070Z Removing SSH command configuration
Linux gates	UNKNOWN STEP	2026-10-09T14:01:56.3103028Z [command]/usr/bin/git config --local --name-only --get-regexp core\.sshCommand
Linux gates	UNKNOWN STEP	2026-10-09T14:01:56.3149289Z [command]/usr/bin/git submodule foreach --recursive sh -c "git config --local --name-only --get-regexp 'core\.sshCommand' && git config --local --unset-all 'core.sshCommand' || :"
Linux gates	UNKNOWN STEP	2026-10-09T14:01:56.3563125Z Removing HTTP extra header
Linux gates	UNKNOWN STEP	2026-10-09T14:01:56.3569851Z [command]/usr/bin/git config --local --name-only --get-regexp http\.https\:\/\/github\.com\/\.extraheader
Linux gates	UNKNOWN STEP	2026-10-09T14:01:56.3610484Z [command]/usr/bin/git submodule foreach --recursive sh -c "git config --local --name-only --get-regexp 'http\.https\:\/\/github\.com\/\.extraheader' && git config --local --unset-all 'http.https://github.com/.extraheader' || :"
Linux gates	UNKNOWN STEP	2026-10-09T14:01:56.3840770Z Removing includeIf entries pointing to credentials config files
Linux gates	UNKNOWN STEP	2026-10-09T14:01:56.3845457Z [command]/usr/bin/git config --local --name-only --get-regexp ^includeIf\.gitdir:
Linux gates	UNKNOWN STEP	2026-10-09T14:01:56.3886180Z [command]/usr/bin/git submodule foreach --recursive git config --local --show-origin --name-only --get-regexp remote.origin.url
Linux gates	UNKNOWN STEP	2026-10-09T14:01:56.4141059Z [command]/usr/bin/git config --file /home/runner/work/_temp/git-credentials-1fdf0ae8-c033-42e5-a304-674735229bbc.config http.https://github.com/.extraheader AUTHORIZATION: basic ***
Linux gates	UNKNOWN STEP	2026-10-09T14:01:56.4190405Z [command]/usr/bin/git config --local includeIf.gitdir:/home/runner/work/fairpane/fairpane/.git.path /home/runner/work/_temp/git-credentials-1fdf0ae8-c033-42e5-a304-674735229bbc.config
Linux gates	UNKNOWN STEP	2026-10-09T14:01:56.4229938Z [command]/usr/bin/git config --local includeIf.gitdir:/home/runner/work/fairpane/fairpane/.git/worktrees/*.path /home/runner/work/_temp/git-credentials-1fdf0ae8-c033-42e5-a304-674735229bbc.config
Linux gates	UNKNOWN STEP	2026-10-09T14:01:56.4272911Z [command]/usr/bin/git config --local includeIf.gitdir:/github/workspace/.git.path /github/runner_temp/git-credentials-1fdf0ae8-c033-42e5-a304-674735229bbc.config
Linux gates	UNKNOWN STEP	2026-10-09T14:01:56.4313184Z [command]/usr/bin/git config --local includeIf.gitdir:/github/workspace/.git/worktrees/*.path /github/runner_temp/git-credentials-1fdf0ae8-c033-42e5-a304-674735229bbc.config
Linux gates	UNKNOWN STEP	2026-10-09T14:01:56.4355281Z ##[endgroup]
Linux gates	UNKNOWN STEP	2026-10-09T14:01:56.4356833Z ##[group]Fetching the repository
Linux gates	UNKNOWN STEP	2026-10-09T14:01:56.4360622Z [command]/usr/bin/git -c protocol.version=2 fetch --no-tags --prune --no-recurse-submodules --depth=1 origin +54cf4d4d21bfc9a0fd421c8e6f3ba32d2247f6fb:refs/remotes/origin/master
Linux gates	UNKNOWN STEP	2026-10-09T14:01:57.7312635Z From https://github.com/mattneel/fairpane
Linux gates	UNKNOWN STEP	2026-10-09T14:01:57.7313801Z  * [new ref]         54cf4d4d21bfc9a0fd421c8e6f3ba32d2247f6fb -> origin/master
Linux gates	UNKNOWN STEP	2026-10-09T14:01:57.7323316Z [command]/usr/bin/git branch --list --remote origin/master
Linux gates	UNKNOWN STEP	2026-10-09T14:01:57.7353819Z   origin/master
Linux gates	UNKNOWN STEP	2026-10-09T14:01:57.7362300Z [command]/usr/bin/git rev-parse refs/remotes/origin/master
Linux gates	UNKNOWN STEP	2026-10-09T14:01:57.7389497Z 54cf4d4d21bfc9a0fd421c8e6f3ba32d2247f6fb
Linux gates	UNKNOWN STEP	2026-10-09T14:01:57.7394176Z ##[endgroup]
Linux gates	UNKNOWN STEP	2026-10-09T14:01:57.7395204Z ##[group]Determining the checkout info
Linux gates	UNKNOWN STEP	2026-10-09T14:01:57.7396383Z ##[endgroup]
Linux gates	UNKNOWN STEP	2026-10-09T14:01:57.7400162Z [command]/usr/bin/git sparse-checkout disable
Linux gates	UNKNOWN STEP	2026-10-09T14:01:57.7460661Z [command]/usr/bin/git config --local --unset-all extensions.worktreeConfig
Linux gates	UNKNOWN STEP	2026-10-09T14:01:57.7497205Z ##[group]Checking out the ref
Linux gates	UNKNOWN STEP	2026-10-09T14:01:57.7505091Z [command]/usr/bin/git checkout --progress --force -B master refs/remotes/origin/master
Linux gates	UNKNOWN STEP	2026-10-09T14:01:57.8567703Z Reset branch 'master'
Linux gates	UNKNOWN STEP	2026-10-09T14:01:57.8572252Z branch 'master' set up to track 'origin/master'.
Linux gates	UNKNOWN STEP	2026-10-09T14:01:57.8586682Z ##[endgroup]
Linux gates	UNKNOWN STEP	2026-10-09T14:01:57.8641853Z [command]/usr/bin/git log -1 --format=%H
Linux gates	UNKNOWN STEP	2026-10-09T14:01:57.8673129Z 54cf4d4d21bfc9a0fd421c8e6f3ba32d2247f6fb
Linux gates	UNKNOWN STEP	2026-10-09T14:01:57.8687077Z ##[group]Removing auth
Linux gates	UNKNOWN STEP	2026-10-09T14:01:57.8688041Z Removing SSH command configuration
Linux gates	UNKNOWN STEP	2026-10-09T14:01:57.8689107Z [command]/usr/bin/git config --local --name-only --get-regexp core\.sshCommand
Linux gates	UNKNOWN STEP	2026-10-09T14:01:57.8729237Z [command]/usr/bin/git submodule foreach --recursive sh -c "git config --local --name-only --get-regexp 'core\.sshCommand' && git config --local --unset-all 'core.sshCommand' || :"
Linux gates	UNKNOWN STEP	2026-10-09T14:01:57.8970873Z Removing HTTP extra header
Linux gates	UNKNOWN STEP	2026-10-09T14:01:57.8975167Z [command]/usr/bin/git config --local --name-only --get-regexp http\.https\:\/\/github\.com\/\.extraheader
Linux gates	UNKNOWN STEP	2026-10-09T14:01:57.9016162Z [command]/usr/bin/git submodule foreach --recursive sh -c "git config --local --name-only --get-regexp 'http\.https\:\/\/github\.com\/\.extraheader' && git config --local --unset-all 'http.https://github.com/.extraheader' || :"
Linux gates	UNKNOWN STEP	2026-10-09T14:01:57.9268133Z Removing includeIf entries pointing to credentials config files
Linux gates	UNKNOWN STEP	2026-10-09T14:01:57.9271466Z [command]/usr/bin/git config --local --name-only --get-regexp ^includeIf\.gitdir:
Linux gates	UNKNOWN STEP	2026-10-09T14:01:57.9308443Z includeif.gitdir:/home/runner/work/fairpane/fairpane/.git.path
Linux gates	UNKNOWN STEP	2026-10-09T14:01:57.9309505Z includeif.gitdir:/home/runner/work/fairpane/fairpane/.git/worktrees/*.path
Linux gates	UNKNOWN STEP	2026-10-09T14:01:57.9310204Z includeif.gitdir:/github/workspace/.git.path
Linux gates	UNKNOWN STEP	2026-10-09T14:01:57.9310942Z includeif.gitdir:/github/workspace/.git/worktrees/*.path
Linux gates	UNKNOWN STEP	2026-10-09T14:01:57.9318435Z [command]/usr/bin/git config --local --get-all includeif.gitdir:/home/runner/work/fairpane/fairpane/.git.path
Linux gates	UNKNOWN STEP	2026-10-09T14:01:57.9345098Z /home/runner/work/_temp/git-credentials-1fdf0ae8-c033-42e5-a304-674735229bbc.config
Linux gates	UNKNOWN STEP	2026-10-09T14:01:57.9354497Z [command]/usr/bin/git config --local --unset includeif.gitdir:/home/runner/work/fairpane/fairpane/.git.path \/home\/runner\/work\/_temp\/git\-credentials\-1fdf0ae8\-c033\-42e5\-a304\-674735229bbc\.config
Linux gates	UNKNOWN STEP	2026-10-09T14:01:57.9428109Z [command]/usr/bin/git config --local --get-all includeif.gitdir:/home/runner/work/fairpane/fairpane/.git/worktrees/*.path
Linux gates	UNKNOWN STEP	2026-10-09T14:01:57.9455949Z /home/runner/work/_temp/git-credentials-1fdf0ae8-c033-42e5-a304-674735229bbc.config
Linux gates	UNKNOWN STEP	2026-10-09T14:01:57.9466180Z [command]/usr/bin/git config --local --unset includeif.gitdir:/home/runner/work/fairpane/fairpane/.git/worktrees/*.path \/home\/runner\/work\/_temp\/git\-credentials\-1fdf0ae8\-c033\-42e5\-a304\-674735229bbc\.config
Linux gates	UNKNOWN STEP	2026-10-09T14:01:57.9508415Z [command]/usr/bin/git config --local --get-all includeif.gitdir:/github/workspace/.git.path
Linux gates	UNKNOWN STEP	2026-10-09T14:01:57.9559468Z /github/runner_temp/git-credentials-1fdf0ae8-c033-42e5-a304-674735229bbc.config
Linux gates	UNKNOWN STEP	2026-10-09T14:01:57.9563479Z [command]/usr/bin/git config --local --unset includeif.gitdir:/github/workspace/.git.path \/github\/runner_temp\/git\-credentials\-1fdf0ae8\-c033\-42e5\-a304\-674735229bbc\.config
Linux gates	UNKNOWN STEP	2026-10-09T14:01:57.9633035Z [command]/usr/bin/git config --local --get-all includeif.gitdir:/github/workspace/.git/worktrees/*.path
Linux gates	UNKNOWN STEP	2026-10-09T14:01:57.9662102Z /github/runner_temp/git-credentials-1fdf0ae8-c033-42e5-a304-674735229bbc.config
Linux gates	UNKNOWN STEP	2026-10-09T14:01:57.9669678Z [command]/usr/bin/git config --local --unset includeif.gitdir:/github/workspace/.git/worktrees/*.path \/github\/runner_temp\/git\-credentials\-1fdf0ae8\-c033\-42e5\-a304\-674735229bbc\.config
Linux gates	UNKNOWN STEP	2026-10-09T14:01:57.9706895Z [command]/usr/bin/git submodule foreach --recursive git config --local --show-origin --name-only --get-regexp remote.origin.url
Linux gates	UNKNOWN STEP	2026-10-09T14:01:58.0010439Z Removing credentials config '/home/runner/work/_temp/git-credentials-1fdf0ae8-c033-42e5-a304-674735229bbc.config'
Linux gates	UNKNOWN STEP	2026-10-09T14:01:58.0012380Z ##[endgroup]
Linux gates	UNKNOWN STEP	2026-10-09T14:01:58.0230130Z ##[group]Run actions/setup-node@949feb2413d6458794dcd2491c4babbbce0c15c1
Linux gates	UNKNOWN STEP	2026-10-09T14:01:58.0230585Z with:
Linux gates	UNKNOWN STEP	2026-10-09T14:01:58.0230799Z   node-version: 24.21.0
Linux gates	UNKNOWN STEP	2026-10-09T14:01:58.0231034Z   check-latest: false
Linux gates	UNKNOWN STEP	2026-10-09T14:01:58.0233494Z   token: ***
Linux gates	UNKNOWN STEP	2026-10-09T14:01:58.0233736Z   package-manager-cache: true
Linux gates	UNKNOWN STEP	2026-10-09T14:01:58.0233987Z ##[endgroup]
Linux gates	UNKNOWN STEP	2026-10-09T14:01:58.1532128Z Found in cache @ /opt/hostedtoolcache/node/24.21.0/x64
Linux gates	UNKNOWN STEP	2026-10-09T14:01:58.2554749Z ##[group]Environment details
Linux gates	UNKNOWN STEP	2026-10-09T14:01:58.6465990Z node: v24.21.0
Linux gates	UNKNOWN STEP	2026-10-09T14:01:58.6466659Z npm: 11.19.0
Linux gates	UNKNOWN STEP	2026-10-09T14:01:58.6467268Z yarn: 1.22.22
Linux gates	UNKNOWN STEP	2026-10-09T14:01:58.6469013Z ##[endgroup]
Linux gates	UNKNOWN STEP	2026-10-09T14:01:58.6612353Z ##[group]Run node tools/fairpane.mjs install-zig
Linux gates	UNKNOWN STEP	2026-10-09T14:01:58.6612795Z [36;1mnode tools/fairpane.mjs install-zig[0m
Linux gates	UNKNOWN STEP	2026-10-09T14:01:58.6891105Z shell: /usr/bin/bash -e {0}
Linux gates	UNKNOWN STEP	2026-10-09T14:01:58.6891426Z ##[endgroup]
Linux gates	UNKNOWN STEP	2026-10-09T14:02:12.6185630Z {
Linux gates	UNKNOWN STEP	2026-10-09T14:02:12.6186841Z   "compiler": "/home/runner/work/fairpane/fairpane/.tools/zig/0.18.0-dev.120+9fe22a29b/x86_64-linux/zig",
Linux gates	UNKNOWN STEP	2026-10-09T14:02:12.6188226Z   "downloaded": true
Linux gates	UNKNOWN STEP	2026-10-09T14:02:12.6188662Z }
Linux gates	UNKNOWN STEP	2026-10-09T14:02:12.6342825Z ##[group]Run node tools/fairpane.mjs run repo-check
Linux gates	UNKNOWN STEP	2026-10-09T14:02:12.6343258Z [36;1mnode tools/fairpane.mjs run repo-check[0m
Linux gates	UNKNOWN STEP	2026-10-09T14:02:12.6406402Z shell: /usr/bin/bash -e {0}
Linux gates	UNKNOWN STEP	2026-10-09T14:02:12.6406881Z ##[endgroup]
Linux gates	UNKNOWN STEP	2026-10-09T14:02:12.6938826Z Execute gate repo-check.
Linux gates	UNKNOWN STEP	2026-10-09T14:02:12.9003862Z {
Linux gates	UNKNOWN STEP	2026-10-09T14:02:12.9004306Z   "gate": "repo-check",
Linux gates	UNKNOWN STEP	2026-10-09T14:02:12.9004877Z   "status": "pass",
Linux gates	UNKNOWN STEP	2026-10-09T14:02:12.9005624Z   "receipt": "out/evidence/2026-10-09T14-02-12-741Z-repo-check-80465399.json",
Linux gates	UNKNOWN STEP	2026-10-09T14:02:12.9006484Z   "error": null
Linux gates	UNKNOWN STEP	2026-10-09T14:02:12.9006910Z }
Linux gates	UNKNOWN STEP	2026-10-09T14:02:12.9116470Z ##[group]Run node tools/fairpane.mjs run controller-test
Linux gates	UNKNOWN STEP	2026-10-09T14:02:12.9116924Z [36;1mnode tools/fairpane.mjs run controller-test[0m
Linux gates	UNKNOWN STEP	2026-10-09T14:02:12.9180643Z shell: /usr/bin/bash -e {0}
Linux gates	UNKNOWN STEP	2026-10-09T14:02:12.9180916Z ##[endgroup]
Linux gates	UNKNOWN STEP	2026-10-09T14:02:12.9730133Z Execute gate controller-test.
Linux gates	UNKNOWN STEP	2026-10-09T14:02:23.0948710Z {
Linux gates	UNKNOWN STEP	2026-10-09T14:02:23.0949646Z   "gate": "controller-test",
Linux gates	UNKNOWN STEP	2026-10-09T14:02:23.0950414Z   "status": "pass",
Linux gates	UNKNOWN STEP	2026-10-09T14:02:23.0951168Z   "receipt": "out/evidence/2026-10-09T14-02-13-017Z-controller-test-619abe19.json",
Linux gates	UNKNOWN STEP	2026-10-09T14:02:23.0951870Z   "error": null
Linux gates	UNKNOWN STEP	2026-10-09T14:02:23.0952280Z }
Linux gates	UNKNOWN STEP	2026-10-09T14:02:23.1066337Z ##[group]Run node tools/fairpane.mjs run zig-fmt
Linux gates	UNKNOWN STEP	2026-10-09T14:02:23.1067042Z [36;1mnode tools/fairpane.mjs run zig-fmt[0m
Linux gates	UNKNOWN STEP	2026-10-09T14:02:23.1140900Z shell: /usr/bin/bash -e {0}
Linux gates	UNKNOWN STEP	2026-10-09T14:02:23.1141199Z ##[endgroup]
Linux gates	UNKNOWN STEP	2026-10-09T14:02:23.1716128Z Execute gate zig-fmt.
Linux gates	UNKNOWN STEP	2026-10-09T14:02:23.3480897Z {
Linux gates	UNKNOWN STEP	2026-10-09T14:02:23.3481402Z   "gate": "zig-fmt",
Linux gates	UNKNOWN STEP	2026-10-09T14:02:23.3481929Z   "status": "pass",
Linux gates	UNKNOWN STEP	2026-10-09T14:02:23.3482784Z   "receipt": "out/evidence/2026-10-09T14-02-23-219Z-zig-fmt-0690cf99.json",
Linux gates	UNKNOWN STEP	2026-10-09T14:02:23.3483622Z   "error": null
Linux gates	UNKNOWN STEP	2026-10-09T14:02:23.3484045Z }
Linux gates	UNKNOWN STEP	2026-10-09T14:02:23.3585075Z ##[group]Run node tools/fairpane.mjs run zig-test
Linux gates	UNKNOWN STEP	2026-10-09T14:02:23.3585710Z [36;1mnode tools/fairpane.mjs run zig-test[0m
Linux gates	UNKNOWN STEP	2026-10-09T14:02:23.3649959Z shell: /usr/bin/bash -e {0}
Linux gates	UNKNOWN STEP	2026-10-09T14:02:23.3650240Z ##[endgroup]
Linux gates	UNKNOWN STEP	2026-10-09T14:02:23.4194729Z Execute gate zig-test.
Linux gates	UNKNOWN STEP	2026-10-09T14:12:23.5118430Z {
Linux gates	UNKNOWN STEP	2026-10-09T14:12:23.5119887Z   "gate": "zig-test",
Linux gates	UNKNOWN STEP	2026-10-09T14:12:23.5120491Z   "status": "fail",
Linux gates	UNKNOWN STEP	2026-10-09T14:12:23.5121923Z   "receipt": "out/evidence/2026-10-09T14-02-23-464Z-zig-test-07339c10.json",
Linux gates	UNKNOWN STEP	2026-10-09T14:12:23.5123389Z   "error": "Gate command failed: [\"/home/runner/work/fairpane/fairpane/.tools/zig/0.18.0-dev.120+9fe22a29b/x86_64-linux/zig\",\"build\",\"test\"]"
Linux gates	UNKNOWN STEP	2026-10-09T14:12:23.5124056Z }
Linux gates	UNKNOWN STEP	2026-10-09T14:12:23.5200918Z ##[error]Process completed with exit code 1.
Linux gates	UNKNOWN STEP	2026-10-09T14:12:23.5293522Z ##[group]Run actions/upload-artifact@cf430e030ddbb5b0abf93d22962f4752f3646cd9
Linux gates	UNKNOWN STEP	2026-10-09T14:12:23.5293963Z with:
Linux gates	UNKNOWN STEP	2026-10-09T14:12:23.5294334Z   name: linux-gate-receipts-unsigned-local-integrity-records-not-attestations
Linux gates	UNKNOWN STEP	2026-10-09T14:12:23.5294782Z   path: out/evidence/
Linux gates	UNKNOWN STEP	2026-10-09T14:12:23.5295002Z   if-no-files-found: error
Linux gates	UNKNOWN STEP	2026-10-09T14:12:23.5295235Z   compression-level: 6
Linux gates	UNKNOWN STEP	2026-10-09T14:12:23.5295456Z   overwrite: false
Linux gates	UNKNOWN STEP	2026-10-09T14:12:23.5295667Z   include-hidden-files: false
Linux gates	UNKNOWN STEP	2026-10-09T14:12:23.5295896Z   archive: true
Linux gates	UNKNOWN STEP	2026-10-09T14:12:23.5296096Z ##[endgroup]
Linux gates	UNKNOWN STEP	2026-10-09T14:12:23.6780356Z With the provided path, there will be 8 files uploaded
Linux gates	UNKNOWN STEP	2026-10-09T14:12:23.6786950Z Artifact name is valid!
Linux gates	UNKNOWN STEP	2026-10-09T14:12:23.6805293Z Root directory input is valid!
Linux gates	UNKNOWN STEP	2026-10-09T14:12:24.0199144Z Uploading artifact: linux-gate-receipts-unsigned-local-integrity-records-not-attestations.zip
Linux gates	UNKNOWN STEP	2026-10-09T14:12:24.0244808Z Beginning upload of artifact content to blob storage
Linux gates	UNKNOWN STEP	2026-10-09T14:12:24.3200417Z Uploaded bytes 15749
Linux gates	UNKNOWN STEP	2026-10-09T14:12:24.3759360Z Finished uploading artifact content to blob storage!
Linux gates	UNKNOWN STEP	2026-10-09T14:12:24.3760875Z SHA256 digest of uploaded artifact is 0491bd060e810add09e838f2602cf8b7b357b1917125479351edfb0a6aebc933
Linux gates	UNKNOWN STEP	2026-10-09T14:12:24.3762100Z Finalizing artifact upload
Linux gates	UNKNOWN STEP	2026-10-09T14:12:24.7481633Z Artifact linux-gate-receipts-unsigned-local-integrity-records-not-attestations successfully finalized. Artifact ID 11623270132
Linux gates	UNKNOWN STEP	2026-10-09T14:12:24.7483437Z Artifact linux-gate-receipts-unsigned-local-integrity-records-not-attestations has been successfully uploaded! Final size is 15749 bytes. Artifact ID is 11623270132
Linux gates	UNKNOWN STEP	2026-10-09T14:12:24.7485172Z Artifact download URL: https://github.com/mattneel/fairpane/actions/runs/37941142815/artifacts/11623270132
Linux gates	UNKNOWN STEP	2026-10-09T14:12:24.7670166Z Post job cleanup.
Linux gates	UNKNOWN STEP	2026-10-09T14:12:24.8528352Z [command]/usr/bin/git version
Linux gates	UNKNOWN STEP	2026-10-09T14:12:24.8563927Z git version 2.55.0
Linux gates	UNKNOWN STEP	2026-10-09T14:12:24.8613454Z Temporarily overriding HOME='/home/runner/work/_temp/71736946-016d-471c-a464-2bb69790f1d7' before making global git config changes
Linux gates	UNKNOWN STEP	2026-10-09T14:12:24.8615006Z Adding repository directory to the temporary git global config as a safe directory
Linux gates	UNKNOWN STEP	2026-10-09T14:12:24.8619706Z [command]/usr/bin/git config --global --add safe.directory /home/runner/work/fairpane/fairpane
Linux gates	UNKNOWN STEP	2026-10-09T14:12:24.8654130Z Removing SSH command configuration
Linux gates	UNKNOWN STEP	2026-10-09T14:12:24.8661619Z [command]/usr/bin/git config --local --name-only --get-regexp core\.sshCommand
Linux gates	UNKNOWN STEP	2026-10-09T14:12:24.8698938Z [command]/usr/bin/git submodule foreach --recursive sh -c "git config --local --name-only --get-regexp 'core\.sshCommand' && git config --local --unset-all 'core.sshCommand' || :"
Linux gates	UNKNOWN STEP	2026-10-09T14:12:24.8954798Z Removing HTTP extra header
Linux gates	UNKNOWN STEP	2026-10-09T14:12:24.8962003Z [command]/usr/bin/git config --local --name-only --get-regexp http\.https\:\/\/github\.com\/\.extraheader
Linux gates	UNKNOWN STEP	2026-10-09T14:12:24.8997424Z [command]/usr/bin/git submodule foreach --recursive sh -c "git config --local --name-only --get-regexp 'http\.https\:\/\/github\.com\/\.extraheader' && git config --local --unset-all 'http.https://github.com/.extraheader' || :"
Linux gates	UNKNOWN STEP	2026-10-09T14:12:24.9245911Z Removing includeIf entries pointing to credentials config files
Linux gates	UNKNOWN STEP	2026-10-09T14:12:24.9254306Z [command]/usr/bin/git config --local --name-only --get-regexp ^includeIf\.gitdir:
Linux gates	UNKNOWN STEP	2026-10-09T14:12:24.9292847Z [command]/usr/bin/git submodule foreach --recursive git config --local --show-origin --name-only --get-regexp remote.origin.url
Linux gates	UNKNOWN STEP	2026-10-09T14:12:24.9721905Z Cleaning up orphan processes
RESULT {"executable":"C:\\Program Files\\GitHub CLI\\gh.exe","arguments":["run","view","37941142815","--repo","mattneel/fairpane","--attempt","1","--log-failed"],"cwd":"C:\\Users\\requi\\.omp\\wt\\t60e032fd5\\m","started_at":"2026-10-09T16:45:23.425Z","exit_code":0,"signal":null,"timed_out":false,"error":null,"duration_ms":2050}
