
COMMAND ["C:\\Program Files\\GitHub CLI\\gh.exe","run","view","37934034077","--repo","mattneel/fairpane","--attempt","1","--log-failed"]
Windows gates	UNKNOWN STEP	﻿2026-10-09T13:02:23.0772434Z Current runner version: '2.337.0'
Windows gates	UNKNOWN STEP	2026-10-09T13:02:23.0796400Z ##[group]Runner Image Provisioner
Windows gates	UNKNOWN STEP	2026-10-09T13:02:23.0797185Z Hosted Compute Agent
Windows gates	UNKNOWN STEP	2026-10-09T13:02:23.0797820Z Version: 20260901.588
Windows gates	UNKNOWN STEP	2026-10-09T13:02:23.0798428Z Commit: f88ec8081b781fac6c440065ac7ff9e710ce3d0b
Windows gates	UNKNOWN STEP	2026-10-09T13:02:23.0799117Z Build Date: 2026-09-01T19:56:44Z
Windows gates	UNKNOWN STEP	2026-10-09T13:02:23.0799755Z Worker ID: {def0d23a-9c0e-4f09-848c-d54b04358c1f}
Windows gates	UNKNOWN STEP	2026-10-09T13:02:23.0800418Z Azure Region: westcentralus
Windows gates	UNKNOWN STEP	2026-10-09T13:02:23.0801269Z ##[endgroup]
Windows gates	UNKNOWN STEP	2026-10-09T13:02:23.0803034Z ##[group]Operating System
Windows gates	UNKNOWN STEP	2026-10-09T13:02:23.0803776Z Microsoft Windows Server 2025
Windows gates	UNKNOWN STEP	2026-10-09T13:02:23.0804598Z 10.0.26100
Windows gates	UNKNOWN STEP	2026-10-09T13:02:23.0805103Z Datacenter
Windows gates	UNKNOWN STEP	2026-10-09T13:02:23.0805584Z ##[endgroup]
Windows gates	UNKNOWN STEP	2026-10-09T13:02:23.0806108Z ##[group]Runner Image
Windows gates	UNKNOWN STEP	2026-10-09T13:02:23.0806643Z Image: windows-2025-vs2026
Windows gates	UNKNOWN STEP	2026-10-09T13:02:23.0807284Z Version: 20260925.250.1
Windows gates	UNKNOWN STEP	2026-10-09T13:02:23.0808658Z Included Software: https://github.com/actions/runner-images/blob/win25-vs2026/20260925.250/images/windows/Windows2025-VS2026-Readme.md
Windows gates	UNKNOWN STEP	2026-10-09T13:02:23.0810258Z Image Release: https://github.com/actions/runner-images/releases/tag/win25-vs2026%2F20260925.250
Windows gates	UNKNOWN STEP	2026-10-09T13:02:23.0811165Z ##[endgroup]
Windows gates	UNKNOWN STEP	2026-10-09T13:02:23.0812189Z ##[group]GITHUB_TOKEN Permissions
Windows gates	UNKNOWN STEP	2026-10-09T13:02:23.0814344Z Contents: read
Windows gates	UNKNOWN STEP	2026-10-09T13:02:23.0814927Z Metadata: read
Windows gates	UNKNOWN STEP	2026-10-09T13:02:23.0815418Z ##[endgroup]
Windows gates	UNKNOWN STEP	2026-10-09T13:02:23.0817381Z Secret source: Actions
Windows gates	UNKNOWN STEP	2026-10-09T13:02:23.0818316Z Cache mode: write
Windows gates	UNKNOWN STEP	2026-10-09T13:02:23.0819100Z Prepare workflow directory
Windows gates	UNKNOWN STEP	2026-10-09T13:02:23.1213032Z Prepare all required actions
Windows gates	UNKNOWN STEP	2026-10-09T13:02:23.1261219Z Getting action download info
Windows gates	UNKNOWN STEP	2026-10-09T13:02:23.3805543Z Download action repository 'actions/checkout@3d3c42e5aac5ba805825da76410c181273ba90b1' (SHA:3d3c42e5aac5ba805825da76410c181273ba90b1)
Windows gates	UNKNOWN STEP	2026-10-09T13:02:23.5186445Z Download action repository 'actions/setup-node@949feb2413d6458794dcd2491c4babbbce0c15c1' (SHA:949feb2413d6458794dcd2491c4babbbce0c15c1)
Windows gates	UNKNOWN STEP	2026-10-09T13:02:24.1994386Z Download action repository 'actions/upload-artifact@cf430e030ddbb5b0abf93d22962f4752f3646cd9' (SHA:cf430e030ddbb5b0abf93d22962f4752f3646cd9)
Windows gates	UNKNOWN STEP	2026-10-09T13:02:24.9251946Z Complete job name: Windows gates
Windows gates	UNKNOWN STEP	2026-10-09T13:02:25.1002235Z ##[group]Run actions/checkout@3d3c42e5aac5ba805825da76410c181273ba90b1
Windows gates	UNKNOWN STEP	2026-10-09T13:02:25.1003753Z with:
Windows gates	UNKNOWN STEP	2026-10-09T13:02:25.1004437Z   persist-credentials: false
Windows gates	UNKNOWN STEP	2026-10-09T13:02:25.1005102Z   repository: mattneel/fairpane
Windows gates	UNKNOWN STEP	2026-10-09T13:02:25.1014058Z   token: ***
Windows gates	UNKNOWN STEP	2026-10-09T13:02:25.1014508Z   ssh-strict: true
Windows gates	UNKNOWN STEP	2026-10-09T13:02:25.1014973Z   ssh-user: git
Windows gates	UNKNOWN STEP	2026-10-09T13:02:25.1015419Z   clean: true
Windows gates	UNKNOWN STEP	2026-10-09T13:02:25.1015912Z   sparse-checkout-cone-mode: true
Windows gates	UNKNOWN STEP	2026-10-09T13:02:25.1016584Z   fetch-depth: 1
Windows gates	UNKNOWN STEP	2026-10-09T13:02:25.1017014Z   fetch-tags: false
Windows gates	UNKNOWN STEP	2026-10-09T13:02:25.1017424Z   show-progress: true
Windows gates	UNKNOWN STEP	2026-10-09T13:02:25.1017838Z   lfs: false
Windows gates	UNKNOWN STEP	2026-10-09T13:02:25.1018211Z   submodules: false
Windows gates	UNKNOWN STEP	2026-10-09T13:02:25.1018676Z   set-safe-directory: true
Windows gates	UNKNOWN STEP	2026-10-09T13:02:25.1019198Z   allow-unsafe-pr-checkout: false
Windows gates	UNKNOWN STEP	2026-10-09T13:02:25.1020045Z ##[endgroup]
Windows gates	UNKNOWN STEP	2026-10-09T13:02:25.2494970Z Syncing repository: mattneel/fairpane
Windows gates	UNKNOWN STEP	2026-10-09T13:02:25.2496909Z ##[group]Getting Git version info
Windows gates	UNKNOWN STEP	2026-10-09T13:02:25.2497660Z Working directory is 'D:\a\fairpane\fairpane'
Windows gates	UNKNOWN STEP	2026-10-09T13:02:25.3505841Z [command]"C:\Program Files\Git\bin\git.exe" version
Windows gates	UNKNOWN STEP	2026-10-09T13:02:25.7036704Z git version 2.55.0.windows.5
Windows gates	UNKNOWN STEP	2026-10-09T13:02:25.7084545Z ##[endgroup]
Windows gates	UNKNOWN STEP	2026-10-09T13:02:25.7098132Z Temporarily overriding HOME='D:\a\_temp\6af60fe0-0095-4330-a7c8-bfaae6194683' before making global git config changes
Windows gates	UNKNOWN STEP	2026-10-09T13:02:25.7107804Z Adding repository directory to the temporary git global config as a safe directory
Windows gates	UNKNOWN STEP	2026-10-09T13:02:25.7108650Z [command]"C:\Program Files\Git\bin\git.exe" config --global --add safe.directory D:\a\fairpane\fairpane
Windows gates	UNKNOWN STEP	2026-10-09T13:02:25.7718627Z Deleting the contents of 'D:\a\fairpane\fairpane'
Windows gates	UNKNOWN STEP	2026-10-09T13:02:25.7723992Z ##[group]Determining repository object format
Windows gates	UNKNOWN STEP	2026-10-09T13:02:25.7725748Z ##[endgroup]
Windows gates	UNKNOWN STEP	2026-10-09T13:02:25.7726715Z ##[group]Initializing the repository
Windows gates	UNKNOWN STEP	2026-10-09T13:02:25.7733647Z [command]"C:\Program Files\Git\bin\git.exe" init D:\a\fairpane\fairpane
Windows gates	UNKNOWN STEP	2026-10-09T13:02:25.8574835Z Initialized empty Git repository in D:/a/fairpane/fairpane/.git/
Windows gates	UNKNOWN STEP	2026-10-09T13:02:25.8615571Z [command]"C:\Program Files\Git\bin\git.exe" remote add origin https://github.com/mattneel/fairpane
Windows gates	UNKNOWN STEP	2026-10-09T13:02:25.9214598Z ##[endgroup]
Windows gates	UNKNOWN STEP	2026-10-09T13:02:25.9215213Z ##[group]Disabling automatic garbage collection
Windows gates	UNKNOWN STEP	2026-10-09T13:02:25.9222901Z [command]"C:\Program Files\Git\bin\git.exe" config --local gc.auto 0
Windows gates	UNKNOWN STEP	2026-10-09T13:02:25.9503687Z ##[endgroup]
Windows gates	UNKNOWN STEP	2026-10-09T13:02:25.9504904Z ##[group]Setting up auth
Windows gates	UNKNOWN STEP	2026-10-09T13:02:25.9505735Z Removing SSH command configuration
Windows gates	UNKNOWN STEP	2026-10-09T13:02:25.9514094Z [command]"C:\Program Files\Git\bin\git.exe" config --local --name-only --get-regexp core\.sshCommand
Windows gates	UNKNOWN STEP	2026-10-09T13:02:25.9800517Z [command]"C:\Program Files\Git\bin\git.exe" submodule foreach --recursive "sh -c \"git config --local --name-only --get-regexp 'core\.sshCommand' && git config --local --unset-all 'core.sshCommand' || :\""
Windows gates	UNKNOWN STEP	2026-10-09T13:02:27.4432183Z Removing HTTP extra header
Windows gates	UNKNOWN STEP	2026-10-09T13:02:27.4445146Z [command]"C:\Program Files\Git\bin\git.exe" config --local --name-only --get-regexp http\.https\:\/\/github\.com\/\.extraheader
Windows gates	UNKNOWN STEP	2026-10-09T13:02:27.4728733Z [command]"C:\Program Files\Git\bin\git.exe" submodule foreach --recursive "sh -c \"git config --local --name-only --get-regexp 'http\.https\:\/\/github\.com\/\.extraheader' && git config --local --unset-all 'http.https://github.com/.extraheader' || :\""
Windows gates	UNKNOWN STEP	2026-10-09T13:02:28.0143090Z Removing includeIf entries pointing to credentials config files
Windows gates	UNKNOWN STEP	2026-10-09T13:02:28.0153775Z [command]"C:\Program Files\Git\bin\git.exe" config --local --name-only --get-regexp ^includeIf\.gitdir:
Windows gates	UNKNOWN STEP	2026-10-09T13:02:28.0437709Z [command]"C:\Program Files\Git\bin\git.exe" submodule foreach --recursive "git config --local --show-origin --name-only --get-regexp remote.origin.url"
Windows gates	UNKNOWN STEP	2026-10-09T13:02:28.5739560Z [command]"C:\Program Files\Git\bin\git.exe" config --file D:\a\_temp\git-credentials-f5ddaeaf-2bf5-40ca-927e-954040898dcf.config http.https://github.com/.extraheader "AUTHORIZATION: basic ***"
Windows gates	UNKNOWN STEP	2026-10-09T13:02:28.6036885Z [command]"C:\Program Files\Git\bin\git.exe" config --local includeIf.gitdir:D:/a/fairpane/fairpane/.git.path D:\a\_temp\git-credentials-f5ddaeaf-2bf5-40ca-927e-954040898dcf.config
Windows gates	UNKNOWN STEP	2026-10-09T13:02:28.6322003Z [command]"C:\Program Files\Git\bin\git.exe" config --local includeIf.gitdir:D:/a/fairpane/fairpane/.git/worktrees/*.path D:\a\_temp\git-credentials-f5ddaeaf-2bf5-40ca-927e-954040898dcf.config
Windows gates	UNKNOWN STEP	2026-10-09T13:02:28.6614825Z [command]"C:\Program Files\Git\bin\git.exe" config --local includeIf.gitdir:/github/workspace/.git.path /github/runner_temp/git-credentials-f5ddaeaf-2bf5-40ca-927e-954040898dcf.config
Windows gates	UNKNOWN STEP	2026-10-09T13:02:28.6899668Z [command]"C:\Program Files\Git\bin\git.exe" config --local includeIf.gitdir:/github/workspace/.git/worktrees/*.path /github/runner_temp/git-credentials-f5ddaeaf-2bf5-40ca-927e-954040898dcf.config
Windows gates	UNKNOWN STEP	2026-10-09T13:02:28.7200905Z ##[endgroup]
Windows gates	UNKNOWN STEP	2026-10-09T13:02:28.7201605Z ##[group]Fetching the repository
Windows gates	UNKNOWN STEP	2026-10-09T13:02:28.7212919Z [command]"C:\Program Files\Git\bin\git.exe" -c protocol.version=2 fetch --no-tags --prune --no-recurse-submodules --depth=1 origin +4531b333e4b70fad15c39d3d051324c34da959fd:refs/remotes/origin/master
Windows gates	UNKNOWN STEP	2026-10-09T13:02:30.2578460Z From https://github.com/mattneel/fairpane
Windows gates	UNKNOWN STEP	2026-10-09T13:02:30.2579233Z  * [new ref]         4531b333e4b70fad15c39d3d051324c34da959fd -> origin/master
Windows gates	UNKNOWN STEP	2026-10-09T13:02:30.2627093Z [command]"C:\Program Files\Git\bin\git.exe" branch --list --remote origin/master
Windows gates	UNKNOWN STEP	2026-10-09T13:02:30.2895168Z   origin/master
Windows gates	UNKNOWN STEP	2026-10-09T13:02:30.2942725Z [command]"C:\Program Files\Git\bin\git.exe" rev-parse refs/remotes/origin/master
Windows gates	UNKNOWN STEP	2026-10-09T13:02:30.3185090Z 4531b333e4b70fad15c39d3d051324c34da959fd
Windows gates	UNKNOWN STEP	2026-10-09T13:02:30.3216465Z ##[endgroup]
Windows gates	UNKNOWN STEP	2026-10-09T13:02:30.3216929Z ##[group]Determining the checkout info
Windows gates	UNKNOWN STEP	2026-10-09T13:02:30.3217598Z ##[endgroup]
Windows gates	UNKNOWN STEP	2026-10-09T13:02:30.3225342Z [command]"C:\Program Files\Git\bin\git.exe" sparse-checkout disable
Windows gates	UNKNOWN STEP	2026-10-09T13:02:30.3554942Z [command]"C:\Program Files\Git\bin\git.exe" config --local --unset-all extensions.worktreeConfig
Windows gates	UNKNOWN STEP	2026-10-09T13:02:30.3838143Z ##[group]Checking out the ref
Windows gates	UNKNOWN STEP	2026-10-09T13:02:30.3845319Z [command]"C:\Program Files\Git\bin\git.exe" checkout --progress --force -B master refs/remotes/origin/master
Windows gates	UNKNOWN STEP	2026-10-09T13:02:30.7727763Z Reset branch 'master'
Windows gates	UNKNOWN STEP	2026-10-09T13:02:30.7744247Z branch 'master' set up to track 'origin/master'.
Windows gates	UNKNOWN STEP	2026-10-09T13:02:30.7794655Z ##[endgroup]
Windows gates	UNKNOWN STEP	2026-10-09T13:02:30.8140025Z [command]"C:\Program Files\Git\bin\git.exe" log -1 --format=%H
Windows gates	UNKNOWN STEP	2026-10-09T13:02:30.8414166Z 4531b333e4b70fad15c39d3d051324c34da959fd
Windows gates	UNKNOWN STEP	2026-10-09T13:02:30.8454945Z ##[group]Removing auth
Windows gates	UNKNOWN STEP	2026-10-09T13:02:30.8455228Z Removing SSH command configuration
Windows gates	UNKNOWN STEP	2026-10-09T13:02:30.8463774Z [command]"C:\Program Files\Git\bin\git.exe" config --local --name-only --get-regexp core\.sshCommand
Windows gates	UNKNOWN STEP	2026-10-09T13:02:30.8758944Z [command]"C:\Program Files\Git\bin\git.exe" submodule foreach --recursive "sh -c \"git config --local --name-only --get-regexp 'core\.sshCommand' && git config --local --unset-all 'core.sshCommand' || :\""
Windows gates	UNKNOWN STEP	2026-10-09T13:02:31.3763177Z Removing HTTP extra header
Windows gates	UNKNOWN STEP	2026-10-09T13:02:31.3772619Z [command]"C:\Program Files\Git\bin\git.exe" config --local --name-only --get-regexp http\.https\:\/\/github\.com\/\.extraheader
Windows gates	UNKNOWN STEP	2026-10-09T13:02:31.4077229Z [command]"C:\Program Files\Git\bin\git.exe" submodule foreach --recursive "sh -c \"git config --local --name-only --get-regexp 'http\.https\:\/\/github\.com\/\.extraheader' && git config --local --unset-all 'http.https://github.com/.extraheader' || :\""
Windows gates	UNKNOWN STEP	2026-10-09T13:02:31.9493303Z Removing includeIf entries pointing to credentials config files
Windows gates	UNKNOWN STEP	2026-10-09T13:02:31.9500661Z [command]"C:\Program Files\Git\bin\git.exe" config --local --name-only --get-regexp ^includeIf\.gitdir:
Windows gates	UNKNOWN STEP	2026-10-09T13:02:31.9762537Z includeif.gitdir:D:/a/fairpane/fairpane/.git.path
Windows gates	UNKNOWN STEP	2026-10-09T13:02:31.9764606Z includeif.gitdir:D:/a/fairpane/fairpane/.git/worktrees/*.path
Windows gates	UNKNOWN STEP	2026-10-09T13:02:31.9765603Z includeif.gitdir:/github/workspace/.git.path
Windows gates	UNKNOWN STEP	2026-10-09T13:02:31.9766420Z includeif.gitdir:/github/workspace/.git/worktrees/*.path
Windows gates	UNKNOWN STEP	2026-10-09T13:02:31.9806065Z [command]"C:\Program Files\Git\bin\git.exe" config --local --get-all includeif.gitdir:D:/a/fairpane/fairpane/.git.path
Windows gates	UNKNOWN STEP	2026-10-09T13:02:32.0068653Z D:\a\_temp\git-credentials-f5ddaeaf-2bf5-40ca-927e-954040898dcf.config
Windows gates	UNKNOWN STEP	2026-10-09T13:02:32.0113389Z [command]"C:\Program Files\Git\bin\git.exe" config --local --unset includeif.gitdir:D:/a/fairpane/fairpane/.git.path D\:\\a\\_temp\\git\-credentials\-f5ddaeaf\-2bf5\-40ca\-927e\-954040898dcf\.config
Windows gates	UNKNOWN STEP	2026-10-09T13:02:32.0424403Z [command]"C:\Program Files\Git\bin\git.exe" config --local --get-all includeif.gitdir:D:/a/fairpane/fairpane/.git/worktrees/*.path
Windows gates	UNKNOWN STEP	2026-10-09T13:02:32.0688289Z D:\a\_temp\git-credentials-f5ddaeaf-2bf5-40ca-927e-954040898dcf.config
Windows gates	UNKNOWN STEP	2026-10-09T13:02:32.0739424Z [command]"C:\Program Files\Git\bin\git.exe" config --local --unset includeif.gitdir:D:/a/fairpane/fairpane/.git/worktrees/*.path D\:\\a\\_temp\\git\-credentials\-f5ddaeaf\-2bf5\-40ca\-927e\-954040898dcf\.config
Windows gates	UNKNOWN STEP	2026-10-09T13:02:32.1057974Z [command]"C:\Program Files\Git\bin\git.exe" config --local --get-all includeif.gitdir:/github/workspace/.git.path
Windows gates	UNKNOWN STEP	2026-10-09T13:02:32.1336793Z /github/runner_temp/git-credentials-f5ddaeaf-2bf5-40ca-927e-954040898dcf.config
Windows gates	UNKNOWN STEP	2026-10-09T13:02:32.1382659Z [command]"C:\Program Files\Git\bin\git.exe" config --local --unset includeif.gitdir:/github/workspace/.git.path \/github\/runner_temp\/git\-credentials\-f5ddaeaf\-2bf5\-40ca\-927e\-954040898dcf\.config
Windows gates	UNKNOWN STEP	2026-10-09T13:02:32.1697548Z [command]"C:\Program Files\Git\bin\git.exe" config --local --get-all includeif.gitdir:/github/workspace/.git/worktrees/*.path
Windows gates	UNKNOWN STEP	2026-10-09T13:02:32.1963311Z /github/runner_temp/git-credentials-f5ddaeaf-2bf5-40ca-927e-954040898dcf.config
Windows gates	UNKNOWN STEP	2026-10-09T13:02:32.2006133Z [command]"C:\Program Files\Git\bin\git.exe" config --local --unset includeif.gitdir:/github/workspace/.git/worktrees/*.path \/github\/runner_temp\/git\-credentials\-f5ddaeaf\-2bf5\-40ca\-927e\-954040898dcf\.config
Windows gates	UNKNOWN STEP	2026-10-09T13:02:32.2305946Z [command]"C:\Program Files\Git\bin\git.exe" submodule foreach --recursive "git config --local --show-origin --name-only --get-regexp remote.origin.url"
Windows gates	UNKNOWN STEP	2026-10-09T13:02:32.7608734Z Removing credentials config 'D:\a\_temp\git-credentials-f5ddaeaf-2bf5-40ca-927e-954040898dcf.config'
Windows gates	UNKNOWN STEP	2026-10-09T13:02:32.7622338Z ##[endgroup]
Windows gates	UNKNOWN STEP	2026-10-09T13:02:32.8107191Z ##[group]Run actions/setup-node@949feb2413d6458794dcd2491c4babbbce0c15c1
Windows gates	UNKNOWN STEP	2026-10-09T13:02:32.8107642Z with:
Windows gates	UNKNOWN STEP	2026-10-09T13:02:32.8107845Z   node-version: 24.21.0
Windows gates	UNKNOWN STEP	2026-10-09T13:02:32.8108086Z   check-latest: false
Windows gates	UNKNOWN STEP	2026-10-09T13:02:32.8110518Z   token: ***
Windows gates	UNKNOWN STEP	2026-10-09T13:02:32.8110747Z   package-manager-cache: true
Windows gates	UNKNOWN STEP	2026-10-09T13:02:32.8110998Z ##[endgroup]
Windows gates	UNKNOWN STEP	2026-10-09T13:02:32.9714043Z Found in cache @ C:\hostedtoolcache\windows\node\24.21.0\x64
Windows gates	UNKNOWN STEP	2026-10-09T13:02:34.1158080Z ##[group]Environment details
Windows gates	UNKNOWN STEP	2026-10-09T13:02:38.3097356Z node: v24.21.0
Windows gates	UNKNOWN STEP	2026-10-09T13:02:38.3097713Z npm: 11.19.0
Windows gates	UNKNOWN STEP	2026-10-09T13:02:38.3098312Z yarn: 1.22.22
Windows gates	UNKNOWN STEP	2026-10-09T13:02:38.3098951Z ##[endgroup]
Windows gates	UNKNOWN STEP	2026-10-09T13:02:38.3395523Z ##[group]Run node tools/fairpane.mjs install-zig
Windows gates	UNKNOWN STEP	2026-10-09T13:02:38.3395973Z [36;1mnode tools/fairpane.mjs install-zig[0m
Windows gates	UNKNOWN STEP	2026-10-09T13:02:38.3952415Z shell: C:\Program Files\PowerShell\7\pwsh.EXE -command ". '{0}'"
Windows gates	UNKNOWN STEP	2026-10-09T13:02:38.3952883Z ##[endgroup]
Windows gates	UNKNOWN STEP	2026-10-09T13:05:15.1682777Z D:\a\fairpane\fairpane\.tools\zig\0.18.0-dev.120+9fe22a29b\x86_64-windows\zig.exe
Windows gates	UNKNOWN STEP	2026-10-09T13:05:15.2419655Z {
Windows gates	UNKNOWN STEP	2026-10-09T13:05:15.2420239Z   "compiler": "D:\\a\\fairpane\\fairpane\\.tools\\zig\\0.18.0-dev.120+9fe22a29b\\x86_64-windows\\zig.exe",
Windows gates	UNKNOWN STEP	2026-10-09T13:05:15.2420729Z   "downloaded": true
Windows gates	UNKNOWN STEP	2026-10-09T13:05:15.2421030Z }
Windows gates	UNKNOWN STEP	2026-10-09T13:05:15.3708976Z ##[group]Run node tools/fairpane.mjs run repo-check
Windows gates	UNKNOWN STEP	2026-10-09T13:05:15.3709426Z [36;1mnode tools/fairpane.mjs run repo-check[0m
Windows gates	UNKNOWN STEP	2026-10-09T13:05:15.3778693Z shell: C:\Program Files\PowerShell\7\pwsh.EXE -command ". '{0}'"
Windows gates	UNKNOWN STEP	2026-10-09T13:05:15.3779057Z ##[endgroup]
Windows gates	UNKNOWN STEP	2026-10-09T13:05:15.7271821Z Execute gate repo-check.
Windows gates	UNKNOWN STEP	2026-10-09T13:05:16.1255170Z {
Windows gates	UNKNOWN STEP	2026-10-09T13:05:16.1255550Z   "gate": "repo-check",
Windows gates	UNKNOWN STEP	2026-10-09T13:05:16.1255923Z   "status": "pass",
Windows gates	UNKNOWN STEP	2026-10-09T13:05:16.1256712Z   "receipt": "out/evidence/2026-10-09T13-05-15-823Z-repo-check-9fd32b95.json",
Windows gates	UNKNOWN STEP	2026-10-09T13:05:16.1257534Z   "error": null
Windows gates	UNKNOWN STEP	2026-10-09T13:05:16.1257952Z }
Windows gates	UNKNOWN STEP	2026-10-09T13:05:16.2749990Z ##[group]Run node tools/fairpane.mjs run controller-test
Windows gates	UNKNOWN STEP	2026-10-09T13:05:16.2750574Z [36;1mnode tools/fairpane.mjs run controller-test[0m
Windows gates	UNKNOWN STEP	2026-10-09T13:05:16.2820678Z shell: C:\Program Files\PowerShell\7\pwsh.EXE -command ". '{0}'"
Windows gates	UNKNOWN STEP	2026-10-09T13:05:16.2821120Z ##[endgroup]
Windows gates	UNKNOWN STEP	2026-10-09T13:05:16.6285680Z Execute gate controller-test.
Windows gates	UNKNOWN STEP	2026-10-09T13:06:20.0158457Z {
Windows gates	UNKNOWN STEP	2026-10-09T13:06:20.0161974Z   "gate": "controller-test",
Windows gates	UNKNOWN STEP	2026-10-09T13:06:20.0162566Z   "status": "pass",
Windows gates	UNKNOWN STEP	2026-10-09T13:06:20.0163335Z   "receipt": "out/evidence/2026-10-09T13-05-16-720Z-controller-test-21792586.json",
Windows gates	UNKNOWN STEP	2026-10-09T13:06:20.0164199Z   "error": null
Windows gates	UNKNOWN STEP	2026-10-09T13:06:20.0164662Z }
Windows gates	UNKNOWN STEP	2026-10-09T13:06:20.1284162Z ##[group]Run node tools/fairpane.mjs run zig-fmt
Windows gates	UNKNOWN STEP	2026-10-09T13:06:20.1284653Z [36;1mnode tools/fairpane.mjs run zig-fmt[0m
Windows gates	UNKNOWN STEP	2026-10-09T13:06:20.1354187Z shell: C:\Program Files\PowerShell\7\pwsh.EXE -command ". '{0}'"
Windows gates	UNKNOWN STEP	2026-10-09T13:06:20.1354614Z ##[endgroup]
Windows gates	UNKNOWN STEP	2026-10-09T13:06:20.4753742Z Execute gate zig-fmt.
Windows gates	UNKNOWN STEP	2026-10-09T13:06:20.7913772Z {
Windows gates	UNKNOWN STEP	2026-10-09T13:06:20.7914278Z   "gate": "zig-fmt",
Windows gates	UNKNOWN STEP	2026-10-09T13:06:20.7914793Z   "status": "pass",
Windows gates	UNKNOWN STEP	2026-10-09T13:06:20.7915497Z   "receipt": "out/evidence/2026-10-09T13-06-20-577Z-zig-fmt-beaebe37.json",
Windows gates	UNKNOWN STEP	2026-10-09T13:06:20.7916222Z   "error": null
Windows gates	UNKNOWN STEP	2026-10-09T13:06:20.7916985Z }
Windows gates	UNKNOWN STEP	2026-10-09T13:06:20.9366166Z ##[group]Run node tools/fairpane.mjs run zig-test
Windows gates	UNKNOWN STEP	2026-10-09T13:06:20.9366665Z [36;1mnode tools/fairpane.mjs run zig-test[0m
Windows gates	UNKNOWN STEP	2026-10-09T13:06:20.9435074Z shell: C:\Program Files\PowerShell\7\pwsh.EXE -command ". '{0}'"
Windows gates	UNKNOWN STEP	2026-10-09T13:06:20.9435500Z ##[endgroup]
Windows gates	UNKNOWN STEP	2026-10-09T13:06:21.2785465Z Execute gate zig-test.
Windows gates	UNKNOWN STEP	2026-10-09T13:16:21.6306845Z {
Windows gates	UNKNOWN STEP	2026-10-09T13:16:21.6307554Z   "gate": "zig-test",
Windows gates	UNKNOWN STEP	2026-10-09T13:16:21.6308166Z   "status": "fail",
Windows gates	UNKNOWN STEP	2026-10-09T13:16:21.6308891Z   "receipt": "out/evidence/2026-10-09T13-06-21-377Z-zig-test-ff273335.json",
Windows gates	UNKNOWN STEP	2026-10-09T13:16:21.6310350Z   "error": "Gate command failed: [\"D:\\\\a\\\\fairpane\\\\fairpane\\\\.tools\\\\zig\\\\0.18.0-dev.120+9fe22a29b\\\\x86_64-windows\\\\zig.exe\",\"build\",\"test\"]"
Windows gates	UNKNOWN STEP	2026-10-09T13:16:21.6311573Z }
Windows gates	UNKNOWN STEP	2026-10-09T13:16:21.7426551Z ##[error]Process completed with exit code 1.
Windows gates	UNKNOWN STEP	2026-10-09T13:16:21.7738031Z ##[group]Run actions/upload-artifact@cf430e030ddbb5b0abf93d22962f4752f3646cd9
Windows gates	UNKNOWN STEP	2026-10-09T13:16:21.7738748Z with:
Windows gates	UNKNOWN STEP	2026-10-09T13:16:21.7739193Z   name: windows-gate-receipts-unsigned-local-integrity-records-not-attestations
Windows gates	UNKNOWN STEP	2026-10-09T13:16:21.7739738Z   path: out/evidence/
Windows gates	UNKNOWN STEP	2026-10-09T13:16:21.7740026Z   if-no-files-found: error
Windows gates	UNKNOWN STEP	2026-10-09T13:16:21.7740318Z   compression-level: 6
Windows gates	UNKNOWN STEP	2026-10-09T13:16:21.7740591Z   overwrite: false
Windows gates	UNKNOWN STEP	2026-10-09T13:16:21.7740881Z   include-hidden-files: false
Windows gates	UNKNOWN STEP	2026-10-09T13:16:21.7741175Z   archive: true
Windows gates	UNKNOWN STEP	2026-10-09T13:16:21.7741431Z ##[endgroup]
Windows gates	UNKNOWN STEP	2026-10-09T13:16:21.9585801Z With the provided path, there will be 8 files uploaded
Windows gates	UNKNOWN STEP	2026-10-09T13:16:21.9592167Z Artifact name is valid!
Windows gates	UNKNOWN STEP	2026-10-09T13:16:21.9592932Z Root directory input is valid!
Windows gates	UNKNOWN STEP	2026-10-09T13:16:22.2941441Z Uploading artifact: windows-gate-receipts-unsigned-local-integrity-records-not-attestations.zip
Windows gates	UNKNOWN STEP	2026-10-09T13:16:22.2989747Z Beginning upload of artifact content to blob storage
Windows gates	UNKNOWN STEP	2026-10-09T13:16:22.5614041Z Uploaded bytes 15331
Windows gates	UNKNOWN STEP	2026-10-09T13:16:22.6199143Z Finished uploading artifact content to blob storage!
Windows gates	UNKNOWN STEP	2026-10-09T13:16:22.6200408Z SHA256 digest of uploaded artifact is 82bff37c80c87e6e7ecd7c5f160fd9f68a277411bce35051b3dd72bbd08dd183
Windows gates	UNKNOWN STEP	2026-10-09T13:16:22.6201410Z Finalizing artifact upload
Windows gates	UNKNOWN STEP	2026-10-09T13:16:22.9462626Z Artifact windows-gate-receipts-unsigned-local-integrity-records-not-attestations successfully finalized. Artifact ID 11618775263
Windows gates	UNKNOWN STEP	2026-10-09T13:16:22.9465520Z Artifact windows-gate-receipts-unsigned-local-integrity-records-not-attestations has been successfully uploaded! Final size is 15331 bytes. Artifact ID is 11618775263
Windows gates	UNKNOWN STEP	2026-10-09T13:16:22.9471369Z Artifact download URL: https://github.com/mattneel/fairpane/actions/runs/37934034077/artifacts/11618775263
Windows gates	UNKNOWN STEP	2026-10-09T13:16:22.9824132Z Post job cleanup.
Windows gates	UNKNOWN STEP	2026-10-09T13:16:23.1836404Z [command]"C:\Program Files\Git\bin\git.exe" version
Windows gates	UNKNOWN STEP	2026-10-09T13:16:23.2242199Z git version 2.55.0.windows.5
Windows gates	UNKNOWN STEP	2026-10-09T13:16:23.2309820Z Temporarily overriding HOME='D:\a\_temp\d08f665b-208a-4abb-9dff-ef143657e943' before making global git config changes
Windows gates	UNKNOWN STEP	2026-10-09T13:16:23.2313456Z Adding repository directory to the temporary git global config as a safe directory
Windows gates	UNKNOWN STEP	2026-10-09T13:16:23.2324366Z [command]"C:\Program Files\Git\bin\git.exe" config --global --add safe.directory D:\a\fairpane\fairpane
Windows gates	UNKNOWN STEP	2026-10-09T13:16:23.2641398Z Removing SSH command configuration
Windows gates	UNKNOWN STEP	2026-10-09T13:16:23.2652902Z [command]"C:\Program Files\Git\bin\git.exe" config --local --name-only --get-regexp core\.sshCommand
Windows gates	UNKNOWN STEP	2026-10-09T13:16:23.2996395Z [command]"C:\Program Files\Git\bin\git.exe" submodule foreach --recursive "sh -c \"git config --local --name-only --get-regexp 'core\.sshCommand' && git config --local --unset-all 'core.sshCommand' || :\""
Windows gates	UNKNOWN STEP	2026-10-09T13:16:23.8510994Z Removing HTTP extra header
Windows gates	UNKNOWN STEP	2026-10-09T13:16:23.8520513Z [command]"C:\Program Files\Git\bin\git.exe" config --local --name-only --get-regexp http\.https\:\/\/github\.com\/\.extraheader
Windows gates	UNKNOWN STEP	2026-10-09T13:16:23.8813048Z [command]"C:\Program Files\Git\bin\git.exe" submodule foreach --recursive "sh -c \"git config --local --name-only --get-regexp 'http\.https\:\/\/github\.com\/\.extraheader' && git config --local --unset-all 'http.https://github.com/.extraheader' || :\""
Windows gates	UNKNOWN STEP	2026-10-09T13:16:24.5824089Z Removing includeIf entries pointing to credentials config files
Windows gates	UNKNOWN STEP	2026-10-09T13:16:24.5835088Z [command]"C:\Program Files\Git\bin\git.exe" config --local --name-only --get-regexp ^includeIf\.gitdir:
Windows gates	UNKNOWN STEP	2026-10-09T13:16:24.6157374Z [command]"C:\Program Files\Git\bin\git.exe" submodule foreach --recursive "git config --local --show-origin --name-only --get-regexp remote.origin.url"
Windows gates	UNKNOWN STEP	2026-10-09T13:16:25.3627317Z Cleaning up orphan processes
RESULT {"executable":"C:\\Program Files\\GitHub CLI\\gh.exe","arguments":["run","view","37934034077","--repo","mattneel/fairpane","--attempt","1","--log-failed"],"cwd":"C:\\Users\\requi\\.omp\\wt\\t60e032fd5\\m","started_at":"2026-10-09T16:45:18.600Z","exit_code":0,"signal":null,"timed_out":false,"error":null,"duration_ms":2111}
