
COMMAND ["C:\\Program Files\\GitHub CLI\\gh.exe","run","view","37941186240","--repo","mattneel/fairpane","--attempt","1","--log-failed"]
Linux gates	UNKNOWN STEP	﻿2026-10-09T14:02:14.6209884Z Current runner version: '2.337.0'
Linux gates	UNKNOWN STEP	2026-10-09T14:02:14.6236211Z ##[group]Runner Image Provisioner
Linux gates	UNKNOWN STEP	2026-10-09T14:02:14.6237109Z Hosted Compute Agent
Linux gates	UNKNOWN STEP	2026-10-09T14:02:14.6237793Z Version: 20261002.596
Linux gates	UNKNOWN STEP	2026-10-09T14:02:14.6238425Z Commit: c3d12f3313a95f25162a1503be624f3b0617f8c0
Linux gates	UNKNOWN STEP	2026-10-09T14:02:14.6239216Z Build Date: 2026-10-02T22:28:27Z
Linux gates	UNKNOWN STEP	2026-10-09T14:02:14.6239952Z Worker ID: {c04a52bc-933c-4c23-8c18-d657047bc9f5}
Linux gates	UNKNOWN STEP	2026-10-09T14:02:14.6240665Z Region: westus
Linux gates	UNKNOWN STEP	2026-10-09T14:02:14.6241540Z Cloud: Azure
Linux gates	UNKNOWN STEP	2026-10-09T14:02:14.6242075Z ##[endgroup]
Linux gates	UNKNOWN STEP	2026-10-09T14:02:14.6243837Z ##[group]Operating System
Linux gates	UNKNOWN STEP	2026-10-09T14:02:14.6244546Z Ubuntu
Linux gates	UNKNOWN STEP	2026-10-09T14:02:14.6245061Z 24.04.5
Linux gates	UNKNOWN STEP	2026-10-09T14:02:14.6245730Z LTS
Linux gates	UNKNOWN STEP	2026-10-09T14:02:14.6246257Z ##[endgroup]
Linux gates	UNKNOWN STEP	2026-10-09T14:02:14.6246827Z ##[group]Runner Image
Linux gates	UNKNOWN STEP	2026-10-09T14:02:14.6247494Z Image: ubuntu-24.04
Linux gates	UNKNOWN STEP	2026-10-09T14:02:14.6248058Z Version: 20261004.327.1
Linux gates	UNKNOWN STEP	2026-10-09T14:02:14.6249783Z Included Software: https://github.com/actions/runner-images/blob/ubuntu24/20261004.327/images/ubuntu/Ubuntu2404-Readme.md
Linux gates	UNKNOWN STEP	2026-10-09T14:02:14.6251875Z Image Release: https://github.com/actions/runner-images/releases/tag/ubuntu24%2F20261004.327
Linux gates	UNKNOWN STEP	2026-10-09T14:02:14.6252953Z ##[endgroup]
Linux gates	UNKNOWN STEP	2026-10-09T14:02:14.6254061Z ##[group]GITHUB_TOKEN Permissions
Linux gates	UNKNOWN STEP	2026-10-09T14:02:14.6256352Z Contents: read
Linux gates	UNKNOWN STEP	2026-10-09T14:02:14.6257001Z Metadata: read
Linux gates	UNKNOWN STEP	2026-10-09T14:02:14.6257638Z ##[endgroup]
Linux gates	UNKNOWN STEP	2026-10-09T14:02:14.6259755Z Secret source: Actions
Linux gates	UNKNOWN STEP	2026-10-09T14:02:14.6260743Z Cache mode: write
Linux gates	UNKNOWN STEP	2026-10-09T14:02:14.6261784Z Prepare workflow directory
Linux gates	UNKNOWN STEP	2026-10-09T14:02:14.6608564Z Prepare all required actions
Linux gates	UNKNOWN STEP	2026-10-09T14:02:14.6659883Z Getting action download info
Linux gates	UNKNOWN STEP	2026-10-09T14:02:15.0542682Z Download action repository 'actions/checkout@3d3c42e5aac5ba805825da76410c181273ba90b1' (SHA:3d3c42e5aac5ba805825da76410c181273ba90b1)
Linux gates	UNKNOWN STEP	2026-10-09T14:02:15.1467814Z Download action repository 'actions/setup-node@949feb2413d6458794dcd2491c4babbbce0c15c1' (SHA:949feb2413d6458794dcd2491c4babbbce0c15c1)
Linux gates	UNKNOWN STEP	2026-10-09T14:02:15.6005588Z Download action repository 'actions/upload-artifact@cf430e030ddbb5b0abf93d22962f4752f3646cd9' (SHA:cf430e030ddbb5b0abf93d22962f4752f3646cd9)
Linux gates	UNKNOWN STEP	2026-10-09T14:02:16.1750392Z Complete job name: Linux gates
Linux gates	UNKNOWN STEP	2026-10-09T14:02:16.2741026Z ##[group]Run actions/checkout@3d3c42e5aac5ba805825da76410c181273ba90b1
Linux gates	UNKNOWN STEP	2026-10-09T14:02:16.2742910Z with:
Linux gates	UNKNOWN STEP	2026-10-09T14:02:16.2743796Z   persist-credentials: false
Linux gates	UNKNOWN STEP	2026-10-09T14:02:16.2744885Z   repository: mattneel/fairpane
Linux gates	UNKNOWN STEP	2026-10-09T14:02:16.2755120Z   token: ***
Linux gates	UNKNOWN STEP	2026-10-09T14:02:16.2756013Z   ssh-strict: true
Linux gates	UNKNOWN STEP	2026-10-09T14:02:16.2756898Z   ssh-user: git
Linux gates	UNKNOWN STEP	2026-10-09T14:02:16.2757762Z   clean: true
Linux gates	UNKNOWN STEP	2026-10-09T14:02:16.2758676Z   sparse-checkout-cone-mode: true
Linux gates	UNKNOWN STEP	2026-10-09T14:02:16.2759746Z   fetch-depth: 1
Linux gates	UNKNOWN STEP	2026-10-09T14:02:16.2760630Z   fetch-tags: false
Linux gates	UNKNOWN STEP	2026-10-09T14:02:16.2761679Z   show-progress: true
Linux gates	UNKNOWN STEP	2026-10-09T14:02:16.2762610Z   lfs: false
Linux gates	UNKNOWN STEP	2026-10-09T14:02:16.2763467Z   submodules: false
Linux gates	UNKNOWN STEP	2026-10-09T14:02:16.2764393Z   set-safe-directory: true
Linux gates	UNKNOWN STEP	2026-10-09T14:02:16.2765437Z   allow-unsafe-pr-checkout: false
Linux gates	UNKNOWN STEP	2026-10-09T14:02:16.2766842Z ##[endgroup]
Linux gates	UNKNOWN STEP	2026-10-09T14:02:16.3823805Z Syncing repository: mattneel/fairpane
Linux gates	UNKNOWN STEP	2026-10-09T14:02:16.3827313Z ##[group]Getting Git version info
Linux gates	UNKNOWN STEP	2026-10-09T14:02:16.3829416Z Working directory is '/home/runner/work/fairpane/fairpane'
Linux gates	UNKNOWN STEP	2026-10-09T14:02:16.3832261Z [command]/usr/bin/git version
Linux gates	UNKNOWN STEP	2026-10-09T14:02:16.3886322Z git version 2.55.0
Linux gates	UNKNOWN STEP	2026-10-09T14:02:16.3913218Z ##[endgroup]
Linux gates	UNKNOWN STEP	2026-10-09T14:02:16.3925666Z Temporarily overriding HOME='/home/runner/work/_temp/0a1fd584-3d00-4c0c-a9a1-e3a1ed09e6d7' before making global git config changes
Linux gates	UNKNOWN STEP	2026-10-09T14:02:16.3928826Z Adding repository directory to the temporary git global config as a safe directory
Linux gates	UNKNOWN STEP	2026-10-09T14:02:16.3933986Z [command]/usr/bin/git config --global --add safe.directory /home/runner/work/fairpane/fairpane
Linux gates	UNKNOWN STEP	2026-10-09T14:02:16.3986675Z Deleting the contents of '/home/runner/work/fairpane/fairpane'
Linux gates	UNKNOWN STEP	2026-10-09T14:02:16.3989670Z ##[group]Determining repository object format
Linux gates	UNKNOWN STEP	2026-10-09T14:02:16.3993185Z ##[endgroup]
Linux gates	UNKNOWN STEP	2026-10-09T14:02:16.3996052Z ##[group]Initializing the repository
Linux gates	UNKNOWN STEP	2026-10-09T14:02:16.3998402Z [command]/usr/bin/git init /home/runner/work/fairpane/fairpane
Linux gates	UNKNOWN STEP	2026-10-09T14:02:16.4119078Z hint: Using 'master' as the name for the initial branch. This default branch name
Linux gates	UNKNOWN STEP	2026-10-09T14:02:16.4123096Z hint: will change to "main" in Git 3.0. To configure the initial branch name
Linux gates	UNKNOWN STEP	2026-10-09T14:02:16.4126105Z hint: to use in all of your new repositories, which will suppress this warning,
Linux gates	UNKNOWN STEP	2026-10-09T14:02:16.4128246Z hint: call:
Linux gates	UNKNOWN STEP	2026-10-09T14:02:16.4129178Z hint:
Linux gates	UNKNOWN STEP	2026-10-09T14:02:16.4130327Z hint: 	git config --global init.defaultBranch <name>
Linux gates	UNKNOWN STEP	2026-10-09T14:02:16.4132579Z hint:
Linux gates	UNKNOWN STEP	2026-10-09T14:02:16.4133911Z hint: Names commonly chosen instead of 'master' are 'main', 'trunk' and
Linux gates	UNKNOWN STEP	2026-10-09T14:02:16.4137414Z hint: 'development'. The just-created branch can be renamed via this command:
Linux gates	UNKNOWN STEP	2026-10-09T14:02:16.4140069Z hint:
Linux gates	UNKNOWN STEP	2026-10-09T14:02:16.4141907Z hint: 	git branch -m <name>
Linux gates	UNKNOWN STEP	2026-10-09T14:02:16.4143772Z hint:
Linux gates	UNKNOWN STEP	2026-10-09T14:02:16.4146230Z hint: Disable this message with "git config set advice.defaultBranchName false"
Linux gates	UNKNOWN STEP	2026-10-09T14:02:16.4149844Z Initialized empty Git repository in /home/runner/work/fairpane/fairpane/.git/
Linux gates	UNKNOWN STEP	2026-10-09T14:02:16.4155721Z [command]/usr/bin/git remote add origin https://github.com/mattneel/fairpane
Linux gates	UNKNOWN STEP	2026-10-09T14:02:16.4183675Z ##[endgroup]
Linux gates	UNKNOWN STEP	2026-10-09T14:02:16.4185689Z ##[group]Disabling automatic garbage collection
Linux gates	UNKNOWN STEP	2026-10-09T14:02:16.4188252Z [command]/usr/bin/git config --local gc.auto 0
Linux gates	UNKNOWN STEP	2026-10-09T14:02:16.4228926Z ##[endgroup]
Linux gates	UNKNOWN STEP	2026-10-09T14:02:16.4232589Z ##[group]Setting up auth
Linux gates	UNKNOWN STEP	2026-10-09T14:02:16.4234769Z Removing SSH command configuration
Linux gates	UNKNOWN STEP	2026-10-09T14:02:16.4238374Z [command]/usr/bin/git config --local --name-only --get-regexp core\.sshCommand
Linux gates	UNKNOWN STEP	2026-10-09T14:02:16.4273894Z [command]/usr/bin/git submodule foreach --recursive sh -c "git config --local --name-only --get-regexp 'core\.sshCommand' && git config --local --unset-all 'core.sshCommand' || :"
Linux gates	UNKNOWN STEP	2026-10-09T14:02:16.4644963Z Removing HTTP extra header
Linux gates	UNKNOWN STEP	2026-10-09T14:02:16.4650330Z [command]/usr/bin/git config --local --name-only --get-regexp http\.https\:\/\/github\.com\/\.extraheader
Linux gates	UNKNOWN STEP	2026-10-09T14:02:16.4696495Z [command]/usr/bin/git submodule foreach --recursive sh -c "git config --local --name-only --get-regexp 'http\.https\:\/\/github\.com\/\.extraheader' && git config --local --unset-all 'http.https://github.com/.extraheader' || :"
Linux gates	UNKNOWN STEP	2026-10-09T14:02:16.4914621Z Removing includeIf entries pointing to credentials config files
Linux gates	UNKNOWN STEP	2026-10-09T14:02:16.4919319Z [command]/usr/bin/git config --local --name-only --get-regexp ^includeIf\.gitdir:
Linux gates	UNKNOWN STEP	2026-10-09T14:02:16.4958959Z [command]/usr/bin/git submodule foreach --recursive git config --local --show-origin --name-only --get-regexp remote.origin.url
Linux gates	UNKNOWN STEP	2026-10-09T14:02:16.5189999Z [command]/usr/bin/git config --file /home/runner/work/_temp/git-credentials-1797a566-ea4b-4242-a640-09ab036fa770.config http.https://github.com/.extraheader AUTHORIZATION: basic ***
Linux gates	UNKNOWN STEP	2026-10-09T14:02:16.5233018Z [command]/usr/bin/git config --local includeIf.gitdir:/home/runner/work/fairpane/fairpane/.git.path /home/runner/work/_temp/git-credentials-1797a566-ea4b-4242-a640-09ab036fa770.config
Linux gates	UNKNOWN STEP	2026-10-09T14:02:16.5271196Z [command]/usr/bin/git config --local includeIf.gitdir:/home/runner/work/fairpane/fairpane/.git/worktrees/*.path /home/runner/work/_temp/git-credentials-1797a566-ea4b-4242-a640-09ab036fa770.config
Linux gates	UNKNOWN STEP	2026-10-09T14:02:16.5312024Z [command]/usr/bin/git config --local includeIf.gitdir:/github/workspace/.git.path /github/runner_temp/git-credentials-1797a566-ea4b-4242-a640-09ab036fa770.config
Linux gates	UNKNOWN STEP	2026-10-09T14:02:16.5350225Z [command]/usr/bin/git config --local includeIf.gitdir:/github/workspace/.git/worktrees/*.path /github/runner_temp/git-credentials-1797a566-ea4b-4242-a640-09ab036fa770.config
Linux gates	UNKNOWN STEP	2026-10-09T14:02:16.5384803Z ##[endgroup]
Linux gates	UNKNOWN STEP	2026-10-09T14:02:16.5387761Z ##[group]Fetching the repository
Linux gates	UNKNOWN STEP	2026-10-09T14:02:16.5393665Z [command]/usr/bin/git -c protocol.version=2 fetch --no-tags --prune --no-recurse-submodules --depth=1 origin +cced395e9d5b16f058ae3734c6bb28edc0183a6e:refs/remotes/origin/master
Linux gates	UNKNOWN STEP	2026-10-09T14:02:17.7875418Z From https://github.com/mattneel/fairpane
Linux gates	UNKNOWN STEP	2026-10-09T14:02:17.7878242Z  * [new ref]         cced395e9d5b16f058ae3734c6bb28edc0183a6e -> origin/master
Linux gates	UNKNOWN STEP	2026-10-09T14:02:17.7886551Z [command]/usr/bin/git branch --list --remote origin/master
Linux gates	UNKNOWN STEP	2026-10-09T14:02:17.7917786Z   origin/master
Linux gates	UNKNOWN STEP	2026-10-09T14:02:17.7927477Z [command]/usr/bin/git rev-parse refs/remotes/origin/master
Linux gates	UNKNOWN STEP	2026-10-09T14:02:17.7955591Z cced395e9d5b16f058ae3734c6bb28edc0183a6e
Linux gates	UNKNOWN STEP	2026-10-09T14:02:17.7960365Z ##[endgroup]
Linux gates	UNKNOWN STEP	2026-10-09T14:02:17.7961742Z ##[group]Determining the checkout info
Linux gates	UNKNOWN STEP	2026-10-09T14:02:17.7965188Z ##[endgroup]
Linux gates	UNKNOWN STEP	2026-10-09T14:02:17.7966029Z [command]/usr/bin/git sparse-checkout disable
Linux gates	UNKNOWN STEP	2026-10-09T14:02:17.8021491Z [command]/usr/bin/git config --local --unset-all extensions.worktreeConfig
Linux gates	UNKNOWN STEP	2026-10-09T14:02:17.8055609Z ##[group]Checking out the ref
Linux gates	UNKNOWN STEP	2026-10-09T14:02:17.8059511Z [command]/usr/bin/git checkout --progress --force -B master refs/remotes/origin/master
Linux gates	UNKNOWN STEP	2026-10-09T14:02:17.9158000Z Reset branch 'master'
Linux gates	UNKNOWN STEP	2026-10-09T14:02:17.9162240Z branch 'master' set up to track 'origin/master'.
Linux gates	UNKNOWN STEP	2026-10-09T14:02:17.9173681Z ##[endgroup]
Linux gates	UNKNOWN STEP	2026-10-09T14:02:17.9226890Z [command]/usr/bin/git log -1 --format=%H
Linux gates	UNKNOWN STEP	2026-10-09T14:02:17.9257857Z cced395e9d5b16f058ae3734c6bb28edc0183a6e
Linux gates	UNKNOWN STEP	2026-10-09T14:02:17.9267183Z ##[group]Removing auth
Linux gates	UNKNOWN STEP	2026-10-09T14:02:17.9267981Z Removing SSH command configuration
Linux gates	UNKNOWN STEP	2026-10-09T14:02:17.9272021Z [command]/usr/bin/git config --local --name-only --get-regexp core\.sshCommand
Linux gates	UNKNOWN STEP	2026-10-09T14:02:17.9311412Z [command]/usr/bin/git submodule foreach --recursive sh -c "git config --local --name-only --get-regexp 'core\.sshCommand' && git config --local --unset-all 'core.sshCommand' || :"
Linux gates	UNKNOWN STEP	2026-10-09T14:02:17.9545939Z Removing HTTP extra header
Linux gates	UNKNOWN STEP	2026-10-09T14:02:17.9550521Z [command]/usr/bin/git config --local --name-only --get-regexp http\.https\:\/\/github\.com\/\.extraheader
Linux gates	UNKNOWN STEP	2026-10-09T14:02:17.9589135Z [command]/usr/bin/git submodule foreach --recursive sh -c "git config --local --name-only --get-regexp 'http\.https\:\/\/github\.com\/\.extraheader' && git config --local --unset-all 'http.https://github.com/.extraheader' || :"
Linux gates	UNKNOWN STEP	2026-10-09T14:02:17.9813916Z Removing includeIf entries pointing to credentials config files
Linux gates	UNKNOWN STEP	2026-10-09T14:02:17.9817859Z [command]/usr/bin/git config --local --name-only --get-regexp ^includeIf\.gitdir:
Linux gates	UNKNOWN STEP	2026-10-09T14:02:17.9849557Z includeif.gitdir:/home/runner/work/fairpane/fairpane/.git.path
Linux gates	UNKNOWN STEP	2026-10-09T14:02:17.9851244Z includeif.gitdir:/home/runner/work/fairpane/fairpane/.git/worktrees/*.path
Linux gates	UNKNOWN STEP	2026-10-09T14:02:17.9852502Z includeif.gitdir:/github/workspace/.git.path
Linux gates	UNKNOWN STEP	2026-10-09T14:02:17.9853548Z includeif.gitdir:/github/workspace/.git/worktrees/*.path
Linux gates	UNKNOWN STEP	2026-10-09T14:02:17.9860331Z [command]/usr/bin/git config --local --get-all includeif.gitdir:/home/runner/work/fairpane/fairpane/.git.path
Linux gates	UNKNOWN STEP	2026-10-09T14:02:17.9887198Z /home/runner/work/_temp/git-credentials-1797a566-ea4b-4242-a640-09ab036fa770.config
Linux gates	UNKNOWN STEP	2026-10-09T14:02:17.9897251Z [command]/usr/bin/git config --local --unset includeif.gitdir:/home/runner/work/fairpane/fairpane/.git.path \/home\/runner\/work\/_temp\/git\-credentials\-1797a566\-ea4b\-4242\-a640\-09ab036fa770\.config
Linux gates	UNKNOWN STEP	2026-10-09T14:02:17.9934880Z [command]/usr/bin/git config --local --get-all includeif.gitdir:/home/runner/work/fairpane/fairpane/.git/worktrees/*.path
Linux gates	UNKNOWN STEP	2026-10-09T14:02:17.9963192Z /home/runner/work/_temp/git-credentials-1797a566-ea4b-4242-a640-09ab036fa770.config
Linux gates	UNKNOWN STEP	2026-10-09T14:02:17.9971583Z [command]/usr/bin/git config --local --unset includeif.gitdir:/home/runner/work/fairpane/fairpane/.git/worktrees/*.path \/home\/runner\/work\/_temp\/git\-credentials\-1797a566\-ea4b\-4242\-a640\-09ab036fa770\.config
Linux gates	UNKNOWN STEP	2026-10-09T14:02:18.0010756Z [command]/usr/bin/git config --local --get-all includeif.gitdir:/github/workspace/.git.path
Linux gates	UNKNOWN STEP	2026-10-09T14:02:18.0062277Z /github/runner_temp/git-credentials-1797a566-ea4b-4242-a640-09ab036fa770.config
Linux gates	UNKNOWN STEP	2026-10-09T14:02:18.0079172Z [command]/usr/bin/git config --local --unset includeif.gitdir:/github/workspace/.git.path \/github\/runner_temp\/git\-credentials\-1797a566\-ea4b\-4242\-a640\-09ab036fa770\.config
Linux gates	UNKNOWN STEP	2026-10-09T14:02:18.0132748Z [command]/usr/bin/git config --local --get-all includeif.gitdir:/github/workspace/.git/worktrees/*.path
Linux gates	UNKNOWN STEP	2026-10-09T14:02:18.0159735Z /github/runner_temp/git-credentials-1797a566-ea4b-4242-a640-09ab036fa770.config
Linux gates	UNKNOWN STEP	2026-10-09T14:02:18.0168345Z [command]/usr/bin/git config --local --unset includeif.gitdir:/github/workspace/.git/worktrees/*.path \/github\/runner_temp\/git\-credentials\-1797a566\-ea4b\-4242\-a640\-09ab036fa770\.config
Linux gates	UNKNOWN STEP	2026-10-09T14:02:18.0207770Z [command]/usr/bin/git submodule foreach --recursive git config --local --show-origin --name-only --get-regexp remote.origin.url
Linux gates	UNKNOWN STEP	2026-10-09T14:02:18.0429092Z Removing credentials config '/home/runner/work/_temp/git-credentials-1797a566-ea4b-4242-a640-09ab036fa770.config'
Linux gates	UNKNOWN STEP	2026-10-09T14:02:18.0511305Z ##[endgroup]
Linux gates	UNKNOWN STEP	2026-10-09T14:02:18.0723374Z ##[group]Run actions/setup-node@949feb2413d6458794dcd2491c4babbbce0c15c1
Linux gates	UNKNOWN STEP	2026-10-09T14:02:18.0723895Z with:
Linux gates	UNKNOWN STEP	2026-10-09T14:02:18.0724163Z   node-version: 24.21.0
Linux gates	UNKNOWN STEP	2026-10-09T14:02:18.0724465Z   check-latest: false
Linux gates	UNKNOWN STEP	2026-10-09T14:02:18.0727086Z   token: ***
Linux gates	UNKNOWN STEP	2026-10-09T14:02:18.0727370Z   package-manager-cache: true
Linux gates	UNKNOWN STEP	2026-10-09T14:02:18.0727683Z ##[endgroup]
Linux gates	UNKNOWN STEP	2026-10-09T14:02:18.2061870Z Found in cache @ /opt/hostedtoolcache/node/24.21.0/x64
Linux gates	UNKNOWN STEP	2026-10-09T14:02:18.2890288Z ##[group]Environment details
Linux gates	UNKNOWN STEP	2026-10-09T14:02:18.6459013Z node: v24.21.0
Linux gates	UNKNOWN STEP	2026-10-09T14:02:18.6459956Z npm: 11.19.0
Linux gates	UNKNOWN STEP	2026-10-09T14:02:18.6460532Z yarn: 1.22.22
Linux gates	UNKNOWN STEP	2026-10-09T14:02:18.6461752Z ##[endgroup]
Linux gates	UNKNOWN STEP	2026-10-09T14:02:18.6613094Z ##[group]Run node tools/fairpane.mjs install-zig
Linux gates	UNKNOWN STEP	2026-10-09T14:02:18.6613609Z [36;1mnode tools/fairpane.mjs install-zig[0m
Linux gates	UNKNOWN STEP	2026-10-09T14:02:18.6875645Z shell: /usr/bin/bash -e {0}
Linux gates	UNKNOWN STEP	2026-10-09T14:02:18.6876095Z ##[endgroup]
Linux gates	UNKNOWN STEP	2026-10-09T14:02:33.2324914Z {
Linux gates	UNKNOWN STEP	2026-10-09T14:02:33.2326198Z   "compiler": "/home/runner/work/fairpane/fairpane/.tools/zig/0.18.0-dev.120+9fe22a29b/x86_64-linux/zig",
Linux gates	UNKNOWN STEP	2026-10-09T14:02:33.2327196Z   "downloaded": true
Linux gates	UNKNOWN STEP	2026-10-09T14:02:33.2327631Z }
Linux gates	UNKNOWN STEP	2026-10-09T14:02:33.2474694Z ##[group]Run node tools/fairpane.mjs run repo-check
Linux gates	UNKNOWN STEP	2026-10-09T14:02:33.2475149Z [36;1mnode tools/fairpane.mjs run repo-check[0m
Linux gates	UNKNOWN STEP	2026-10-09T14:02:33.2538453Z shell: /usr/bin/bash -e {0}
Linux gates	UNKNOWN STEP	2026-10-09T14:02:33.2538756Z ##[endgroup]
Linux gates	UNKNOWN STEP	2026-10-09T14:02:33.3083784Z Execute gate repo-check.
Linux gates	UNKNOWN STEP	2026-10-09T14:02:33.5027299Z {
Linux gates	UNKNOWN STEP	2026-10-09T14:02:33.5027855Z   "gate": "repo-check",
Linux gates	UNKNOWN STEP	2026-10-09T14:02:33.5028290Z   "status": "pass",
Linux gates	UNKNOWN STEP	2026-10-09T14:02:33.5028881Z   "receipt": "out/evidence/2026-10-09T14-02-33-354Z-repo-check-36c48a2f.json",
Linux gates	UNKNOWN STEP	2026-10-09T14:02:33.5029461Z   "error": null
Linux gates	UNKNOWN STEP	2026-10-09T14:02:33.5029769Z }
Linux gates	UNKNOWN STEP	2026-10-09T14:02:33.5119643Z ##[group]Run node tools/fairpane.mjs run controller-test
Linux gates	UNKNOWN STEP	2026-10-09T14:02:33.5120089Z [36;1mnode tools/fairpane.mjs run controller-test[0m
Linux gates	UNKNOWN STEP	2026-10-09T14:02:33.5184150Z shell: /usr/bin/bash -e {0}
Linux gates	UNKNOWN STEP	2026-10-09T14:02:33.5184439Z ##[endgroup]
Linux gates	UNKNOWN STEP	2026-10-09T14:02:33.5756023Z Execute gate controller-test.
Linux gates	UNKNOWN STEP	2026-10-09T14:02:43.2726186Z {
Linux gates	UNKNOWN STEP	2026-10-09T14:02:43.2727086Z   "gate": "controller-test",
Linux gates	UNKNOWN STEP	2026-10-09T14:02:43.2727902Z   "status": "pass",
Linux gates	UNKNOWN STEP	2026-10-09T14:02:43.2728803Z   "receipt": "out/evidence/2026-10-09T14-02-33-622Z-controller-test-4ffb6ed1.json",
Linux gates	UNKNOWN STEP	2026-10-09T14:02:43.2729748Z   "error": null
Linux gates	UNKNOWN STEP	2026-10-09T14:02:43.2730999Z }
Linux gates	UNKNOWN STEP	2026-10-09T14:02:43.2829803Z ##[group]Run node tools/fairpane.mjs run zig-fmt
Linux gates	UNKNOWN STEP	2026-10-09T14:02:43.2830201Z [36;1mnode tools/fairpane.mjs run zig-fmt[0m
Linux gates	UNKNOWN STEP	2026-10-09T14:02:43.2892676Z shell: /usr/bin/bash -e {0}
Linux gates	UNKNOWN STEP	2026-10-09T14:02:43.2892947Z ##[endgroup]
Linux gates	UNKNOWN STEP	2026-10-09T14:02:43.3434270Z Execute gate zig-fmt.
Linux gates	UNKNOWN STEP	2026-10-09T14:02:43.5198515Z {
Linux gates	UNKNOWN STEP	2026-10-09T14:02:43.5198886Z   "gate": "zig-fmt",
Linux gates	UNKNOWN STEP	2026-10-09T14:02:43.5199268Z   "status": "pass",
Linux gates	UNKNOWN STEP	2026-10-09T14:02:43.5199879Z   "receipt": "out/evidence/2026-10-09T14-02-43-389Z-zig-fmt-86300af4.json",
Linux gates	UNKNOWN STEP	2026-10-09T14:02:43.5274182Z   "error": null
Linux gates	UNKNOWN STEP	2026-10-09T14:02:43.5274499Z }
Linux gates	UNKNOWN STEP	2026-10-09T14:02:43.5308133Z ##[group]Run node tools/fairpane.mjs run zig-test
Linux gates	UNKNOWN STEP	2026-10-09T14:02:43.5308781Z [36;1mnode tools/fairpane.mjs run zig-test[0m
Linux gates	UNKNOWN STEP	2026-10-09T14:02:43.5372872Z shell: /usr/bin/bash -e {0}
Linux gates	UNKNOWN STEP	2026-10-09T14:02:43.5373152Z ##[endgroup]
Linux gates	UNKNOWN STEP	2026-10-09T14:02:43.5904396Z Execute gate zig-test.
Linux gates	UNKNOWN STEP	2026-10-09T14:12:43.6869550Z {
Linux gates	UNKNOWN STEP	2026-10-09T14:12:43.6869984Z   "gate": "zig-test",
Linux gates	UNKNOWN STEP	2026-10-09T14:12:43.6870331Z   "status": "fail",
Linux gates	UNKNOWN STEP	2026-10-09T14:12:43.6871528Z   "receipt": "out/evidence/2026-10-09T14-02-43-633Z-zig-test-4238426d.json",
Linux gates	UNKNOWN STEP	2026-10-09T14:12:43.6872842Z   "error": "Gate command failed: [\"/home/runner/work/fairpane/fairpane/.tools/zig/0.18.0-dev.120+9fe22a29b/x86_64-linux/zig\",\"build\",\"test\"]"
Linux gates	UNKNOWN STEP	2026-10-09T14:12:43.6873811Z }
Linux gates	UNKNOWN STEP	2026-10-09T14:12:43.6968382Z ##[error]Process completed with exit code 1.
Linux gates	UNKNOWN STEP	2026-10-09T14:12:43.7073717Z ##[group]Run actions/upload-artifact@cf430e030ddbb5b0abf93d22962f4752f3646cd9
Linux gates	UNKNOWN STEP	2026-10-09T14:12:43.7074137Z with:
Linux gates	UNKNOWN STEP	2026-10-09T14:12:43.7074508Z   name: linux-gate-receipts-unsigned-local-integrity-records-not-attestations
Linux gates	UNKNOWN STEP	2026-10-09T14:12:43.7074955Z   path: out/evidence/
Linux gates	UNKNOWN STEP	2026-10-09T14:12:43.7075181Z   if-no-files-found: error
Linux gates	UNKNOWN STEP	2026-10-09T14:12:43.7075420Z   compression-level: 6
Linux gates	UNKNOWN STEP	2026-10-09T14:12:43.7075638Z   overwrite: false
Linux gates	UNKNOWN STEP	2026-10-09T14:12:43.7075854Z   include-hidden-files: false
Linux gates	UNKNOWN STEP	2026-10-09T14:12:43.7076089Z   archive: true
Linux gates	UNKNOWN STEP	2026-10-09T14:12:43.7076287Z ##[endgroup]
Linux gates	UNKNOWN STEP	2026-10-09T14:12:43.8589378Z With the provided path, there will be 8 files uploaded
Linux gates	UNKNOWN STEP	2026-10-09T14:12:43.8596090Z Artifact name is valid!
Linux gates	UNKNOWN STEP	2026-10-09T14:12:43.8596926Z Root directory input is valid!
Linux gates	UNKNOWN STEP	2026-10-09T14:12:44.2727138Z Uploading artifact: linux-gate-receipts-unsigned-local-integrity-records-not-attestations.zip
Linux gates	UNKNOWN STEP	2026-10-09T14:12:44.2774788Z Beginning upload of artifact content to blob storage
Linux gates	UNKNOWN STEP	2026-10-09T14:12:44.7045086Z Uploaded bytes 15757
Linux gates	UNKNOWN STEP	2026-10-09T14:12:44.7848068Z Finished uploading artifact content to blob storage!
Linux gates	UNKNOWN STEP	2026-10-09T14:12:44.7849471Z SHA256 digest of uploaded artifact is 8b272ef9b233e3dd391fd9c1bfd4312be2e2eb7392e19ad19c6313e2b6d48ca4
Linux gates	UNKNOWN STEP	2026-10-09T14:12:44.7850552Z Finalizing artifact upload
Linux gates	UNKNOWN STEP	2026-10-09T14:12:45.2079452Z Artifact linux-gate-receipts-unsigned-local-integrity-records-not-attestations successfully finalized. Artifact ID 11623145215
Linux gates	UNKNOWN STEP	2026-10-09T14:12:45.2081833Z Artifact linux-gate-receipts-unsigned-local-integrity-records-not-attestations has been successfully uploaded! Final size is 15757 bytes. Artifact ID is 11623145215
Linux gates	UNKNOWN STEP	2026-10-09T14:12:45.2083738Z Artifact download URL: https://github.com/mattneel/fairpane/actions/runs/37941186240/artifacts/11623145215
Linux gates	UNKNOWN STEP	2026-10-09T14:12:45.2273274Z Post job cleanup.
Linux gates	UNKNOWN STEP	2026-10-09T14:12:45.3202021Z [command]/usr/bin/git version
Linux gates	UNKNOWN STEP	2026-10-09T14:12:45.3222328Z git version 2.55.0
Linux gates	UNKNOWN STEP	2026-10-09T14:12:45.3273925Z Temporarily overriding HOME='/home/runner/work/_temp/d076d88b-68bc-487e-9e46-4e6a83b8f68b' before making global git config changes
Linux gates	UNKNOWN STEP	2026-10-09T14:12:45.3275628Z Adding repository directory to the temporary git global config as a safe directory
Linux gates	UNKNOWN STEP	2026-10-09T14:12:45.3280350Z [command]/usr/bin/git config --global --add safe.directory /home/runner/work/fairpane/fairpane
Linux gates	UNKNOWN STEP	2026-10-09T14:12:45.3314881Z Removing SSH command configuration
Linux gates	UNKNOWN STEP	2026-10-09T14:12:45.3322016Z [command]/usr/bin/git config --local --name-only --get-regexp core\.sshCommand
Linux gates	UNKNOWN STEP	2026-10-09T14:12:45.3357854Z [command]/usr/bin/git submodule foreach --recursive sh -c "git config --local --name-only --get-regexp 'core\.sshCommand' && git config --local --unset-all 'core.sshCommand' || :"
Linux gates	UNKNOWN STEP	2026-10-09T14:12:45.3596483Z Removing HTTP extra header
Linux gates	UNKNOWN STEP	2026-10-09T14:12:45.3603646Z [command]/usr/bin/git config --local --name-only --get-regexp http\.https\:\/\/github\.com\/\.extraheader
Linux gates	UNKNOWN STEP	2026-10-09T14:12:45.3638629Z [command]/usr/bin/git submodule foreach --recursive sh -c "git config --local --name-only --get-regexp 'http\.https\:\/\/github\.com\/\.extraheader' && git config --local --unset-all 'http.https://github.com/.extraheader' || :"
Linux gates	UNKNOWN STEP	2026-10-09T14:12:45.3887344Z Removing includeIf entries pointing to credentials config files
Linux gates	UNKNOWN STEP	2026-10-09T14:12:45.3895269Z [command]/usr/bin/git config --local --name-only --get-regexp ^includeIf\.gitdir:
Linux gates	UNKNOWN STEP	2026-10-09T14:12:45.3935464Z [command]/usr/bin/git submodule foreach --recursive git config --local --show-origin --name-only --get-regexp remote.origin.url
Linux gates	UNKNOWN STEP	2026-10-09T14:12:45.4355039Z Cleaning up orphan processes
Windows gates	UNKNOWN STEP	﻿2026-10-09T14:02:14.7247553Z Current runner version: '2.337.0'
Windows gates	UNKNOWN STEP	2026-10-09T14:02:14.7279577Z ##[group]Runner Image Provisioner
Windows gates	UNKNOWN STEP	2026-10-09T14:02:14.7280600Z Hosted Compute Agent
Windows gates	UNKNOWN STEP	2026-10-09T14:02:14.7281185Z Version: 20260901.588
Windows gates	UNKNOWN STEP	2026-10-09T14:02:14.7281894Z Commit: f88ec8081b781fac6c440065ac7ff9e710ce3d0b
Windows gates	UNKNOWN STEP	2026-10-09T14:02:14.7282717Z Build Date: 2026-09-01T19:56:44Z
Windows gates	UNKNOWN STEP	2026-10-09T14:02:14.7283432Z Worker ID: {e76373c3-7d14-49d4-a9f4-8dfc46bcbc8d}
Windows gates	UNKNOWN STEP	2026-10-09T14:02:14.7284194Z Azure Region: westus3
Windows gates	UNKNOWN STEP	2026-10-09T14:02:14.7284762Z ##[endgroup]
Windows gates	UNKNOWN STEP	2026-10-09T14:02:14.7286589Z ##[group]Operating System
Windows gates	UNKNOWN STEP	2026-10-09T14:02:14.7287311Z Microsoft Windows Server 2025
Windows gates	UNKNOWN STEP	2026-10-09T14:02:14.7287931Z 10.0.26100
Windows gates	UNKNOWN STEP	2026-10-09T14:02:14.7288513Z Datacenter
Windows gates	UNKNOWN STEP	2026-10-09T14:02:14.7289345Z ##[endgroup]
Windows gates	UNKNOWN STEP	2026-10-09T14:02:14.7289942Z ##[group]Runner Image
Windows gates	UNKNOWN STEP	2026-10-09T14:02:14.7290535Z Image: windows-2025-vs2026
Windows gates	UNKNOWN STEP	2026-10-09T14:02:14.7291113Z Version: 20260925.250.1
Windows gates	UNKNOWN STEP	2026-10-09T14:02:14.7292813Z Included Software: https://github.com/actions/runner-images/blob/win25-vs2026/20260925.250/images/windows/Windows2025-VS2026-Readme.md
Windows gates	UNKNOWN STEP	2026-10-09T14:02:14.7294624Z Image Release: https://github.com/actions/runner-images/releases/tag/win25-vs2026%2F20260925.250
Windows gates	UNKNOWN STEP	2026-10-09T14:02:14.7295668Z ##[endgroup]
Windows gates	UNKNOWN STEP	2026-10-09T14:02:14.7296813Z ##[group]GITHUB_TOKEN Permissions
Windows gates	UNKNOWN STEP	2026-10-09T14:02:14.7299100Z Contents: read
Windows gates	UNKNOWN STEP	2026-10-09T14:02:14.7299682Z Metadata: read
Windows gates	UNKNOWN STEP	2026-10-09T14:02:14.7300249Z ##[endgroup]
Windows gates	UNKNOWN STEP	2026-10-09T14:02:14.7303008Z Secret source: Actions
Windows gates	UNKNOWN STEP	2026-10-09T14:02:14.7303961Z Cache mode: write
Windows gates	UNKNOWN STEP	2026-10-09T14:02:14.7305161Z Prepare workflow directory
Windows gates	UNKNOWN STEP	2026-10-09T14:02:14.7738097Z Prepare all required actions
Windows gates	UNKNOWN STEP	2026-10-09T14:02:14.7789499Z Getting action download info
Windows gates	UNKNOWN STEP	2026-10-09T14:02:15.1066249Z Download action repository 'actions/checkout@3d3c42e5aac5ba805825da76410c181273ba90b1' (SHA:3d3c42e5aac5ba805825da76410c181273ba90b1)
Windows gates	UNKNOWN STEP	2026-10-09T14:02:15.2461696Z Download action repository 'actions/setup-node@949feb2413d6458794dcd2491c4babbbce0c15c1' (SHA:949feb2413d6458794dcd2491c4babbbce0c15c1)
Windows gates	UNKNOWN STEP	2026-10-09T14:02:15.9809028Z Download action repository 'actions/upload-artifact@cf430e030ddbb5b0abf93d22962f4752f3646cd9' (SHA:cf430e030ddbb5b0abf93d22962f4752f3646cd9)
Windows gates	UNKNOWN STEP	2026-10-09T14:02:16.8410708Z Complete job name: Windows gates
Windows gates	UNKNOWN STEP	2026-10-09T14:02:17.0366782Z ##[group]Run actions/checkout@3d3c42e5aac5ba805825da76410c181273ba90b1
Windows gates	UNKNOWN STEP	2026-10-09T14:02:17.0368642Z with:
Windows gates	UNKNOWN STEP	2026-10-09T14:02:17.0369469Z   persist-credentials: false
Windows gates	UNKNOWN STEP	2026-10-09T14:02:17.0370459Z   repository: mattneel/fairpane
Windows gates	UNKNOWN STEP	2026-10-09T14:02:17.0379243Z   token: ***
Windows gates	UNKNOWN STEP	2026-10-09T14:02:17.0380087Z   ssh-strict: true
Windows gates	UNKNOWN STEP	2026-10-09T14:02:17.0380942Z   ssh-user: git
Windows gates	UNKNOWN STEP	2026-10-09T14:02:17.0381741Z   clean: true
Windows gates	UNKNOWN STEP	2026-10-09T14:02:17.0382842Z   sparse-checkout-cone-mode: true
Windows gates	UNKNOWN STEP	2026-10-09T14:02:17.0383868Z   fetch-depth: 1
Windows gates	UNKNOWN STEP	2026-10-09T14:02:17.0384689Z   fetch-tags: false
Windows gates	UNKNOWN STEP	2026-10-09T14:02:17.0385542Z   show-progress: true
Windows gates	UNKNOWN STEP	2026-10-09T14:02:17.0386381Z   lfs: false
Windows gates	UNKNOWN STEP	2026-10-09T14:02:17.0387162Z   submodules: false
Windows gates	UNKNOWN STEP	2026-10-09T14:02:17.0388017Z   set-safe-directory: true
Windows gates	UNKNOWN STEP	2026-10-09T14:02:17.0389021Z   allow-unsafe-pr-checkout: false
Windows gates	UNKNOWN STEP	2026-10-09T14:02:17.0390303Z ##[endgroup]
Windows gates	UNKNOWN STEP	2026-10-09T14:02:17.2080607Z Syncing repository: mattneel/fairpane
Windows gates	UNKNOWN STEP	2026-10-09T14:02:17.2083407Z ##[group]Getting Git version info
Windows gates	UNKNOWN STEP	2026-10-09T14:02:17.2084557Z Working directory is 'D:\a\fairpane\fairpane'
Windows gates	UNKNOWN STEP	2026-10-09T14:02:17.3254006Z [command]"C:\Program Files\Git\bin\git.exe" version
Windows gates	UNKNOWN STEP	2026-10-09T14:02:17.6772586Z git version 2.55.0.windows.5
Windows gates	UNKNOWN STEP	2026-10-09T14:02:17.6824612Z ##[endgroup]
Windows gates	UNKNOWN STEP	2026-10-09T14:02:17.6841979Z Temporarily overriding HOME='D:\a\_temp\4e7edf07-1110-49df-8541-530030e70ad6' before making global git config changes
Windows gates	UNKNOWN STEP	2026-10-09T14:02:17.6843004Z Adding repository directory to the temporary git global config as a safe directory
Windows gates	UNKNOWN STEP	2026-10-09T14:02:17.6853200Z [command]"C:\Program Files\Git\bin\git.exe" config --global --add safe.directory D:\a\fairpane\fairpane
Windows gates	UNKNOWN STEP	2026-10-09T14:02:17.7668844Z Deleting the contents of 'D:\a\fairpane\fairpane'
Windows gates	UNKNOWN STEP	2026-10-09T14:02:17.7676181Z ##[group]Determining repository object format
Windows gates	UNKNOWN STEP	2026-10-09T14:02:17.7678774Z ##[endgroup]
Windows gates	UNKNOWN STEP	2026-10-09T14:02:17.7679650Z ##[group]Initializing the repository
Windows gates	UNKNOWN STEP	2026-10-09T14:02:17.7688854Z [command]"C:\Program Files\Git\bin\git.exe" init D:\a\fairpane\fairpane
Windows gates	UNKNOWN STEP	2026-10-09T14:02:17.8738990Z Initialized empty Git repository in D:/a/fairpane/fairpane/.git/
Windows gates	UNKNOWN STEP	2026-10-09T14:02:17.8791901Z [command]"C:\Program Files\Git\bin\git.exe" remote add origin https://github.com/mattneel/fairpane
Windows gates	UNKNOWN STEP	2026-10-09T14:02:17.9454132Z ##[endgroup]
Windows gates	UNKNOWN STEP	2026-10-09T14:02:17.9454964Z ##[group]Disabling automatic garbage collection
Windows gates	UNKNOWN STEP	2026-10-09T14:02:17.9465776Z [command]"C:\Program Files\Git\bin\git.exe" config --local gc.auto 0
Windows gates	UNKNOWN STEP	2026-10-09T14:02:17.9813574Z ##[endgroup]
Windows gates	UNKNOWN STEP	2026-10-09T14:02:17.9814666Z ##[group]Setting up auth
Windows gates	UNKNOWN STEP	2026-10-09T14:02:17.9815474Z Removing SSH command configuration
Windows gates	UNKNOWN STEP	2026-10-09T14:02:17.9828056Z [command]"C:\Program Files\Git\bin\git.exe" config --local --name-only --get-regexp core\.sshCommand
Windows gates	UNKNOWN STEP	2026-10-09T14:02:18.0172026Z [command]"C:\Program Files\Git\bin\git.exe" submodule foreach --recursive "sh -c \"git config --local --name-only --get-regexp 'core\.sshCommand' && git config --local --unset-all 'core.sshCommand' || :\""
Windows gates	UNKNOWN STEP	2026-10-09T14:02:19.5536396Z Removing HTTP extra header
Windows gates	UNKNOWN STEP	2026-10-09T14:02:19.5547985Z [command]"C:\Program Files\Git\bin\git.exe" config --local --name-only --get-regexp http\.https\:\/\/github\.com\/\.extraheader
Windows gates	UNKNOWN STEP	2026-10-09T14:02:19.5888562Z [command]"C:\Program Files\Git\bin\git.exe" submodule foreach --recursive "sh -c \"git config --local --name-only --get-regexp 'http\.https\:\/\/github\.com\/\.extraheader' && git config --local --unset-all 'http.https://github.com/.extraheader' || :\""
Windows gates	UNKNOWN STEP	2026-10-09T14:02:20.1766885Z Removing includeIf entries pointing to credentials config files
Windows gates	UNKNOWN STEP	2026-10-09T14:02:20.1783076Z [command]"C:\Program Files\Git\bin\git.exe" config --local --name-only --get-regexp ^includeIf\.gitdir:
Windows gates	UNKNOWN STEP	2026-10-09T14:02:20.2115943Z [command]"C:\Program Files\Git\bin\git.exe" submodule foreach --recursive "git config --local --show-origin --name-only --get-regexp remote.origin.url"
Windows gates	UNKNOWN STEP	2026-10-09T14:02:20.8210532Z [command]"C:\Program Files\Git\bin\git.exe" config --file D:\a\_temp\git-credentials-2e3e8ae4-63d2-4fdf-9abf-baa72cc4159e.config http.https://github.com/.extraheader "AUTHORIZATION: basic ***"
Windows gates	UNKNOWN STEP	2026-10-09T14:02:20.8564814Z [command]"C:\Program Files\Git\bin\git.exe" config --local includeIf.gitdir:D:/a/fairpane/fairpane/.git.path D:\a\_temp\git-credentials-2e3e8ae4-63d2-4fdf-9abf-baa72cc4159e.config
Windows gates	UNKNOWN STEP	2026-10-09T14:02:20.8918652Z [command]"C:\Program Files\Git\bin\git.exe" config --local includeIf.gitdir:D:/a/fairpane/fairpane/.git/worktrees/*.path D:\a\_temp\git-credentials-2e3e8ae4-63d2-4fdf-9abf-baa72cc4159e.config
Windows gates	UNKNOWN STEP	2026-10-09T14:02:20.9319686Z [command]"C:\Program Files\Git\bin\git.exe" config --local includeIf.gitdir:/github/workspace/.git.path /github/runner_temp/git-credentials-2e3e8ae4-63d2-4fdf-9abf-baa72cc4159e.config
Windows gates	UNKNOWN STEP	2026-10-09T14:02:20.9660031Z [command]"C:\Program Files\Git\bin\git.exe" config --local includeIf.gitdir:/github/workspace/.git/worktrees/*.path /github/runner_temp/git-credentials-2e3e8ae4-63d2-4fdf-9abf-baa72cc4159e.config
Windows gates	UNKNOWN STEP	2026-10-09T14:02:20.9997069Z ##[endgroup]
Windows gates	UNKNOWN STEP	2026-10-09T14:02:20.9997651Z ##[group]Fetching the repository
Windows gates	UNKNOWN STEP	2026-10-09T14:02:21.0010637Z [command]"C:\Program Files\Git\bin\git.exe" -c protocol.version=2 fetch --no-tags --prune --no-recurse-submodules --depth=1 origin +cced395e9d5b16f058ae3734c6bb28edc0183a6e:refs/remotes/origin/master
Windows gates	UNKNOWN STEP	2026-10-09T14:02:22.9697175Z From https://github.com/mattneel/fairpane
Windows gates	UNKNOWN STEP	2026-10-09T14:02:22.9700133Z  * [new ref]         cced395e9d5b16f058ae3734c6bb28edc0183a6e -> origin/master
Windows gates	UNKNOWN STEP	2026-10-09T14:02:22.9959834Z [command]"C:\Program Files\Git\bin\git.exe" branch --list --remote origin/master
Windows gates	UNKNOWN STEP	2026-10-09T14:02:23.1029923Z   origin/master
Windows gates	UNKNOWN STEP	2026-10-09T14:02:23.1097191Z [command]"C:\Program Files\Git\bin\git.exe" rev-parse refs/remotes/origin/master
Windows gates	UNKNOWN STEP	2026-10-09T14:02:23.1996278Z cced395e9d5b16f058ae3734c6bb28edc0183a6e
Windows gates	UNKNOWN STEP	2026-10-09T14:02:23.2043889Z ##[endgroup]
Windows gates	UNKNOWN STEP	2026-10-09T14:02:23.2044537Z ##[group]Determining the checkout info
Windows gates	UNKNOWN STEP	2026-10-09T14:02:23.2046121Z ##[endgroup]
Windows gates	UNKNOWN STEP	2026-10-09T14:02:23.2059369Z [command]"C:\Program Files\Git\bin\git.exe" sparse-checkout disable
Windows gates	UNKNOWN STEP	2026-10-09T14:02:23.2737348Z [command]"C:\Program Files\Git\bin\git.exe" config --local --unset-all extensions.worktreeConfig
Windows gates	UNKNOWN STEP	2026-10-09T14:02:23.3097963Z ##[group]Checking out the ref
Windows gates	UNKNOWN STEP	2026-10-09T14:02:23.3113909Z [command]"C:\Program Files\Git\bin\git.exe" checkout --progress --force -B master refs/remotes/origin/master
Windows gates	UNKNOWN STEP	2026-10-09T14:02:24.2522716Z Reset branch 'master'
Windows gates	UNKNOWN STEP	2026-10-09T14:02:24.3071420Z branch 'master' set up to track 'origin/master'.
Windows gates	UNKNOWN STEP	2026-10-09T14:02:24.3132984Z ##[endgroup]
Windows gates	UNKNOWN STEP	2026-10-09T14:02:24.4723224Z [command]"C:\Program Files\Git\bin\git.exe" log -1 --format=%H
Windows gates	UNKNOWN STEP	2026-10-09T14:02:24.5256191Z cced395e9d5b16f058ae3734c6bb28edc0183a6e
Windows gates	UNKNOWN STEP	2026-10-09T14:02:24.5312411Z ##[group]Removing auth
Windows gates	UNKNOWN STEP	2026-10-09T14:02:24.5313104Z Removing SSH command configuration
Windows gates	UNKNOWN STEP	2026-10-09T14:02:24.5325070Z [command]"C:\Program Files\Git\bin\git.exe" config --local --name-only --get-regexp core\.sshCommand
Windows gates	UNKNOWN STEP	2026-10-09T14:02:24.6032637Z [command]"C:\Program Files\Git\bin\git.exe" submodule foreach --recursive "sh -c \"git config --local --name-only --get-regexp 'core\.sshCommand' && git config --local --unset-all 'core.sshCommand' || :\""
Windows gates	UNKNOWN STEP	2026-10-09T14:02:25.2381068Z Removing HTTP extra header
Windows gates	UNKNOWN STEP	2026-10-09T14:02:25.2390802Z [command]"C:\Program Files\Git\bin\git.exe" config --local --name-only --get-regexp http\.https\:\/\/github\.com\/\.extraheader
Windows gates	UNKNOWN STEP	2026-10-09T14:02:25.2730603Z [command]"C:\Program Files\Git\bin\git.exe" submodule foreach --recursive "sh -c \"git config --local --name-only --get-regexp 'http\.https\:\/\/github\.com\/\.extraheader' && git config --local --unset-all 'http.https://github.com/.extraheader' || :\""
Windows gates	UNKNOWN STEP	2026-10-09T14:02:26.0241737Z Removing includeIf entries pointing to credentials config files
Windows gates	UNKNOWN STEP	2026-10-09T14:02:26.0262059Z [command]"C:\Program Files\Git\bin\git.exe" config --local --name-only --get-regexp ^includeIf\.gitdir:
Windows gates	UNKNOWN STEP	2026-10-09T14:02:26.0870309Z includeif.gitdir:D:/a/fairpane/fairpane/.git.path
Windows gates	UNKNOWN STEP	2026-10-09T14:02:26.0876770Z includeif.gitdir:D:/a/fairpane/fairpane/.git/worktrees/*.path
Windows gates	UNKNOWN STEP	2026-10-09T14:02:26.0878270Z includeif.gitdir:/github/workspace/.git.path
Windows gates	UNKNOWN STEP	2026-10-09T14:02:26.0879660Z includeif.gitdir:/github/workspace/.git/worktrees/*.path
Windows gates	UNKNOWN STEP	2026-10-09T14:02:26.0938775Z [command]"C:\Program Files\Git\bin\git.exe" config --local --get-all includeif.gitdir:D:/a/fairpane/fairpane/.git.path
Windows gates	UNKNOWN STEP	2026-10-09T14:02:26.1348472Z D:\a\_temp\git-credentials-2e3e8ae4-63d2-4fdf-9abf-baa72cc4159e.config
Windows gates	UNKNOWN STEP	2026-10-09T14:02:26.1446143Z [command]"C:\Program Files\Git\bin\git.exe" config --local --unset includeif.gitdir:D:/a/fairpane/fairpane/.git.path D\:\\a\\_temp\\git\-credentials\-2e3e8ae4\-63d2\-4fdf\-9abf\-baa72cc4159e\.config
Windows gates	UNKNOWN STEP	2026-10-09T14:02:26.2163970Z [command]"C:\Program Files\Git\bin\git.exe" config --local --get-all includeif.gitdir:D:/a/fairpane/fairpane/.git/worktrees/*.path
Windows gates	UNKNOWN STEP	2026-10-09T14:02:26.2607814Z D:\a\_temp\git-credentials-2e3e8ae4-63d2-4fdf-9abf-baa72cc4159e.config
Windows gates	UNKNOWN STEP	2026-10-09T14:02:26.2673681Z [command]"C:\Program Files\Git\bin\git.exe" config --local --unset includeif.gitdir:D:/a/fairpane/fairpane/.git/worktrees/*.path D\:\\a\\_temp\\git\-credentials\-2e3e8ae4\-63d2\-4fdf\-9abf\-baa72cc4159e\.config
Windows gates	UNKNOWN STEP	2026-10-09T14:02:26.3105139Z [command]"C:\Program Files\Git\bin\git.exe" config --local --get-all includeif.gitdir:/github/workspace/.git.path
Windows gates	UNKNOWN STEP	2026-10-09T14:02:26.3418811Z /github/runner_temp/git-credentials-2e3e8ae4-63d2-4fdf-9abf-baa72cc4159e.config
Windows gates	UNKNOWN STEP	2026-10-09T14:02:26.3475797Z [command]"C:\Program Files\Git\bin\git.exe" config --local --unset includeif.gitdir:/github/workspace/.git.path \/github\/runner_temp\/git\-credentials\-2e3e8ae4\-63d2\-4fdf\-9abf\-baa72cc4159e\.config
Windows gates	UNKNOWN STEP	2026-10-09T14:02:26.3918458Z [command]"C:\Program Files\Git\bin\git.exe" config --local --get-all includeif.gitdir:/github/workspace/.git/worktrees/*.path
Windows gates	UNKNOWN STEP	2026-10-09T14:02:26.4252439Z /github/runner_temp/git-credentials-2e3e8ae4-63d2-4fdf-9abf-baa72cc4159e.config
Windows gates	UNKNOWN STEP	2026-10-09T14:02:26.4302385Z [command]"C:\Program Files\Git\bin\git.exe" config --local --unset includeif.gitdir:/github/workspace/.git/worktrees/*.path \/github\/runner_temp\/git\-credentials\-2e3e8ae4\-63d2\-4fdf\-9abf\-baa72cc4159e\.config
Windows gates	UNKNOWN STEP	2026-10-09T14:02:26.4660663Z [command]"C:\Program Files\Git\bin\git.exe" submodule foreach --recursive "git config --local --show-origin --name-only --get-regexp remote.origin.url"
Windows gates	UNKNOWN STEP	2026-10-09T14:02:27.0508205Z Removing credentials config 'D:\a\_temp\git-credentials-2e3e8ae4-63d2-4fdf-9abf-baa72cc4159e.config'
Windows gates	UNKNOWN STEP	2026-10-09T14:02:27.0525062Z ##[endgroup]
Windows gates	UNKNOWN STEP	2026-10-09T14:02:27.1193859Z ##[group]Run actions/setup-node@949feb2413d6458794dcd2491c4babbbce0c15c1
Windows gates	UNKNOWN STEP	2026-10-09T14:02:27.1194610Z with:
Windows gates	UNKNOWN STEP	2026-10-09T14:02:27.1194977Z   node-version: 24.21.0
Windows gates	UNKNOWN STEP	2026-10-09T14:02:27.1195415Z   check-latest: false
Windows gates	UNKNOWN STEP	2026-10-09T14:02:27.1200991Z   token: ***
Windows gates	UNKNOWN STEP	2026-10-09T14:02:27.1201678Z   package-manager-cache: true
Windows gates	UNKNOWN STEP	2026-10-09T14:02:27.1202440Z ##[endgroup]
Windows gates	UNKNOWN STEP	2026-10-09T14:02:27.3956854Z Found in cache @ C:\hostedtoolcache\windows\node\24.21.0\x64
Windows gates	UNKNOWN STEP	2026-10-09T14:02:31.3134838Z ##[group]Environment details
Windows gates	UNKNOWN STEP	2026-10-09T14:02:39.6272560Z node: v24.21.0
Windows gates	UNKNOWN STEP	2026-10-09T14:02:39.6273406Z npm: 11.19.0
Windows gates	UNKNOWN STEP	2026-10-09T14:02:39.6273759Z yarn: 1.22.22
Windows gates	UNKNOWN STEP	2026-10-09T14:02:39.6274839Z ##[endgroup]
Windows gates	UNKNOWN STEP	2026-10-09T14:02:39.6714926Z ##[group]Run node tools/fairpane.mjs install-zig
Windows gates	UNKNOWN STEP	2026-10-09T14:02:39.6715475Z [36;1mnode tools/fairpane.mjs install-zig[0m
Windows gates	UNKNOWN STEP	2026-10-09T14:02:39.7803723Z shell: C:\Program Files\PowerShell\7\pwsh.EXE -command ". '{0}'"
Windows gates	UNKNOWN STEP	2026-10-09T14:02:39.7804371Z ##[endgroup]
Windows gates	UNKNOWN STEP	2026-10-09T14:05:16.2311560Z D:\a\fairpane\fairpane\.tools\zig\0.18.0-dev.120+9fe22a29b\x86_64-windows\zig.exe
Windows gates	UNKNOWN STEP	2026-10-09T14:05:16.3661543Z {
Windows gates	UNKNOWN STEP	2026-10-09T14:05:16.3663029Z   "compiler": "D:\\a\\fairpane\\fairpane\\.tools\\zig\\0.18.0-dev.120+9fe22a29b\\x86_64-windows\\zig.exe",
Windows gates	UNKNOWN STEP	2026-10-09T14:05:16.3664262Z   "downloaded": true
Windows gates	UNKNOWN STEP	2026-10-09T14:05:16.3666016Z }
Windows gates	UNKNOWN STEP	2026-10-09T14:05:16.5178445Z ##[group]Run node tools/fairpane.mjs run repo-check
Windows gates	UNKNOWN STEP	2026-10-09T14:05:16.5179129Z [36;1mnode tools/fairpane.mjs run repo-check[0m
Windows gates	UNKNOWN STEP	2026-10-09T14:05:16.5272540Z shell: C:\Program Files\PowerShell\7\pwsh.EXE -command ". '{0}'"
Windows gates	UNKNOWN STEP	2026-10-09T14:05:16.5273085Z ##[endgroup]
Windows gates	UNKNOWN STEP	2026-10-09T14:05:16.9522497Z Execute gate repo-check.
Windows gates	UNKNOWN STEP	2026-10-09T14:05:17.6085913Z {
Windows gates	UNKNOWN STEP	2026-10-09T14:05:17.6086470Z   "gate": "repo-check",
Windows gates	UNKNOWN STEP	2026-10-09T14:05:17.6087114Z   "status": "pass",
Windows gates	UNKNOWN STEP	2026-10-09T14:05:17.6088097Z   "receipt": "out/evidence/2026-10-09T14-05-17-107Z-repo-check-a691e6ca.json",
Windows gates	UNKNOWN STEP	2026-10-09T14:05:17.6088840Z   "error": null
Windows gates	UNKNOWN STEP	2026-10-09T14:05:17.6089283Z }
Windows gates	UNKNOWN STEP	2026-10-09T14:05:17.8158279Z ##[group]Run node tools/fairpane.mjs run controller-test
Windows gates	UNKNOWN STEP	2026-10-09T14:05:17.8158890Z [36;1mnode tools/fairpane.mjs run controller-test[0m
Windows gates	UNKNOWN STEP	2026-10-09T14:05:17.8244937Z shell: C:\Program Files\PowerShell\7\pwsh.EXE -command ". '{0}'"
Windows gates	UNKNOWN STEP	2026-10-09T14:05:17.8245422Z ##[endgroup]
Windows gates	UNKNOWN STEP	2026-10-09T14:05:18.2417190Z Execute gate controller-test.
Windows gates	UNKNOWN STEP	2026-10-09T14:06:53.6226566Z {
Windows gates	UNKNOWN STEP	2026-10-09T14:06:53.6228281Z   "gate": "controller-test",
Windows gates	UNKNOWN STEP	2026-10-09T14:06:53.6228862Z   "status": "pass",
Windows gates	UNKNOWN STEP	2026-10-09T14:06:53.6229752Z   "receipt": "out/evidence/2026-10-09T14-05-18-358Z-controller-test-3e708d3c.json",
Windows gates	UNKNOWN STEP	2026-10-09T14:06:53.6230467Z   "error": null
Windows gates	UNKNOWN STEP	2026-10-09T14:06:53.6230858Z }
Windows gates	UNKNOWN STEP	2026-10-09T14:06:53.7564684Z ##[group]Run node tools/fairpane.mjs run zig-fmt
Windows gates	UNKNOWN STEP	2026-10-09T14:06:53.7565272Z [36;1mnode tools/fairpane.mjs run zig-fmt[0m
Windows gates	UNKNOWN STEP	2026-10-09T14:06:53.7653922Z shell: C:\Program Files\PowerShell\7\pwsh.EXE -command ". '{0}'"
Windows gates	UNKNOWN STEP	2026-10-09T14:06:53.7654421Z ##[endgroup]
Windows gates	UNKNOWN STEP	2026-10-09T14:06:54.1583301Z Execute gate zig-fmt.
Windows gates	UNKNOWN STEP	2026-10-09T14:06:54.5098623Z {
Windows gates	UNKNOWN STEP	2026-10-09T14:06:54.5099300Z   "gate": "zig-fmt",
Windows gates	UNKNOWN STEP	2026-10-09T14:06:54.5099891Z   "status": "pass",
Windows gates	UNKNOWN STEP	2026-10-09T14:06:54.5100680Z   "receipt": "out/evidence/2026-10-09T14-06-54-263Z-zig-fmt-e66508ef.json",
Windows gates	UNKNOWN STEP	2026-10-09T14:06:54.5101466Z   "error": null
Windows gates	UNKNOWN STEP	2026-10-09T14:06:54.5102635Z }
Windows gates	UNKNOWN STEP	2026-10-09T14:06:54.6907600Z ##[group]Run node tools/fairpane.mjs run zig-test
Windows gates	UNKNOWN STEP	2026-10-09T14:06:54.6908154Z [36;1mnode tools/fairpane.mjs run zig-test[0m
Windows gates	UNKNOWN STEP	2026-10-09T14:06:54.6997592Z shell: C:\Program Files\PowerShell\7\pwsh.EXE -command ". '{0}'"
Windows gates	UNKNOWN STEP	2026-10-09T14:06:54.6998108Z ##[endgroup]
Windows gates	UNKNOWN STEP	2026-10-09T14:06:55.0745393Z Execute gate zig-test.
Windows gates	UNKNOWN STEP	2026-10-09T14:16:55.5041412Z {
Windows gates	UNKNOWN STEP	2026-10-09T14:16:55.5042291Z   "gate": "zig-test",
Windows gates	UNKNOWN STEP	2026-10-09T14:16:55.5044193Z   "status": "fail",
Windows gates	UNKNOWN STEP	2026-10-09T14:16:55.5045074Z   "receipt": "out/evidence/2026-10-09T14-06-55-185Z-zig-test-521dac32.json",
Windows gates	UNKNOWN STEP	2026-10-09T14:16:55.5046568Z   "error": "Gate command failed: [\"D:\\\\a\\\\fairpane\\\\fairpane\\\\.tools\\\\zig\\\\0.18.0-dev.120+9fe22a29b\\\\x86_64-windows\\\\zig.exe\",\"build\",\"test\"]"
Windows gates	UNKNOWN STEP	2026-10-09T14:16:55.5047759Z }
Windows gates	UNKNOWN STEP	2026-10-09T14:16:55.6361047Z ##[error]Process completed with exit code 1.
Windows gates	UNKNOWN STEP	2026-10-09T14:16:55.6650760Z ##[group]Run actions/upload-artifact@cf430e030ddbb5b0abf93d22962f4752f3646cd9
Windows gates	UNKNOWN STEP	2026-10-09T14:16:55.6651609Z with:
Windows gates	UNKNOWN STEP	2026-10-09T14:16:55.6652092Z   name: windows-gate-receipts-unsigned-local-integrity-records-not-attestations
Windows gates	UNKNOWN STEP	2026-10-09T14:16:55.6652948Z   path: out/evidence/
Windows gates	UNKNOWN STEP	2026-10-09T14:16:55.6653257Z   if-no-files-found: error
Windows gates	UNKNOWN STEP	2026-10-09T14:16:55.6653573Z   compression-level: 6
Windows gates	UNKNOWN STEP	2026-10-09T14:16:55.6653866Z   overwrite: false
Windows gates	UNKNOWN STEP	2026-10-09T14:16:55.6654161Z   include-hidden-files: false
Windows gates	UNKNOWN STEP	2026-10-09T14:16:55.6654516Z   archive: true
Windows gates	UNKNOWN STEP	2026-10-09T14:16:55.6654837Z ##[endgroup]
Windows gates	UNKNOWN STEP	2026-10-09T14:16:55.8674812Z With the provided path, there will be 8 files uploaded
Windows gates	UNKNOWN STEP	2026-10-09T14:16:55.8681235Z Artifact name is valid!
Windows gates	UNKNOWN STEP	2026-10-09T14:16:55.8682286Z Root directory input is valid!
Windows gates	UNKNOWN STEP	2026-10-09T14:16:56.2196297Z Uploading artifact: windows-gate-receipts-unsigned-local-integrity-records-not-attestations.zip
Windows gates	UNKNOWN STEP	2026-10-09T14:16:56.2248857Z Beginning upload of artifact content to blob storage
Windows gates	UNKNOWN STEP	2026-10-09T14:16:56.5588560Z Uploaded bytes 15957
Windows gates	UNKNOWN STEP	2026-10-09T14:16:56.6223492Z Finished uploading artifact content to blob storage!
Windows gates	UNKNOWN STEP	2026-10-09T14:16:56.6225870Z SHA256 digest of uploaded artifact is 90cf3362a7343ae728072e9e31daf708d3f8cc8009720e883e2bd8ca749401f7
Windows gates	UNKNOWN STEP	2026-10-09T14:16:56.6228203Z Finalizing artifact upload
Windows gates	UNKNOWN STEP	2026-10-09T14:16:56.9881603Z Artifact windows-gate-receipts-unsigned-local-integrity-records-not-attestations successfully finalized. Artifact ID 11622666315
Windows gates	UNKNOWN STEP	2026-10-09T14:16:56.9885044Z Artifact windows-gate-receipts-unsigned-local-integrity-records-not-attestations has been successfully uploaded! Final size is 15957 bytes. Artifact ID is 11622666315
Windows gates	UNKNOWN STEP	2026-10-09T14:16:56.9891312Z Artifact download URL: https://github.com/mattneel/fairpane/actions/runs/37941186240/artifacts/11622666315
Windows gates	UNKNOWN STEP	2026-10-09T14:16:57.0334804Z Post job cleanup.
Windows gates	UNKNOWN STEP	2026-10-09T14:16:57.2750782Z [command]"C:\Program Files\Git\bin\git.exe" version
Windows gates	UNKNOWN STEP	2026-10-09T14:16:57.3079534Z git version 2.55.0.windows.5
Windows gates	UNKNOWN STEP	2026-10-09T14:16:57.3155875Z Temporarily overriding HOME='D:\a\_temp\a4c2ed0b-608f-4d8e-983d-dc6ff9065e14' before making global git config changes
Windows gates	UNKNOWN STEP	2026-10-09T14:16:57.3157710Z Adding repository directory to the temporary git global config as a safe directory
Windows gates	UNKNOWN STEP	2026-10-09T14:16:57.3169354Z [command]"C:\Program Files\Git\bin\git.exe" config --global --add safe.directory D:\a\fairpane\fairpane
Windows gates	UNKNOWN STEP	2026-10-09T14:16:57.3595026Z Removing SSH command configuration
Windows gates	UNKNOWN STEP	2026-10-09T14:16:57.3609693Z [command]"C:\Program Files\Git\bin\git.exe" config --local --name-only --get-regexp core\.sshCommand
Windows gates	UNKNOWN STEP	2026-10-09T14:16:57.4027744Z [command]"C:\Program Files\Git\bin\git.exe" submodule foreach --recursive "sh -c \"git config --local --name-only --get-regexp 'core\.sshCommand' && git config --local --unset-all 'core.sshCommand' || :\""
Windows gates	UNKNOWN STEP	2026-10-09T14:16:58.1219846Z Removing HTTP extra header
Windows gates	UNKNOWN STEP	2026-10-09T14:16:58.1232428Z [command]"C:\Program Files\Git\bin\git.exe" config --local --name-only --get-regexp http\.https\:\/\/github\.com\/\.extraheader
Windows gates	UNKNOWN STEP	2026-10-09T14:16:58.1626570Z [command]"C:\Program Files\Git\bin\git.exe" submodule foreach --recursive "sh -c \"git config --local --name-only --get-regexp 'http\.https\:\/\/github\.com\/\.extraheader' && git config --local --unset-all 'http.https://github.com/.extraheader' || :\""
Windows gates	UNKNOWN STEP	2026-10-09T14:16:58.8631851Z Removing includeIf entries pointing to credentials config files
Windows gates	UNKNOWN STEP	2026-10-09T14:16:58.8651078Z [command]"C:\Program Files\Git\bin\git.exe" config --local --name-only --get-regexp ^includeIf\.gitdir:
Windows gates	UNKNOWN STEP	2026-10-09T14:16:58.9093184Z [command]"C:\Program Files\Git\bin\git.exe" submodule foreach --recursive "git config --local --show-origin --name-only --get-regexp remote.origin.url"
Windows gates	UNKNOWN STEP	2026-10-09T14:16:59.6524896Z Cleaning up orphan processes
RESULT {"executable":"C:\\Program Files\\GitHub CLI\\gh.exe","arguments":["run","view","37941186240","--repo","mattneel/fairpane","--attempt","1","--log-failed"],"cwd":"C:\\Users\\requi\\.omp\\wt\\t60e032fd5\\m","started_at":"2026-10-09T16:45:24.224Z","exit_code":0,"signal":null,"timed_out":false,"error":null,"duration_ms":1612}
