
COMMAND ["C:\\Program Files\\GitHub CLI\\gh.exe","run","view","37936609533","--repo","mattneel/fairpane","--attempt","1","--log-failed"]
Windows gates	UNKNOWN STEP	﻿2026-10-09T13:24:31.8233114Z Current runner version: '2.337.0'
Windows gates	UNKNOWN STEP	2026-10-09T13:24:31.8258997Z ##[group]Runner Image Provisioner
Windows gates	UNKNOWN STEP	2026-10-09T13:24:31.8260326Z Hosted Compute Agent
Windows gates	UNKNOWN STEP	2026-10-09T13:24:31.8261033Z Version: 20260901.588
Windows gates	UNKNOWN STEP	2026-10-09T13:24:31.8261648Z Commit: f88ec8081b781fac6c440065ac7ff9e710ce3d0b
Windows gates	UNKNOWN STEP	2026-10-09T13:24:31.8262395Z Build Date: 2026-09-01T19:56:44Z
Windows gates	UNKNOWN STEP	2026-10-09T13:24:31.8263035Z Worker ID: {5d2f8386-addc-4e5e-8ede-b2842e8eb74f}
Windows gates	UNKNOWN STEP	2026-10-09T13:24:31.8263757Z Azure Region: northcentralus
Windows gates	UNKNOWN STEP	2026-10-09T13:24:31.8264362Z ##[endgroup]
Windows gates	UNKNOWN STEP	2026-10-09T13:24:31.8265747Z ##[group]Operating System
Windows gates	UNKNOWN STEP	2026-10-09T13:24:31.8266387Z Microsoft Windows Server 2025
Windows gates	UNKNOWN STEP	2026-10-09T13:24:31.8266953Z 10.0.26100
Windows gates	UNKNOWN STEP	2026-10-09T13:24:31.8267492Z Datacenter
Windows gates	UNKNOWN STEP	2026-10-09T13:24:31.8267980Z ##[endgroup]
Windows gates	UNKNOWN STEP	2026-10-09T13:24:31.8268475Z ##[group]Runner Image
Windows gates	UNKNOWN STEP	2026-10-09T13:24:31.8269048Z Image: windows-2025-vs2026
Windows gates	UNKNOWN STEP	2026-10-09T13:24:31.8269631Z Version: 20260925.250.1
Windows gates	UNKNOWN STEP	2026-10-09T13:24:31.8271103Z Included Software: https://github.com/actions/runner-images/blob/win25-vs2026/20260925.250/images/windows/Windows2025-VS2026-Readme.md
Windows gates	UNKNOWN STEP	2026-10-09T13:24:31.8272734Z Image Release: https://github.com/actions/runner-images/releases/tag/win25-vs2026%2F20260925.250
Windows gates	UNKNOWN STEP	2026-10-09T13:24:31.8273721Z ##[endgroup]
Windows gates	UNKNOWN STEP	2026-10-09T13:24:31.8274798Z ##[group]GITHUB_TOKEN Permissions
Windows gates	UNKNOWN STEP	2026-10-09T13:24:31.8276622Z Contents: read
Windows gates	UNKNOWN STEP	2026-10-09T13:24:31.8277219Z Metadata: read
Windows gates	UNKNOWN STEP	2026-10-09T13:24:31.8277804Z ##[endgroup]
Windows gates	UNKNOWN STEP	2026-10-09T13:24:31.8279883Z Secret source: Actions
Windows gates	UNKNOWN STEP	2026-10-09T13:24:31.8281254Z Cache mode: write
Windows gates	UNKNOWN STEP	2026-10-09T13:24:31.8281928Z Prepare workflow directory
Windows gates	UNKNOWN STEP	2026-10-09T13:24:31.9558318Z Prepare all required actions
Windows gates	UNKNOWN STEP	2026-10-09T13:24:31.9606684Z Getting action download info
Windows gates	UNKNOWN STEP	2026-10-09T13:24:32.1601574Z Download action repository 'actions/checkout@3d3c42e5aac5ba805825da76410c181273ba90b1' (SHA:3d3c42e5aac5ba805825da76410c181273ba90b1)
Windows gates	UNKNOWN STEP	2026-10-09T13:24:32.2982658Z Download action repository 'actions/setup-node@949feb2413d6458794dcd2491c4babbbce0c15c1' (SHA:949feb2413d6458794dcd2491c4babbbce0c15c1)
Windows gates	UNKNOWN STEP	2026-10-09T13:24:32.6870059Z Download action repository 'actions/upload-artifact@cf430e030ddbb5b0abf93d22962f4752f3646cd9' (SHA:cf430e030ddbb5b0abf93d22962f4752f3646cd9)
Windows gates	UNKNOWN STEP	2026-10-09T13:24:33.2641964Z Complete job name: Windows gates
Windows gates	UNKNOWN STEP	2026-10-09T13:24:33.5790229Z ##[group]Run actions/checkout@3d3c42e5aac5ba805825da76410c181273ba90b1
Windows gates	UNKNOWN STEP	2026-10-09T13:24:33.5791521Z with:
Windows gates	UNKNOWN STEP	2026-10-09T13:24:33.5791968Z   persist-credentials: false
Windows gates	UNKNOWN STEP	2026-10-09T13:24:33.5792503Z   repository: mattneel/fairpane
Windows gates	UNKNOWN STEP	2026-10-09T13:24:33.5796857Z   token: ***
Windows gates	UNKNOWN STEP	2026-10-09T13:24:33.5797296Z   ssh-strict: true
Windows gates	UNKNOWN STEP	2026-10-09T13:24:33.5797731Z   ssh-user: git
Windows gates	UNKNOWN STEP	2026-10-09T13:24:33.5798156Z   clean: true
Windows gates	UNKNOWN STEP	2026-10-09T13:24:33.5798601Z   sparse-checkout-cone-mode: true
Windows gates	UNKNOWN STEP	2026-10-09T13:24:33.5799130Z   fetch-depth: 1
Windows gates	UNKNOWN STEP	2026-10-09T13:24:33.5799559Z   fetch-tags: false
Windows gates	UNKNOWN STEP	2026-10-09T13:24:33.5800011Z   show-progress: true
Windows gates	UNKNOWN STEP	2026-10-09T13:24:33.5800454Z   lfs: false
Windows gates	UNKNOWN STEP	2026-10-09T13:24:33.5800893Z   submodules: false
Windows gates	UNKNOWN STEP	2026-10-09T13:24:33.5801492Z   set-safe-directory: true
Windows gates	UNKNOWN STEP	2026-10-09T13:24:33.5802231Z   allow-unsafe-pr-checkout: false
Windows gates	UNKNOWN STEP	2026-10-09T13:24:33.5803306Z ##[endgroup]
Windows gates	UNKNOWN STEP	2026-10-09T13:24:33.7314000Z Syncing repository: mattneel/fairpane
Windows gates	UNKNOWN STEP	2026-10-09T13:24:33.7315975Z ##[group]Getting Git version info
Windows gates	UNKNOWN STEP	2026-10-09T13:24:33.7316653Z Working directory is 'D:\a\fairpane\fairpane'
Windows gates	UNKNOWN STEP	2026-10-09T13:24:33.8303712Z [command]"C:\Program Files\Git\bin\git.exe" version
Windows gates	UNKNOWN STEP	2026-10-09T13:24:34.1695196Z git version 2.55.0.windows.5
Windows gates	UNKNOWN STEP	2026-10-09T13:24:34.1746431Z ##[endgroup]
Windows gates	UNKNOWN STEP	2026-10-09T13:24:34.1764777Z Temporarily overriding HOME='D:\a\_temp\058be30f-35f4-431e-b407-95f85dffcfe7' before making global git config changes
Windows gates	UNKNOWN STEP	2026-10-09T13:24:34.1766117Z Adding repository directory to the temporary git global config as a safe directory
Windows gates	UNKNOWN STEP	2026-10-09T13:24:34.1775693Z [command]"C:\Program Files\Git\bin\git.exe" config --global --add safe.directory D:\a\fairpane\fairpane
Windows gates	UNKNOWN STEP	2026-10-09T13:24:34.2370909Z Deleting the contents of 'D:\a\fairpane\fairpane'
Windows gates	UNKNOWN STEP	2026-10-09T13:24:34.2376743Z ##[group]Determining repository object format
Windows gates	UNKNOWN STEP	2026-10-09T13:24:34.2378785Z ##[endgroup]
Windows gates	UNKNOWN STEP	2026-10-09T13:24:34.2379949Z ##[group]Initializing the repository
Windows gates	UNKNOWN STEP	2026-10-09T13:24:34.2388013Z [command]"C:\Program Files\Git\bin\git.exe" init D:\a\fairpane\fairpane
Windows gates	UNKNOWN STEP	2026-10-09T13:24:34.3235110Z Initialized empty Git repository in D:/a/fairpane/fairpane/.git/
Windows gates	UNKNOWN STEP	2026-10-09T13:24:34.3283620Z [command]"C:\Program Files\Git\bin\git.exe" remote add origin https://github.com/mattneel/fairpane
Windows gates	UNKNOWN STEP	2026-10-09T13:24:34.3901595Z ##[endgroup]
Windows gates	UNKNOWN STEP	2026-10-09T13:24:34.3902874Z ##[group]Disabling automatic garbage collection
Windows gates	UNKNOWN STEP	2026-10-09T13:24:34.3912397Z [command]"C:\Program Files\Git\bin\git.exe" config --local gc.auto 0
Windows gates	UNKNOWN STEP	2026-10-09T13:24:34.4261993Z ##[endgroup]
Windows gates	UNKNOWN STEP	2026-10-09T13:24:34.4264404Z ##[group]Setting up auth
Windows gates	UNKNOWN STEP	2026-10-09T13:24:34.4265870Z Removing SSH command configuration
Windows gates	UNKNOWN STEP	2026-10-09T13:24:34.4271850Z [command]"C:\Program Files\Git\bin\git.exe" config --local --name-only --get-regexp core\.sshCommand
Windows gates	UNKNOWN STEP	2026-10-09T13:24:34.4597224Z [command]"C:\Program Files\Git\bin\git.exe" submodule foreach --recursive "sh -c \"git config --local --name-only --get-regexp 'core\.sshCommand' && git config --local --unset-all 'core.sshCommand' || :\""
Windows gates	UNKNOWN STEP	2026-10-09T13:24:35.8563881Z Removing HTTP extra header
Windows gates	UNKNOWN STEP	2026-10-09T13:24:35.8579315Z [command]"C:\Program Files\Git\bin\git.exe" config --local --name-only --get-regexp http\.https\:\/\/github\.com\/\.extraheader
Windows gates	UNKNOWN STEP	2026-10-09T13:24:35.8871701Z [command]"C:\Program Files\Git\bin\git.exe" submodule foreach --recursive "sh -c \"git config --local --name-only --get-regexp 'http\.https\:\/\/github\.com\/\.extraheader' && git config --local --unset-all 'http.https://github.com/.extraheader' || :\""
Windows gates	UNKNOWN STEP	2026-10-09T13:24:36.3970629Z Removing includeIf entries pointing to credentials config files
Windows gates	UNKNOWN STEP	2026-10-09T13:24:36.3979390Z [command]"C:\Program Files\Git\bin\git.exe" config --local --name-only --get-regexp ^includeIf\.gitdir:
Windows gates	UNKNOWN STEP	2026-10-09T13:24:36.4277319Z [command]"C:\Program Files\Git\bin\git.exe" submodule foreach --recursive "git config --local --show-origin --name-only --get-regexp remote.origin.url"
Windows gates	UNKNOWN STEP	2026-10-09T13:24:36.9494030Z [command]"C:\Program Files\Git\bin\git.exe" config --file D:\a\_temp\git-credentials-c4121063-6b4f-4882-9627-868d8bf7c97f.config http.https://github.com/.extraheader "AUTHORIZATION: basic ***"
Windows gates	UNKNOWN STEP	2026-10-09T13:24:36.9816884Z [command]"C:\Program Files\Git\bin\git.exe" config --local includeIf.gitdir:D:/a/fairpane/fairpane/.git.path D:\a\_temp\git-credentials-c4121063-6b4f-4882-9627-868d8bf7c97f.config
Windows gates	UNKNOWN STEP	2026-10-09T13:24:37.0122594Z [command]"C:\Program Files\Git\bin\git.exe" config --local includeIf.gitdir:D:/a/fairpane/fairpane/.git/worktrees/*.path D:\a\_temp\git-credentials-c4121063-6b4f-4882-9627-868d8bf7c97f.config
Windows gates	UNKNOWN STEP	2026-10-09T13:24:37.0457254Z [command]"C:\Program Files\Git\bin\git.exe" config --local includeIf.gitdir:/github/workspace/.git.path /github/runner_temp/git-credentials-c4121063-6b4f-4882-9627-868d8bf7c97f.config
Windows gates	UNKNOWN STEP	2026-10-09T13:24:37.0775371Z [command]"C:\Program Files\Git\bin\git.exe" config --local includeIf.gitdir:/github/workspace/.git/worktrees/*.path /github/runner_temp/git-credentials-c4121063-6b4f-4882-9627-868d8bf7c97f.config
Windows gates	UNKNOWN STEP	2026-10-09T13:24:37.1096478Z ##[endgroup]
Windows gates	UNKNOWN STEP	2026-10-09T13:24:37.1097250Z ##[group]Fetching the repository
Windows gates	UNKNOWN STEP	2026-10-09T13:24:37.1111065Z [command]"C:\Program Files\Git\bin\git.exe" -c protocol.version=2 fetch --no-tags --prune --no-recurse-submodules --depth=1 origin +152ed53a8d2164a4cfd53099fa1962f687be6631:refs/remotes/origin/master
Windows gates	UNKNOWN STEP	2026-10-09T13:24:38.3751515Z From https://github.com/mattneel/fairpane
Windows gates	UNKNOWN STEP	2026-10-09T13:24:38.3752463Z  * [new ref]         152ed53a8d2164a4cfd53099fa1962f687be6631 -> origin/master
Windows gates	UNKNOWN STEP	2026-10-09T13:24:38.3811433Z [command]"C:\Program Files\Git\bin\git.exe" branch --list --remote origin/master
Windows gates	UNKNOWN STEP	2026-10-09T13:24:38.4167918Z   origin/master
Windows gates	UNKNOWN STEP	2026-10-09T13:24:38.4212698Z [command]"C:\Program Files\Git\bin\git.exe" rev-parse refs/remotes/origin/master
Windows gates	UNKNOWN STEP	2026-10-09T13:24:38.4475312Z 152ed53a8d2164a4cfd53099fa1962f687be6631
Windows gates	UNKNOWN STEP	2026-10-09T13:24:38.4507810Z ##[endgroup]
Windows gates	UNKNOWN STEP	2026-10-09T13:24:38.4508206Z ##[group]Determining the checkout info
Windows gates	UNKNOWN STEP	2026-10-09T13:24:38.4509195Z ##[endgroup]
Windows gates	UNKNOWN STEP	2026-10-09T13:24:38.4517703Z [command]"C:\Program Files\Git\bin\git.exe" sparse-checkout disable
Windows gates	UNKNOWN STEP	2026-10-09T13:24:38.4948964Z [command]"C:\Program Files\Git\bin\git.exe" config --local --unset-all extensions.worktreeConfig
Windows gates	UNKNOWN STEP	2026-10-09T13:24:38.5237822Z ##[group]Checking out the ref
Windows gates	UNKNOWN STEP	2026-10-09T13:24:38.5247188Z [command]"C:\Program Files\Git\bin\git.exe" checkout --progress --force -B master refs/remotes/origin/master
Windows gates	UNKNOWN STEP	2026-10-09T13:24:38.9642128Z Reset branch 'master'
Windows gates	UNKNOWN STEP	2026-10-09T13:24:38.9708583Z branch 'master' set up to track 'origin/master'.
Windows gates	UNKNOWN STEP	2026-10-09T13:24:38.9761975Z ##[endgroup]
Windows gates	UNKNOWN STEP	2026-10-09T13:24:39.0191802Z [command]"C:\Program Files\Git\bin\git.exe" log -1 --format=%H
Windows gates	UNKNOWN STEP	2026-10-09T13:24:39.0463587Z 152ed53a8d2164a4cfd53099fa1962f687be6631
Windows gates	UNKNOWN STEP	2026-10-09T13:24:39.0505481Z ##[group]Removing auth
Windows gates	UNKNOWN STEP	2026-10-09T13:24:39.0505830Z Removing SSH command configuration
Windows gates	UNKNOWN STEP	2026-10-09T13:24:39.0513733Z [command]"C:\Program Files\Git\bin\git.exe" config --local --name-only --get-regexp core\.sshCommand
Windows gates	UNKNOWN STEP	2026-10-09T13:24:39.1120127Z [command]"C:\Program Files\Git\bin\git.exe" submodule foreach --recursive "sh -c \"git config --local --name-only --get-regexp 'core\.sshCommand' && git config --local --unset-all 'core.sshCommand' || :\""
Windows gates	UNKNOWN STEP	2026-10-09T13:24:39.6592901Z Removing HTTP extra header
Windows gates	UNKNOWN STEP	2026-10-09T13:24:39.6601752Z [command]"C:\Program Files\Git\bin\git.exe" config --local --name-only --get-regexp http\.https\:\/\/github\.com\/\.extraheader
Windows gates	UNKNOWN STEP	2026-10-09T13:24:39.6919857Z [command]"C:\Program Files\Git\bin\git.exe" submodule foreach --recursive "sh -c \"git config --local --name-only --get-regexp 'http\.https\:\/\/github\.com\/\.extraheader' && git config --local --unset-all 'http.https://github.com/.extraheader' || :\""
Windows gates	UNKNOWN STEP	2026-10-09T13:24:40.2417979Z Removing includeIf entries pointing to credentials config files
Windows gates	UNKNOWN STEP	2026-10-09T13:24:40.2427079Z [command]"C:\Program Files\Git\bin\git.exe" config --local --name-only --get-regexp ^includeIf\.gitdir:
Windows gates	UNKNOWN STEP	2026-10-09T13:24:40.2689206Z includeif.gitdir:D:/a/fairpane/fairpane/.git.path
Windows gates	UNKNOWN STEP	2026-10-09T13:24:40.2691196Z includeif.gitdir:D:/a/fairpane/fairpane/.git/worktrees/*.path
Windows gates	UNKNOWN STEP	2026-10-09T13:24:40.2691788Z includeif.gitdir:/github/workspace/.git.path
Windows gates	UNKNOWN STEP	2026-10-09T13:24:40.2692283Z includeif.gitdir:/github/workspace/.git/worktrees/*.path
Windows gates	UNKNOWN STEP	2026-10-09T13:24:40.2730386Z [command]"C:\Program Files\Git\bin\git.exe" config --local --get-all includeif.gitdir:D:/a/fairpane/fairpane/.git.path
Windows gates	UNKNOWN STEP	2026-10-09T13:24:40.2986831Z D:\a\_temp\git-credentials-c4121063-6b4f-4882-9627-868d8bf7c97f.config
Windows gates	UNKNOWN STEP	2026-10-09T13:24:40.3029547Z [command]"C:\Program Files\Git\bin\git.exe" config --local --unset includeif.gitdir:D:/a/fairpane/fairpane/.git.path D\:\\a\\_temp\\git\-credentials\-c4121063\-6b4f\-4882\-9627\-868d8bf7c97f\.config
Windows gates	UNKNOWN STEP	2026-10-09T13:24:40.3334048Z [command]"C:\Program Files\Git\bin\git.exe" config --local --get-all includeif.gitdir:D:/a/fairpane/fairpane/.git/worktrees/*.path
Windows gates	UNKNOWN STEP	2026-10-09T13:24:40.3584267Z D:\a\_temp\git-credentials-c4121063-6b4f-4882-9627-868d8bf7c97f.config
Windows gates	UNKNOWN STEP	2026-10-09T13:24:40.3629310Z [command]"C:\Program Files\Git\bin\git.exe" config --local --unset includeif.gitdir:D:/a/fairpane/fairpane/.git/worktrees/*.path D\:\\a\\_temp\\git\-credentials\-c4121063\-6b4f\-4882\-9627\-868d8bf7c97f\.config
Windows gates	UNKNOWN STEP	2026-10-09T13:24:40.3942627Z [command]"C:\Program Files\Git\bin\git.exe" config --local --get-all includeif.gitdir:/github/workspace/.git.path
Windows gates	UNKNOWN STEP	2026-10-09T13:24:40.4213000Z /github/runner_temp/git-credentials-c4121063-6b4f-4882-9627-868d8bf7c97f.config
Windows gates	UNKNOWN STEP	2026-10-09T13:24:40.4257412Z [command]"C:\Program Files\Git\bin\git.exe" config --local --unset includeif.gitdir:/github/workspace/.git.path \/github\/runner_temp\/git\-credentials\-c4121063\-6b4f\-4882\-9627\-868d8bf7c97f\.config
Windows gates	UNKNOWN STEP	2026-10-09T13:24:40.4558982Z [command]"C:\Program Files\Git\bin\git.exe" config --local --get-all includeif.gitdir:/github/workspace/.git/worktrees/*.path
Windows gates	UNKNOWN STEP	2026-10-09T13:24:40.4809942Z /github/runner_temp/git-credentials-c4121063-6b4f-4882-9627-868d8bf7c97f.config
Windows gates	UNKNOWN STEP	2026-10-09T13:24:40.4850949Z [command]"C:\Program Files\Git\bin\git.exe" config --local --unset includeif.gitdir:/github/workspace/.git/worktrees/*.path \/github\/runner_temp\/git\-credentials\-c4121063\-6b4f\-4882\-9627\-868d8bf7c97f\.config
Windows gates	UNKNOWN STEP	2026-10-09T13:24:40.5158924Z [command]"C:\Program Files\Git\bin\git.exe" submodule foreach --recursive "git config --local --show-origin --name-only --get-regexp remote.origin.url"
Windows gates	UNKNOWN STEP	2026-10-09T13:24:41.0202068Z Removing credentials config 'D:\a\_temp\git-credentials-c4121063-6b4f-4882-9627-868d8bf7c97f.config'
Windows gates	UNKNOWN STEP	2026-10-09T13:24:41.0216006Z ##[endgroup]
Windows gates	UNKNOWN STEP	2026-10-09T13:24:41.1937082Z ##[group]Run actions/setup-node@949feb2413d6458794dcd2491c4babbbce0c15c1
Windows gates	UNKNOWN STEP	2026-10-09T13:24:41.1937925Z with:
Windows gates	UNKNOWN STEP	2026-10-09T13:24:41.1938146Z   node-version: 24.21.0
Windows gates	UNKNOWN STEP	2026-10-09T13:24:41.1938376Z   check-latest: false
Windows gates	UNKNOWN STEP	2026-10-09T13:24:41.1941574Z   token: ***
Windows gates	UNKNOWN STEP	2026-10-09T13:24:41.1941812Z   package-manager-cache: true
Windows gates	UNKNOWN STEP	2026-10-09T13:24:41.1942068Z ##[endgroup]
Windows gates	UNKNOWN STEP	2026-10-09T13:24:41.3570467Z Found in cache @ C:\hostedtoolcache\windows\node\24.21.0\x64
Windows gates	UNKNOWN STEP	2026-10-09T13:24:42.3158774Z ##[group]Environment details
Windows gates	UNKNOWN STEP	2026-10-09T13:24:45.7849220Z node: v24.21.0
Windows gates	UNKNOWN STEP	2026-10-09T13:24:45.7849845Z npm: 11.19.0
Windows gates	UNKNOWN STEP	2026-10-09T13:24:45.7850155Z yarn: 1.22.22
Windows gates	UNKNOWN STEP	2026-10-09T13:24:45.7850831Z ##[endgroup]
Windows gates	UNKNOWN STEP	2026-10-09T13:24:45.8215518Z ##[group]Run node tools/fairpane.mjs install-zig
Windows gates	UNKNOWN STEP	2026-10-09T13:24:45.8215958Z [36;1mnode tools/fairpane.mjs install-zig[0m
Windows gates	UNKNOWN STEP	2026-10-09T13:24:45.8770655Z shell: C:\Program Files\PowerShell\7\pwsh.EXE -command ". '{0}'"
Windows gates	UNKNOWN STEP	2026-10-09T13:24:45.8771164Z ##[endgroup]
Windows gates	UNKNOWN STEP	2026-10-09T13:27:17.6602132Z D:\a\fairpane\fairpane\.tools\zig\0.18.0-dev.120+9fe22a29b\x86_64-windows\zig.exe
Windows gates	UNKNOWN STEP	2026-10-09T13:27:17.7338994Z {
Windows gates	UNKNOWN STEP	2026-10-09T13:27:17.7339984Z   "compiler": "D:\\a\\fairpane\\fairpane\\.tools\\zig\\0.18.0-dev.120+9fe22a29b\\x86_64-windows\\zig.exe",
Windows gates	UNKNOWN STEP	2026-10-09T13:27:17.7340787Z   "downloaded": true
Windows gates	UNKNOWN STEP	2026-10-09T13:27:17.7341237Z }
Windows gates	UNKNOWN STEP	2026-10-09T13:27:17.8685503Z ##[group]Run node tools/fairpane.mjs run repo-check
Windows gates	UNKNOWN STEP	2026-10-09T13:27:17.8685960Z [36;1mnode tools/fairpane.mjs run repo-check[0m
Windows gates	UNKNOWN STEP	2026-10-09T13:27:17.8758223Z shell: C:\Program Files\PowerShell\7\pwsh.EXE -command ". '{0}'"
Windows gates	UNKNOWN STEP	2026-10-09T13:27:17.8758603Z ##[endgroup]
Windows gates	UNKNOWN STEP	2026-10-09T13:27:18.2368084Z Execute gate repo-check.
Windows gates	UNKNOWN STEP	2026-10-09T13:27:18.6728491Z {
Windows gates	UNKNOWN STEP	2026-10-09T13:27:18.6728819Z   "gate": "repo-check",
Windows gates	UNKNOWN STEP	2026-10-09T13:27:18.6729154Z   "status": "pass",
Windows gates	UNKNOWN STEP	2026-10-09T13:27:18.6729729Z   "receipt": "out/evidence/2026-10-09T13-27-18-354Z-repo-check-56599bee.json",
Windows gates	UNKNOWN STEP	2026-10-09T13:27:18.6730269Z   "error": null
Windows gates	UNKNOWN STEP	2026-10-09T13:27:18.6730531Z }
Windows gates	UNKNOWN STEP	2026-10-09T13:27:18.8314216Z ##[group]Run node tools/fairpane.mjs run controller-test
Windows gates	UNKNOWN STEP	2026-10-09T13:27:18.8315153Z [36;1mnode tools/fairpane.mjs run controller-test[0m
Windows gates	UNKNOWN STEP	2026-10-09T13:27:18.8386788Z shell: C:\Program Files\PowerShell\7\pwsh.EXE -command ". '{0}'"
Windows gates	UNKNOWN STEP	2026-10-09T13:27:18.8387241Z ##[endgroup]
Windows gates	UNKNOWN STEP	2026-10-09T13:27:19.1924275Z Execute gate controller-test.
Windows gates	UNKNOWN STEP	2026-10-09T13:28:36.7895992Z {
Windows gates	UNKNOWN STEP	2026-10-09T13:28:36.7896672Z   "gate": "controller-test",
Windows gates	UNKNOWN STEP	2026-10-09T13:28:36.7897099Z   "status": "pass",
Windows gates	UNKNOWN STEP	2026-10-09T13:28:36.7897728Z   "receipt": "out/evidence/2026-10-09T13-27-19-288Z-controller-test-9638e1b5.json",
Windows gates	UNKNOWN STEP	2026-10-09T13:28:36.7898495Z   "error": null
Windows gates	UNKNOWN STEP	2026-10-09T13:28:36.7898793Z }
Windows gates	UNKNOWN STEP	2026-10-09T13:28:36.9100401Z ##[group]Run node tools/fairpane.mjs run zig-fmt
Windows gates	UNKNOWN STEP	2026-10-09T13:28:36.9100847Z [36;1mnode tools/fairpane.mjs run zig-fmt[0m
Windows gates	UNKNOWN STEP	2026-10-09T13:28:36.9171637Z shell: C:\Program Files\PowerShell\7\pwsh.EXE -command ". '{0}'"
Windows gates	UNKNOWN STEP	2026-10-09T13:28:36.9171999Z ##[endgroup]
Windows gates	UNKNOWN STEP	2026-10-09T13:28:37.2595830Z Execute gate zig-fmt.
Windows gates	UNKNOWN STEP	2026-10-09T13:28:37.5919851Z {
Windows gates	UNKNOWN STEP	2026-10-09T13:28:37.5920203Z   "gate": "zig-fmt",
Windows gates	UNKNOWN STEP	2026-10-09T13:28:37.5920553Z   "status": "pass",
Windows gates	UNKNOWN STEP	2026-10-09T13:28:37.5921273Z   "receipt": "out/evidence/2026-10-09T13-28-37-359Z-zig-fmt-f99eb345.json",
Windows gates	UNKNOWN STEP	2026-10-09T13:28:37.5921869Z   "error": null
Windows gates	UNKNOWN STEP	2026-10-09T13:28:37.5922455Z }
Windows gates	UNKNOWN STEP	2026-10-09T13:28:37.7463342Z ##[group]Run node tools/fairpane.mjs run zig-test
Windows gates	UNKNOWN STEP	2026-10-09T13:28:37.7464007Z [36;1mnode tools/fairpane.mjs run zig-test[0m
Windows gates	UNKNOWN STEP	2026-10-09T13:28:37.7542360Z shell: C:\Program Files\PowerShell\7\pwsh.EXE -command ". '{0}'"
Windows gates	UNKNOWN STEP	2026-10-09T13:28:37.7542709Z ##[endgroup]
Windows gates	UNKNOWN STEP	2026-10-09T13:28:38.0815488Z Execute gate zig-test.
Windows gates	UNKNOWN STEP	2026-10-09T13:38:38.4398346Z {
Windows gates	UNKNOWN STEP	2026-10-09T13:38:38.4398892Z   "gate": "zig-test",
Windows gates	UNKNOWN STEP	2026-10-09T13:38:38.4399270Z   "status": "fail",
Windows gates	UNKNOWN STEP	2026-10-09T13:38:38.4399887Z   "receipt": "out/evidence/2026-10-09T13-28-38-181Z-zig-test-6f133c4f.json",
Windows gates	UNKNOWN STEP	2026-10-09T13:38:38.4401155Z   "error": "Gate command failed: [\"D:\\\\a\\\\fairpane\\\\fairpane\\\\.tools\\\\zig\\\\0.18.0-dev.120+9fe22a29b\\\\x86_64-windows\\\\zig.exe\",\"build\",\"test\"]"
Windows gates	UNKNOWN STEP	2026-10-09T13:38:38.4402145Z }
Windows gates	UNKNOWN STEP	2026-10-09T13:38:38.5605061Z ##[error]Process completed with exit code 1.
Windows gates	UNKNOWN STEP	2026-10-09T13:38:38.6253557Z ##[group]Run actions/upload-artifact@cf430e030ddbb5b0abf93d22962f4752f3646cd9
Windows gates	UNKNOWN STEP	2026-10-09T13:38:38.6254418Z with:
Windows gates	UNKNOWN STEP	2026-10-09T13:38:38.6255023Z   name: windows-gate-receipts-unsigned-local-integrity-records-not-attestations
Windows gates	UNKNOWN STEP	2026-10-09T13:38:38.6255778Z   path: out/evidence/
Windows gates	UNKNOWN STEP	2026-10-09T13:38:38.6256112Z   if-no-files-found: error
Windows gates	UNKNOWN STEP	2026-10-09T13:38:38.6256465Z   compression-level: 6
Windows gates	UNKNOWN STEP	2026-10-09T13:38:38.6256788Z   overwrite: false
Windows gates	UNKNOWN STEP	2026-10-09T13:38:38.6257104Z   include-hidden-files: false
Windows gates	UNKNOWN STEP	2026-10-09T13:38:38.6257457Z   archive: true
Windows gates	UNKNOWN STEP	2026-10-09T13:38:38.6257735Z ##[endgroup]
Windows gates	UNKNOWN STEP	2026-10-09T13:38:38.8325409Z With the provided path, there will be 8 files uploaded
Windows gates	UNKNOWN STEP	2026-10-09T13:38:38.8331546Z Artifact name is valid!
Windows gates	UNKNOWN STEP	2026-10-09T13:38:38.8332784Z Root directory input is valid!
Windows gates	UNKNOWN STEP	2026-10-09T13:38:39.0803145Z Uploading artifact: windows-gate-receipts-unsigned-local-integrity-records-not-attestations.zip
Windows gates	UNKNOWN STEP	2026-10-09T13:38:39.0853178Z Beginning upload of artifact content to blob storage
Windows gates	UNKNOWN STEP	2026-10-09T13:38:39.2984770Z Uploaded bytes 15838
Windows gates	UNKNOWN STEP	2026-10-09T13:38:39.3344701Z Finished uploading artifact content to blob storage!
Windows gates	UNKNOWN STEP	2026-10-09T13:38:39.3346586Z SHA256 digest of uploaded artifact is 55ccf1d25e6685a60df74964af8d6edf5cc0e8d2ac106cd178ada7bb52ad0fac
Windows gates	UNKNOWN STEP	2026-10-09T13:38:39.3347577Z Finalizing artifact upload
Windows gates	UNKNOWN STEP	2026-10-09T13:38:39.6327354Z Artifact windows-gate-receipts-unsigned-local-integrity-records-not-attestations successfully finalized. Artifact ID 11620280507
Windows gates	UNKNOWN STEP	2026-10-09T13:38:39.6329992Z Artifact windows-gate-receipts-unsigned-local-integrity-records-not-attestations has been successfully uploaded! Final size is 15838 bytes. Artifact ID is 11620280507
Windows gates	UNKNOWN STEP	2026-10-09T13:38:39.6336053Z Artifact download URL: https://github.com/mattneel/fairpane/actions/runs/37936609533/artifacts/11620280507
Windows gates	UNKNOWN STEP	2026-10-09T13:38:39.7066191Z Post job cleanup.
Windows gates	UNKNOWN STEP	2026-10-09T13:38:39.9595754Z [command]"C:\Program Files\Git\bin\git.exe" version
Windows gates	UNKNOWN STEP	2026-10-09T13:38:39.9895000Z git version 2.55.0.windows.5
Windows gates	UNKNOWN STEP	2026-10-09T13:38:39.9968660Z Temporarily overriding HOME='D:\a\_temp\e8f95c8c-7728-46b5-94a6-eb149626db79' before making global git config changes
Windows gates	UNKNOWN STEP	2026-10-09T13:38:39.9970729Z Adding repository directory to the temporary git global config as a safe directory
Windows gates	UNKNOWN STEP	2026-10-09T13:38:39.9980071Z [command]"C:\Program Files\Git\bin\git.exe" config --global --add safe.directory D:\a\fairpane\fairpane
Windows gates	UNKNOWN STEP	2026-10-09T13:38:40.0286088Z Removing SSH command configuration
Windows gates	UNKNOWN STEP	2026-10-09T13:38:40.0302178Z [command]"C:\Program Files\Git\bin\git.exe" config --local --name-only --get-regexp core\.sshCommand
Windows gates	UNKNOWN STEP	2026-10-09T13:38:40.0619314Z [command]"C:\Program Files\Git\bin\git.exe" submodule foreach --recursive "sh -c \"git config --local --name-only --get-regexp 'core\.sshCommand' && git config --local --unset-all 'core.sshCommand' || :\""
Windows gates	UNKNOWN STEP	2026-10-09T13:38:40.6343623Z Removing HTTP extra header
Windows gates	UNKNOWN STEP	2026-10-09T13:38:40.6353652Z [command]"C:\Program Files\Git\bin\git.exe" config --local --name-only --get-regexp http\.https\:\/\/github\.com\/\.extraheader
Windows gates	UNKNOWN STEP	2026-10-09T13:38:40.6681022Z [command]"C:\Program Files\Git\bin\git.exe" submodule foreach --recursive "sh -c \"git config --local --name-only --get-regexp 'http\.https\:\/\/github\.com\/\.extraheader' && git config --local --unset-all 'http.https://github.com/.extraheader' || :\""
Windows gates	UNKNOWN STEP	2026-10-09T13:38:41.2814165Z Removing includeIf entries pointing to credentials config files
Windows gates	UNKNOWN STEP	2026-10-09T13:38:41.2825757Z [command]"C:\Program Files\Git\bin\git.exe" config --local --name-only --get-regexp ^includeIf\.gitdir:
Windows gates	UNKNOWN STEP	2026-10-09T13:38:41.3148135Z [command]"C:\Program Files\Git\bin\git.exe" submodule foreach --recursive "git config --local --show-origin --name-only --get-regexp remote.origin.url"
Windows gates	UNKNOWN STEP	2026-10-09T13:38:41.9185987Z Cleaning up orphan processes
Linux gates	UNKNOWN STEP	﻿2026-10-09T13:24:31.8721961Z Current runner version: '2.337.0'
Linux gates	UNKNOWN STEP	2026-10-09T13:24:31.8748402Z ##[group]Runner Image Provisioner
Linux gates	UNKNOWN STEP	2026-10-09T13:24:31.8749423Z Hosted Compute Agent
Linux gates	UNKNOWN STEP	2026-10-09T13:24:31.8750134Z Version: 20261002.596
Linux gates	UNKNOWN STEP	2026-10-09T13:24:31.8750787Z Commit: c3d12f3313a95f25162a1503be624f3b0617f8c0
Linux gates	UNKNOWN STEP	2026-10-09T13:24:31.8751560Z Build Date: 2026-10-02T22:28:27Z
Linux gates	UNKNOWN STEP	2026-10-09T13:24:31.8752267Z Worker ID: {e4b99d22-1eb5-4f2f-a4e6-28bd0d78c89b}
Linux gates	UNKNOWN STEP	2026-10-09T13:24:31.8752961Z Region: eastus2
Linux gates	UNKNOWN STEP	2026-10-09T13:24:31.8753595Z Cloud: Azure
Linux gates	UNKNOWN STEP	2026-10-09T13:24:31.8754166Z ##[endgroup]
Linux gates	UNKNOWN STEP	2026-10-09T13:24:31.8756052Z ##[group]Operating System
Linux gates	UNKNOWN STEP	2026-10-09T13:24:31.8756731Z Ubuntu
Linux gates	UNKNOWN STEP	2026-10-09T13:24:31.8757364Z 24.04.5
Linux gates	UNKNOWN STEP	2026-10-09T13:24:31.8757922Z LTS
Linux gates	UNKNOWN STEP	2026-10-09T13:24:31.8758423Z ##[endgroup]
Linux gates	UNKNOWN STEP	2026-10-09T13:24:31.8759426Z ##[group]Runner Image
Linux gates	UNKNOWN STEP	2026-10-09T13:24:31.8760049Z Image: ubuntu-24.04
Linux gates	UNKNOWN STEP	2026-10-09T13:24:31.8760602Z Version: 20261004.327.1
Linux gates	UNKNOWN STEP	2026-10-09T13:24:31.8761982Z Included Software: https://github.com/actions/runner-images/blob/ubuntu24/20261004.327/images/ubuntu/Ubuntu2404-Readme.md
Linux gates	UNKNOWN STEP	2026-10-09T13:24:31.8763569Z Image Release: https://github.com/actions/runner-images/releases/tag/ubuntu24%2F20261004.327
Linux gates	UNKNOWN STEP	2026-10-09T13:24:31.8764744Z ##[endgroup]
Linux gates	UNKNOWN STEP	2026-10-09T13:24:31.8766029Z ##[group]GITHUB_TOKEN Permissions
Linux gates	UNKNOWN STEP	2026-10-09T13:24:31.8768421Z Contents: read
Linux gates	UNKNOWN STEP	2026-10-09T13:24:31.8769091Z Metadata: read
Linux gates	UNKNOWN STEP	2026-10-09T13:24:31.8769664Z ##[endgroup]
Linux gates	UNKNOWN STEP	2026-10-09T13:24:31.8772242Z Secret source: Actions
Linux gates	UNKNOWN STEP	2026-10-09T13:24:31.8773263Z Cache mode: write
Linux gates	UNKNOWN STEP	2026-10-09T13:24:31.8774198Z Prepare workflow directory
Linux gates	UNKNOWN STEP	2026-10-09T13:24:31.9785789Z Prepare all required actions
Linux gates	UNKNOWN STEP	2026-10-09T13:24:31.9835572Z Getting action download info
Linux gates	UNKNOWN STEP	2026-10-09T13:24:32.2024616Z Download action repository 'actions/checkout@3d3c42e5aac5ba805825da76410c181273ba90b1' (SHA:3d3c42e5aac5ba805825da76410c181273ba90b1)
Linux gates	UNKNOWN STEP	2026-10-09T13:24:32.3093887Z Download action repository 'actions/setup-node@949feb2413d6458794dcd2491c4babbbce0c15c1' (SHA:949feb2413d6458794dcd2491c4babbbce0c15c1)
Linux gates	UNKNOWN STEP	2026-10-09T13:24:32.6097884Z Download action repository 'actions/upload-artifact@cf430e030ddbb5b0abf93d22962f4752f3646cd9' (SHA:cf430e030ddbb5b0abf93d22962f4752f3646cd9)
Linux gates	UNKNOWN STEP	2026-10-09T13:24:33.0727194Z Complete job name: Linux gates
Linux gates	UNKNOWN STEP	2026-10-09T13:24:33.3213895Z ##[group]Run actions/checkout@3d3c42e5aac5ba805825da76410c181273ba90b1
Linux gates	UNKNOWN STEP	2026-10-09T13:24:33.3215353Z with:
Linux gates	UNKNOWN STEP	2026-10-09T13:24:33.3215816Z   persist-credentials: false
Linux gates	UNKNOWN STEP	2026-10-09T13:24:33.3216362Z   repository: mattneel/fairpane
Linux gates	UNKNOWN STEP	2026-10-09T13:24:33.3220098Z   token: ***
Linux gates	UNKNOWN STEP	2026-10-09T13:24:33.3220526Z   ssh-strict: true
Linux gates	UNKNOWN STEP	2026-10-09T13:24:33.3220962Z   ssh-user: git
Linux gates	UNKNOWN STEP	2026-10-09T13:24:33.3221379Z   clean: true
Linux gates	UNKNOWN STEP	2026-10-09T13:24:33.3221815Z   sparse-checkout-cone-mode: true
Linux gates	UNKNOWN STEP	2026-10-09T13:24:33.3222336Z   fetch-depth: 1
Linux gates	UNKNOWN STEP	2026-10-09T13:24:33.3222761Z   fetch-tags: false
Linux gates	UNKNOWN STEP	2026-10-09T13:24:33.3223197Z   show-progress: true
Linux gates	UNKNOWN STEP	2026-10-09T13:24:33.3223631Z   lfs: false
Linux gates	UNKNOWN STEP	2026-10-09T13:24:33.3224049Z   submodules: false
Linux gates	UNKNOWN STEP	2026-10-09T13:24:33.3224703Z   set-safe-directory: true
Linux gates	UNKNOWN STEP	2026-10-09T13:24:33.3225215Z   allow-unsafe-pr-checkout: false
Linux gates	UNKNOWN STEP	2026-10-09T13:24:33.3226041Z ##[endgroup]
Linux gates	UNKNOWN STEP	2026-10-09T13:24:33.4280941Z Syncing repository: mattneel/fairpane
Linux gates	UNKNOWN STEP	2026-10-09T13:24:33.4283956Z ##[group]Getting Git version info
Linux gates	UNKNOWN STEP	2026-10-09T13:24:33.4286077Z Working directory is '/home/runner/work/fairpane/fairpane'
Linux gates	UNKNOWN STEP	2026-10-09T13:24:33.4287831Z [command]/usr/bin/git version
Linux gates	UNKNOWN STEP	2026-10-09T13:24:33.4336888Z git version 2.55.0
Linux gates	UNKNOWN STEP	2026-10-09T13:24:33.4362816Z ##[endgroup]
Linux gates	UNKNOWN STEP	2026-10-09T13:24:33.4375272Z Temporarily overriding HOME='/home/runner/work/_temp/20f27c80-1ea7-4e3f-b40e-26b169195fe9' before making global git config changes
Linux gates	UNKNOWN STEP	2026-10-09T13:24:33.4377950Z Adding repository directory to the temporary git global config as a safe directory
Linux gates	UNKNOWN STEP	2026-10-09T13:24:33.4381924Z [command]/usr/bin/git config --global --add safe.directory /home/runner/work/fairpane/fairpane
Linux gates	UNKNOWN STEP	2026-10-09T13:24:33.4443214Z Deleting the contents of '/home/runner/work/fairpane/fairpane'
Linux gates	UNKNOWN STEP	2026-10-09T13:24:33.4447477Z ##[group]Determining repository object format
Linux gates	UNKNOWN STEP	2026-10-09T13:24:33.4449154Z ##[endgroup]
Linux gates	UNKNOWN STEP	2026-10-09T13:24:33.4450932Z ##[group]Initializing the repository
Linux gates	UNKNOWN STEP	2026-10-09T13:24:33.4453828Z [command]/usr/bin/git init /home/runner/work/fairpane/fairpane
Linux gates	UNKNOWN STEP	2026-10-09T13:24:33.4584063Z hint: Using 'master' as the name for the initial branch. This default branch name
Linux gates	UNKNOWN STEP	2026-10-09T13:24:33.4587071Z hint: will change to "main" in Git 3.0. To configure the initial branch name
Linux gates	UNKNOWN STEP	2026-10-09T13:24:33.4590054Z hint: to use in all of your new repositories, which will suppress this warning,
Linux gates	UNKNOWN STEP	2026-10-09T13:24:33.4593489Z hint: call:
Linux gates	UNKNOWN STEP	2026-10-09T13:24:33.4594800Z hint:
Linux gates	UNKNOWN STEP	2026-10-09T13:24:33.4596070Z hint: 	git config --global init.defaultBranch <name>
Linux gates	UNKNOWN STEP	2026-10-09T13:24:33.4597442Z hint:
Linux gates	UNKNOWN STEP	2026-10-09T13:24:33.4598971Z hint: Names commonly chosen instead of 'master' are 'main', 'trunk' and
Linux gates	UNKNOWN STEP	2026-10-09T13:24:33.4601096Z hint: 'development'. The just-created branch can be renamed via this command:
Linux gates	UNKNOWN STEP	2026-10-09T13:24:33.4602797Z hint:
Linux gates	UNKNOWN STEP	2026-10-09T13:24:33.4603811Z hint: 	git branch -m <name>
Linux gates	UNKNOWN STEP	2026-10-09T13:24:33.4605242Z hint:
Linux gates	UNKNOWN STEP	2026-10-09T13:24:33.4606642Z hint: Disable this message with "git config set advice.defaultBranchName false"
Linux gates	UNKNOWN STEP	2026-10-09T13:24:33.4609178Z Initialized empty Git repository in /home/runner/work/fairpane/fairpane/.git/
Linux gates	UNKNOWN STEP	2026-10-09T13:24:33.4611603Z [command]/usr/bin/git remote add origin https://github.com/mattneel/fairpane
Linux gates	UNKNOWN STEP	2026-10-09T13:24:33.4662266Z ##[endgroup]
Linux gates	UNKNOWN STEP	2026-10-09T13:24:33.4663478Z ##[group]Disabling automatic garbage collection
Linux gates	UNKNOWN STEP	2026-10-09T13:24:33.4666426Z [command]/usr/bin/git config --local gc.auto 0
Linux gates	UNKNOWN STEP	2026-10-09T13:24:33.4702220Z ##[endgroup]
Linux gates	UNKNOWN STEP	2026-10-09T13:24:33.4704125Z ##[group]Setting up auth
Linux gates	UNKNOWN STEP	2026-10-09T13:24:33.4706136Z Removing SSH command configuration
Linux gates	UNKNOWN STEP	2026-10-09T13:24:33.4721476Z [command]/usr/bin/git config --local --name-only --get-regexp core\.sshCommand
Linux gates	UNKNOWN STEP	2026-10-09T13:24:33.4769581Z [command]/usr/bin/git submodule foreach --recursive sh -c "git config --local --name-only --get-regexp 'core\.sshCommand' && git config --local --unset-all 'core.sshCommand' || :"
Linux gates	UNKNOWN STEP	2026-10-09T13:24:33.5182091Z Removing HTTP extra header
Linux gates	UNKNOWN STEP	2026-10-09T13:24:33.5188207Z [command]/usr/bin/git config --local --name-only --get-regexp http\.https\:\/\/github\.com\/\.extraheader
Linux gates	UNKNOWN STEP	2026-10-09T13:24:33.5227246Z [command]/usr/bin/git submodule foreach --recursive sh -c "git config --local --name-only --get-regexp 'http\.https\:\/\/github\.com\/\.extraheader' && git config --local --unset-all 'http.https://github.com/.extraheader' || :"
Linux gates	UNKNOWN STEP	2026-10-09T13:24:33.5454191Z Removing includeIf entries pointing to credentials config files
Linux gates	UNKNOWN STEP	2026-10-09T13:24:33.5460806Z [command]/usr/bin/git config --local --name-only --get-regexp ^includeIf\.gitdir:
Linux gates	UNKNOWN STEP	2026-10-09T13:24:33.5499713Z [command]/usr/bin/git submodule foreach --recursive git config --local --show-origin --name-only --get-regexp remote.origin.url
Linux gates	UNKNOWN STEP	2026-10-09T13:24:33.5778664Z [command]/usr/bin/git config --file /home/runner/work/_temp/git-credentials-77205420-f553-4232-b4a2-1ba99abd5378.config http.https://github.com/.extraheader AUTHORIZATION: basic ***
Linux gates	UNKNOWN STEP	2026-10-09T13:24:33.5838033Z [command]/usr/bin/git config --local includeIf.gitdir:/home/runner/work/fairpane/fairpane/.git.path /home/runner/work/_temp/git-credentials-77205420-f553-4232-b4a2-1ba99abd5378.config
Linux gates	UNKNOWN STEP	2026-10-09T13:24:33.5876911Z [command]/usr/bin/git config --local includeIf.gitdir:/home/runner/work/fairpane/fairpane/.git/worktrees/*.path /home/runner/work/_temp/git-credentials-77205420-f553-4232-b4a2-1ba99abd5378.config
Linux gates	UNKNOWN STEP	2026-10-09T13:24:33.5917762Z [command]/usr/bin/git config --local includeIf.gitdir:/github/workspace/.git.path /github/runner_temp/git-credentials-77205420-f553-4232-b4a2-1ba99abd5378.config
Linux gates	UNKNOWN STEP	2026-10-09T13:24:33.5954614Z [command]/usr/bin/git config --local includeIf.gitdir:/github/workspace/.git/worktrees/*.path /github/runner_temp/git-credentials-77205420-f553-4232-b4a2-1ba99abd5378.config
Linux gates	UNKNOWN STEP	2026-10-09T13:24:33.5987820Z ##[endgroup]
Linux gates	UNKNOWN STEP	2026-10-09T13:24:33.5988574Z ##[group]Fetching the repository
Linux gates	UNKNOWN STEP	2026-10-09T13:24:33.5995660Z [command]/usr/bin/git -c protocol.version=2 fetch --no-tags --prune --no-recurse-submodules --depth=1 origin +152ed53a8d2164a4cfd53099fa1962f687be6631:refs/remotes/origin/master
Linux gates	UNKNOWN STEP	2026-10-09T13:24:34.1756857Z From https://github.com/mattneel/fairpane
Linux gates	UNKNOWN STEP	2026-10-09T13:24:34.1759706Z  * [new ref]         152ed53a8d2164a4cfd53099fa1962f687be6631 -> origin/master
Linux gates	UNKNOWN STEP	2026-10-09T13:24:34.1766277Z [command]/usr/bin/git branch --list --remote origin/master
Linux gates	UNKNOWN STEP	2026-10-09T13:24:34.1798965Z   origin/master
Linux gates	UNKNOWN STEP	2026-10-09T13:24:34.1808158Z [command]/usr/bin/git rev-parse refs/remotes/origin/master
Linux gates	UNKNOWN STEP	2026-10-09T13:24:34.1837294Z 152ed53a8d2164a4cfd53099fa1962f687be6631
Linux gates	UNKNOWN STEP	2026-10-09T13:24:34.1842921Z ##[endgroup]
Linux gates	UNKNOWN STEP	2026-10-09T13:24:34.1844542Z ##[group]Determining the checkout info
Linux gates	UNKNOWN STEP	2026-10-09T13:24:34.1846123Z ##[endgroup]
Linux gates	UNKNOWN STEP	2026-10-09T13:24:34.1847408Z [command]/usr/bin/git sparse-checkout disable
Linux gates	UNKNOWN STEP	2026-10-09T13:24:34.1907957Z [command]/usr/bin/git config --local --unset-all extensions.worktreeConfig
Linux gates	UNKNOWN STEP	2026-10-09T13:24:34.1946361Z ##[group]Checking out the ref
Linux gates	UNKNOWN STEP	2026-10-09T13:24:34.1949658Z [command]/usr/bin/git checkout --progress --force -B master refs/remotes/origin/master
Linux gates	UNKNOWN STEP	2026-10-09T13:24:34.2975947Z Reset branch 'master'
Linux gates	UNKNOWN STEP	2026-10-09T13:24:34.2983095Z branch 'master' set up to track 'origin/master'.
Linux gates	UNKNOWN STEP	2026-10-09T13:24:34.2999282Z ##[endgroup]
Linux gates	UNKNOWN STEP	2026-10-09T13:24:34.3059153Z [command]/usr/bin/git log -1 --format=%H
Linux gates	UNKNOWN STEP	2026-10-09T13:24:34.3095142Z 152ed53a8d2164a4cfd53099fa1962f687be6631
Linux gates	UNKNOWN STEP	2026-10-09T13:24:34.3114693Z ##[group]Removing auth
Linux gates	UNKNOWN STEP	2026-10-09T13:24:34.3116468Z Removing SSH command configuration
Linux gates	UNKNOWN STEP	2026-10-09T13:24:34.3119137Z [command]/usr/bin/git config --local --name-only --get-regexp core\.sshCommand
Linux gates	UNKNOWN STEP	2026-10-09T13:24:34.3159719Z [command]/usr/bin/git submodule foreach --recursive sh -c "git config --local --name-only --get-regexp 'core\.sshCommand' && git config --local --unset-all 'core.sshCommand' || :"
Linux gates	UNKNOWN STEP	2026-10-09T13:24:34.3401536Z Removing HTTP extra header
Linux gates	UNKNOWN STEP	2026-10-09T13:24:34.3406372Z [command]/usr/bin/git config --local --name-only --get-regexp http\.https\:\/\/github\.com\/\.extraheader
Linux gates	UNKNOWN STEP	2026-10-09T13:24:34.3447923Z [command]/usr/bin/git submodule foreach --recursive sh -c "git config --local --name-only --get-regexp 'http\.https\:\/\/github\.com\/\.extraheader' && git config --local --unset-all 'http.https://github.com/.extraheader' || :"
Linux gates	UNKNOWN STEP	2026-10-09T13:24:34.3678459Z Removing includeIf entries pointing to credentials config files
Linux gates	UNKNOWN STEP	2026-10-09T13:24:34.3681866Z [command]/usr/bin/git config --local --name-only --get-regexp ^includeIf\.gitdir:
Linux gates	UNKNOWN STEP	2026-10-09T13:24:34.3717013Z includeif.gitdir:/home/runner/work/fairpane/fairpane/.git.path
Linux gates	UNKNOWN STEP	2026-10-09T13:24:34.3719357Z includeif.gitdir:/home/runner/work/fairpane/fairpane/.git/worktrees/*.path
Linux gates	UNKNOWN STEP	2026-10-09T13:24:34.3721650Z includeif.gitdir:/github/workspace/.git.path
Linux gates	UNKNOWN STEP	2026-10-09T13:24:34.3723197Z includeif.gitdir:/github/workspace/.git/worktrees/*.path
Linux gates	UNKNOWN STEP	2026-10-09T13:24:34.3728212Z [command]/usr/bin/git config --local --get-all includeif.gitdir:/home/runner/work/fairpane/fairpane/.git.path
Linux gates	UNKNOWN STEP	2026-10-09T13:24:34.3756398Z /home/runner/work/_temp/git-credentials-77205420-f553-4232-b4a2-1ba99abd5378.config
Linux gates	UNKNOWN STEP	2026-10-09T13:24:34.3767682Z [command]/usr/bin/git config --local --unset includeif.gitdir:/home/runner/work/fairpane/fairpane/.git.path \/home\/runner\/work\/_temp\/git\-credentials\-77205420\-f553\-4232\-b4a2\-1ba99abd5378\.config
Linux gates	UNKNOWN STEP	2026-10-09T13:24:34.3810595Z [command]/usr/bin/git config --local --get-all includeif.gitdir:/home/runner/work/fairpane/fairpane/.git/worktrees/*.path
Linux gates	UNKNOWN STEP	2026-10-09T13:24:34.3847468Z /home/runner/work/_temp/git-credentials-77205420-f553-4232-b4a2-1ba99abd5378.config
Linux gates	UNKNOWN STEP	2026-10-09T13:24:34.3857284Z [command]/usr/bin/git config --local --unset includeif.gitdir:/home/runner/work/fairpane/fairpane/.git/worktrees/*.path \/home\/runner\/work\/_temp\/git\-credentials\-77205420\-f553\-4232\-b4a2\-1ba99abd5378\.config
Linux gates	UNKNOWN STEP	2026-10-09T13:24:34.3905726Z [command]/usr/bin/git config --local --get-all includeif.gitdir:/github/workspace/.git.path
Linux gates	UNKNOWN STEP	2026-10-09T13:24:34.3956904Z /github/runner_temp/git-credentials-77205420-f553-4232-b4a2-1ba99abd5378.config
Linux gates	UNKNOWN STEP	2026-10-09T13:24:34.3986095Z [command]/usr/bin/git config --local --unset includeif.gitdir:/github/workspace/.git.path \/github\/runner_temp\/git\-credentials\-77205420\-f553\-4232\-b4a2\-1ba99abd5378\.config
Linux gates	UNKNOWN STEP	2026-10-09T13:24:34.4040464Z [command]/usr/bin/git config --local --get-all includeif.gitdir:/github/workspace/.git/worktrees/*.path
Linux gates	UNKNOWN STEP	2026-10-09T13:24:34.4069898Z /github/runner_temp/git-credentials-77205420-f553-4232-b4a2-1ba99abd5378.config
Linux gates	UNKNOWN STEP	2026-10-09T13:24:34.4079032Z [command]/usr/bin/git config --local --unset includeif.gitdir:/github/workspace/.git/worktrees/*.path \/github\/runner_temp\/git\-credentials\-77205420\-f553\-4232\-b4a2\-1ba99abd5378\.config
Linux gates	UNKNOWN STEP	2026-10-09T13:24:34.4121214Z [command]/usr/bin/git submodule foreach --recursive git config --local --show-origin --name-only --get-regexp remote.origin.url
Linux gates	UNKNOWN STEP	2026-10-09T13:24:34.4355818Z Removing credentials config '/home/runner/work/_temp/git-credentials-77205420-f553-4232-b4a2-1ba99abd5378.config'
Linux gates	UNKNOWN STEP	2026-10-09T13:24:34.4364907Z ##[endgroup]
Linux gates	UNKNOWN STEP	2026-10-09T13:24:34.6056972Z ##[group]Run actions/setup-node@949feb2413d6458794dcd2491c4babbbce0c15c1
Linux gates	UNKNOWN STEP	2026-10-09T13:24:34.6058519Z with:
Linux gates	UNKNOWN STEP	2026-10-09T13:24:34.6059270Z   node-version: 24.21.0
Linux gates	UNKNOWN STEP	2026-10-09T13:24:34.6060154Z   check-latest: false
Linux gates	UNKNOWN STEP	2026-10-09T13:24:34.6069073Z   token: ***
Linux gates	UNKNOWN STEP	2026-10-09T13:24:34.6069919Z   package-manager-cache: true
Linux gates	UNKNOWN STEP	2026-10-09T13:24:34.6070893Z ##[endgroup]
Linux gates	UNKNOWN STEP	2026-10-09T13:24:34.7366259Z Found in cache @ /opt/hostedtoolcache/node/24.21.0/x64
Linux gates	UNKNOWN STEP	2026-10-09T13:24:34.8391981Z ##[group]Environment details
Linux gates	UNKNOWN STEP	2026-10-09T13:24:35.2070918Z node: v24.21.0
Linux gates	UNKNOWN STEP	2026-10-09T13:24:35.2073334Z npm: 11.19.0
Linux gates	UNKNOWN STEP	2026-10-09T13:24:35.2075426Z yarn: 1.22.22
Linux gates	UNKNOWN STEP	2026-10-09T13:24:35.2078396Z ##[endgroup]
Linux gates	UNKNOWN STEP	2026-10-09T13:24:35.2661357Z ##[group]Run node tools/fairpane.mjs install-zig
Linux gates	UNKNOWN STEP	2026-10-09T13:24:35.2662780Z [36;1mnode tools/fairpane.mjs install-zig[0m
Linux gates	UNKNOWN STEP	2026-10-09T13:24:35.2952953Z shell: /usr/bin/bash -e {0}
Linux gates	UNKNOWN STEP	2026-10-09T13:24:35.2954087Z ##[endgroup]
Linux gates	UNKNOWN STEP	2026-10-09T13:24:47.7578133Z {
Linux gates	UNKNOWN STEP	2026-10-09T13:24:47.7578925Z   "compiler": "/home/runner/work/fairpane/fairpane/.tools/zig/0.18.0-dev.120+9fe22a29b/x86_64-linux/zig",
Linux gates	UNKNOWN STEP	2026-10-09T13:24:47.7579520Z   "downloaded": true
Linux gates	UNKNOWN STEP	2026-10-09T13:24:47.7579766Z }
Linux gates	UNKNOWN STEP	2026-10-09T13:24:47.7866225Z ##[group]Run node tools/fairpane.mjs run repo-check
Linux gates	UNKNOWN STEP	2026-10-09T13:24:47.7866723Z [36;1mnode tools/fairpane.mjs run repo-check[0m
Linux gates	UNKNOWN STEP	2026-10-09T13:24:47.7931310Z shell: /usr/bin/bash -e {0}
Linux gates	UNKNOWN STEP	2026-10-09T13:24:47.7931618Z ##[endgroup]
Linux gates	UNKNOWN STEP	2026-10-09T13:24:47.8461541Z Execute gate repo-check.
Linux gates	UNKNOWN STEP	2026-10-09T13:24:48.0550785Z {
Linux gates	UNKNOWN STEP	2026-10-09T13:24:48.0551514Z   "gate": "repo-check",
Linux gates	UNKNOWN STEP	2026-10-09T13:24:48.0552105Z   "status": "pass",
Linux gates	UNKNOWN STEP	2026-10-09T13:24:48.0552938Z   "receipt": "out/evidence/2026-10-09T13-24-47-892Z-repo-check-90ef38bc.json",
Linux gates	UNKNOWN STEP	2026-10-09T13:24:48.0553833Z   "error": null
Linux gates	UNKNOWN STEP	2026-10-09T13:24:48.0554603Z }
Linux gates	UNKNOWN STEP	2026-10-09T13:24:48.0733529Z ##[group]Run node tools/fairpane.mjs run controller-test
Linux gates	UNKNOWN STEP	2026-10-09T13:24:48.0734024Z [36;1mnode tools/fairpane.mjs run controller-test[0m
Linux gates	UNKNOWN STEP	2026-10-09T13:24:48.0797984Z shell: /usr/bin/bash -e {0}
Linux gates	UNKNOWN STEP	2026-10-09T13:24:48.0798269Z ##[endgroup]
Linux gates	UNKNOWN STEP	2026-10-09T13:24:48.1374020Z Execute gate controller-test.
Linux gates	UNKNOWN STEP	2026-10-09T13:25:06.4752041Z {
Linux gates	UNKNOWN STEP	2026-10-09T13:25:06.4752500Z   "gate": "controller-test",
Linux gates	UNKNOWN STEP	2026-10-09T13:25:06.4753222Z   "status": "pass",
Linux gates	UNKNOWN STEP	2026-10-09T13:25:06.4753809Z   "receipt": "out/evidence/2026-10-09T13-24-48-187Z-controller-test-701f6e12.json",
Linux gates	UNKNOWN STEP	2026-10-09T13:25:06.4754645Z   "error": null
Linux gates	UNKNOWN STEP	2026-10-09T13:25:06.4754944Z }
Linux gates	UNKNOWN STEP	2026-10-09T13:25:06.4907134Z ##[group]Run node tools/fairpane.mjs run zig-fmt
Linux gates	UNKNOWN STEP	2026-10-09T13:25:06.4907560Z [36;1mnode tools/fairpane.mjs run zig-fmt[0m
Linux gates	UNKNOWN STEP	2026-10-09T13:25:06.4969671Z shell: /usr/bin/bash -e {0}
Linux gates	UNKNOWN STEP	2026-10-09T13:25:06.4969984Z ##[endgroup]
Linux gates	UNKNOWN STEP	2026-10-09T13:25:06.5518291Z Execute gate zig-fmt.
Linux gates	UNKNOWN STEP	2026-10-09T13:25:06.7263949Z {
Linux gates	UNKNOWN STEP	2026-10-09T13:25:06.7264837Z   "gate": "zig-fmt",
Linux gates	UNKNOWN STEP	2026-10-09T13:25:06.7265248Z   "status": "pass",
Linux gates	UNKNOWN STEP	2026-10-09T13:25:06.7265884Z   "receipt": "out/evidence/2026-10-09T13-25-06-600Z-zig-fmt-456c8044.json",
Linux gates	UNKNOWN STEP	2026-10-09T13:25:06.7266598Z   "error": null
Linux gates	UNKNOWN STEP	2026-10-09T13:25:06.7266968Z }
Linux gates	UNKNOWN STEP	2026-10-09T13:25:06.7418089Z ##[group]Run node tools/fairpane.mjs run zig-test
Linux gates	UNKNOWN STEP	2026-10-09T13:25:06.7418672Z [36;1mnode tools/fairpane.mjs run zig-test[0m
Linux gates	UNKNOWN STEP	2026-10-09T13:25:06.7480760Z shell: /usr/bin/bash -e {0}
Linux gates	UNKNOWN STEP	2026-10-09T13:25:06.7481037Z ##[endgroup]
Linux gates	UNKNOWN STEP	2026-10-09T13:25:06.8014062Z Execute gate zig-test.
Linux gates	UNKNOWN STEP	2026-10-09T13:35:06.8991696Z {
Linux gates	UNKNOWN STEP	2026-10-09T13:35:06.8992147Z   "gate": "zig-test",
Linux gates	UNKNOWN STEP	2026-10-09T13:35:06.8992547Z   "status": "fail",
Linux gates	UNKNOWN STEP	2026-10-09T13:35:06.8993282Z   "receipt": "out/evidence/2026-10-09T13-25-06-849Z-zig-test-2a5f5d8f.json",
Linux gates	UNKNOWN STEP	2026-10-09T13:35:06.8995060Z   "error": "Gate command failed: [\"/home/runner/work/fairpane/fairpane/.tools/zig/0.18.0-dev.120+9fe22a29b/x86_64-linux/zig\",\"build\",\"test\"]"
Linux gates	UNKNOWN STEP	2026-10-09T13:35:06.8996147Z }
Linux gates	UNKNOWN STEP	2026-10-09T13:35:06.9069886Z ##[error]Process completed with exit code 1.
Linux gates	UNKNOWN STEP	2026-10-09T13:35:06.9426889Z ##[group]Run actions/upload-artifact@cf430e030ddbb5b0abf93d22962f4752f3646cd9
Linux gates	UNKNOWN STEP	2026-10-09T13:35:06.9427326Z with:
Linux gates	UNKNOWN STEP	2026-10-09T13:35:06.9427696Z   name: linux-gate-receipts-unsigned-local-integrity-records-not-attestations
Linux gates	UNKNOWN STEP	2026-10-09T13:35:06.9428161Z   path: out/evidence/
Linux gates	UNKNOWN STEP	2026-10-09T13:35:06.9428392Z   if-no-files-found: error
Linux gates	UNKNOWN STEP	2026-10-09T13:35:06.9428630Z   compression-level: 6
Linux gates	UNKNOWN STEP	2026-10-09T13:35:06.9428849Z   overwrite: false
Linux gates	UNKNOWN STEP	2026-10-09T13:35:06.9429066Z   include-hidden-files: false
Linux gates	UNKNOWN STEP	2026-10-09T13:35:06.9429304Z   archive: true
Linux gates	UNKNOWN STEP	2026-10-09T13:35:06.9429500Z ##[endgroup]
Linux gates	UNKNOWN STEP	2026-10-09T13:35:07.1036656Z With the provided path, there will be 8 files uploaded
Linux gates	UNKNOWN STEP	2026-10-09T13:35:07.1037271Z Artifact name is valid!
Linux gates	UNKNOWN STEP	2026-10-09T13:35:07.1037639Z Root directory input is valid!
Linux gates	UNKNOWN STEP	2026-10-09T13:35:07.3252495Z Uploading artifact: linux-gate-receipts-unsigned-local-integrity-records-not-attestations.zip
Linux gates	UNKNOWN STEP	2026-10-09T13:35:07.3299913Z Beginning upload of artifact content to blob storage
Linux gates	UNKNOWN STEP	2026-10-09T13:35:07.4079263Z Uploaded bytes 15642
Linux gates	UNKNOWN STEP	2026-10-09T13:35:07.4201702Z Finished uploading artifact content to blob storage!
Linux gates	UNKNOWN STEP	2026-10-09T13:35:07.4202737Z SHA256 digest of uploaded artifact is a39ce1fd37fcd9b827ae89673b3a167bac0d0553e3b8585538bda89ef82287ed
Linux gates	UNKNOWN STEP	2026-10-09T13:35:07.4204044Z Finalizing artifact upload
Linux gates	UNKNOWN STEP	2026-10-09T13:35:07.6815684Z Artifact linux-gate-receipts-unsigned-local-integrity-records-not-attestations successfully finalized. Artifact ID 11618449660
Linux gates	UNKNOWN STEP	2026-10-09T13:35:07.6818124Z Artifact linux-gate-receipts-unsigned-local-integrity-records-not-attestations has been successfully uploaded! Final size is 15642 bytes. Artifact ID is 11618449660
Linux gates	UNKNOWN STEP	2026-10-09T13:35:07.6819986Z Artifact download URL: https://github.com/mattneel/fairpane/actions/runs/37936609533/artifacts/11618449660
Linux gates	UNKNOWN STEP	2026-10-09T13:35:07.7385889Z Post job cleanup.
Linux gates	UNKNOWN STEP	2026-10-09T13:35:07.8295299Z [command]/usr/bin/git version
Linux gates	UNKNOWN STEP	2026-10-09T13:35:07.8340754Z git version 2.55.0
Linux gates	UNKNOWN STEP	2026-10-09T13:35:07.8388613Z Temporarily overriding HOME='/home/runner/work/_temp/4508a443-919a-4e0b-98ac-85aa51853e8b' before making global git config changes
Linux gates	UNKNOWN STEP	2026-10-09T13:35:07.8390169Z Adding repository directory to the temporary git global config as a safe directory
Linux gates	UNKNOWN STEP	2026-10-09T13:35:07.8395215Z [command]/usr/bin/git config --global --add safe.directory /home/runner/work/fairpane/fairpane
Linux gates	UNKNOWN STEP	2026-10-09T13:35:07.8432274Z Removing SSH command configuration
Linux gates	UNKNOWN STEP	2026-10-09T13:35:07.8439652Z [command]/usr/bin/git config --local --name-only --get-regexp core\.sshCommand
Linux gates	UNKNOWN STEP	2026-10-09T13:35:07.8491810Z [command]/usr/bin/git submodule foreach --recursive sh -c "git config --local --name-only --get-regexp 'core\.sshCommand' && git config --local --unset-all 'core.sshCommand' || :"
Linux gates	UNKNOWN STEP	2026-10-09T13:35:07.8762680Z Removing HTTP extra header
Linux gates	UNKNOWN STEP	2026-10-09T13:35:07.8763834Z [command]/usr/bin/git config --local --name-only --get-regexp http\.https\:\/\/github\.com\/\.extraheader
Linux gates	UNKNOWN STEP	2026-10-09T13:35:07.8816138Z [command]/usr/bin/git submodule foreach --recursive sh -c "git config --local --name-only --get-regexp 'http\.https\:\/\/github\.com\/\.extraheader' && git config --local --unset-all 'http.https://github.com/.extraheader' || :"
Linux gates	UNKNOWN STEP	2026-10-09T13:35:07.9083310Z Removing includeIf entries pointing to credentials config files
Linux gates	UNKNOWN STEP	2026-10-09T13:35:07.9090043Z [command]/usr/bin/git config --local --name-only --get-regexp ^includeIf\.gitdir:
Linux gates	UNKNOWN STEP	2026-10-09T13:35:07.9132352Z [command]/usr/bin/git submodule foreach --recursive git config --local --show-origin --name-only --get-regexp remote.origin.url
Linux gates	UNKNOWN STEP	2026-10-09T13:35:07.9554821Z Cleaning up orphan processes
RESULT {"executable":"C:\\Program Files\\GitHub CLI\\gh.exe","arguments":["run","view","37936609533","--repo","mattneel/fairpane","--attempt","1","--log-failed"],"cwd":"C:\\Users\\requi\\.omp\\wt\\t60e032fd5\\m","started_at":"2026-10-09T16:45:20.253Z","exit_code":0,"signal":null,"timed_out":false,"error":null,"duration_ms":1900}
