
COMMAND ["C:\\Program Files\\GitHub CLI\\gh.exe","run","view","37937802499","--repo","mattneel/fairpane","--attempt","1","--log-failed"]
Linux gates	UNKNOWN STEP	﻿2026-10-09T13:34:38.2121945Z Current runner version: '2.337.0'
Linux gates	UNKNOWN STEP	2026-10-09T13:34:38.2148159Z ##[group]Runner Image Provisioner
Linux gates	UNKNOWN STEP	2026-10-09T13:34:38.2149194Z Hosted Compute Agent
Linux gates	UNKNOWN STEP	2026-10-09T13:34:38.2149793Z Version: 20261002.596
Linux gates	UNKNOWN STEP	2026-10-09T13:34:38.2150986Z Commit: c3d12f3313a95f25162a1503be624f3b0617f8c0
Linux gates	UNKNOWN STEP	2026-10-09T13:34:38.2151899Z Build Date: 2026-10-02T22:28:27Z
Linux gates	UNKNOWN STEP	2026-10-09T13:34:38.2152705Z Worker ID: {8aba58ff-00f1-433f-af0a-257a99225da5}
Linux gates	UNKNOWN STEP	2026-10-09T13:34:38.2153516Z Region: westus
Linux gates	UNKNOWN STEP	2026-10-09T13:34:38.2154070Z Cloud: Azure
Linux gates	UNKNOWN STEP	2026-10-09T13:34:38.2154654Z ##[endgroup]
Linux gates	UNKNOWN STEP	2026-10-09T13:34:38.2156386Z ##[group]Operating System
Linux gates	UNKNOWN STEP	2026-10-09T13:34:38.2157074Z Ubuntu
Linux gates	UNKNOWN STEP	2026-10-09T13:34:38.2157684Z 24.04.5
Linux gates	UNKNOWN STEP	2026-10-09T13:34:38.2158215Z LTS
Linux gates	UNKNOWN STEP	2026-10-09T13:34:38.2158800Z ##[endgroup]
Linux gates	UNKNOWN STEP	2026-10-09T13:34:38.2159407Z ##[group]Runner Image
Linux gates	UNKNOWN STEP	2026-10-09T13:34:38.2160015Z Image: ubuntu-24.04
Linux gates	UNKNOWN STEP	2026-10-09T13:34:38.2161405Z Version: 20261004.327.1
Linux gates	UNKNOWN STEP	2026-10-09T13:34:38.2162730Z Included Software: https://github.com/actions/runner-images/blob/ubuntu24/20261004.327/images/ubuntu/Ubuntu2404-Readme.md
Linux gates	UNKNOWN STEP	2026-10-09T13:34:38.2164411Z Image Release: https://github.com/actions/runner-images/releases/tag/ubuntu24%2F20261004.327
Linux gates	UNKNOWN STEP	2026-10-09T13:34:38.2165392Z ##[endgroup]
Linux gates	UNKNOWN STEP	2026-10-09T13:34:38.2166549Z ##[group]GITHUB_TOKEN Permissions
Linux gates	UNKNOWN STEP	2026-10-09T13:34:38.2168703Z Contents: read
Linux gates	UNKNOWN STEP	2026-10-09T13:34:38.2169427Z Metadata: read
Linux gates	UNKNOWN STEP	2026-10-09T13:34:38.2169989Z ##[endgroup]
Linux gates	UNKNOWN STEP	2026-10-09T13:34:38.2172427Z Secret source: Actions
Linux gates	UNKNOWN STEP	2026-10-09T13:34:38.2173515Z Cache mode: write
Linux gates	UNKNOWN STEP	2026-10-09T13:34:38.2174209Z Prepare workflow directory
Linux gates	UNKNOWN STEP	2026-10-09T13:34:38.2575774Z Prepare all required actions
Linux gates	UNKNOWN STEP	2026-10-09T13:34:38.2632230Z Getting action download info
Linux gates	UNKNOWN STEP	2026-10-09T13:34:38.6153944Z Download action repository 'actions/checkout@3d3c42e5aac5ba805825da76410c181273ba90b1' (SHA:3d3c42e5aac5ba805825da76410c181273ba90b1)
Linux gates	UNKNOWN STEP	2026-10-09T13:34:38.7348849Z Download action repository 'actions/setup-node@949feb2413d6458794dcd2491c4babbbce0c15c1' (SHA:949feb2413d6458794dcd2491c4babbbce0c15c1)
Linux gates	UNKNOWN STEP	2026-10-09T13:34:39.2080956Z Download action repository 'actions/upload-artifact@cf430e030ddbb5b0abf93d22962f4752f3646cd9' (SHA:cf430e030ddbb5b0abf93d22962f4752f3646cd9)
Linux gates	UNKNOWN STEP	2026-10-09T13:34:39.7655638Z Complete job name: Linux gates
Linux gates	UNKNOWN STEP	2026-10-09T13:34:39.8501032Z ##[group]Run actions/checkout@3d3c42e5aac5ba805825da76410c181273ba90b1
Linux gates	UNKNOWN STEP	2026-10-09T13:34:39.8502288Z with:
Linux gates	UNKNOWN STEP	2026-10-09T13:34:39.8502777Z   persist-credentials: false
Linux gates	UNKNOWN STEP	2026-10-09T13:34:39.8503344Z   repository: mattneel/fairpane
Linux gates	UNKNOWN STEP	2026-10-09T13:34:39.8507259Z   token: ***
Linux gates	UNKNOWN STEP	2026-10-09T13:34:39.8507732Z   ssh-strict: true
Linux gates	UNKNOWN STEP	2026-10-09T13:34:39.8508204Z   ssh-user: git
Linux gates	UNKNOWN STEP	2026-10-09T13:34:39.8508660Z   clean: true
Linux gates	UNKNOWN STEP	2026-10-09T13:34:39.8509141Z   sparse-checkout-cone-mode: true
Linux gates	UNKNOWN STEP	2026-10-09T13:34:39.8509716Z   fetch-depth: 1
Linux gates	UNKNOWN STEP	2026-10-09T13:34:39.8510183Z   fetch-tags: false
Linux gates	UNKNOWN STEP	2026-10-09T13:34:39.8510860Z   show-progress: true
Linux gates	UNKNOWN STEP	2026-10-09T13:34:39.8511359Z   lfs: false
Linux gates	UNKNOWN STEP	2026-10-09T13:34:39.8511823Z   submodules: false
Linux gates	UNKNOWN STEP	2026-10-09T13:34:39.8512322Z   set-safe-directory: true
Linux gates	UNKNOWN STEP	2026-10-09T13:34:39.8512866Z   allow-unsafe-pr-checkout: false
Linux gates	UNKNOWN STEP	2026-10-09T13:34:39.8513755Z ##[endgroup]
Linux gates	UNKNOWN STEP	2026-10-09T13:34:39.9530815Z Syncing repository: mattneel/fairpane
Linux gates	UNKNOWN STEP	2026-10-09T13:34:39.9539847Z ##[group]Getting Git version info
Linux gates	UNKNOWN STEP	2026-10-09T13:34:39.9541245Z Working directory is '/home/runner/work/fairpane/fairpane'
Linux gates	UNKNOWN STEP	2026-10-09T13:34:39.9542743Z [command]/usr/bin/git version
Linux gates	UNKNOWN STEP	2026-10-09T13:34:39.9637719Z git version 2.55.0
Linux gates	UNKNOWN STEP	2026-10-09T13:34:39.9669349Z ##[endgroup]
Linux gates	UNKNOWN STEP	2026-10-09T13:34:39.9676958Z Temporarily overriding HOME='/home/runner/work/_temp/f2305ca4-db83-46a2-8a71-b29891000d77' before making global git config changes
Linux gates	UNKNOWN STEP	2026-10-09T13:34:39.9679092Z Adding repository directory to the temporary git global config as a safe directory
Linux gates	UNKNOWN STEP	2026-10-09T13:34:39.9683354Z [command]/usr/bin/git config --global --add safe.directory /home/runner/work/fairpane/fairpane
Linux gates	UNKNOWN STEP	2026-10-09T13:34:39.9753062Z Deleting the contents of '/home/runner/work/fairpane/fairpane'
Linux gates	UNKNOWN STEP	2026-10-09T13:34:39.9756773Z ##[group]Determining repository object format
Linux gates	UNKNOWN STEP	2026-10-09T13:34:39.9759354Z ##[endgroup]
Linux gates	UNKNOWN STEP	2026-10-09T13:34:39.9761211Z ##[group]Initializing the repository
Linux gates	UNKNOWN STEP	2026-10-09T13:34:39.9763205Z [command]/usr/bin/git init /home/runner/work/fairpane/fairpane
Linux gates	UNKNOWN STEP	2026-10-09T13:34:39.9874537Z hint: Using 'master' as the name for the initial branch. This default branch name
Linux gates	UNKNOWN STEP	2026-10-09T13:34:39.9876487Z hint: will change to "main" in Git 3.0. To configure the initial branch name
Linux gates	UNKNOWN STEP	2026-10-09T13:34:39.9878134Z hint: to use in all of your new repositories, which will suppress this warning,
Linux gates	UNKNOWN STEP	2026-10-09T13:34:39.9879729Z hint: call:
Linux gates	UNKNOWN STEP	2026-10-09T13:34:39.9880966Z hint:
Linux gates	UNKNOWN STEP	2026-10-09T13:34:39.9882343Z hint: 	git config --global init.defaultBranch <name>
Linux gates	UNKNOWN STEP	2026-10-09T13:34:39.9883881Z hint:
Linux gates	UNKNOWN STEP	2026-10-09T13:34:39.9884818Z hint: Names commonly chosen instead of 'master' are 'main', 'trunk' and
Linux gates	UNKNOWN STEP	2026-10-09T13:34:39.9885968Z hint: 'development'. The just-created branch can be renamed via this command:
Linux gates	UNKNOWN STEP	2026-10-09T13:34:39.9886827Z hint:
Linux gates	UNKNOWN STEP	2026-10-09T13:34:39.9887536Z hint: 	git branch -m <name>
Linux gates	UNKNOWN STEP	2026-10-09T13:34:39.9888607Z hint:
Linux gates	UNKNOWN STEP	2026-10-09T13:34:39.9890151Z hint: Disable this message with "git config set advice.defaultBranchName false"
Linux gates	UNKNOWN STEP	2026-10-09T13:34:39.9891926Z Initialized empty Git repository in /home/runner/work/fairpane/fairpane/.git/
Linux gates	UNKNOWN STEP	2026-10-09T13:34:39.9894159Z [command]/usr/bin/git remote add origin https://github.com/mattneel/fairpane
Linux gates	UNKNOWN STEP	2026-10-09T13:34:39.9939799Z ##[endgroup]
Linux gates	UNKNOWN STEP	2026-10-09T13:34:39.9941146Z ##[group]Disabling automatic garbage collection
Linux gates	UNKNOWN STEP	2026-10-09T13:34:39.9943303Z [command]/usr/bin/git config --local gc.auto 0
Linux gates	UNKNOWN STEP	2026-10-09T13:34:39.9979160Z ##[endgroup]
Linux gates	UNKNOWN STEP	2026-10-09T13:34:39.9980953Z ##[group]Setting up auth
Linux gates	UNKNOWN STEP	2026-10-09T13:34:39.9981749Z Removing SSH command configuration
Linux gates	UNKNOWN STEP	2026-10-09T13:34:39.9988657Z [command]/usr/bin/git config --local --name-only --get-regexp core\.sshCommand
Linux gates	UNKNOWN STEP	2026-10-09T13:34:40.0026239Z [command]/usr/bin/git submodule foreach --recursive sh -c "git config --local --name-only --get-regexp 'core\.sshCommand' && git config --local --unset-all 'core.sshCommand' || :"
Linux gates	UNKNOWN STEP	2026-10-09T13:34:40.0413786Z Removing HTTP extra header
Linux gates	UNKNOWN STEP	2026-10-09T13:34:40.0415583Z [command]/usr/bin/git config --local --name-only --get-regexp http\.https\:\/\/github\.com\/\.extraheader
Linux gates	UNKNOWN STEP	2026-10-09T13:34:40.0458938Z [command]/usr/bin/git submodule foreach --recursive sh -c "git config --local --name-only --get-regexp 'http\.https\:\/\/github\.com\/\.extraheader' && git config --local --unset-all 'http.https://github.com/.extraheader' || :"
Linux gates	UNKNOWN STEP	2026-10-09T13:34:40.0678332Z Removing includeIf entries pointing to credentials config files
Linux gates	UNKNOWN STEP	2026-10-09T13:34:40.0683566Z [command]/usr/bin/git config --local --name-only --get-regexp ^includeIf\.gitdir:
Linux gates	UNKNOWN STEP	2026-10-09T13:34:40.0725521Z [command]/usr/bin/git submodule foreach --recursive git config --local --show-origin --name-only --get-regexp remote.origin.url
Linux gates	UNKNOWN STEP	2026-10-09T13:34:40.0953586Z [command]/usr/bin/git config --file /home/runner/work/_temp/git-credentials-5e4e6c04-f1cf-4548-a83c-c87946df01ad.config http.https://github.com/.extraheader AUTHORIZATION: basic ***
Linux gates	UNKNOWN STEP	2026-10-09T13:34:40.0994829Z [command]/usr/bin/git config --local includeIf.gitdir:/home/runner/work/fairpane/fairpane/.git.path /home/runner/work/_temp/git-credentials-5e4e6c04-f1cf-4548-a83c-c87946df01ad.config
Linux gates	UNKNOWN STEP	2026-10-09T13:34:40.1032457Z [command]/usr/bin/git config --local includeIf.gitdir:/home/runner/work/fairpane/fairpane/.git/worktrees/*.path /home/runner/work/_temp/git-credentials-5e4e6c04-f1cf-4548-a83c-c87946df01ad.config
Linux gates	UNKNOWN STEP	2026-10-09T13:34:40.1072764Z [command]/usr/bin/git config --local includeIf.gitdir:/github/workspace/.git.path /github/runner_temp/git-credentials-5e4e6c04-f1cf-4548-a83c-c87946df01ad.config
Linux gates	UNKNOWN STEP	2026-10-09T13:34:40.1109115Z [command]/usr/bin/git config --local includeIf.gitdir:/github/workspace/.git/worktrees/*.path /github/runner_temp/git-credentials-5e4e6c04-f1cf-4548-a83c-c87946df01ad.config
Linux gates	UNKNOWN STEP	2026-10-09T13:34:40.1140058Z ##[endgroup]
Linux gates	UNKNOWN STEP	2026-10-09T13:34:40.1141541Z ##[group]Fetching the repository
Linux gates	UNKNOWN STEP	2026-10-09T13:34:40.1147503Z [command]/usr/bin/git -c protocol.version=2 fetch --no-tags --prune --no-recurse-submodules --depth=1 origin +bb25dcf912de3ab4595c3329e8437da4714b28c6:refs/remotes/origin/master
Linux gates	UNKNOWN STEP	2026-10-09T13:34:40.9490728Z From https://github.com/mattneel/fairpane
Linux gates	UNKNOWN STEP	2026-10-09T13:34:40.9492449Z  * [new ref]         bb25dcf912de3ab4595c3329e8437da4714b28c6 -> origin/master
Linux gates	UNKNOWN STEP	2026-10-09T13:34:40.9501567Z [command]/usr/bin/git branch --list --remote origin/master
Linux gates	UNKNOWN STEP	2026-10-09T13:34:40.9530745Z   origin/master
Linux gates	UNKNOWN STEP	2026-10-09T13:34:40.9539211Z [command]/usr/bin/git rev-parse refs/remotes/origin/master
Linux gates	UNKNOWN STEP	2026-10-09T13:34:40.9565524Z bb25dcf912de3ab4595c3329e8437da4714b28c6
Linux gates	UNKNOWN STEP	2026-10-09T13:34:40.9571079Z ##[endgroup]
Linux gates	UNKNOWN STEP	2026-10-09T13:34:40.9572727Z ##[group]Determining the checkout info
Linux gates	UNKNOWN STEP	2026-10-09T13:34:40.9574462Z ##[endgroup]
Linux gates	UNKNOWN STEP	2026-10-09T13:34:40.9576442Z [command]/usr/bin/git sparse-checkout disable
Linux gates	UNKNOWN STEP	2026-10-09T13:34:40.9635914Z [command]/usr/bin/git config --local --unset-all extensions.worktreeConfig
Linux gates	UNKNOWN STEP	2026-10-09T13:34:40.9674763Z ##[group]Checking out the ref
Linux gates	UNKNOWN STEP	2026-10-09T13:34:40.9678315Z [command]/usr/bin/git checkout --progress --force -B master refs/remotes/origin/master
Linux gates	UNKNOWN STEP	2026-10-09T13:34:41.0844031Z Reset branch 'master'
Linux gates	UNKNOWN STEP	2026-10-09T13:34:41.0849873Z branch 'master' set up to track 'origin/master'.
Linux gates	UNKNOWN STEP	2026-10-09T13:34:41.0864136Z ##[endgroup]
Linux gates	UNKNOWN STEP	2026-10-09T13:34:41.0913769Z [command]/usr/bin/git log -1 --format=%H
Linux gates	UNKNOWN STEP	2026-10-09T13:34:41.0945021Z bb25dcf912de3ab4595c3329e8437da4714b28c6
Linux gates	UNKNOWN STEP	2026-10-09T13:34:41.0954681Z ##[group]Removing auth
Linux gates	UNKNOWN STEP	2026-10-09T13:34:41.0956660Z Removing SSH command configuration
Linux gates	UNKNOWN STEP	2026-10-09T13:34:41.0959415Z [command]/usr/bin/git config --local --name-only --get-regexp core\.sshCommand
Linux gates	UNKNOWN STEP	2026-10-09T13:34:41.0996505Z [command]/usr/bin/git submodule foreach --recursive sh -c "git config --local --name-only --get-regexp 'core\.sshCommand' && git config --local --unset-all 'core.sshCommand' || :"
Linux gates	UNKNOWN STEP	2026-10-09T13:34:41.1225175Z Removing HTTP extra header
Linux gates	UNKNOWN STEP	2026-10-09T13:34:41.1228786Z [command]/usr/bin/git config --local --name-only --get-regexp http\.https\:\/\/github\.com\/\.extraheader
Linux gates	UNKNOWN STEP	2026-10-09T13:34:41.1265501Z [command]/usr/bin/git submodule foreach --recursive sh -c "git config --local --name-only --get-regexp 'http\.https\:\/\/github\.com\/\.extraheader' && git config --local --unset-all 'http.https://github.com/.extraheader' || :"
Linux gates	UNKNOWN STEP	2026-10-09T13:34:41.1489299Z Removing includeIf entries pointing to credentials config files
Linux gates	UNKNOWN STEP	2026-10-09T13:34:41.1493154Z [command]/usr/bin/git config --local --name-only --get-regexp ^includeIf\.gitdir:
Linux gates	UNKNOWN STEP	2026-10-09T13:34:41.1522098Z includeif.gitdir:/home/runner/work/fairpane/fairpane/.git.path
Linux gates	UNKNOWN STEP	2026-10-09T13:34:41.1525645Z includeif.gitdir:/home/runner/work/fairpane/fairpane/.git/worktrees/*.path
Linux gates	UNKNOWN STEP	2026-10-09T13:34:41.1528572Z includeif.gitdir:/github/workspace/.git.path
Linux gates	UNKNOWN STEP	2026-10-09T13:34:41.1531504Z includeif.gitdir:/github/workspace/.git/worktrees/*.path
Linux gates	UNKNOWN STEP	2026-10-09T13:34:41.1536336Z [command]/usr/bin/git config --local --get-all includeif.gitdir:/home/runner/work/fairpane/fairpane/.git.path
Linux gates	UNKNOWN STEP	2026-10-09T13:34:41.1558062Z /home/runner/work/_temp/git-credentials-5e4e6c04-f1cf-4548-a83c-c87946df01ad.config
Linux gates	UNKNOWN STEP	2026-10-09T13:34:41.1570285Z [command]/usr/bin/git config --local --unset includeif.gitdir:/home/runner/work/fairpane/fairpane/.git.path \/home\/runner\/work\/_temp\/git\-credentials\-5e4e6c04\-f1cf\-4548\-a83c\-c87946df01ad\.config
Linux gates	UNKNOWN STEP	2026-10-09T13:34:41.1608264Z [command]/usr/bin/git config --local --get-all includeif.gitdir:/home/runner/work/fairpane/fairpane/.git/worktrees/*.path
Linux gates	UNKNOWN STEP	2026-10-09T13:34:41.1640059Z /home/runner/work/_temp/git-credentials-5e4e6c04-f1cf-4548-a83c-c87946df01ad.config
Linux gates	UNKNOWN STEP	2026-10-09T13:34:41.1650143Z [command]/usr/bin/git config --local --unset includeif.gitdir:/home/runner/work/fairpane/fairpane/.git/worktrees/*.path \/home\/runner\/work\/_temp\/git\-credentials\-5e4e6c04\-f1cf\-4548\-a83c\-c87946df01ad\.config
Linux gates	UNKNOWN STEP	2026-10-09T13:34:41.1688326Z [command]/usr/bin/git config --local --get-all includeif.gitdir:/github/workspace/.git.path
Linux gates	UNKNOWN STEP	2026-10-09T13:34:41.1723364Z /github/runner_temp/git-credentials-5e4e6c04-f1cf-4548-a83c-c87946df01ad.config
Linux gates	UNKNOWN STEP	2026-10-09T13:34:41.1758614Z [command]/usr/bin/git config --local --unset includeif.gitdir:/github/workspace/.git.path \/github\/runner_temp\/git\-credentials\-5e4e6c04\-f1cf\-4548\-a83c\-c87946df01ad\.config
Linux gates	UNKNOWN STEP	2026-10-09T13:34:41.1802660Z [command]/usr/bin/git config --local --get-all includeif.gitdir:/github/workspace/.git/worktrees/*.path
Linux gates	UNKNOWN STEP	2026-10-09T13:34:41.1829005Z /github/runner_temp/git-credentials-5e4e6c04-f1cf-4548-a83c-c87946df01ad.config
Linux gates	UNKNOWN STEP	2026-10-09T13:34:41.1839360Z [command]/usr/bin/git config --local --unset includeif.gitdir:/github/workspace/.git/worktrees/*.path \/github\/runner_temp\/git\-credentials\-5e4e6c04\-f1cf\-4548\-a83c\-c87946df01ad\.config
Linux gates	UNKNOWN STEP	2026-10-09T13:34:41.1879314Z [command]/usr/bin/git submodule foreach --recursive git config --local --show-origin --name-only --get-regexp remote.origin.url
Linux gates	UNKNOWN STEP	2026-10-09T13:34:41.2103400Z Removing credentials config '/home/runner/work/_temp/git-credentials-5e4e6c04-f1cf-4548-a83c-c87946df01ad.config'
Linux gates	UNKNOWN STEP	2026-10-09T13:34:41.2192820Z ##[endgroup]
Linux gates	UNKNOWN STEP	2026-10-09T13:34:41.2485919Z ##[group]Run actions/setup-node@949feb2413d6458794dcd2491c4babbbce0c15c1
Linux gates	UNKNOWN STEP	2026-10-09T13:34:41.2487575Z with:
Linux gates	UNKNOWN STEP	2026-10-09T13:34:41.2488411Z   node-version: 24.21.0
Linux gates	UNKNOWN STEP	2026-10-09T13:34:41.2489390Z   check-latest: false
Linux gates	UNKNOWN STEP	2026-10-09T13:34:41.2499129Z   token: ***
Linux gates	UNKNOWN STEP	2026-10-09T13:34:41.2500052Z   package-manager-cache: true
Linux gates	UNKNOWN STEP	2026-10-09T13:34:41.2501354Z ##[endgroup]
Linux gates	UNKNOWN STEP	2026-10-09T13:34:41.3723584Z Found in cache @ /opt/hostedtoolcache/node/24.21.0/x64
Linux gates	UNKNOWN STEP	2026-10-09T13:34:41.4744166Z ##[group]Environment details
Linux gates	UNKNOWN STEP	2026-10-09T13:34:42.0264154Z node: v24.21.0
Linux gates	UNKNOWN STEP	2026-10-09T13:34:42.0265465Z npm: 11.19.0
Linux gates	UNKNOWN STEP	2026-10-09T13:34:42.0266359Z yarn: 1.22.22
Linux gates	UNKNOWN STEP	2026-10-09T13:34:42.0268546Z ##[endgroup]
Linux gates	UNKNOWN STEP	2026-10-09T13:34:42.0444812Z ##[group]Run node tools/fairpane.mjs install-zig
Linux gates	UNKNOWN STEP	2026-10-09T13:34:42.0446333Z [36;1mnode tools/fairpane.mjs install-zig[0m
Linux gates	UNKNOWN STEP	2026-10-09T13:34:42.0763667Z shell: /usr/bin/bash -e {0}
Linux gates	UNKNOWN STEP	2026-10-09T13:34:42.0765011Z ##[endgroup]
Linux gates	UNKNOWN STEP	2026-10-09T13:34:56.5087727Z {
Linux gates	UNKNOWN STEP	2026-10-09T13:34:56.5088704Z   "compiler": "/home/runner/work/fairpane/fairpane/.tools/zig/0.18.0-dev.120+9fe22a29b/x86_64-linux/zig",
Linux gates	UNKNOWN STEP	2026-10-09T13:34:56.5089372Z   "downloaded": true
Linux gates	UNKNOWN STEP	2026-10-09T13:34:56.5089640Z }
Linux gates	UNKNOWN STEP	2026-10-09T13:34:56.5238798Z ##[group]Run node tools/fairpane.mjs run repo-check
Linux gates	UNKNOWN STEP	2026-10-09T13:34:56.5239247Z [36;1mnode tools/fairpane.mjs run repo-check[0m
Linux gates	UNKNOWN STEP	2026-10-09T13:34:56.5302932Z shell: /usr/bin/bash -e {0}
Linux gates	UNKNOWN STEP	2026-10-09T13:34:56.5303245Z ##[endgroup]
Linux gates	UNKNOWN STEP	2026-10-09T13:34:56.5817095Z Execute gate repo-check.
Linux gates	UNKNOWN STEP	2026-10-09T13:34:56.7794374Z {
Linux gates	UNKNOWN STEP	2026-10-09T13:34:56.7794907Z   "gate": "repo-check",
Linux gates	UNKNOWN STEP	2026-10-09T13:34:56.7795395Z   "status": "pass",
Linux gates	UNKNOWN STEP	2026-10-09T13:34:56.7796212Z   "receipt": "out/evidence/2026-10-09T13-34-56-626Z-repo-check-d9906b4a.json",
Linux gates	UNKNOWN STEP	2026-10-09T13:34:56.7797022Z   "error": null
Linux gates	UNKNOWN STEP	2026-10-09T13:34:56.7797406Z }
Linux gates	UNKNOWN STEP	2026-10-09T13:34:56.7891860Z ##[group]Run node tools/fairpane.mjs run controller-test
Linux gates	UNKNOWN STEP	2026-10-09T13:34:56.7892315Z [36;1mnode tools/fairpane.mjs run controller-test[0m
Linux gates	UNKNOWN STEP	2026-10-09T13:34:56.7956109Z shell: /usr/bin/bash -e {0}
Linux gates	UNKNOWN STEP	2026-10-09T13:34:56.7956409Z ##[endgroup]
Linux gates	UNKNOWN STEP	2026-10-09T13:34:56.8481692Z Execute gate controller-test.
Linux gates	UNKNOWN STEP	2026-10-09T13:35:14.7395655Z {
Linux gates	UNKNOWN STEP	2026-10-09T13:35:14.7396183Z   "gate": "controller-test",
Linux gates	UNKNOWN STEP	2026-10-09T13:35:14.7399069Z   "status": "pass",
Linux gates	UNKNOWN STEP	2026-10-09T13:35:14.7399965Z   "receipt": "out/evidence/2026-10-09T13-34-56-893Z-controller-test-ab778540.json",
Linux gates	UNKNOWN STEP	2026-10-09T13:35:14.7401128Z   "error": null
Linux gates	UNKNOWN STEP	2026-10-09T13:35:14.7401497Z }
Linux gates	UNKNOWN STEP	2026-10-09T13:35:14.7511518Z ##[group]Run node tools/fairpane.mjs run zig-fmt
Linux gates	UNKNOWN STEP	2026-10-09T13:35:14.7511962Z [36;1mnode tools/fairpane.mjs run zig-fmt[0m
Linux gates	UNKNOWN STEP	2026-10-09T13:35:14.7575953Z shell: /usr/bin/bash -e {0}
Linux gates	UNKNOWN STEP	2026-10-09T13:35:14.7576283Z ##[endgroup]
Linux gates	UNKNOWN STEP	2026-10-09T13:35:14.8105414Z Execute gate zig-fmt.
Linux gates	UNKNOWN STEP	2026-10-09T13:35:14.9936563Z {
Linux gates	UNKNOWN STEP	2026-10-09T13:35:14.9937094Z   "gate": "zig-fmt",
Linux gates	UNKNOWN STEP	2026-10-09T13:35:14.9937625Z   "status": "pass",
Linux gates	UNKNOWN STEP	2026-10-09T13:35:14.9938674Z   "receipt": "out/evidence/2026-10-09T13-35-14-857Z-zig-fmt-05469de2.json",
Linux gates	UNKNOWN STEP	2026-10-09T13:35:14.9939669Z   "error": null
Linux gates	UNKNOWN STEP	2026-10-09T13:35:14.9940208Z }
Linux gates	UNKNOWN STEP	2026-10-09T13:35:15.0066361Z ##[group]Run node tools/fairpane.mjs run zig-test
Linux gates	UNKNOWN STEP	2026-10-09T13:35:15.0066947Z [36;1mnode tools/fairpane.mjs run zig-test[0m
Linux gates	UNKNOWN STEP	2026-10-09T13:35:15.0130546Z shell: /usr/bin/bash -e {0}
Linux gates	UNKNOWN STEP	2026-10-09T13:35:15.0130830Z ##[endgroup]
Linux gates	UNKNOWN STEP	2026-10-09T13:35:15.0682163Z Execute gate zig-test.
Linux gates	UNKNOWN STEP	2026-10-09T13:45:15.1707171Z {
Linux gates	UNKNOWN STEP	2026-10-09T13:45:15.1707797Z   "gate": "zig-test",
Linux gates	UNKNOWN STEP	2026-10-09T13:45:15.1708401Z   "status": "fail",
Linux gates	UNKNOWN STEP	2026-10-09T13:45:15.1709532Z   "receipt": "out/evidence/2026-10-09T13-35-15-118Z-zig-test-a67e3054.json",
Linux gates	UNKNOWN STEP	2026-10-09T13:45:15.1732901Z   "error": "Gate command failed: [\"/home/runner/work/fairpane/fairpane/.tools/zig/0.18.0-dev.120+9fe22a29b/x86_64-linux/zig\",\"build\",\"test\"]"
Linux gates	UNKNOWN STEP	2026-10-09T13:45:15.1734375Z }
Linux gates	UNKNOWN STEP	2026-10-09T13:45:15.1796649Z ##[error]Process completed with exit code 1.
Linux gates	UNKNOWN STEP	2026-10-09T13:45:15.1899987Z ##[group]Run actions/upload-artifact@cf430e030ddbb5b0abf93d22962f4752f3646cd9
Linux gates	UNKNOWN STEP	2026-10-09T13:45:15.1900622Z with:
Linux gates	UNKNOWN STEP	2026-10-09T13:45:15.1900998Z   name: linux-gate-receipts-unsigned-local-integrity-records-not-attestations
Linux gates	UNKNOWN STEP	2026-10-09T13:45:15.1901463Z   path: out/evidence/
Linux gates	UNKNOWN STEP	2026-10-09T13:45:15.1901695Z   if-no-files-found: error
Linux gates	UNKNOWN STEP	2026-10-09T13:45:15.1901930Z   compression-level: 6
Linux gates	UNKNOWN STEP	2026-10-09T13:45:15.1902143Z   overwrite: false
Linux gates	UNKNOWN STEP	2026-10-09T13:45:15.1902357Z   include-hidden-files: false
Linux gates	UNKNOWN STEP	2026-10-09T13:45:15.1902596Z   archive: true
Linux gates	UNKNOWN STEP	2026-10-09T13:45:15.1902792Z ##[endgroup]
Linux gates	UNKNOWN STEP	2026-10-09T13:45:15.3468203Z With the provided path, there will be 8 files uploaded
Linux gates	UNKNOWN STEP	2026-10-09T13:45:15.3474743Z Artifact name is valid!
Linux gates	UNKNOWN STEP	2026-10-09T13:45:15.3475335Z Root directory input is valid!
Linux gates	UNKNOWN STEP	2026-10-09T13:45:15.7825687Z Uploading artifact: linux-gate-receipts-unsigned-local-integrity-records-not-attestations.zip
Linux gates	UNKNOWN STEP	2026-10-09T13:45:15.7868819Z Beginning upload of artifact content to blob storage
Linux gates	UNKNOWN STEP	2026-10-09T13:45:16.1943118Z Uploaded bytes 15651
Linux gates	UNKNOWN STEP	2026-10-09T13:45:16.2708310Z Finished uploading artifact content to blob storage!
Linux gates	UNKNOWN STEP	2026-10-09T13:45:16.2709561Z SHA256 digest of uploaded artifact is 7e734de1c496dc1163f18d9f5733f8f804338844de87a38a9a51786e53b05473
Linux gates	UNKNOWN STEP	2026-10-09T13:45:16.2711452Z Finalizing artifact upload
Linux gates	UNKNOWN STEP	2026-10-09T13:45:16.7020652Z Artifact linux-gate-receipts-unsigned-local-integrity-records-not-attestations successfully finalized. Artifact ID 11620875284
Linux gates	UNKNOWN STEP	2026-10-09T13:45:16.7023716Z Artifact linux-gate-receipts-unsigned-local-integrity-records-not-attestations has been successfully uploaded! Final size is 15651 bytes. Artifact ID is 11620875284
Linux gates	UNKNOWN STEP	2026-10-09T13:45:16.7026016Z Artifact download URL: https://github.com/mattneel/fairpane/actions/runs/37937802499/artifacts/11620875284
Linux gates	UNKNOWN STEP	2026-10-09T13:45:16.7224165Z Post job cleanup.
Linux gates	UNKNOWN STEP	2026-10-09T13:45:16.8136741Z [command]/usr/bin/git version
Linux gates	UNKNOWN STEP	2026-10-09T13:45:16.8187109Z git version 2.55.0
Linux gates	UNKNOWN STEP	2026-10-09T13:45:16.8237581Z Temporarily overriding HOME='/home/runner/work/_temp/30cabd41-d717-4657-9e6b-b616653caf74' before making global git config changes
Linux gates	UNKNOWN STEP	2026-10-09T13:45:16.8243851Z Adding repository directory to the temporary git global config as a safe directory
Linux gates	UNKNOWN STEP	2026-10-09T13:45:16.8245122Z [command]/usr/bin/git config --global --add safe.directory /home/runner/work/fairpane/fairpane
Linux gates	UNKNOWN STEP	2026-10-09T13:45:16.8285194Z Removing SSH command configuration
Linux gates	UNKNOWN STEP	2026-10-09T13:45:16.8294093Z [command]/usr/bin/git config --local --name-only --get-regexp core\.sshCommand
Linux gates	UNKNOWN STEP	2026-10-09T13:45:16.8340869Z [command]/usr/bin/git submodule foreach --recursive sh -c "git config --local --name-only --get-regexp 'core\.sshCommand' && git config --local --unset-all 'core.sshCommand' || :"
Linux gates	UNKNOWN STEP	2026-10-09T13:45:16.8600884Z Removing HTTP extra header
Linux gates	UNKNOWN STEP	2026-10-09T13:45:16.8608912Z [command]/usr/bin/git config --local --name-only --get-regexp http\.https\:\/\/github\.com\/\.extraheader
Linux gates	UNKNOWN STEP	2026-10-09T13:45:16.8649312Z [command]/usr/bin/git submodule foreach --recursive sh -c "git config --local --name-only --get-regexp 'http\.https\:\/\/github\.com\/\.extraheader' && git config --local --unset-all 'http.https://github.com/.extraheader' || :"
Linux gates	UNKNOWN STEP	2026-10-09T13:45:16.8921127Z Removing includeIf entries pointing to credentials config files
Linux gates	UNKNOWN STEP	2026-10-09T13:45:16.8938604Z [command]/usr/bin/git config --local --name-only --get-regexp ^includeIf\.gitdir:
Linux gates	UNKNOWN STEP	2026-10-09T13:45:16.8971584Z [command]/usr/bin/git submodule foreach --recursive git config --local --show-origin --name-only --get-regexp remote.origin.url
Linux gates	UNKNOWN STEP	2026-10-09T13:45:16.9400662Z Cleaning up orphan processes
RESULT {"executable":"C:\\Program Files\\GitHub CLI\\gh.exe","arguments":["run","view","37937802499","--repo","mattneel/fairpane","--attempt","1","--log-failed"],"cwd":"C:\\Users\\requi\\.omp\\wt\\t60e032fd5\\m","started_at":"2026-10-09T16:45:22.199Z","exit_code":0,"signal":null,"timed_out":false,"error":null,"duration_ms":1981}
