
COMMAND ["C:\\Program Files\\GitHub CLI\\gh.exe","run","view","37941436385","--repo","mattneel/fairpane","--attempt","1","--log-failed"]
Linux gates	UNKNOWN STEP	﻿2026-10-09T14:04:16.0698965Z Current runner version: '2.337.0'
Linux gates	UNKNOWN STEP	2026-10-09T14:04:16.0724689Z ##[group]Runner Image Provisioner
Linux gates	UNKNOWN STEP	2026-10-09T14:04:16.0725721Z Hosted Compute Agent
Linux gates	UNKNOWN STEP	2026-10-09T14:04:16.0726355Z Version: 20261002.596
Linux gates	UNKNOWN STEP	2026-10-09T14:04:16.0727086Z Commit: c3d12f3313a95f25162a1503be624f3b0617f8c0
Linux gates	UNKNOWN STEP	2026-10-09T14:04:16.0727852Z Build Date: 2026-10-02T22:28:27Z
Linux gates	UNKNOWN STEP	2026-10-09T14:04:16.0728601Z Worker ID: {0107a138-d4dc-45f3-ba81-493ae86fb64d}
Linux gates	UNKNOWN STEP	2026-10-09T14:04:16.0729430Z Region: westcentralus
Linux gates	UNKNOWN STEP	2026-10-09T14:04:16.0730054Z Cloud: Azure
Linux gates	UNKNOWN STEP	2026-10-09T14:04:16.0730951Z ##[endgroup]
Linux gates	UNKNOWN STEP	2026-10-09T14:04:16.0732697Z ##[group]Operating System
Linux gates	UNKNOWN STEP	2026-10-09T14:04:16.0733466Z Ubuntu
Linux gates	UNKNOWN STEP	2026-10-09T14:04:16.0734060Z 24.04.5
Linux gates	UNKNOWN STEP	2026-10-09T14:04:16.0734583Z LTS
Linux gates	UNKNOWN STEP	2026-10-09T14:04:16.0735155Z ##[endgroup]
Linux gates	UNKNOWN STEP	2026-10-09T14:04:16.0735730Z ##[group]Runner Image
Linux gates	UNKNOWN STEP	2026-10-09T14:04:16.0736655Z Image: ubuntu-24.04
Linux gates	UNKNOWN STEP	2026-10-09T14:04:16.0737379Z Version: 20261004.327.1
Linux gates	UNKNOWN STEP	2026-10-09T14:04:16.0738711Z Included Software: https://github.com/actions/runner-images/blob/ubuntu24/20261004.327/images/ubuntu/Ubuntu2404-Readme.md
Linux gates	UNKNOWN STEP	2026-10-09T14:04:16.0740742Z Image Release: https://github.com/actions/runner-images/releases/tag/ubuntu24%2F20261004.327
Linux gates	UNKNOWN STEP	2026-10-09T14:04:16.0741780Z ##[endgroup]
Linux gates	UNKNOWN STEP	2026-10-09T14:04:16.0743088Z ##[group]GITHUB_TOKEN Permissions
Linux gates	UNKNOWN STEP	2026-10-09T14:04:16.0745175Z Contents: read
Linux gates	UNKNOWN STEP	2026-10-09T14:04:16.0745891Z Metadata: read
Linux gates	UNKNOWN STEP	2026-10-09T14:04:16.0746465Z ##[endgroup]
Linux gates	UNKNOWN STEP	2026-10-09T14:04:16.0748608Z Secret source: Actions
Linux gates	UNKNOWN STEP	2026-10-09T14:04:16.0749689Z Cache mode: write
Linux gates	UNKNOWN STEP	2026-10-09T14:04:16.0750714Z Prepare workflow directory
Linux gates	UNKNOWN STEP	2026-10-09T14:04:16.1147401Z Prepare all required actions
Linux gates	UNKNOWN STEP	2026-10-09T14:04:16.1196242Z Getting action download info
Linux gates	UNKNOWN STEP	2026-10-09T14:04:16.4378905Z Download action repository 'actions/checkout@3d3c42e5aac5ba805825da76410c181273ba90b1' (SHA:3d3c42e5aac5ba805825da76410c181273ba90b1)
Linux gates	UNKNOWN STEP	2026-10-09T14:04:16.5404159Z Download action repository 'actions/setup-node@949feb2413d6458794dcd2491c4babbbce0c15c1' (SHA:949feb2413d6458794dcd2491c4babbbce0c15c1)
Linux gates	UNKNOWN STEP	2026-10-09T14:04:17.2879512Z Download action repository 'actions/upload-artifact@cf430e030ddbb5b0abf93d22962f4752f3646cd9' (SHA:cf430e030ddbb5b0abf93d22962f4752f3646cd9)
Linux gates	UNKNOWN STEP	2026-10-09T14:04:18.2718791Z Complete job name: Linux gates
Linux gates	UNKNOWN STEP	2026-10-09T14:04:18.3810005Z ##[group]Run actions/checkout@3d3c42e5aac5ba805825da76410c181273ba90b1
Linux gates	UNKNOWN STEP	2026-10-09T14:04:18.3812056Z with:
Linux gates	UNKNOWN STEP	2026-10-09T14:04:18.3812903Z   persist-credentials: false
Linux gates	UNKNOWN STEP	2026-10-09T14:04:18.3813919Z   repository: mattneel/fairpane
Linux gates	UNKNOWN STEP	2026-10-09T14:04:18.3823038Z   token: ***
Linux gates	UNKNOWN STEP	2026-10-09T14:04:18.3823870Z   ssh-strict: true
Linux gates	UNKNOWN STEP	2026-10-09T14:04:18.3824701Z   ssh-user: git
Linux gates	UNKNOWN STEP	2026-10-09T14:04:18.3825499Z   clean: true
Linux gates	UNKNOWN STEP	2026-10-09T14:04:18.3826376Z   sparse-checkout-cone-mode: true
Linux gates	UNKNOWN STEP	2026-10-09T14:04:18.3827402Z   fetch-depth: 1
Linux gates	UNKNOWN STEP	2026-10-09T14:04:18.3828240Z   fetch-tags: false
Linux gates	UNKNOWN STEP	2026-10-09T14:04:18.3829106Z   show-progress: true
Linux gates	UNKNOWN STEP	2026-10-09T14:04:18.3829992Z   lfs: false
Linux gates	UNKNOWN STEP	2026-10-09T14:04:18.3830931Z   submodules: false
Linux gates	UNKNOWN STEP	2026-10-09T14:04:18.3831822Z   set-safe-directory: true
Linux gates	UNKNOWN STEP	2026-10-09T14:04:18.3832823Z   allow-unsafe-pr-checkout: false
Linux gates	UNKNOWN STEP	2026-10-09T14:04:18.3834175Z ##[endgroup]
Linux gates	UNKNOWN STEP	2026-10-09T14:04:18.4961414Z Syncing repository: mattneel/fairpane
Linux gates	UNKNOWN STEP	2026-10-09T14:04:18.4965534Z ##[group]Getting Git version info
Linux gates	UNKNOWN STEP	2026-10-09T14:04:18.4967796Z Working directory is '/home/runner/work/fairpane/fairpane'
Linux gates	UNKNOWN STEP	2026-10-09T14:04:18.4971622Z [command]/usr/bin/git version
Linux gates	UNKNOWN STEP	2026-10-09T14:04:18.5051075Z git version 2.55.0
Linux gates	UNKNOWN STEP	2026-10-09T14:04:18.5077156Z ##[endgroup]
Linux gates	UNKNOWN STEP	2026-10-09T14:04:18.5096074Z Temporarily overriding HOME='/home/runner/work/_temp/93a5dc3e-1db7-443c-8591-2a08117d51ca' before making global git config changes
Linux gates	UNKNOWN STEP	2026-10-09T14:04:18.5102404Z Adding repository directory to the temporary git global config as a safe directory
Linux gates	UNKNOWN STEP	2026-10-09T14:04:18.5106821Z [command]/usr/bin/git config --global --add safe.directory /home/runner/work/fairpane/fairpane
Linux gates	UNKNOWN STEP	2026-10-09T14:04:18.5171246Z Deleting the contents of '/home/runner/work/fairpane/fairpane'
Linux gates	UNKNOWN STEP	2026-10-09T14:04:18.5175563Z ##[group]Determining repository object format
Linux gates	UNKNOWN STEP	2026-10-09T14:04:18.5179585Z ##[endgroup]
Linux gates	UNKNOWN STEP	2026-10-09T14:04:18.5182588Z ##[group]Initializing the repository
Linux gates	UNKNOWN STEP	2026-10-09T14:04:18.5185046Z [command]/usr/bin/git init /home/runner/work/fairpane/fairpane
Linux gates	UNKNOWN STEP	2026-10-09T14:04:18.5326159Z hint: Using 'master' as the name for the initial branch. This default branch name
Linux gates	UNKNOWN STEP	2026-10-09T14:04:18.5330548Z hint: will change to "main" in Git 3.0. To configure the initial branch name
Linux gates	UNKNOWN STEP	2026-10-09T14:04:18.5335398Z hint: to use in all of your new repositories, which will suppress this warning,
Linux gates	UNKNOWN STEP	2026-10-09T14:04:18.5338564Z hint: call:
Linux gates	UNKNOWN STEP	2026-10-09T14:04:18.5341000Z hint:
Linux gates	UNKNOWN STEP	2026-10-09T14:04:18.5343261Z hint: 	git config --global init.defaultBranch <name>
Linux gates	UNKNOWN STEP	2026-10-09T14:04:18.5345547Z hint:
Linux gates	UNKNOWN STEP	2026-10-09T14:04:18.5347292Z hint: Names commonly chosen instead of 'master' are 'main', 'trunk' and
Linux gates	UNKNOWN STEP	2026-10-09T14:04:18.5350892Z hint: 'development'. The just-created branch can be renamed via this command:
Linux gates	UNKNOWN STEP	2026-10-09T14:04:18.5353953Z hint:
Linux gates	UNKNOWN STEP	2026-10-09T14:04:18.5355717Z hint: 	git branch -m <name>
Linux gates	UNKNOWN STEP	2026-10-09T14:04:18.5357576Z hint:
Linux gates	UNKNOWN STEP	2026-10-09T14:04:18.5360494Z hint: Disable this message with "git config set advice.defaultBranchName false"
Linux gates	UNKNOWN STEP	2026-10-09T14:04:18.5364749Z Initialized empty Git repository in /home/runner/work/fairpane/fairpane/.git/
Linux gates	UNKNOWN STEP	2026-10-09T14:04:18.5371446Z [command]/usr/bin/git remote add origin https://github.com/mattneel/fairpane
Linux gates	UNKNOWN STEP	2026-10-09T14:04:18.5413216Z ##[endgroup]
Linux gates	UNKNOWN STEP	2026-10-09T14:04:18.5422797Z ##[group]Disabling automatic garbage collection
Linux gates	UNKNOWN STEP	2026-10-09T14:04:18.5425252Z [command]/usr/bin/git config --local gc.auto 0
Linux gates	UNKNOWN STEP	2026-10-09T14:04:18.5464808Z ##[endgroup]
Linux gates	UNKNOWN STEP	2026-10-09T14:04:18.5468377Z ##[group]Setting up auth
Linux gates	UNKNOWN STEP	2026-10-09T14:04:18.5469756Z Removing SSH command configuration
Linux gates	UNKNOWN STEP	2026-10-09T14:04:18.5471736Z [command]/usr/bin/git config --local --name-only --get-regexp core\.sshCommand
Linux gates	UNKNOWN STEP	2026-10-09T14:04:18.5541403Z [command]/usr/bin/git submodule foreach --recursive sh -c "git config --local --name-only --get-regexp 'core\.sshCommand' && git config --local --unset-all 'core.sshCommand' || :"
Linux gates	UNKNOWN STEP	2026-10-09T14:04:18.5973349Z Removing HTTP extra header
Linux gates	UNKNOWN STEP	2026-10-09T14:04:18.5978563Z [command]/usr/bin/git config --local --name-only --get-regexp http\.https\:\/\/github\.com\/\.extraheader
Linux gates	UNKNOWN STEP	2026-10-09T14:04:18.6018217Z [command]/usr/bin/git submodule foreach --recursive sh -c "git config --local --name-only --get-regexp 'http\.https\:\/\/github\.com\/\.extraheader' && git config --local --unset-all 'http.https://github.com/.extraheader' || :"
Linux gates	UNKNOWN STEP	2026-10-09T14:04:18.6252838Z Removing includeIf entries pointing to credentials config files
Linux gates	UNKNOWN STEP	2026-10-09T14:04:18.6256906Z [command]/usr/bin/git config --local --name-only --get-regexp ^includeIf\.gitdir:
Linux gates	UNKNOWN STEP	2026-10-09T14:04:18.6303286Z [command]/usr/bin/git submodule foreach --recursive git config --local --show-origin --name-only --get-regexp remote.origin.url
Linux gates	UNKNOWN STEP	2026-10-09T14:04:18.6544796Z [command]/usr/bin/git config --file /home/runner/work/_temp/git-credentials-a6cfba2b-d6a0-4b68-b7e9-ecb1a07fcaee.config http.https://github.com/.extraheader AUTHORIZATION: basic ***
Linux gates	UNKNOWN STEP	2026-10-09T14:04:18.6590142Z [command]/usr/bin/git config --local includeIf.gitdir:/home/runner/work/fairpane/fairpane/.git.path /home/runner/work/_temp/git-credentials-a6cfba2b-d6a0-4b68-b7e9-ecb1a07fcaee.config
Linux gates	UNKNOWN STEP	2026-10-09T14:04:18.6628552Z [command]/usr/bin/git config --local includeIf.gitdir:/home/runner/work/fairpane/fairpane/.git/worktrees/*.path /home/runner/work/_temp/git-credentials-a6cfba2b-d6a0-4b68-b7e9-ecb1a07fcaee.config
Linux gates	UNKNOWN STEP	2026-10-09T14:04:18.6673675Z [command]/usr/bin/git config --local includeIf.gitdir:/github/workspace/.git.path /github/runner_temp/git-credentials-a6cfba2b-d6a0-4b68-b7e9-ecb1a07fcaee.config
Linux gates	UNKNOWN STEP	2026-10-09T14:04:18.6709665Z [command]/usr/bin/git config --local includeIf.gitdir:/github/workspace/.git/worktrees/*.path /github/runner_temp/git-credentials-a6cfba2b-d6a0-4b68-b7e9-ecb1a07fcaee.config
Linux gates	UNKNOWN STEP	2026-10-09T14:04:18.6744195Z ##[endgroup]
Linux gates	UNKNOWN STEP	2026-10-09T14:04:18.6746403Z ##[group]Fetching the repository
Linux gates	UNKNOWN STEP	2026-10-09T14:04:18.6751446Z [command]/usr/bin/git -c protocol.version=2 fetch --no-tags --prune --no-recurse-submodules --depth=1 origin +e84e578345c6e6a1f77cd8ef1753301f3bf100dc:refs/remotes/origin/master
Linux gates	UNKNOWN STEP	2026-10-09T14:04:19.7436730Z From https://github.com/mattneel/fairpane
Linux gates	UNKNOWN STEP	2026-10-09T14:04:19.7438575Z  * [new ref]         e84e578345c6e6a1f77cd8ef1753301f3bf100dc -> origin/master
Linux gates	UNKNOWN STEP	2026-10-09T14:04:19.7449972Z [command]/usr/bin/git branch --list --remote origin/master
Linux gates	UNKNOWN STEP	2026-10-09T14:04:19.7485333Z   origin/master
Linux gates	UNKNOWN STEP	2026-10-09T14:04:19.7495966Z [command]/usr/bin/git rev-parse refs/remotes/origin/master
Linux gates	UNKNOWN STEP	2026-10-09T14:04:19.7525535Z e84e578345c6e6a1f77cd8ef1753301f3bf100dc
Linux gates	UNKNOWN STEP	2026-10-09T14:04:19.7532605Z ##[endgroup]
Linux gates	UNKNOWN STEP	2026-10-09T14:04:19.7533721Z ##[group]Determining the checkout info
Linux gates	UNKNOWN STEP	2026-10-09T14:04:19.7534782Z ##[endgroup]
Linux gates	UNKNOWN STEP	2026-10-09T14:04:19.7536977Z [command]/usr/bin/git sparse-checkout disable
Linux gates	UNKNOWN STEP	2026-10-09T14:04:19.7603553Z [command]/usr/bin/git config --local --unset-all extensions.worktreeConfig
Linux gates	UNKNOWN STEP	2026-10-09T14:04:19.7644586Z ##[group]Checking out the ref
Linux gates	UNKNOWN STEP	2026-10-09T14:04:19.7650880Z [command]/usr/bin/git checkout --progress --force -B master refs/remotes/origin/master
Linux gates	UNKNOWN STEP	2026-10-09T14:04:19.8740833Z Reset branch 'master'
Linux gates	UNKNOWN STEP	2026-10-09T14:04:19.8746291Z branch 'master' set up to track 'origin/master'.
Linux gates	UNKNOWN STEP	2026-10-09T14:04:19.8758085Z ##[endgroup]
Linux gates	UNKNOWN STEP	2026-10-09T14:04:19.8813404Z [command]/usr/bin/git log -1 --format=%H
Linux gates	UNKNOWN STEP	2026-10-09T14:04:19.8844107Z e84e578345c6e6a1f77cd8ef1753301f3bf100dc
Linux gates	UNKNOWN STEP	2026-10-09T14:04:19.8853891Z ##[group]Removing auth
Linux gates	UNKNOWN STEP	2026-10-09T14:04:19.8857649Z Removing SSH command configuration
Linux gates	UNKNOWN STEP	2026-10-09T14:04:19.8858376Z [command]/usr/bin/git config --local --name-only --get-regexp core\.sshCommand
Linux gates	UNKNOWN STEP	2026-10-09T14:04:19.8895531Z [command]/usr/bin/git submodule foreach --recursive sh -c "git config --local --name-only --get-regexp 'core\.sshCommand' && git config --local --unset-all 'core.sshCommand' || :"
Linux gates	UNKNOWN STEP	2026-10-09T14:04:19.9129157Z Removing HTTP extra header
Linux gates	UNKNOWN STEP	2026-10-09T14:04:19.9133310Z [command]/usr/bin/git config --local --name-only --get-regexp http\.https\:\/\/github\.com\/\.extraheader
Linux gates	UNKNOWN STEP	2026-10-09T14:04:19.9169348Z [command]/usr/bin/git submodule foreach --recursive sh -c "git config --local --name-only --get-regexp 'http\.https\:\/\/github\.com\/\.extraheader' && git config --local --unset-all 'http.https://github.com/.extraheader' || :"
Linux gates	UNKNOWN STEP	2026-10-09T14:04:19.9396820Z Removing includeIf entries pointing to credentials config files
Linux gates	UNKNOWN STEP	2026-10-09T14:04:19.9400689Z [command]/usr/bin/git config --local --name-only --get-regexp ^includeIf\.gitdir:
Linux gates	UNKNOWN STEP	2026-10-09T14:04:19.9433393Z includeif.gitdir:/home/runner/work/fairpane/fairpane/.git.path
Linux gates	UNKNOWN STEP	2026-10-09T14:04:19.9434311Z includeif.gitdir:/home/runner/work/fairpane/fairpane/.git/worktrees/*.path
Linux gates	UNKNOWN STEP	2026-10-09T14:04:19.9435131Z includeif.gitdir:/github/workspace/.git.path
Linux gates	UNKNOWN STEP	2026-10-09T14:04:19.9435740Z includeif.gitdir:/github/workspace/.git/worktrees/*.path
Linux gates	UNKNOWN STEP	2026-10-09T14:04:19.9442678Z [command]/usr/bin/git config --local --get-all includeif.gitdir:/home/runner/work/fairpane/fairpane/.git.path
Linux gates	UNKNOWN STEP	2026-10-09T14:04:19.9470472Z /home/runner/work/_temp/git-credentials-a6cfba2b-d6a0-4b68-b7e9-ecb1a07fcaee.config
Linux gates	UNKNOWN STEP	2026-10-09T14:04:19.9479777Z [command]/usr/bin/git config --local --unset includeif.gitdir:/home/runner/work/fairpane/fairpane/.git.path \/home\/runner\/work\/_temp\/git\-credentials\-a6cfba2b\-d6a0\-4b68\-b7e9\-ecb1a07fcaee\.config
Linux gates	UNKNOWN STEP	2026-10-09T14:04:19.9554313Z [command]/usr/bin/git config --local --get-all includeif.gitdir:/home/runner/work/fairpane/fairpane/.git/worktrees/*.path
Linux gates	UNKNOWN STEP	2026-10-09T14:04:19.9582695Z /home/runner/work/_temp/git-credentials-a6cfba2b-d6a0-4b68-b7e9-ecb1a07fcaee.config
Linux gates	UNKNOWN STEP	2026-10-09T14:04:19.9591159Z [command]/usr/bin/git config --local --unset includeif.gitdir:/home/runner/work/fairpane/fairpane/.git/worktrees/*.path \/home\/runner\/work\/_temp\/git\-credentials\-a6cfba2b\-d6a0\-4b68\-b7e9\-ecb1a07fcaee\.config
Linux gates	UNKNOWN STEP	2026-10-09T14:04:19.9715979Z [command]/usr/bin/git config --local --get-all includeif.gitdir:/github/workspace/.git.path
Linux gates	UNKNOWN STEP	2026-10-09T14:04:19.9717038Z /github/runner_temp/git-credentials-a6cfba2b-d6a0-4b68-b7e9-ecb1a07fcaee.config
Linux gates	UNKNOWN STEP	2026-10-09T14:04:19.9718589Z [command]/usr/bin/git config --local --unset includeif.gitdir:/github/workspace/.git.path \/github\/runner_temp\/git\-credentials\-a6cfba2b\-d6a0\-4b68\-b7e9\-ecb1a07fcaee\.config
Linux gates	UNKNOWN STEP	2026-10-09T14:04:19.9720658Z [command]/usr/bin/git config --local --get-all includeif.gitdir:/github/workspace/.git/worktrees/*.path
Linux gates	UNKNOWN STEP	2026-10-09T14:04:19.9743641Z /github/runner_temp/git-credentials-a6cfba2b-d6a0-4b68-b7e9-ecb1a07fcaee.config
Linux gates	UNKNOWN STEP	2026-10-09T14:04:19.9751430Z [command]/usr/bin/git config --local --unset includeif.gitdir:/github/workspace/.git/worktrees/*.path \/github\/runner_temp\/git\-credentials\-a6cfba2b\-d6a0\-4b68\-b7e9\-ecb1a07fcaee\.config
Linux gates	UNKNOWN STEP	2026-10-09T14:04:19.9791695Z [command]/usr/bin/git submodule foreach --recursive git config --local --show-origin --name-only --get-regexp remote.origin.url
Linux gates	UNKNOWN STEP	2026-10-09T14:04:20.0023284Z Removing credentials config '/home/runner/work/_temp/git-credentials-a6cfba2b-d6a0-4b68-b7e9-ecb1a07fcaee.config'
Linux gates	UNKNOWN STEP	2026-10-09T14:04:20.0033507Z ##[endgroup]
Linux gates	UNKNOWN STEP	2026-10-09T14:04:20.0291045Z ##[group]Run actions/setup-node@949feb2413d6458794dcd2491c4babbbce0c15c1
Linux gates	UNKNOWN STEP	2026-10-09T14:04:20.0291574Z with:
Linux gates	UNKNOWN STEP	2026-10-09T14:04:20.0291809Z   node-version: 24.21.0
Linux gates	UNKNOWN STEP	2026-10-09T14:04:20.0292080Z   check-latest: false
Linux gates	UNKNOWN STEP	2026-10-09T14:04:20.0294809Z   token: ***
Linux gates	UNKNOWN STEP	2026-10-09T14:04:20.0295065Z   package-manager-cache: true
Linux gates	UNKNOWN STEP	2026-10-09T14:04:20.0295356Z ##[endgroup]
Linux gates	UNKNOWN STEP	2026-10-09T14:04:20.1547426Z Found in cache @ /opt/hostedtoolcache/node/24.21.0/x64
Linux gates	UNKNOWN STEP	2026-10-09T14:04:20.2642189Z ##[group]Environment details
Linux gates	UNKNOWN STEP	2026-10-09T14:04:20.6338440Z node: v24.21.0
Linux gates	UNKNOWN STEP	2026-10-09T14:04:20.6339471Z npm: 11.19.0
Linux gates	UNKNOWN STEP	2026-10-09T14:04:20.6340038Z yarn: 1.22.22
Linux gates	UNKNOWN STEP	2026-10-09T14:04:20.6341603Z ##[endgroup]
Linux gates	UNKNOWN STEP	2026-10-09T14:04:20.6500746Z ##[group]Run node tools/fairpane.mjs install-zig
Linux gates	UNKNOWN STEP	2026-10-09T14:04:20.6501311Z [36;1mnode tools/fairpane.mjs install-zig[0m
Linux gates	UNKNOWN STEP	2026-10-09T14:04:20.6803386Z shell: /usr/bin/bash -e {0}
Linux gates	UNKNOWN STEP	2026-10-09T14:04:20.6803928Z ##[endgroup]
Linux gates	UNKNOWN STEP	2026-10-09T14:04:34.0741396Z {
Linux gates	UNKNOWN STEP	2026-10-09T14:04:34.0742288Z   "compiler": "/home/runner/work/fairpane/fairpane/.tools/zig/0.18.0-dev.120+9fe22a29b/x86_64-linux/zig",
Linux gates	UNKNOWN STEP	2026-10-09T14:04:34.0743043Z   "downloaded": true
Linux gates	UNKNOWN STEP	2026-10-09T14:04:34.0743363Z }
Linux gates	UNKNOWN STEP	2026-10-09T14:04:34.0886764Z ##[group]Run node tools/fairpane.mjs run repo-check
Linux gates	UNKNOWN STEP	2026-10-09T14:04:34.0887261Z [36;1mnode tools/fairpane.mjs run repo-check[0m
Linux gates	UNKNOWN STEP	2026-10-09T14:04:34.0951261Z shell: /usr/bin/bash -e {0}
Linux gates	UNKNOWN STEP	2026-10-09T14:04:34.0951628Z ##[endgroup]
Linux gates	UNKNOWN STEP	2026-10-09T14:04:34.1474617Z Execute gate repo-check.
Linux gates	UNKNOWN STEP	2026-10-09T14:04:34.3543345Z {
Linux gates	UNKNOWN STEP	2026-10-09T14:04:34.3544091Z   "gate": "repo-check",
Linux gates	UNKNOWN STEP	2026-10-09T14:04:34.3544633Z   "status": "pass",
Linux gates	UNKNOWN STEP	2026-10-09T14:04:34.3545641Z   "receipt": "out/evidence/2026-10-09T14-04-34-192Z-repo-check-d21250ff.json",
Linux gates	UNKNOWN STEP	2026-10-09T14:04:34.3546606Z   "error": null
Linux gates	UNKNOWN STEP	2026-10-09T14:04:34.3547081Z }
Linux gates	UNKNOWN STEP	2026-10-09T14:04:34.3642759Z ##[group]Run node tools/fairpane.mjs run controller-test
Linux gates	UNKNOWN STEP	2026-10-09T14:04:34.3643273Z [36;1mnode tools/fairpane.mjs run controller-test[0m
Linux gates	UNKNOWN STEP	2026-10-09T14:04:34.3709583Z shell: /usr/bin/bash -e {0}
Linux gates	UNKNOWN STEP	2026-10-09T14:04:34.3709938Z ##[endgroup]
Linux gates	UNKNOWN STEP	2026-10-09T14:04:34.4264911Z Execute gate controller-test.
Linux gates	UNKNOWN STEP	2026-10-09T14:04:44.4247752Z {
Linux gates	UNKNOWN STEP	2026-10-09T14:04:44.4249039Z   "gate": "controller-test",
Linux gates	UNKNOWN STEP	2026-10-09T14:04:44.4250070Z   "status": "pass",
Linux gates	UNKNOWN STEP	2026-10-09T14:04:44.4251634Z   "receipt": "out/evidence/2026-10-09T14-04-34-474Z-controller-test-13fbc2f3.json",
Linux gates	UNKNOWN STEP	2026-10-09T14:04:44.4252899Z   "error": null
Linux gates	UNKNOWN STEP	2026-10-09T14:04:44.4253659Z }
Linux gates	UNKNOWN STEP	2026-10-09T14:04:44.4388202Z ##[group]Run node tools/fairpane.mjs run zig-fmt
Linux gates	UNKNOWN STEP	2026-10-09T14:04:44.4388912Z [36;1mnode tools/fairpane.mjs run zig-fmt[0m
Linux gates	UNKNOWN STEP	2026-10-09T14:04:44.4483495Z shell: /usr/bin/bash -e {0}
Linux gates	UNKNOWN STEP	2026-10-09T14:04:44.4483962Z ##[endgroup]
Linux gates	UNKNOWN STEP	2026-10-09T14:04:44.5035950Z Execute gate zig-fmt.
Linux gates	UNKNOWN STEP	2026-10-09T14:04:44.6886593Z {
Linux gates	UNKNOWN STEP	2026-10-09T14:04:44.6887142Z   "gate": "zig-fmt",
Linux gates	UNKNOWN STEP	2026-10-09T14:04:44.6887603Z   "status": "pass",
Linux gates	UNKNOWN STEP	2026-10-09T14:04:44.6888332Z   "receipt": "out/evidence/2026-10-09T14-04-44-549Z-zig-fmt-5120133b.json",
Linux gates	UNKNOWN STEP	2026-10-09T14:04:44.6889008Z   "error": null
Linux gates	UNKNOWN STEP	2026-10-09T14:04:44.6889246Z }
Linux gates	UNKNOWN STEP	2026-10-09T14:04:44.7008894Z ##[group]Run node tools/fairpane.mjs run zig-test
Linux gates	UNKNOWN STEP	2026-10-09T14:04:44.7009832Z [36;1mnode tools/fairpane.mjs run zig-test[0m
Linux gates	UNKNOWN STEP	2026-10-09T14:04:44.7102504Z shell: /usr/bin/bash -e {0}
Linux gates	UNKNOWN STEP	2026-10-09T14:04:44.7102971Z ##[endgroup]
Linux gates	UNKNOWN STEP	2026-10-09T14:04:44.7665863Z Execute gate zig-test.
Linux gates	UNKNOWN STEP	2026-10-09T14:14:44.8646791Z {
Linux gates	UNKNOWN STEP	2026-10-09T14:14:44.8647264Z   "gate": "zig-test",
Linux gates	UNKNOWN STEP	2026-10-09T14:14:44.8647744Z   "status": "fail",
Linux gates	UNKNOWN STEP	2026-10-09T14:14:44.8649523Z   "receipt": "out/evidence/2026-10-09T14-04-44-812Z-zig-test-e028c916.json",
Linux gates	UNKNOWN STEP	2026-10-09T14:14:44.8650884Z   "error": "Gate command failed: [\"/home/runner/work/fairpane/fairpane/.tools/zig/0.18.0-dev.120+9fe22a29b/x86_64-linux/zig\",\"build\",\"test\"]"
Linux gates	UNKNOWN STEP	2026-10-09T14:14:44.8651649Z }
Linux gates	UNKNOWN STEP	2026-10-09T14:14:44.8731578Z ##[error]Process completed with exit code 1.
Linux gates	UNKNOWN STEP	2026-10-09T14:14:44.8829048Z ##[group]Run actions/upload-artifact@cf430e030ddbb5b0abf93d22962f4752f3646cd9
Linux gates	UNKNOWN STEP	2026-10-09T14:14:44.8829475Z with:
Linux gates	UNKNOWN STEP	2026-10-09T14:14:44.8829848Z   name: linux-gate-receipts-unsigned-local-integrity-records-not-attestations
Linux gates	UNKNOWN STEP	2026-10-09T14:14:44.8830591Z   path: out/evidence/
Linux gates	UNKNOWN STEP	2026-10-09T14:14:44.8830836Z   if-no-files-found: error
Linux gates	UNKNOWN STEP	2026-10-09T14:14:44.8831085Z   compression-level: 6
Linux gates	UNKNOWN STEP	2026-10-09T14:14:44.8831311Z   overwrite: false
Linux gates	UNKNOWN STEP	2026-10-09T14:14:44.8831540Z   include-hidden-files: false
Linux gates	UNKNOWN STEP	2026-10-09T14:14:44.8831782Z   archive: true
Linux gates	UNKNOWN STEP	2026-10-09T14:14:44.8831985Z ##[endgroup]
Linux gates	UNKNOWN STEP	2026-10-09T14:14:45.0343957Z With the provided path, there will be 8 files uploaded
Linux gates	UNKNOWN STEP	2026-10-09T14:14:45.0353247Z Artifact name is valid!
Linux gates	UNKNOWN STEP	2026-10-09T14:14:45.0354119Z Root directory input is valid!
Linux gates	UNKNOWN STEP	2026-10-09T14:14:45.3432223Z Uploading artifact: linux-gate-receipts-unsigned-local-integrity-records-not-attestations.zip
Linux gates	UNKNOWN STEP	2026-10-09T14:14:45.3476008Z Beginning upload of artifact content to blob storage
Linux gates	UNKNOWN STEP	2026-10-09T14:14:45.6424346Z Uploaded bytes 15748
Linux gates	UNKNOWN STEP	2026-10-09T14:14:45.6982985Z Finished uploading artifact content to blob storage!
Linux gates	UNKNOWN STEP	2026-10-09T14:14:45.6984961Z SHA256 digest of uploaded artifact is 800ee13a1f87ab1e64ada827fcc2beceb528bcafed94ea31808a96c671e74d91
Linux gates	UNKNOWN STEP	2026-10-09T14:14:45.6986008Z Finalizing artifact upload
Linux gates	UNKNOWN STEP	2026-10-09T14:14:46.0599572Z Artifact linux-gate-receipts-unsigned-local-integrity-records-not-attestations successfully finalized. Artifact ID 11621936216
Linux gates	UNKNOWN STEP	2026-10-09T14:14:46.0603334Z Artifact linux-gate-receipts-unsigned-local-integrity-records-not-attestations has been successfully uploaded! Final size is 15748 bytes. Artifact ID is 11621936216
Linux gates	UNKNOWN STEP	2026-10-09T14:14:46.0606328Z Artifact download URL: https://github.com/mattneel/fairpane/actions/runs/37941436385/artifacts/11621936216
Linux gates	UNKNOWN STEP	2026-10-09T14:14:46.0789853Z Post job cleanup.
Linux gates	UNKNOWN STEP	2026-10-09T14:14:46.1652796Z [command]/usr/bin/git version
Linux gates	UNKNOWN STEP	2026-10-09T14:14:46.1699428Z git version 2.55.0
Linux gates	UNKNOWN STEP	2026-10-09T14:14:46.1750705Z Temporarily overriding HOME='/home/runner/work/_temp/e3b0ecbf-f201-48e2-841f-4c0dbeb94a6a' before making global git config changes
Linux gates	UNKNOWN STEP	2026-10-09T14:14:46.1752735Z Adding repository directory to the temporary git global config as a safe directory
Linux gates	UNKNOWN STEP	2026-10-09T14:14:46.1755501Z [command]/usr/bin/git config --global --add safe.directory /home/runner/work/fairpane/fairpane
Linux gates	UNKNOWN STEP	2026-10-09T14:14:46.1786553Z Removing SSH command configuration
Linux gates	UNKNOWN STEP	2026-10-09T14:14:46.1793647Z [command]/usr/bin/git config --local --name-only --get-regexp core\.sshCommand
Linux gates	UNKNOWN STEP	2026-10-09T14:14:46.1829775Z [command]/usr/bin/git submodule foreach --recursive sh -c "git config --local --name-only --get-regexp 'core\.sshCommand' && git config --local --unset-all 'core.sshCommand' || :"
Linux gates	UNKNOWN STEP	2026-10-09T14:14:46.2081623Z Removing HTTP extra header
Linux gates	UNKNOWN STEP	2026-10-09T14:14:46.2088764Z [command]/usr/bin/git config --local --name-only --get-regexp http\.https\:\/\/github\.com\/\.extraheader
Linux gates	UNKNOWN STEP	2026-10-09T14:14:46.2128772Z [command]/usr/bin/git submodule foreach --recursive sh -c "git config --local --name-only --get-regexp 'http\.https\:\/\/github\.com\/\.extraheader' && git config --local --unset-all 'http.https://github.com/.extraheader' || :"
Linux gates	UNKNOWN STEP	2026-10-09T14:14:46.2377413Z Removing includeIf entries pointing to credentials config files
Linux gates	UNKNOWN STEP	2026-10-09T14:14:46.2387244Z [command]/usr/bin/git config --local --name-only --get-regexp ^includeIf\.gitdir:
Linux gates	UNKNOWN STEP	2026-10-09T14:14:46.2423226Z [command]/usr/bin/git submodule foreach --recursive git config --local --show-origin --name-only --get-regexp remote.origin.url
Linux gates	UNKNOWN STEP	2026-10-09T14:14:46.2850755Z Cleaning up orphan processes
RESULT {"executable":"C:\\Program Files\\GitHub CLI\\gh.exe","arguments":["run","view","37941436385","--repo","mattneel/fairpane","--attempt","1","--log-failed"],"cwd":"C:\\Users\\requi\\.omp\\wt\\t60e032fd5\\m","started_at":"2026-10-09T16:45:25.079Z","exit_code":0,"signal":null,"timed_out":false,"error":null,"duration_ms":1577}
