
COMMAND ["C:\\Windows\\System32\\wsl.exe","-d","Ubuntu","-e","sh","-c","set -e; uname -srmo; nproc; W=\"$HOME/fairpane-linux/work/ci-0df569a\"; rm -rf \"$W\"; mkdir -p \"$W\"; tar -xf out/ci-repro/0df569a.tar -C \"$W\"; cd \"$W/t\"; git init -q; git add -A; echo \"copied tree $(git write-tree)\"; export ZIG_GLOBAL_CACHE_DIR=\"$W/global-cache\"; set +e; timeout -s KILL 1500 \"$HOME/fairpane-linux/tools/zig-x86_64-linux-0.18.0-dev.120+9fe22a29b/zig\" build --seed=0x76c7baf4 test --summary all --cache-dir .zig-cache-ci; echo \"zig build exit $?\""]
Linux 7.2.6-locietta-WSL2-xanmod1 x86_64 GNU/Linux
32
copied tree 5811e795f5db5098d7ca03564173ae7e4ced20ba
test
+- FP-0082 case 16: a missing path exits with status 3 w
fairpane-js-parse: tests/js/parse/missing.js: FileNotFound
failed command: cd . && ./zig-out/bin/fairpane-js-parse file tests/js/parse/missing.js

test
+- FP-0082 case 17: the census refuses an existing output file and exits with status 3 w
fairpane-js-parse: census: cannot create ./.zig-cache-ci/o/0c925f44918d6f5adba948a0455992d0/existing.jsonl: PathAlreadyExists
failed command: ./zig-out/bin/fairpane-js-parse census ./tests/js/census/sound ./.zig-cache-ci/o/0c925f44918d6f5adba948a0455992d0/existing.jsonl

test
+- FP-0082 case 16: invalid-utf8.js exits with status 3 w
fairpane-js-parse: ./tests/js/parse/invalid-utf8.js: InvalidUtf8
failed command: ./zig-out/bin/fairpane-js-parse file ./tests/js/parse/invalid-utf8.js

test
+- run test w
FP-0082 case 10: measured stack use 22640 bytes for 1022 terms and 22416 bytes for 1021 parentheses
failed command: cd . && ./.zig-cache-ci/o/3b295f7ee6456e5896500d7686de396c/test --cache-dir=./.zig-cache-ci --seed=0x76c7baf4 --listen=-

Build Summary: 103/103 steps succeeded; 397/397 tests passed
test success
+- run test 329 pass (329 total) 1m MaxRSS:405M
|  +- compile test debug native success 3s MaxRSS:385M
+- run test 61 pass (61 total) 1s MaxRSS:28M
|  +- compile test debug native success 1s MaxRSS:268M
+- FP-0007 case 13: case 2 passes with exit status 0 success 15ms
|  +- install fairpane-lab success
|     +- compile exe fairpane-lab debug native success 1s MaxRSS:238M
+- FP-0007 case 13: case 3 fails with exit status 1 success 12ms
|  +- install fairpane-lab (+1 more reused dependencies)
+- FP-0007 case 13: case 4 is unsupported with exit status 2 success 19ms
|  +- install fairpane-lab (+1 more reused dependencies)
+- FP-0007 case 13: case 1 is a harness error with exit status 3 success 13ms
|  +- install fairpane-lab (+1 more reused dependencies)
+- FP-0007 case 13: case 8 times out with exit status 4 success 13ms
|  +- install fairpane-lab (+1 more reused dependencies)
+- FP-0007 case 13: an unknown command exits with status 64 and writes no result success 11ms
|  +- install fairpane-lab (+1 more reused dependencies)
+- FP-0008 case 26: case 18 passes with exit status 0 success 16ms
|  +- install fairpane-lab (+1 more reused dependencies)
+- FP-0008 case 26: the token_count variant of case 19 fails with exit status 1 success 7ms
|  +- install fairpane-lab (+1 more reused dependencies)
+- FP-0008 case 26: the <p> case of case 21 is unsupported with exit status 2 success 8ms
|  +- install fairpane-lab (+1 more reused dependencies)
+- FP-0123 case 15 Lab-7: the UTF-16BE tokenize case of Lab-3 passes with exit status 0 success 14ms
|  +- install fairpane-lab (+1 more reused dependencies)
+- FP-0007 case 14: minimize reduces a failing fetch case with a 4096-byte body success 138ms
|  +- install fairpane-lab (+1 more reused dependencies)
+- FP-0007 case 14: the minimized case fails the same check success 6ms
|  +- install fairpane-lab (+1 more reused dependencies)
|  +- FP-0007 case 14: minimize reduces a failing fetch case with a 4096-byte body (+1 more reused dependencies)
+- FP-0007 case 14: the minimized document body is 1-minimal success 29ms
|  +- compile exe fairpane-lab-check debug native success 1s MaxRSS:248M
|  +- FP-0007 case 14: minimize reduces a failing fetch case with a 4096-byte body (+1 more reused dependencies)
+- FP-0007 case 14: minimize refuses a passing case success 6ms
|  +- install fairpane-lab (+1 more reused dependencies)
+- FP-0007 case 14: a refused minimization writes nothing success 6ms
|  +- compile exe fairpane-lab-check debug native (reused)
|  +- FP-0007 case 14: minimize refuses a passing case (+1 more reused dependencies)
+- FP-0054 case 5: minimize refuses an --out path that names the input file through another spelling success 13ms
|  +- install fairpane-lab (+1 more reused dependencies)
|  +- FP-0054 case 5: create a fresh directory success 10ms
|  |  +- compile exe fairpane-lab-check debug native (reused)
|  +- FP-0054 case 5: create a fresh directory (+1 more reused dependencies)
+- FP-0054 case 5: the refused minimization leaves the input unchanged success 9ms
|  +- compile exe fairpane-lab-check debug native (reused)
|  +- FP-0054 case 5: create a fresh directory (+1 more reused dependencies)
|  +- FP-0054 case 5: minimize refuses an --out path that names the input file through another spelling (+3 more reused dependencies)
+- FP-0054 revision 1 case 1: minimize refuses an --out path that is a hard link to the input file success 22ms
|  +- install fairpane-lab (+1 more reused dependencies)
|  +- FP-0054 revision 1 case 1: create a fresh directory success 8ms
|     +- compile exe fairpane-lab-check debug native (reused)
+- FP-0054 revision 1 case 1: the refused command leaves the input unchanged success 10ms
|  +- compile exe fairpane-lab-check debug native (reused)
|  +- FP-0054 revision 1 case 1: create a fresh directory (+1 more reused dependencies)
|  +- FP-0054 revision 1 case 1: minimize refuses an --out path that is a hard link to the input file (+2 more reused dependencies)
+- FP-0054 revision 1 case 2: run refuses a --transcript path that is a hard link to the input file success 11ms
|  +- install fairpane-lab (+1 more reused dependencies)
|  +- FP-0054 revision 1 case 2: create a fresh directory success 12ms
|     +- compile exe fairpane-lab-check debug native (reused)
+- FP-0054 revision 1 case 2: the refused command leaves the input unchanged success 9ms
|  +- compile exe fairpane-lab-check debug native (reused)
|  +- FP-0054 revision 1 case 2: create a fresh directory (+1 more reused dependencies)
|  +- FP-0054 revision 1 case 2: run refuses a --transcript path that is a hard link to the input file (+2 more reused dependencies)
+- FP-0054 revision 1 case 4: minimize writes over a separate byte-identical copy of the input file success 18ms
|  +- install fairpane-lab (+1 more reused dependencies)
|  +- FP-0054 revision 1 case 4: create a fresh directory success 10ms
|     +- compile exe fairpane-lab-check debug native (reused)
+- FP-0054 revision 1 case 4: the written case is a version 2 case derived from the input digest success 9ms
|  +- compile exe fairpane-lab-check debug native (reused)
|  +- FP-0054 revision 1 case 4: create a fresh directory (+1 more reused dependencies)
|  +- FP-0054 revision 1 case 4: minimize writes over a separate byte-identical copy of the input file (+2 more reused dependencies)
+- FP-0054 revision 1 case 5: run, minimize, and replay report files one byte above the size limit success 34ms
|  +- compile exe fairpane-lab-check debug native (reused)
|  +- FP-0054 revision 1 case 5: create a fresh directory success 8ms
|  |  +- compile exe fairpane-lab-check debug native (reused)
|  +- install fairpane-lab (+1 more reused dependencies)
+- FP-0076 case 1: run writes its transcript into a FIFO that a helper reads to end of file success 23ms
|  +- compile exe fairpane-lab-check debug native (reused)
|  +- FP-0076 case 1: create a fresh directory success 13ms
|  |  +- compile exe fairpane-lab-check debug native (reused)
|  +- install fairpane-lab (+1 more reused dependencies)
+- FP-0076 case 2: minimize writes over an existing out.json of mode 0200 success 24ms
|  +- install fairpane-lab (+1 more reused dependencies)
|  +- FP-0076 case 2: create a fresh directory success 8ms
|     +- compile exe fairpane-lab-check debug native (reused)
+- FP-0076 case 2: out.json is a version 2 case derived from the input digest success 7ms
|  +- compile exe fairpane-lab-check debug native (reused)
|  +- FP-0076 case 2: create a fresh directory (+1 more reused dependencies)
|  +- FP-0076 case 2: restore read access to out.json success 8ms
|     +- compile exe fairpane-lab-check debug native (reused)
|     +- FP-0076 case 2: create a fresh directory (+1 more reused dependencies)
|     +- FP-0076 case 2: minimize writes over an existing out.json of mode 0200 (+2 more reused dependencies)
+- FP-0076 case 4: minimize reports the output path case.json/out.json, which cannot be identified success 21ms
|  +- install fairpane-lab (+1 more reused dependencies)
|  +- FP-0076 case 4: create a fresh directory success 10ms
|     +- compile exe fairpane-lab-check debug native (reused)
+- FP-0076 case 4: the directory gains no file success 9ms
|  +- compile exe fairpane-lab-check debug native (reused)
|  +- FP-0076 case 4: create a fresh directory (+1 more reused dependencies)
|  +- FP-0076 case 4: minimize reports the output path case.json/out.json, which cannot be identified (+2 more reused dependencies)
+- FP-0076 case 5: minimize refuses an --out path that is a symbolic link to the input file success 12ms
|  +- install fairpane-lab (+1 more reused dependencies)
|  +- FP-0076 case 5: create a fresh directory success 11ms
|     +- compile exe fairpane-lab-check debug native (reused)
+- FP-0076 case 5: the refused minimization leaves the input unchanged success 13ms
|  +- compile exe fairpane-lab-check debug native (reused)
|  +- FP-0076 case 5: create a fresh directory (+1 more reused dependencies)
|  +- FP-0076 case 5: minimize refuses an --out path that is a symbolic link to the input file (+2 more reused dependencies)
+- FP-0076 case 7: the revision 1 case 5 helper reports failing checks and removes both oversized files success 23ms
|  +- compile exe fairpane-lab-check debug native (reused)
|  +- FP-0076 case 7: create a fresh directory success 9ms
|  |  +- compile exe fairpane-lab-check debug native (reused)
|  +- compile exe fairpane-lab-check debug native (reused)
+- FP-0076 case 7: no file remains after the failing run success 9ms
|  +- compile exe fairpane-lab-check debug native (reused)
|  +- FP-0076 case 7: create a fresh directory (+1 more reused dependencies)
|  +- FP-0076 case 7: the revision 1 case 5 helper reports failing checks and removes both oversized files (+3 more reused dependencies)
+- FP-0011 case 4: leaf_invokes_to_number.zig success 703ms
+- FP-0011 case 4: leaf_invokes_number_to_string.zig success 805ms
+- FP-0011 case 4: allocation_invokes_call.zig success 919ms
+- FP-0011 case 4: leaf_allocates.zig success 879ms
+- FP-0011 case 4: mutation_throws.zig success 699ms
+- FP-0011 case 4: leaf_calls_behavior.zig success 771ms
+- FP-0011 case 4: leaf_positive.zig success 807ms
+- FP-0011 case 5: catalog_callback_alone.zig success 700ms
+- FP-0011 case 5: catalog_exception_alone.zig success 828ms
+- FP-0011 case 5: catalog_duplicate_id.zig success 919ms
+- FP-0011 case 5: kernel_wider_context.zig success 819ms
+- FP-0011 case 5: kernel_undeclared_throw.zig success 753ms
+- FP-0011 case 8: layout_undescribed_field.zig success 662ms
+- FP-0011 case 8: layout_plain_reference.zig success 876ms
+- FP-0011 case 8: layout_missing_field.zig success 718ms
+- FP-0011 case 20: abi_reference_value.zig success 703ms
+- FP-0011 case 20: abi_nan_box_value.zig success 725ms
+- FP-0011 case 20: abi_tagged_index_value.zig success 869ms
+- FP-0011 case 34: leaf_reaches_heap.zig success 879ms
+- FP-0011 case 35: leaf_widens_context.zig success 778ms
+- FP-0011 case 36: binding_missing_kernel.zig success 722ms
+- FP-0011 case 36: binding_stray_kernel.zig success 913ms
+- library-test success
|  +- run test 7 pass (7 total) 6ms MaxRSS:27M
|  |  +- compile test debug native success 1s MaxRSS:212M
|  +- FP-0066 case 1: ReleaseSafe libraries built in two directories are byte-identical success 4ms
|  |  +- compile exe fairpane-library-check debug native success 1s MaxRSS:209M
|  |  +- archive libfairpane.a safe success 6ms
|  |  |  +- compile obj fairpane_zcu safe native success 5s MaxRSS:301M
|  |  |     +- WriteFile fp0066-tree-a/src success
|  |  +- archive libfairpane.a safe success 6ms
|  |     +- compile obj fairpane_zcu safe native success 5s MaxRSS:295M
|  |        +- WriteFile fp0066-tree-a/src (reused)
|  +- FP-0066 case 2: the ReleaseSafe library contains neither its build directory nor the compiler installation directory success 6ms
|  |  +- compile exe fairpane-library-check debug native (reused)
|  |  +- archive libfairpane.a safe (+1 more reused dependencies)
|  |  +- WriteFile fp0066-tree-a/src (reused)
|  +- FP-0066 case 4: the Debug library keeps debug information that names the absolute source directory success 8ms
|  |  +- compile exe fairpane-library-check debug native (reused)
|  |  +- archive libfairpane.a debug success 24ms
|  |     +- compile obj fairpane_zcu debug native success 969ms MaxRSS:216M
|  +- FP-0066 case 5: the ReleaseSafe library's only member is the object, named without a directory success 5ms
|  |  +- compile exe fairpane-library-check debug native (reused)
|  |  +- archive libfairpane.a safe (+1 more reused dependencies)
|  +- FP-0066: every member header of the ReleaseSafe library has a zero time stamp, owner, and group success 4ms
|     +- compile exe fairpane-library-check debug native (reused)
|     +- archive libfairpane.a safe (+1 more reused dependencies)
+- FP-0082 case 16: valid.js exits with status 0 and prints the T9 dump success 9ms
|  +- install fairpane-js-parse success
|     +- compile exe fairpane-js-parse debug native success 1s MaxRSS:228M
|        +- WriteFile src success
+- FP-0082 case 16: syntax.js exits with status 1 and prints its syntax error success 9ms
|  +- install fairpane-js-parse (+1 more reused dependencies)
+- FP-0082 case 16: unsupported.js exits with status 2 and prints its unsupported outcome success 9ms
|  +- install fairpane-js-parse (+1 more reused dependencies)
+- FP-0082 case 16: invalid-utf8.js exits with status 3 success 8ms
|  +- install fairpane-js-parse (+1 more reused dependencies)
+- FP-0082 case 16: a missing path exits with status 3 success 7ms
|  +- install fairpane-js-parse (+1 more reused dependencies)
+- FP-0082 case 16: no arguments exits with status 3 and writes the usage success 9ms
|  +- install fairpane-js-parse (+1 more reused dependencies)
+- FP-0082 case 17: the census of the sound fixture exits with status 0 success 11ms
|  +- install fairpane-js-parse (+1 more reused dependencies)
+- FP-0082 case 17: the census of the unsound fixture exits with status 1 success 9ms
|  +- install fairpane-js-parse (+1 more reused dependencies)
+- FP-0082 case 17: the census refuses an existing output file and exits with status 3 success 8ms
   +- install fairpane-js-parse (+1 more reused dependencies)
   +- WriteFile existing.jsonl success

zig build exit 0
RESULT {"executable":"C:\\Windows\\System32\\wsl.exe","arguments":["-d","Ubuntu","-e","sh","-c","set -e; uname -srmo; nproc; W=\"$HOME/fairpane-linux/work/ci-0df569a\"; rm -rf \"$W\"; mkdir -p \"$W\"; tar -xf out/ci-repro/0df569a.tar -C \"$W\"; cd \"$W/t\"; git init -q; git add -A; echo \"copied tree $(git write-tree)\"; export ZIG_GLOBAL_CACHE_DIR=\"$W/global-cache\"; set +e; timeout -s KILL 1500 \"$HOME/fairpane-linux/tools/zig-x86_64-linux-0.18.0-dev.120+9fe22a29b/zig\" build --seed=0x76c7baf4 test --summary all --cache-dir .zig-cache-ci; echo \"zig build exit $?\""],"cwd":"C:\\src\\fairpane","started_at":"2026-10-09T21:18:18.813Z","exit_code":0,"signal":null,"timed_out":false,"error":null,"duration_ms":182167}
