
COMMAND ["C:\\Program Files\\GitHub CLI\\gh.exe","run","view","37936361001","--repo","mattneel/fairpane","--attempt","1","--log-failed"]
Windows gates	UNKNOWN STEP	﻿2026-10-09T13:22:26.7190332Z Current runner version: '2.337.0'
Windows gates	UNKNOWN STEP	2026-10-09T13:22:26.7219454Z ##[group]Runner Image Provisioner
Windows gates	UNKNOWN STEP	2026-10-09T13:22:26.7220326Z Hosted Compute Agent
Windows gates	UNKNOWN STEP	2026-10-09T13:22:26.7220985Z Version: 20260901.588
Windows gates	UNKNOWN STEP	2026-10-09T13:22:26.7221610Z Commit: f88ec8081b781fac6c440065ac7ff9e710ce3d0b
Windows gates	UNKNOWN STEP	2026-10-09T13:22:26.7222271Z Build Date: 2026-09-01T19:56:44Z
Windows gates	UNKNOWN STEP	2026-10-09T13:22:26.7222923Z Worker ID: {ad03317e-e2bc-4b84-8953-371ac46ae4c1}
Windows gates	UNKNOWN STEP	2026-10-09T13:22:26.7224138Z Azure Region: westus
Windows gates	UNKNOWN STEP	2026-10-09T13:22:26.7224748Z ##[endgroup]
Windows gates	UNKNOWN STEP	2026-10-09T13:22:26.7226360Z ##[group]Operating System
Windows gates	UNKNOWN STEP	2026-10-09T13:22:26.7227045Z Microsoft Windows Server 2025
Windows gates	UNKNOWN STEP	2026-10-09T13:22:26.7227631Z 10.0.26100
Windows gates	UNKNOWN STEP	2026-10-09T13:22:26.7228112Z Datacenter
Windows gates	UNKNOWN STEP	2026-10-09T13:22:26.7228620Z ##[endgroup]
Windows gates	UNKNOWN STEP	2026-10-09T13:22:26.7229142Z ##[group]Runner Image
Windows gates	UNKNOWN STEP	2026-10-09T13:22:26.7229714Z Image: windows-2025-vs2026
Windows gates	UNKNOWN STEP	2026-10-09T13:22:26.7230293Z Version: 20260925.250.1
Windows gates	UNKNOWN STEP	2026-10-09T13:22:26.7231837Z Included Software: https://github.com/actions/runner-images/blob/win25-vs2026/20260925.250/images/windows/Windows2025-VS2026-Readme.md
Windows gates	UNKNOWN STEP	2026-10-09T13:22:26.7233479Z Image Release: https://github.com/actions/runner-images/releases/tag/win25-vs2026%2F20260925.250
Windows gates	UNKNOWN STEP	2026-10-09T13:22:26.7234433Z ##[endgroup]
Windows gates	UNKNOWN STEP	2026-10-09T13:22:26.7235513Z ##[group]GITHUB_TOKEN Permissions
Windows gates	UNKNOWN STEP	2026-10-09T13:22:26.7237714Z Contents: read
Windows gates	UNKNOWN STEP	2026-10-09T13:22:26.7238334Z Metadata: read
Windows gates	UNKNOWN STEP	2026-10-09T13:22:26.7238861Z ##[endgroup]
Windows gates	UNKNOWN STEP	2026-10-09T13:22:26.7243401Z Secret source: Actions
Windows gates	UNKNOWN STEP	2026-10-09T13:22:26.7244872Z Cache mode: write
Windows gates	UNKNOWN STEP	2026-10-09T13:22:26.7245861Z Prepare workflow directory
Windows gates	UNKNOWN STEP	2026-10-09T13:22:26.7694840Z Prepare all required actions
Windows gates	UNKNOWN STEP	2026-10-09T13:22:26.7746395Z Getting action download info
Windows gates	UNKNOWN STEP	2026-10-09T13:22:27.1234736Z Download action repository 'actions/checkout@3d3c42e5aac5ba805825da76410c181273ba90b1' (SHA:3d3c42e5aac5ba805825da76410c181273ba90b1)
Windows gates	UNKNOWN STEP	2026-10-09T13:22:27.2558401Z Download action repository 'actions/setup-node@949feb2413d6458794dcd2491c4babbbce0c15c1' (SHA:949feb2413d6458794dcd2491c4babbbce0c15c1)
Windows gates	UNKNOWN STEP	2026-10-09T13:22:27.7278468Z Download action repository 'actions/upload-artifact@cf430e030ddbb5b0abf93d22962f4752f3646cd9' (SHA:cf430e030ddbb5b0abf93d22962f4752f3646cd9)
Windows gates	UNKNOWN STEP	2026-10-09T13:22:28.2943082Z Complete job name: Windows gates
Windows gates	UNKNOWN STEP	2026-10-09T13:22:28.4611073Z ##[group]Run actions/checkout@3d3c42e5aac5ba805825da76410c181273ba90b1
Windows gates	UNKNOWN STEP	2026-10-09T13:22:28.4613039Z with:
Windows gates	UNKNOWN STEP	2026-10-09T13:22:28.4613842Z   persist-credentials: false
Windows gates	UNKNOWN STEP	2026-10-09T13:22:28.4614800Z   repository: mattneel/fairpane
Windows gates	UNKNOWN STEP	2026-10-09T13:22:28.4622442Z   token: ***
Windows gates	UNKNOWN STEP	2026-10-09T13:22:28.4623209Z   ssh-strict: true
Windows gates	UNKNOWN STEP	2026-10-09T13:22:28.4624008Z   ssh-user: git
Windows gates	UNKNOWN STEP	2026-10-09T13:22:28.4624780Z   clean: true
Windows gates	UNKNOWN STEP	2026-10-09T13:22:28.4625607Z   sparse-checkout-cone-mode: true
Windows gates	UNKNOWN STEP	2026-10-09T13:22:28.4626569Z   fetch-depth: 1
Windows gates	UNKNOWN STEP	2026-10-09T13:22:28.4627779Z   fetch-tags: false
Windows gates	UNKNOWN STEP	2026-10-09T13:22:28.4628640Z   show-progress: true
Windows gates	UNKNOWN STEP	2026-10-09T13:22:28.4629457Z   lfs: false
Windows gates	UNKNOWN STEP	2026-10-09T13:22:28.4630214Z   submodules: false
Windows gates	UNKNOWN STEP	2026-10-09T13:22:28.4631028Z   set-safe-directory: true
Windows gates	UNKNOWN STEP	2026-10-09T13:22:28.4632009Z   allow-unsafe-pr-checkout: false
Windows gates	UNKNOWN STEP	2026-10-09T13:22:28.4633258Z ##[endgroup]
Windows gates	UNKNOWN STEP	2026-10-09T13:22:28.6227829Z Syncing repository: mattneel/fairpane
Windows gates	UNKNOWN STEP	2026-10-09T13:22:28.6230459Z ##[group]Getting Git version info
Windows gates	UNKNOWN STEP	2026-10-09T13:22:28.6231597Z Working directory is 'D:\a\fairpane\fairpane'
Windows gates	UNKNOWN STEP	2026-10-09T13:22:28.7286765Z [command]"C:\Program Files\Git\bin\git.exe" version
Windows gates	UNKNOWN STEP	2026-10-09T13:22:29.0740833Z git version 2.55.0.windows.5
Windows gates	UNKNOWN STEP	2026-10-09T13:22:29.0794653Z ##[endgroup]
Windows gates	UNKNOWN STEP	2026-10-09T13:22:29.0810671Z Temporarily overriding HOME='D:\a\_temp\480e2b5b-9039-45eb-ab86-43b3fec60276' before making global git config changes
Windows gates	UNKNOWN STEP	2026-10-09T13:22:29.0813037Z Adding repository directory to the temporary git global config as a safe directory
Windows gates	UNKNOWN STEP	2026-10-09T13:22:29.0821595Z [command]"C:\Program Files\Git\bin\git.exe" config --global --add safe.directory D:\a\fairpane\fairpane
Windows gates	UNKNOWN STEP	2026-10-09T13:22:29.1722242Z Deleting the contents of 'D:\a\fairpane\fairpane'
Windows gates	UNKNOWN STEP	2026-10-09T13:22:29.1728483Z ##[group]Determining repository object format
Windows gates	UNKNOWN STEP	2026-10-09T13:22:29.1731224Z ##[endgroup]
Windows gates	UNKNOWN STEP	2026-10-09T13:22:29.1733289Z ##[group]Initializing the repository
Windows gates	UNKNOWN STEP	2026-10-09T13:22:29.1740787Z [command]"C:\Program Files\Git\bin\git.exe" init D:\a\fairpane\fairpane
Windows gates	UNKNOWN STEP	2026-10-09T13:22:29.2633979Z Initialized empty Git repository in D:/a/fairpane/fairpane/.git/
Windows gates	UNKNOWN STEP	2026-10-09T13:22:29.2681949Z [command]"C:\Program Files\Git\bin\git.exe" remote add origin https://github.com/mattneel/fairpane
Windows gates	UNKNOWN STEP	2026-10-09T13:22:29.3336886Z ##[endgroup]
Windows gates	UNKNOWN STEP	2026-10-09T13:22:29.3338329Z ##[group]Disabling automatic garbage collection
Windows gates	UNKNOWN STEP	2026-10-09T13:22:29.3345530Z [command]"C:\Program Files\Git\bin\git.exe" config --local gc.auto 0
Windows gates	UNKNOWN STEP	2026-10-09T13:22:29.3657604Z ##[endgroup]
Windows gates	UNKNOWN STEP	2026-10-09T13:22:29.3659146Z ##[group]Setting up auth
Windows gates	UNKNOWN STEP	2026-10-09T13:22:29.3660150Z Removing SSH command configuration
Windows gates	UNKNOWN STEP	2026-10-09T13:22:29.3668308Z [command]"C:\Program Files\Git\bin\git.exe" config --local --name-only --get-regexp core\.sshCommand
Windows gates	UNKNOWN STEP	2026-10-09T13:22:29.3966538Z [command]"C:\Program Files\Git\bin\git.exe" submodule foreach --recursive "sh -c \"git config --local --name-only --get-regexp 'core\.sshCommand' && git config --local --unset-all 'core.sshCommand' || :\""
Windows gates	UNKNOWN STEP	2026-10-09T13:22:30.8541962Z Removing HTTP extra header
Windows gates	UNKNOWN STEP	2026-10-09T13:22:30.8557588Z [command]"C:\Program Files\Git\bin\git.exe" config --local --name-only --get-regexp http\.https\:\/\/github\.com\/\.extraheader
Windows gates	UNKNOWN STEP	2026-10-09T13:22:30.8880251Z [command]"C:\Program Files\Git\bin\git.exe" submodule foreach --recursive "sh -c \"git config --local --name-only --get-regexp 'http\.https\:\/\/github\.com\/\.extraheader' && git config --local --unset-all 'http.https://github.com/.extraheader' || :\""
Windows gates	UNKNOWN STEP	2026-10-09T13:22:31.4682205Z Removing includeIf entries pointing to credentials config files
Windows gates	UNKNOWN STEP	2026-10-09T13:22:31.4692353Z [command]"C:\Program Files\Git\bin\git.exe" config --local --name-only --get-regexp ^includeIf\.gitdir:
Windows gates	UNKNOWN STEP	2026-10-09T13:22:31.5001147Z [command]"C:\Program Files\Git\bin\git.exe" submodule foreach --recursive "git config --local --show-origin --name-only --get-regexp remote.origin.url"
Windows gates	UNKNOWN STEP	2026-10-09T13:22:32.0859108Z [command]"C:\Program Files\Git\bin\git.exe" config --file D:\a\_temp\git-credentials-ccfdb9bf-24a0-46f4-bfcc-497e3c9f1b2e.config http.https://github.com/.extraheader "AUTHORIZATION: basic ***"
Windows gates	UNKNOWN STEP	2026-10-09T13:22:32.1222356Z [command]"C:\Program Files\Git\bin\git.exe" config --local includeIf.gitdir:D:/a/fairpane/fairpane/.git.path D:\a\_temp\git-credentials-ccfdb9bf-24a0-46f4-bfcc-497e3c9f1b2e.config
Windows gates	UNKNOWN STEP	2026-10-09T13:22:32.1552924Z [command]"C:\Program Files\Git\bin\git.exe" config --local includeIf.gitdir:D:/a/fairpane/fairpane/.git/worktrees/*.path D:\a\_temp\git-credentials-ccfdb9bf-24a0-46f4-bfcc-497e3c9f1b2e.config
Windows gates	UNKNOWN STEP	2026-10-09T13:22:32.1933155Z [command]"C:\Program Files\Git\bin\git.exe" config --local includeIf.gitdir:/github/workspace/.git.path /github/runner_temp/git-credentials-ccfdb9bf-24a0-46f4-bfcc-497e3c9f1b2e.config
Windows gates	UNKNOWN STEP	2026-10-09T13:22:32.2250348Z [command]"C:\Program Files\Git\bin\git.exe" config --local includeIf.gitdir:/github/workspace/.git/worktrees/*.path /github/runner_temp/git-credentials-ccfdb9bf-24a0-46f4-bfcc-497e3c9f1b2e.config
Windows gates	UNKNOWN STEP	2026-10-09T13:22:32.2563421Z ##[endgroup]
Windows gates	UNKNOWN STEP	2026-10-09T13:22:32.2564159Z ##[group]Fetching the repository
Windows gates	UNKNOWN STEP	2026-10-09T13:22:32.2577936Z [command]"C:\Program Files\Git\bin\git.exe" -c protocol.version=2 fetch --no-tags --prune --no-recurse-submodules --depth=1 origin +a3e5cf941688d5f045ec060e8c6b1219b6a86b23:refs/remotes/origin/master
Windows gates	UNKNOWN STEP	2026-10-09T13:22:33.6869120Z From https://github.com/mattneel/fairpane
Windows gates	UNKNOWN STEP	2026-10-09T13:22:33.6869993Z  * [new ref]         a3e5cf941688d5f045ec060e8c6b1219b6a86b23 -> origin/master
Windows gates	UNKNOWN STEP	2026-10-09T13:22:33.6941590Z [command]"C:\Program Files\Git\bin\git.exe" branch --list --remote origin/master
Windows gates	UNKNOWN STEP	2026-10-09T13:22:33.7329900Z   origin/master
Windows gates	UNKNOWN STEP	2026-10-09T13:22:33.7382189Z [command]"C:\Program Files\Git\bin\git.exe" rev-parse refs/remotes/origin/master
Windows gates	UNKNOWN STEP	2026-10-09T13:22:33.7663615Z a3e5cf941688d5f045ec060e8c6b1219b6a86b23
Windows gates	UNKNOWN STEP	2026-10-09T13:22:33.7707603Z ##[endgroup]
Windows gates	UNKNOWN STEP	2026-10-09T13:22:33.7708105Z ##[group]Determining the checkout info
Windows gates	UNKNOWN STEP	2026-10-09T13:22:33.7709698Z ##[endgroup]
Windows gates	UNKNOWN STEP	2026-10-09T13:22:33.7721980Z [command]"C:\Program Files\Git\bin\git.exe" sparse-checkout disable
Windows gates	UNKNOWN STEP	2026-10-09T13:22:33.8245908Z [command]"C:\Program Files\Git\bin\git.exe" config --local --unset-all extensions.worktreeConfig
Windows gates	UNKNOWN STEP	2026-10-09T13:22:33.8583849Z ##[group]Checking out the ref
Windows gates	UNKNOWN STEP	2026-10-09T13:22:33.8584530Z [command]"C:\Program Files\Git\bin\git.exe" checkout --progress --force -B master refs/remotes/origin/master
Windows gates	UNKNOWN STEP	2026-10-09T13:22:34.3366219Z Reset branch 'master'
Windows gates	UNKNOWN STEP	2026-10-09T13:22:34.3433064Z branch 'master' set up to track 'origin/master'.
Windows gates	UNKNOWN STEP	2026-10-09T13:22:34.3489286Z ##[endgroup]
Windows gates	UNKNOWN STEP	2026-10-09T13:22:34.3917682Z [command]"C:\Program Files\Git\bin\git.exe" log -1 --format=%H
Windows gates	UNKNOWN STEP	2026-10-09T13:22:34.4191471Z a3e5cf941688d5f045ec060e8c6b1219b6a86b23
Windows gates	UNKNOWN STEP	2026-10-09T13:22:34.4233343Z ##[group]Removing auth
Windows gates	UNKNOWN STEP	2026-10-09T13:22:34.4233681Z Removing SSH command configuration
Windows gates	UNKNOWN STEP	2026-10-09T13:22:34.4242188Z [command]"C:\Program Files\Git\bin\git.exe" config --local --name-only --get-regexp core\.sshCommand
Windows gates	UNKNOWN STEP	2026-10-09T13:22:34.4570415Z [command]"C:\Program Files\Git\bin\git.exe" submodule foreach --recursive "sh -c \"git config --local --name-only --get-regexp 'core\.sshCommand' && git config --local --unset-all 'core.sshCommand' || :\""
Windows gates	UNKNOWN STEP	2026-10-09T13:22:35.0433388Z Removing HTTP extra header
Windows gates	UNKNOWN STEP	2026-10-09T13:22:35.0444077Z [command]"C:\Program Files\Git\bin\git.exe" config --local --name-only --get-regexp http\.https\:\/\/github\.com\/\.extraheader
Windows gates	UNKNOWN STEP	2026-10-09T13:22:35.0816084Z [command]"C:\Program Files\Git\bin\git.exe" submodule foreach --recursive "sh -c \"git config --local --name-only --get-regexp 'http\.https\:\/\/github\.com\/\.extraheader' && git config --local --unset-all 'http.https://github.com/.extraheader' || :\""
Windows gates	UNKNOWN STEP	2026-10-09T13:22:35.6779083Z Removing includeIf entries pointing to credentials config files
Windows gates	UNKNOWN STEP	2026-10-09T13:22:35.6787334Z [command]"C:\Program Files\Git\bin\git.exe" config --local --name-only --get-regexp ^includeIf\.gitdir:
Windows gates	UNKNOWN STEP	2026-10-09T13:22:35.7066532Z includeif.gitdir:D:/a/fairpane/fairpane/.git.path
Windows gates	UNKNOWN STEP	2026-10-09T13:22:35.7068155Z includeif.gitdir:D:/a/fairpane/fairpane/.git/worktrees/*.path
Windows gates	UNKNOWN STEP	2026-10-09T13:22:35.7068657Z includeif.gitdir:/github/workspace/.git.path
Windows gates	UNKNOWN STEP	2026-10-09T13:22:35.7069081Z includeif.gitdir:/github/workspace/.git/worktrees/*.path
Windows gates	UNKNOWN STEP	2026-10-09T13:22:35.7111788Z [command]"C:\Program Files\Git\bin\git.exe" config --local --get-all includeif.gitdir:D:/a/fairpane/fairpane/.git.path
Windows gates	UNKNOWN STEP	2026-10-09T13:22:35.7379844Z D:\a\_temp\git-credentials-ccfdb9bf-24a0-46f4-bfcc-497e3c9f1b2e.config
Windows gates	UNKNOWN STEP	2026-10-09T13:22:35.7422485Z [command]"C:\Program Files\Git\bin\git.exe" config --local --unset includeif.gitdir:D:/a/fairpane/fairpane/.git.path D\:\\a\\_temp\\git\-credentials\-ccfdb9bf\-24a0\-46f4\-bfcc\-497e3c9f1b2e\.config
Windows gates	UNKNOWN STEP	2026-10-09T13:22:35.7736764Z [command]"C:\Program Files\Git\bin\git.exe" config --local --get-all includeif.gitdir:D:/a/fairpane/fairpane/.git/worktrees/*.path
Windows gates	UNKNOWN STEP	2026-10-09T13:22:35.7986386Z D:\a\_temp\git-credentials-ccfdb9bf-24a0-46f4-bfcc-497e3c9f1b2e.config
Windows gates	UNKNOWN STEP	2026-10-09T13:22:35.8030737Z [command]"C:\Program Files\Git\bin\git.exe" config --local --unset includeif.gitdir:D:/a/fairpane/fairpane/.git/worktrees/*.path D\:\\a\\_temp\\git\-credentials\-ccfdb9bf\-24a0\-46f4\-bfcc\-497e3c9f1b2e\.config
Windows gates	UNKNOWN STEP	2026-10-09T13:22:35.8352240Z [command]"C:\Program Files\Git\bin\git.exe" config --local --get-all includeif.gitdir:/github/workspace/.git.path
Windows gates	UNKNOWN STEP	2026-10-09T13:22:35.8631774Z /github/runner_temp/git-credentials-ccfdb9bf-24a0-46f4-bfcc-497e3c9f1b2e.config
Windows gates	UNKNOWN STEP	2026-10-09T13:22:35.8686004Z [command]"C:\Program Files\Git\bin\git.exe" config --local --unset includeif.gitdir:/github/workspace/.git.path \/github\/runner_temp\/git\-credentials\-ccfdb9bf\-24a0\-46f4\-bfcc\-497e3c9f1b2e\.config
Windows gates	UNKNOWN STEP	2026-10-09T13:22:35.9010875Z [command]"C:\Program Files\Git\bin\git.exe" config --local --get-all includeif.gitdir:/github/workspace/.git/worktrees/*.path
Windows gates	UNKNOWN STEP	2026-10-09T13:22:35.9268554Z /github/runner_temp/git-credentials-ccfdb9bf-24a0-46f4-bfcc-497e3c9f1b2e.config
Windows gates	UNKNOWN STEP	2026-10-09T13:22:35.9311593Z [command]"C:\Program Files\Git\bin\git.exe" config --local --unset includeif.gitdir:/github/workspace/.git/worktrees/*.path \/github\/runner_temp\/git\-credentials\-ccfdb9bf\-24a0\-46f4\-bfcc\-497e3c9f1b2e\.config
Windows gates	UNKNOWN STEP	2026-10-09T13:22:35.9613004Z [command]"C:\Program Files\Git\bin\git.exe" submodule foreach --recursive "git config --local --show-origin --name-only --get-regexp remote.origin.url"
Windows gates	UNKNOWN STEP	2026-10-09T13:22:36.5024686Z Removing credentials config 'D:\a\_temp\git-credentials-ccfdb9bf-24a0-46f4-bfcc-497e3c9f1b2e.config'
Windows gates	UNKNOWN STEP	2026-10-09T13:22:36.5038446Z ##[endgroup]
Windows gates	UNKNOWN STEP	2026-10-09T13:22:36.5532144Z ##[group]Run actions/setup-node@949feb2413d6458794dcd2491c4babbbce0c15c1
Windows gates	UNKNOWN STEP	2026-10-09T13:22:36.5532609Z with:
Windows gates	UNKNOWN STEP	2026-10-09T13:22:36.5532804Z   node-version: 24.21.0
Windows gates	UNKNOWN STEP	2026-10-09T13:22:36.5533036Z   check-latest: false
Windows gates	UNKNOWN STEP	2026-10-09T13:22:36.5535440Z   token: ***
Windows gates	UNKNOWN STEP	2026-10-09T13:22:36.5535653Z   package-manager-cache: true
Windows gates	UNKNOWN STEP	2026-10-09T13:22:36.5535906Z ##[endgroup]
Windows gates	UNKNOWN STEP	2026-10-09T13:22:36.7142994Z Found in cache @ C:\hostedtoolcache\windows\node\24.21.0\x64
Windows gates	UNKNOWN STEP	2026-10-09T13:22:38.6699725Z ##[group]Environment details
Windows gates	UNKNOWN STEP	2026-10-09T13:22:47.2353665Z node: v24.21.0
Windows gates	UNKNOWN STEP	2026-10-09T13:22:47.2354086Z npm: 11.19.0
Windows gates	UNKNOWN STEP	2026-10-09T13:22:47.2354399Z yarn: 1.22.22
Windows gates	UNKNOWN STEP	2026-10-09T13:22:47.2355136Z ##[endgroup]
Windows gates	UNKNOWN STEP	2026-10-09T13:22:47.2677955Z ##[group]Run node tools/fairpane.mjs install-zig
Windows gates	UNKNOWN STEP	2026-10-09T13:22:47.2678425Z [36;1mnode tools/fairpane.mjs install-zig[0m
Windows gates	UNKNOWN STEP	2026-10-09T13:22:47.3459823Z shell: C:\Program Files\PowerShell\7\pwsh.EXE -command ". '{0}'"
Windows gates	UNKNOWN STEP	2026-10-09T13:22:47.3460303Z ##[endgroup]
Windows gates	UNKNOWN STEP	2026-10-09T13:25:18.6771016Z D:\a\fairpane\fairpane\.tools\zig\0.18.0-dev.120+9fe22a29b\x86_64-windows\zig.exe
Windows gates	UNKNOWN STEP	2026-10-09T13:25:18.7742452Z {
Windows gates	UNKNOWN STEP	2026-10-09T13:25:18.7743508Z   "compiler": "D:\\a\\fairpane\\fairpane\\.tools\\zig\\0.18.0-dev.120+9fe22a29b\\x86_64-windows\\zig.exe",
Windows gates	UNKNOWN STEP	2026-10-09T13:25:18.7744474Z   "downloaded": true
Windows gates	UNKNOWN STEP	2026-10-09T13:25:18.7745056Z }
Windows gates	UNKNOWN STEP	2026-10-09T13:25:18.9104186Z ##[group]Run node tools/fairpane.mjs run repo-check
Windows gates	UNKNOWN STEP	2026-10-09T13:25:18.9104746Z [36;1mnode tools/fairpane.mjs run repo-check[0m
Windows gates	UNKNOWN STEP	2026-10-09T13:25:18.9177883Z shell: C:\Program Files\PowerShell\7\pwsh.EXE -command ". '{0}'"
Windows gates	UNKNOWN STEP	2026-10-09T13:25:18.9178304Z ##[endgroup]
Windows gates	UNKNOWN STEP	2026-10-09T13:25:19.2754095Z Execute gate repo-check.
Windows gates	UNKNOWN STEP	2026-10-09T13:25:19.7081375Z {
Windows gates	UNKNOWN STEP	2026-10-09T13:25:19.7081760Z   "gate": "repo-check",
Windows gates	UNKNOWN STEP	2026-10-09T13:25:19.7082147Z   "status": "pass",
Windows gates	UNKNOWN STEP	2026-10-09T13:25:19.7083109Z   "receipt": "out/evidence/2026-10-09T13-25-19-385Z-repo-check-686de794.json",
Windows gates	UNKNOWN STEP	2026-10-09T13:25:19.7083915Z   "error": null
Windows gates	UNKNOWN STEP	2026-10-09T13:25:19.7084367Z }
Windows gates	UNKNOWN STEP	2026-10-09T13:25:19.8607103Z ##[group]Run node tools/fairpane.mjs run controller-test
Windows gates	UNKNOWN STEP	2026-10-09T13:25:19.8607660Z [36;1mnode tools/fairpane.mjs run controller-test[0m
Windows gates	UNKNOWN STEP	2026-10-09T13:25:19.8680805Z shell: C:\Program Files\PowerShell\7\pwsh.EXE -command ". '{0}'"
Windows gates	UNKNOWN STEP	2026-10-09T13:25:19.8681242Z ##[endgroup]
Windows gates	UNKNOWN STEP	2026-10-09T13:25:20.2032559Z Execute gate controller-test.
Windows gates	UNKNOWN STEP	2026-10-09T13:26:40.7854790Z {
Windows gates	UNKNOWN STEP	2026-10-09T13:26:40.7856480Z   "gate": "controller-test",
Windows gates	UNKNOWN STEP	2026-10-09T13:26:40.7857082Z   "status": "pass",
Windows gates	UNKNOWN STEP	2026-10-09T13:26:40.7857881Z   "receipt": "out/evidence/2026-10-09T13-25-20-299Z-controller-test-4af95778.json",
Windows gates	UNKNOWN STEP	2026-10-09T13:26:40.7858647Z   "error": null
Windows gates	UNKNOWN STEP	2026-10-09T13:26:40.7859047Z }
Windows gates	UNKNOWN STEP	2026-10-09T13:26:40.9101486Z ##[group]Run node tools/fairpane.mjs run zig-fmt
Windows gates	UNKNOWN STEP	2026-10-09T13:26:40.9102007Z [36;1mnode tools/fairpane.mjs run zig-fmt[0m
Windows gates	UNKNOWN STEP	2026-10-09T13:26:40.9177183Z shell: C:\Program Files\PowerShell\7\pwsh.EXE -command ". '{0}'"
Windows gates	UNKNOWN STEP	2026-10-09T13:26:40.9177620Z ##[endgroup]
Windows gates	UNKNOWN STEP	2026-10-09T13:26:41.2847950Z Execute gate zig-fmt.
Windows gates	UNKNOWN STEP	2026-10-09T13:26:41.6319119Z {
Windows gates	UNKNOWN STEP	2026-10-09T13:26:41.6320003Z   "gate": "zig-fmt",
Windows gates	UNKNOWN STEP	2026-10-09T13:26:41.6320578Z   "status": "pass",
Windows gates	UNKNOWN STEP	2026-10-09T13:26:41.6321162Z   "receipt": "out/evidence/2026-10-09T13-26-41-387Z-zig-fmt-22071e22.json",
Windows gates	UNKNOWN STEP	2026-10-09T13:26:41.6321723Z   "error": null
Windows gates	UNKNOWN STEP	2026-10-09T13:26:41.6322459Z }
Windows gates	UNKNOWN STEP	2026-10-09T13:26:41.7857072Z ##[group]Run node tools/fairpane.mjs run zig-test
Windows gates	UNKNOWN STEP	2026-10-09T13:26:41.7857743Z [36;1mnode tools/fairpane.mjs run zig-test[0m
Windows gates	UNKNOWN STEP	2026-10-09T13:26:41.7930729Z shell: C:\Program Files\PowerShell\7\pwsh.EXE -command ". '{0}'"
Windows gates	UNKNOWN STEP	2026-10-09T13:26:41.7931176Z ##[endgroup]
Windows gates	UNKNOWN STEP	2026-10-09T13:26:42.1543632Z Execute gate zig-test.
Windows gates	UNKNOWN STEP	2026-10-09T13:36:42.4923016Z {
Windows gates	UNKNOWN STEP	2026-10-09T13:36:42.4923851Z   "gate": "zig-test",
Windows gates	UNKNOWN STEP	2026-10-09T13:36:42.4924616Z   "status": "fail",
Windows gates	UNKNOWN STEP	2026-10-09T13:36:42.4925412Z   "receipt": "out/evidence/2026-10-09T13-26-42-254Z-zig-test-b738264e.json",
Windows gates	UNKNOWN STEP	2026-10-09T13:36:42.4926684Z   "error": "Gate command failed: [\"D:\\\\a\\\\fairpane\\\\fairpane\\\\.tools\\\\zig\\\\0.18.0-dev.120+9fe22a29b\\\\x86_64-windows\\\\zig.exe\",\"build\",\"test\"]"
Windows gates	UNKNOWN STEP	2026-10-09T13:36:42.4927457Z }
Windows gates	UNKNOWN STEP	2026-10-09T13:36:42.6141911Z ##[error]Process completed with exit code 1.
Windows gates	UNKNOWN STEP	2026-10-09T13:36:42.6731150Z ##[group]Run actions/upload-artifact@cf430e030ddbb5b0abf93d22962f4752f3646cd9
Windows gates	UNKNOWN STEP	2026-10-09T13:36:42.6732235Z with:
Windows gates	UNKNOWN STEP	2026-10-09T13:36:42.6732682Z   name: windows-gate-receipts-unsigned-local-integrity-records-not-attestations
Windows gates	UNKNOWN STEP	2026-10-09T13:36:42.6733194Z   path: out/evidence/
Windows gates	UNKNOWN STEP	2026-10-09T13:36:42.6733478Z   if-no-files-found: error
Windows gates	UNKNOWN STEP	2026-10-09T13:36:42.6733775Z   compression-level: 6
Windows gates	UNKNOWN STEP	2026-10-09T13:36:42.6734049Z   overwrite: false
Windows gates	UNKNOWN STEP	2026-10-09T13:36:42.6734327Z   include-hidden-files: false
Windows gates	UNKNOWN STEP	2026-10-09T13:36:42.6734617Z   archive: true
Windows gates	UNKNOWN STEP	2026-10-09T13:36:42.6734897Z ##[endgroup]
Windows gates	UNKNOWN STEP	2026-10-09T13:36:42.8823071Z With the provided path, there will be 8 files uploaded
Windows gates	UNKNOWN STEP	2026-10-09T13:36:42.8829936Z Artifact name is valid!
Windows gates	UNKNOWN STEP	2026-10-09T13:36:42.8830944Z Root directory input is valid!
Windows gates	UNKNOWN STEP	2026-10-09T13:36:43.2772301Z Uploading artifact: windows-gate-receipts-unsigned-local-integrity-records-not-attestations.zip
Windows gates	UNKNOWN STEP	2026-10-09T13:36:43.2826354Z Beginning upload of artifact content to blob storage
Windows gates	UNKNOWN STEP	2026-10-09T13:36:43.6966994Z Uploaded bytes 15637
Windows gates	UNKNOWN STEP	2026-10-09T13:36:43.7747311Z Finished uploading artifact content to blob storage!
Windows gates	UNKNOWN STEP	2026-10-09T13:36:43.7749309Z SHA256 digest of uploaded artifact is 99fb6bee1a67324bc974f94969e4f77913b90be4b04adfab9e2b147aac479b4d
Windows gates	UNKNOWN STEP	2026-10-09T13:36:43.7751006Z Finalizing artifact upload
Windows gates	UNKNOWN STEP	2026-10-09T13:36:44.1840188Z Artifact windows-gate-receipts-unsigned-local-integrity-records-not-attestations successfully finalized. Artifact ID 11618824061
Windows gates	UNKNOWN STEP	2026-10-09T13:36:44.1841973Z Artifact windows-gate-receipts-unsigned-local-integrity-records-not-attestations has been successfully uploaded! Final size is 15637 bytes. Artifact ID is 11618824061
Windows gates	UNKNOWN STEP	2026-10-09T13:36:44.1849435Z Artifact download URL: https://github.com/mattneel/fairpane/actions/runs/37936361001/artifacts/11618824061
Windows gates	UNKNOWN STEP	2026-10-09T13:36:44.2242258Z Post job cleanup.
Windows gates	UNKNOWN STEP	2026-10-09T13:36:44.4648795Z [command]"C:\Program Files\Git\bin\git.exe" version
Windows gates	UNKNOWN STEP	2026-10-09T13:36:44.4943046Z git version 2.55.0.windows.5
Windows gates	UNKNOWN STEP	2026-10-09T13:36:44.5012540Z Temporarily overriding HOME='D:\a\_temp\e38d74c9-7ce9-4fc1-8618-84f40502e2ce' before making global git config changes
Windows gates	UNKNOWN STEP	2026-10-09T13:36:44.5013646Z Adding repository directory to the temporary git global config as a safe directory
Windows gates	UNKNOWN STEP	2026-10-09T13:36:44.5022914Z [command]"C:\Program Files\Git\bin\git.exe" config --global --add safe.directory D:\a\fairpane\fairpane
Windows gates	UNKNOWN STEP	2026-10-09T13:36:44.5355041Z Removing SSH command configuration
Windows gates	UNKNOWN STEP	2026-10-09T13:36:44.5367906Z [command]"C:\Program Files\Git\bin\git.exe" config --local --name-only --get-regexp core\.sshCommand
Windows gates	UNKNOWN STEP	2026-10-09T13:36:44.5694151Z [command]"C:\Program Files\Git\bin\git.exe" submodule foreach --recursive "sh -c \"git config --local --name-only --get-regexp 'core\.sshCommand' && git config --local --unset-all 'core.sshCommand' || :\""
Windows gates	UNKNOWN STEP	2026-10-09T13:36:45.1670269Z Removing HTTP extra header
Windows gates	UNKNOWN STEP	2026-10-09T13:36:45.1681253Z [command]"C:\Program Files\Git\bin\git.exe" config --local --name-only --get-regexp http\.https\:\/\/github\.com\/\.extraheader
Windows gates	UNKNOWN STEP	2026-10-09T13:36:45.2022168Z [command]"C:\Program Files\Git\bin\git.exe" submodule foreach --recursive "sh -c \"git config --local --name-only --get-regexp 'http\.https\:\/\/github\.com\/\.extraheader' && git config --local --unset-all 'http.https://github.com/.extraheader' || :\""
Windows gates	UNKNOWN STEP	2026-10-09T13:36:45.7803753Z Removing includeIf entries pointing to credentials config files
Windows gates	UNKNOWN STEP	2026-10-09T13:36:45.7815898Z [command]"C:\Program Files\Git\bin\git.exe" config --local --name-only --get-regexp ^includeIf\.gitdir:
Windows gates	UNKNOWN STEP	2026-10-09T13:36:45.8147365Z [command]"C:\Program Files\Git\bin\git.exe" submodule foreach --recursive "git config --local --show-origin --name-only --get-regexp remote.origin.url"
Windows gates	UNKNOWN STEP	2026-10-09T13:36:46.4412046Z Cleaning up orphan processes
RESULT {"executable":"C:\\Program Files\\GitHub CLI\\gh.exe","arguments":["run","view","37936361001","--repo","mattneel/fairpane","--attempt","1","--log-failed"],"cwd":"C:\\Users\\requi\\.omp\\wt\\t60e032fd5\\m","started_at":"2026-10-09T16:45:18.602Z","exit_code":0,"signal":null,"timed_out":false,"error":null,"duration_ms":1606}
