Fairpane local gate: repo-check
Trust: unsigned-local-integrity-only

COMMAND ["C:\\nvm4w\\nodejs\\node.exe","C:\\src\\fairpane\\tools\\fairpane.mjs","check"]
{
  "result": "pass",
  "level": "bootstrap-integrity-only",
  "tasks": 98,
  "gates": 9,
  "capability_families": 21,
  "fingerprints": {
    "source": {
      "sha256": "7e4751286361d40c502ed5122c7d6cb5932362671f5d3f211b74930414972b4b",
      "file_count": 286
    },
    "policy": {
      "sha256": "e2b37533b264bc03ffea6716553bd0dcd0fadbdcb9536538e27a1e28ecda3925",
      "file_count": 24
    }
  },
  "note": "This check is not browser conformance or an independent security attestation."
}
RESULT {"executable":"C:\\nvm4w\\nodejs\\node.exe","arguments":["C:\\src\\fairpane\\tools\\fairpane.mjs","check"],"cwd":"C:\\src\\fairpane","started_at":"2026-10-09T13:58:47.060Z","exit_code":0,"signal":null,"timed_out":false,"error":null,"duration_ms":166}
