Fairpane local gate: repo-check
Trust: unsigned-local-integrity-only

COMMAND ["C:\\nvm4w\\nodejs\\node.exe","C:\\src\\fairpane\\tools\\fairpane.mjs","check"]
{
  "result": "pass",
  "level": "bootstrap-integrity-only",
  "tasks": 63,
  "gates": 9,
  "capability_families": 21,
  "fingerprints": {
    "source": {
      "sha256": "e625232ad33fca328495d2daf913e61ac8805f1ae117f7f80354a1a3e14fba79",
      "file_count": 162
    },
    "policy": {
      "sha256": "b142ba18629ac87351de6da7273563614be02a8042e940750babcac427ecd5b3",
      "file_count": 17
    }
  },
  "note": "This check is not browser conformance or an independent security attestation."
}
RESULT {"executable":"C:\\nvm4w\\nodejs\\node.exe","arguments":["C:\\src\\fairpane\\tools\\fairpane.mjs","check"],"cwd":"C:\\src\\fairpane","started_at":"2026-10-09T05:07:25.101Z","exit_code":0,"signal":null,"timed_out":false,"error":null,"duration_ms":95}
