
COMMAND ["C:\\nvm4w\\nodejs\\node.exe","tools/fairpane.mjs","release-check"]
{
  "result": "not-qualified",
  "problems": [
    "The full-browser qualification profile is not frozen.",
    "No release-profile revision is ratified.",
    "Capability html-dom is not qualified.",
    "Capability html-dom has no exact applicability manifest.",
    "Capability html-dom has no evidence.",
    "Capability css-layout is not qualified.",
    "Capability css-layout has no exact applicability manifest.",
    "Capability css-layout has no evidence.",
    "Capability text-fonts is not qualified.",
    "Capability text-fonts has no exact applicability manifest.",
    "Capability text-fonts has no evidence.",
    "Capability javascript is not qualified.",
    "Capability javascript has no exact applicability manifest.",
    "Capability javascript has no evidence.",
    "Capability web-idl is not qualified.",
    "Capability web-idl has no exact applicability manifest.",
    "Capability web-idl has no evidence.",
    "Capability fetch-network is not qualified.",
    "Capability fetch-network has no exact applicability manifest.",
    "Capability fetch-network has no evidence.",
    "Capability storage-workers is not qualified.",
    "Capability storage-workers has no exact applicability manifest.",
    "Capability storage-workers has no evidence.",
    "Capability svg-canvas-images is not qualified.",
    "Capability svg-canvas-images has no exact applicability manifest.",
    "Capability svg-canvas-images has no evidence.",
    "Capability audio-video is not qualified.",
    "Capability audio-video has no exact applicability manifest.",
    "Capability audio-video has no evidence.",
    "Capability guest-graphics is not qualified.",
    "Capability guest-graphics has no exact applicability manifest.",
    "Capability guest-graphics has no evidence.",
    "Capability webassembly is not qualified.",
    "Capability webassembly has no exact applicability manifest.",
    "Capability webassembly has no evidence.",
    "Capability web-security is not qualified.",
    "Capability web-security has no exact applicability manifest.",
    "Capability web-security has no evidence.",
    "Capability web-app-apis is not qualified.",
    "Capability web-app-apis has no exact applicability manifest.",
    "Capability web-app-apis has no evidence.",
    "Capability input-accessibility is not qualified.",
    "Capability input-accessibility has no exact applicability manifest.",
    "Capability input-accessibility has no evidence.",
    "Capability browser-product is not qualified.",
    "Capability browser-product has no exact applicability manifest.",
    "Capability browser-product has no evidence.",
    "Capability embedding-wrappers is not qualified.",
    "Capability embedding-wrappers has no exact applicability manifest.",
    "Capability embedding-wrappers has no evidence.",
    "Capability extensions is not qualified.",
    "Capability extensions has no exact applicability manifest.",
    "Capability extensions has no evidence.",
    "Capability cross-platform is not qualified.",
    "Capability cross-platform has no exact applicability manifest.",
    "Capability cross-platform has no evidence.",
    "Capability performance is not qualified.",
    "Capability performance has no exact applicability manifest.",
    "Capability performance has no evidence.",
    "Capability maintenance-adoption is not qualified.",
    "Capability maintenance-adoption has no exact applicability manifest.",
    "Capability maintenance-adoption has no evidence.",
    "Release field standards_baseline is unset.",
    "Release field target_matrix is unset.",
    "Release field performance_budgets is unset.",
    "Release field applicability_review is unset.",
    "Release field release_authority is unset.",
    "The owner did not ratify an outbound license.",
    "No protected runner, trust policy, or signed result set exists. Release qualification needs signed results that tools/attest.mjs verifies against protected trust input."
  ],
  "browser_complete": false
}
RESULT {"executable":"C:\\nvm4w\\nodejs\\node.exe","arguments":["tools/fairpane.mjs","release-check"],"cwd":"C:\\src\\fairpane","started_at":"2026-10-09T01:58:15.259Z","exit_code":1,"signal":null,"timed_out":false,"error":null,"duration_ms":42}
