
COMMAND ["C:\\Program Files\\GitHub CLI\\gh.exe","run","view","37876621365","--json","databaseId,headSha,conclusion,createdAt,url"]
{"conclusion":"failure","createdAt":"2026-10-09T02:52:24Z","databaseId":37876621365,"headSha":"71e0ad1e02e11769f64b46af48b9f2462d69134e","url":"https://github.com/mattneel/fairpane/actions/runs/37876621365"}
RESULT {"executable":"C:\\Program Files\\GitHub CLI\\gh.exe","arguments":["run","view","37876621365","--json","databaseId,headSha,conclusion,createdAt,url"],"cwd":"C:\\src\\fairpane","started_at":"2026-10-09T11:59:27.741Z","exit_code":0,"signal":null,"timed_out":false,"error":null,"duration_ms":761}

COMMAND ["C:\\Program Files\\GitHub CLI\\gh.exe","run","view","37876656755","--json","databaseId,headSha,conclusion,createdAt,url"]
{"conclusion":"failure","createdAt":"2026-10-09T02:52:51Z","databaseId":37876656755,"headSha":"101ba28280233d6032e5cafbff67c533db082c4a","url":"https://github.com/mattneel/fairpane/actions/runs/37876656755"}
RESULT {"executable":"C:\\Program Files\\GitHub CLI\\gh.exe","arguments":["run","view","37876656755","--json","databaseId,headSha,conclusion,createdAt,url"],"cwd":"C:\\src\\fairpane","started_at":"2026-10-09T11:59:28.559Z","exit_code":0,"signal":null,"timed_out":false,"error":null,"duration_ms":908}

COMMAND ["C:\\Program Files\\GitHub CLI\\gh.exe","run","view","37883434686","--json","databaseId,headSha,conclusion,createdAt,url"]
{"conclusion":"failure","createdAt":"2026-10-09T04:20:42Z","databaseId":37883434686,"headSha":"18a21b3fad7b1a7019f41b081c515a50f2c43365","url":"https://github.com/mattneel/fairpane/actions/runs/37883434686"}
RESULT {"executable":"C:\\Program Files\\GitHub CLI\\gh.exe","arguments":["run","view","37883434686","--json","databaseId,headSha,conclusion,createdAt,url"],"cwd":"C:\\src\\fairpane","started_at":"2026-10-09T11:59:29.528Z","exit_code":0,"signal":null,"timed_out":false,"error":null,"duration_ms":985}

COMMAND ["C:\\Program Files\\GitHub CLI\\gh.exe","run","view","37883549893","--json","databaseId,headSha,conclusion,createdAt,url"]
{"conclusion":"failure","createdAt":"2026-10-09T04:22:09Z","databaseId":37883549893,"headSha":"acd7a5a2dc4ba0915de7d330e57b51e6251e0077","url":"https://github.com/mattneel/fairpane/actions/runs/37883549893"}
RESULT {"executable":"C:\\Program Files\\GitHub CLI\\gh.exe","arguments":["run","view","37883549893","--json","databaseId,headSha,conclusion,createdAt,url"],"cwd":"C:\\src\\fairpane","started_at":"2026-10-09T11:59:30.567Z","exit_code":0,"signal":null,"timed_out":false,"error":null,"duration_ms":1088}

COMMAND ["C:\\Program Files\\GitHub CLI\\gh.exe","run","view","37883713897","--json","databaseId,headSha,conclusion,createdAt,url"]
{"conclusion":"failure","createdAt":"2026-10-09T04:24:15Z","databaseId":37883713897,"headSha":"a033de3c7f93d31e10b7c53e56abbaea0bc78a9a","url":"https://github.com/mattneel/fairpane/actions/runs/37883713897"}
RESULT {"executable":"C:\\Program Files\\GitHub CLI\\gh.exe","arguments":["run","view","37883713897","--json","databaseId,headSha,conclusion,createdAt,url"],"cwd":"C:\\src\\fairpane","started_at":"2026-10-09T11:59:31.720Z","exit_code":0,"signal":null,"timed_out":false,"error":null,"duration_ms":820}

COMMAND ["C:\\Program Files\\GitHub CLI\\gh.exe","run","view","37884049814","--json","databaseId,headSha,conclusion,createdAt,url"]
{"conclusion":"success","createdAt":"2026-10-09T04:28:36Z","databaseId":37884049814,"headSha":"5f807f2c4d19dc8fdb173db91654e459ad70c891","url":"https://github.com/mattneel/fairpane/actions/runs/37884049814"}
RESULT {"executable":"C:\\Program Files\\GitHub CLI\\gh.exe","arguments":["run","view","37884049814","--json","databaseId,headSha,conclusion,createdAt,url"],"cwd":"C:\\src\\fairpane","started_at":"2026-10-09T11:59:32.597Z","exit_code":0,"signal":null,"timed_out":false,"error":null,"duration_ms":819}

COMMAND ["C:\\Program Files\\GitHub CLI\\gh.exe","run","download","37876621365","-n","windows-gate-receipts-unsigned-local-integrity-records-not-attestations","-D","engineering/evidence/FP-0051/ci/run-37876621365"]
RESULT {"executable":"C:\\Program Files\\GitHub CLI\\gh.exe","arguments":["run","download","37876621365","-n","windows-gate-receipts-unsigned-local-integrity-records-not-attestations","-D","engineering/evidence/FP-0051/ci/run-37876621365"],"cwd":"C:\\src\\fairpane","started_at":"2026-10-09T11:59:33.471Z","exit_code":0,"signal":null,"timed_out":false,"error":null,"duration_ms":1550}

COMMAND ["C:\\Program Files\\GitHub CLI\\gh.exe","run","download","37884049814","-n","windows-gate-receipts-unsigned-local-integrity-records-not-attestations","-D","engineering/evidence/FP-0051/ci/run-37884049814"]
RESULT {"executable":"C:\\Program Files\\GitHub CLI\\gh.exe","arguments":["run","download","37884049814","-n","windows-gate-receipts-unsigned-local-integrity-records-not-attestations","-D","engineering/evidence/FP-0051/ci/run-37884049814"],"cwd":"C:\\src\\fairpane","started_at":"2026-10-09T11:59:35.092Z","exit_code":0,"signal":null,"timed_out":false,"error":null,"duration_ms":1769}
