
COMMAND ["C:\\Program Files\\Git\\cmd\\git.exe","ls-remote","https://github.com/whatwg/html","refs/heads/main"]
877d6146487f15b15bc8dd0e3c625063a37b456a	refs/heads/main
RESULT {"executable":"C:\\Program Files\\Git\\cmd\\git.exe","arguments":["ls-remote","https://github.com/whatwg/html","refs/heads/main"],"cwd":"C:\\Users\\requi\\.omp\\wt\\td1e0b7a40\\m","started_at":"2026-10-09T10:23:34.111Z","exit_code":0,"signal":null,"timed_out":false,"error":null,"duration_ms":726}

COMMAND ["C:\\Windows\\system32\\curl.exe","-sS","-f","-D","-","-o","src/html/entities.LICENSE","https://raw.githubusercontent.com/whatwg/html/efc54f7b70858d9fcf06d1a5871ae215f448c029/LICENSE"]
HTTP/1.1 200 OK
Connection: keep-alive
Content-Length: 16315
Cache-Control: max-age=300
Content-Security-Policy: default-src 'none'; style-src 'unsafe-inline'; sandbox
Content-Type: text/plain; charset=utf-8
ETag: "ab7ebc016cb595157bc212285af4caa72efb38466c57d41f1b3e8110b2c23212"
Strict-Transport-Security: max-age=31536000
X-Content-Type-Options: nosniff
X-Frame-Options: deny
X-XSS-Protection: 1; mode=block
X-GitHub-Request-Id: 63C0:1CC5:16E756:2309CA:6AC8C0AD
x-github-edge-region: iad
Accept-Ranges: bytes
Date: Fri, 09 Oct 2026 10:23:43 GMT
Via: 1.1 varnish
X-Served-By: cache-mia-kmia1760095-MIA
X-Cache: MISS
X-Cache-Hits: 0
X-Timer: S1791541423.175474,VS0,VE104
Vary: Authorization,Accept-Encoding
Access-Control-Allow-Origin: *
Cross-Origin-Resource-Policy: cross-origin
X-Fastly-Request-ID: 71ba3b4336c4a6f7e999251ee6aac7fc5cbce7d2
Expires: Fri, 09 Oct 2026 10:28:43 GMT
Source-Age: 0

RESULT {"executable":"C:\\Windows\\system32\\curl.exe","arguments":["-sS","-f","-D","-","-o","src/html/entities.LICENSE","https://raw.githubusercontent.com/whatwg/html/efc54f7b70858d9fcf06d1a5871ae215f448c029/LICENSE"],"cwd":"C:\\Users\\requi\\.omp\\wt\\td1e0b7a40\\m","started_at":"2026-10-09T10:23:40.903Z","exit_code":0,"signal":null,"timed_out":false,"error":null,"duration_ms":167}

COMMAND ["C:\\Windows\\system32\\curl.exe","-sS","-f","-D","-","-o","out/fp0008-LICENSE-main-877d6146487f15b15bc8dd0e3c625063a37b456a","https://raw.githubusercontent.com/whatwg/html/877d6146487f15b15bc8dd0e3c625063a37b456a/LICENSE"]
HTTP/1.1 200 OK
Connection: keep-alive
Content-Length: 16315
Cache-Control: max-age=300
Content-Security-Policy: default-src 'none'; style-src 'unsafe-inline'; sandbox
Content-Type: text/plain; charset=utf-8
ETag: "ab7ebc016cb595157bc212285af4caa72efb38466c57d41f1b3e8110b2c23212"
Strict-Transport-Security: max-age=31536000
X-Content-Type-Options: nosniff
X-Frame-Options: deny
X-XSS-Protection: 1; mode=block
X-GitHub-Request-Id: FAD0:3A755F:125800:1F8E2E:6AC8C0AE
x-github-edge-region: iad
Accept-Ranges: bytes
Date: Fri, 09 Oct 2026 10:23:43 GMT
Via: 1.1 varnish
X-Served-By: cache-mia-kmia1760025-MIA
X-Cache: MISS
X-Cache-Hits: 0
X-Timer: S1791541423.392582,VS0,VE114
Vary: Authorization,Accept-Encoding
Access-Control-Allow-Origin: *
Cross-Origin-Resource-Policy: cross-origin
X-Fastly-Request-ID: 84c762c764fa10f29b44a532e2149362ce4c33b4
Expires: Fri, 09 Oct 2026 10:28:43 GMT
Source-Age: 0

RESULT {"executable":"C:\\Windows\\system32\\curl.exe","arguments":["-sS","-f","-D","-","-o","out/fp0008-LICENSE-main-877d6146487f15b15bc8dd0e3c625063a37b456a","https://raw.githubusercontent.com/whatwg/html/877d6146487f15b15bc8dd0e3c625063a37b456a/LICENSE"],"cwd":"C:\\Users\\requi\\.omp\\wt\\td1e0b7a40\\m","started_at":"2026-10-09T10:23:41.118Z","exit_code":0,"signal":null,"timed_out":false,"error":null,"duration_ms":180}
