
COMMAND ["C:\\nvm4w\\nodejs\\node.exe","--version"]
v26.7.0
RESULT {"executable":"C:\\nvm4w\\nodejs\\node.exe","arguments":["--version"],"cwd":"C:\\Users\\requi\\.omp\\wt\\te9bac957d\\m","started_at":"2026-10-09T17:58:38.023Z","exit_code":0,"signal":null,"timed_out":false,"error":null,"duration_ms":22}

COMMAND ["C:\\nvm4w\\nodejs\\node.exe","engineering/evidence/FP-0119/observe.mjs"]
tests/text/fonts/noto-sans/NotoSans-Regular.ttf: 3884 glyphs, 2229 simple, 1621 composite, 34 empty
  component flag 0x0001 ARG_1_AND_2_ARE_WORDS: 1402 records
  component flag 0x0002 ARGS_ARE_XY_VALUES: 3331 records
  component flag 0x0004 ROUND_XY_TO_GRID: 3331 records
  component flag 0x0008 WE_HAVE_A_SCALE: 0 records
  component flag 0x0010 reserved 0x0010: 0 records
  component flag 0x0020 MORE_COMPONENTS: 1710 records
  component flag 0x0040 WE_HAVE_AN_X_AND_Y_SCALE: 0 records
  component flag 0x0080 WE_HAVE_A_TWO_BY_TWO: 0 records
  component flag 0x0100 WE_HAVE_INSTRUCTIONS: 0 records
  component flag 0x0200 USE_MY_METRICS: 1236 records
  component flag 0x0400 OVERLAP_COMPOUND: 0 records
  component flag 0x0800 SCALED_COMPONENT_OFFSET: 0 records
  component flag 0x1000 UNSCALED_COMPONENT_OFFSET: 0 records
  component flag 0x2000 reserved 0x2000: 0 records
  component flag 0x4000 reserved 0x4000: 0 records
  component flag 0x8000 reserved 0x8000: 0 records
  maxPoints: maxp 260, observed 260, reached
  maxContours: maxp 24, observed 24, reached
  maxCompositePoints: maxp 102, observed 102, reached
  maxCompositeContours: maxp 6, observed 6, reached
  maxComponentElements: maxp 4, observed 4, reached
  maxComponentDepth: maxp 1, observed 1, reached
tests/text/fonts/noto-sans-arabic/NotoSansArabic-Regular.ttf: 1399 glyphs, 404 simple, 988 composite, 7 empty
  component flag 0x0001 ARG_1_AND_2_ARE_WORDS: 1440 records
  component flag 0x0002 ARGS_ARE_XY_VALUES: 2550 records
  component flag 0x0004 ROUND_XY_TO_GRID: 2550 records
  component flag 0x0008 WE_HAVE_A_SCALE: 0 records
  component flag 0x0010 reserved 0x0010: 0 records
  component flag 0x0020 MORE_COMPONENTS: 1562 records
  component flag 0x0040 WE_HAVE_AN_X_AND_Y_SCALE: 0 records
  component flag 0x0080 WE_HAVE_A_TWO_BY_TWO: 0 records
  component flag 0x0100 WE_HAVE_INSTRUCTIONS: 0 records
  component flag 0x0200 USE_MY_METRICS: 439 records
  component flag 0x0400 OVERLAP_COMPOUND: 0 records
  component flag 0x0800 SCALED_COMPONENT_OFFSET: 0 records
  component flag 0x1000 UNSCALED_COMPONENT_OFFSET: 0 records
  component flag 0x2000 reserved 0x2000: 0 records
  component flag 0x4000 reserved 0x4000: 0 records
  component flag 0x8000 reserved 0x8000: 0 records
  maxPoints: maxp 778, observed 778, reached
  maxContours: maxp 38, observed 38, reached
  maxCompositePoints: maxp 237, observed 237, reached
  maxCompositeContours: maxp 11, observed 11, reached
  maxComponentElements: maxp 8, observed 8, reached
  maxComponentDepth: maxp 1, observed 1, reached
tests/text/fonts/noto-sans-devanagari/NotoSansDevanagari-Regular.ttf: 845 glyphs, 622 simple, 217 composite, 6 empty
  component flag 0x0001 ARG_1_AND_2_ARE_WORDS: 218 records
  component flag 0x0002 ARGS_ARE_XY_VALUES: 401 records
  component flag 0x0004 ROUND_XY_TO_GRID: 401 records
  component flag 0x0008 WE_HAVE_A_SCALE: 0 records
  component flag 0x0010 reserved 0x0010: 0 records
  component flag 0x0020 MORE_COMPONENTS: 184 records
  component flag 0x0040 WE_HAVE_AN_X_AND_Y_SCALE: 0 records
  component flag 0x0080 WE_HAVE_A_TWO_BY_TWO: 0 records
  component flag 0x0100 WE_HAVE_INSTRUCTIONS: 0 records
  component flag 0x0200 USE_MY_METRICS: 182 records
  component flag 0x0400 OVERLAP_COMPOUND: 0 records
  component flag 0x0800 SCALED_COMPONENT_OFFSET: 0 records
  component flag 0x1000 UNSCALED_COMPONENT_OFFSET: 0 records
  component flag 0x2000 reserved 0x2000: 0 records
  component flag 0x4000 reserved 0x4000: 0 records
  component flag 0x8000 reserved 0x8000: 0 records
  maxPoints: maxp 127, observed 127, reached
  maxContours: maxp 8, observed 8, reached
  maxCompositePoints: maxp 113, observed 113, reached
  maxCompositeContours: maxp 6, observed 6, reached
  maxComponentElements: maxp 3, observed 3, reached
  maxComponentDepth: maxp 1, observed 1, reached
RESULT {"executable":"C:\\nvm4w\\nodejs\\node.exe","arguments":["engineering/evidence/FP-0119/observe.mjs"],"cwd":"C:\\Users\\requi\\.omp\\wt\\te9bac957d\\m","started_at":"2026-10-09T17:58:38.106Z","exit_code":0,"signal":null,"timed_out":false,"error":null,"duration_ms":65}
