Fairpane local gate: repo-check
Trust: unsigned-local-integrity-only

COMMAND ["C:\\nvm4w\\nodejs\\node.exe","C:\\src\\fairpane\\tools\\fairpane.mjs","check"]
{
  "result": "pass",
  "level": "bootstrap-integrity-only",
  "tasks": 46,
  "gates": 9,
  "capability_families": 21,
  "fingerprints": {
    "source": {
      "sha256": "236167df5e6347b70e81ba835fffbfcf42e40382479df49c69a6d02d4db89af4",
      "file_count": 91
    },
    "policy": {
      "sha256": "a62931e5769ceee40c268530445a7e0ac967bcd254d638b3b44b665bce355a8f",
      "file_count": 17
    }
  },
  "note": "This check is not browser conformance or an independent security attestation."
}
RESULT {"executable":"C:\\nvm4w\\nodejs\\node.exe","arguments":["C:\\src\\fairpane\\tools\\fairpane.mjs","check"],"cwd":"C:\\src\\fairpane","started_at":"2026-10-09T01:26:51.068Z","exit_code":0,"signal":null,"timed_out":false,"error":null,"duration_ms":97}
