Fairpane local gate: repo-check
Trust: unsigned-local-integrity-only

COMMAND ["C:\\hostedtoolcache\\windows\\node\\24.21.0\\x64\\node.exe","D:\\a\\fairpane\\fairpane\\tools\\fairpane.mjs","check"]
{
  "result": "pass",
  "level": "bootstrap-integrity-only",
  "tasks": 134,
  "gates": 9,
  "capability_families": 21,
  "fingerprints": {
    "source": {
      "sha256": "b78a85a858cea0c8e5dc1834e56036a875d903307bdc4741bc1c46f8c5c65f93",
      "file_count": 338
    },
    "policy": {
      "sha256": "29d3333e47b6bd5348370ff23baeb443b7579ff82a58fff942da03f2c720c6a7",
      "file_count": 24
    }
  },
  "note": "This check is not browser conformance or an independent security attestation."
}
RESULT {"executable":"C:\\hostedtoolcache\\windows\\node\\24.21.0\\x64\\node.exe","arguments":["D:\\a\\fairpane\\fairpane\\tools\\fairpane.mjs","check"],"cwd":"D:\\a\\fairpane\\fairpane","started_at":"2026-10-09T19:51:00.374Z","exit_code":0,"signal":null,"timed_out":false,"error":null,"duration_ms":283}
