Fairpane local gate: repo-check
Trust: unsigned-local-integrity-only

COMMAND ["C:\\nvm4w\\nodejs\\node.exe","C:\\src\\fairpane\\tools\\fairpane.mjs","check"]
{
  "result": "pass",
  "level": "bootstrap-integrity-only",
  "tasks": 98,
  "gates": 9,
  "capability_families": 21,
  "fingerprints": {
    "source": {
      "sha256": "bb40c685365f91c7fbb09235df44a5a9e9510b5c0421eaeb8473c12503c8736c",
      "file_count": 284
    },
    "policy": {
      "sha256": "7f54414c3c601aa711ad9de04dfe9c3d4b4fd3999cc01dd1f1ea7de2d3ea17ee",
      "file_count": 23
    }
  },
  "note": "This check is not browser conformance or an independent security attestation."
}
RESULT {"executable":"C:\\nvm4w\\nodejs\\node.exe","arguments":["C:\\src\\fairpane\\tools\\fairpane.mjs","check"],"cwd":"C:\\src\\fairpane","started_at":"2026-10-09T13:12:29.124Z","exit_code":0,"signal":null,"timed_out":false,"error":null,"duration_ms":180}
