Fairpane local gate: repo-check
Trust: unsigned-local-integrity-only

COMMAND ["C:\\nvm4w\\nodejs\\node.exe","C:\\src\\fairpane\\tools\\fairpane.mjs","check"]
{
  "result": "pass",
  "level": "bootstrap-integrity-only",
  "tasks": 134,
  "gates": 9,
  "capability_families": 21,
  "fingerprints": {
    "source": {
      "sha256": "1be01a92358fdd0974c6e04712fe40a64656a9361e53f2e218351a50c73822a5",
      "file_count": 327
    },
    "policy": {
      "sha256": "aca895a290b4de380180be851027943c1beaf9c0322ca4ad7c396072718c4f88",
      "file_count": 24
    }
  },
  "note": "This check is not browser conformance or an independent security attestation."
}
RESULT {"executable":"C:\\nvm4w\\nodejs\\node.exe","arguments":["C:\\src\\fairpane\\tools\\fairpane.mjs","check"],"cwd":"C:\\src\\fairpane","started_at":"2026-10-09T18:27:20.194Z","exit_code":0,"signal":null,"timed_out":false,"error":null,"duration_ms":202}
