
COMMAND ["C:\\nvm4w\\nodejs\\node.exe","tools/fairpane.mjs","check"]
{
  "result": "pass",
  "level": "bootstrap-integrity-only",
  "tasks": 28,
  "gates": 9,
  "capability_families": 19,
  "fingerprints": {
    "source": {
      "sha256": "2840523be15cde4d1af2fdd7f679d776cb784f630a1a9ac3949bb98f2c98fba3",
      "file_count": 84
    },
    "policy": {
      "sha256": "714cd890278125027174ea177c4d7c0b82792ca816f81965b28b7811806a2052",
      "file_count": 17
    }
  },
  "note": "This check is not browser conformance or an independent security attestation."
}
RESULT {"executable":"C:\\nvm4w\\nodejs\\node.exe","arguments":["tools/fairpane.mjs","check"],"exit_code":0,"signal":null,"timed_out":false,"error":null,"duration_ms":74}
