
COMMAND ["C:\\nvm4w\\nodejs\\node.exe","tools/fairpane.mjs","corpus-verify","wpt"]
{
  "result": "pass",
  "corpus": "wpt",
  "snapshot": "C:\\src\\fairpane\\.tools\\corpora\\wpt\\repository.git",
  "commit": "b60c4b349d9d167bf354a40bc0d4cbed15174606",
  "tree": "a499343a14a03239fe23fdb3b183732ddaa6cf4b",
  "inventory": {
    "entry_count": 164551,
    "total_blob_bytes": 505155316,
    "sha256": "0be4a67e0e13f7fb1f9d82324a118dd3851acbcb50752ecb3615eb1391e395ab"
  },
  "license": {
    "path": "LICENSE.md",
    "size": 1500,
    "sha256": "5fac07febb0e2a97fb0d7b0def149ec08b642e1ba4b9c345283ab1cbd2af6570",
    "name": "The 3-Clause BSD License"
  },
  "applicability": {
    "status": "blocked",
    "discovered": null,
    "unclassified": null
  },
  "note": "Verification read Git objects only. It does not qualify any engine behavior."
}
RESULT {"executable":"C:\\nvm4w\\nodejs\\node.exe","arguments":["tools/fairpane.mjs","corpus-verify","wpt"],"exit_code":0,"signal":null,"timed_out":false,"error":null,"duration_ms":5175,"environment_overrides":{"FAIRPANE_CORPORA_DIR":"C:\\src\\fairpane\\.tools\\corpora"}}
