
COMMAND ["C:\\nvm4w\\nodejs\\node.exe","tools/fairpane.mjs","corpus-applicability","wpt"]
{
  "result": "pass",
  "record": "specs/applicability/wpt.json",
  "schema_version": 1,
  "corpus": "wpt",
  "commit": "b60c4b349d9d167bf354a40bc0d4cbed15174606",
  "status": "counted",
  "discovery": {
    "rule": "Read the manifest that wpt.fyi publishes for the pinned commit after binding every manifest path and hash to the Git blob IDs of the pinned tree. Count the items of each manifest item type; each file entry contributes its array length minus one, because the first element is the file hash and each other element is one test URL. Discovered tests are the items of every type except \"spec\", \"support\", and \"test262\". The record reports \"test262\" items separately, with the vendored Test262 revision from third_party/test262/vendored.toml.",
    "command": "node tools/fairpane.mjs corpus-applicability wpt"
  },
  "manifest": {
    "url": "https://wpt.fyi/api/manifest?sha=b60c4b349d9d167bf354a40bc0d4cbed15174606",
    "size": 40224677,
    "sha256": "86d55bee991997a4753d0987397883249a0d6fc94e0901ed3efb84cceed53067",
    "version": 9,
    "item_counts": {
      "aamtest": 190,
      "crashtest": 2030,
      "manual": 3047,
      "print-reftest": 432,
      "reftest": 28489,
      "support": 41779,
      "test262": 53660,
      "testharness": 39050,
      "visual": 2714,
      "wdspec": 648
    }
  },
  "discovered": 76600,
  "selected": 0,
  "excluded": [],
  "unclassified": 76600,
  "breakdown": {
    "by": "WPT manifest item type",
    "counts": {
      "aamtest": 190,
      "crashtest": 2030,
      "manual": 3047,
      "print-reftest": 432,
      "reftest": 28489,
      "testharness": 39050,
      "visual": 2714,
      "wdspec": 648
    }
  },
  "reported_separately": {
    "test262": {
      "items": 53660,
      "vendored": {
        "path": "third_party/test262/vendored.toml",
        "source": "https://github.com/tc39/test262",
        "revision": "7ab7fafa0003f73fc85c1b95d88094d33f7eb8bd"
      },
      "reason": "Fairpane runs Test262 from its own pinned test262 corpus, so the vendored WPT copy stays outside the WPT denominator."
    }
  }
}
RESULT {"executable":"C:\\nvm4w\\nodejs\\node.exe","arguments":["tools/fairpane.mjs","corpus-applicability","wpt"],"cwd":"C:\\Users\\requi\\.omp\\wt\\t91d469060\\m","started_at":"2026-10-09T01:24:49.820Z","exit_code":0,"signal":null,"timed_out":false,"error":null,"duration_ms":758,"environment_overrides":{"FAIRPANE_CORPORA_DIR":"C:\\src\\fairpane\\.tools\\corpora"}}
