
COMMAND ["C:\\Program Files\\Git\\cmd\\git.exe","rev-parse","HEAD"]
e70bba127f0f31681e515bfca93823fdf3331cbf
RESULT {"executable":"C:\\Program Files\\Git\\cmd\\git.exe","arguments":["rev-parse","HEAD"],"cwd":"C:\\src\\fairpane","started_at":"2026-10-09T02:32:09.698Z","exit_code":0,"signal":null,"timed_out":false,"error":null,"duration_ms":22}

COMMAND ["C:\\Program Files\\Git\\cmd\\git.exe","status","--porcelain","--untracked-files=all"]
?? engineering/evidence/FP-0003/raw/pinned-binding.log
?? engineering/evidence/FP-0003/reviews/review-3-accept.json
?? engineering/evidence/FP-0003/reviews/spec-review-3-accept.json
RESULT {"executable":"C:\\Program Files\\Git\\cmd\\git.exe","arguments":["status","--porcelain","--untracked-files=all"],"cwd":"C:\\src\\fairpane","started_at":"2026-10-09T02:32:09.783Z","exit_code":0,"signal":null,"timed_out":false,"error":null,"duration_ms":23}

COMMAND ["C:\\Program Files\\Git\\cmd\\git.exe","rev-parse","HEAD"]
b3000c4ab1beaa3e3f148061d1cef28335d5e7ad
RESULT {"executable":"C:\\Program Files\\Git\\cmd\\git.exe","arguments":["rev-parse","HEAD"],"cwd":"C:\\src\\fairpane","started_at":"2026-10-09T02:34:18.601Z","exit_code":0,"signal":null,"timed_out":false,"error":null,"duration_ms":18}

COMMAND ["C:\\Program Files\\Git\\cmd\\git.exe","status","--porcelain","--untracked-files=all"]
 M engineering/evidence/FP-0003/raw/corpus-verify.log
?? engineering/evidence/FP-0003/gates/2026-10-09T02-32-09-886Z-repo-check-e2940fac.json
?? engineering/evidence/FP-0003/gates/2026-10-09T02-32-09-886Z-repo-check-e2940fac.log
?? engineering/evidence/FP-0003/gates/2026-10-09T02-32-10-071Z-controller-test-431d9c99.json
?? engineering/evidence/FP-0003/gates/2026-10-09T02-32-10-071Z-controller-test-431d9c99.log
?? engineering/evidence/FP-0003/raw/pinned-binding.log
?? engineering/evidence/FP-0003/reviews/review-3-accept.json
?? engineering/evidence/FP-0003/reviews/spec-review-3-accept.json
RESULT {"executable":"C:\\Program Files\\Git\\cmd\\git.exe","arguments":["status","--porcelain","--untracked-files=all"],"cwd":"C:\\src\\fairpane","started_at":"2026-10-09T02:34:18.668Z","exit_code":0,"signal":null,"timed_out":false,"error":null,"duration_ms":25}
