
COMMAND ["C:\\nvm4w\\nodejs\\node.exe","-e","fetch('https://pypi.org/pypi/PyYAML/6.0.1/json').then(r=>r.json()).then(j=>console.log(j.urls.map(u=>u.filename).sort().join('\\n')))"]
PyYAML-6.0.1-cp310-cp310-macosx_10_9_x86_64.whl
PyYAML-6.0.1-cp310-cp310-macosx_11_0_arm64.whl
PyYAML-6.0.1-cp310-cp310-manylinux_2_17_aarch64.manylinux2014_aarch64.whl
PyYAML-6.0.1-cp310-cp310-manylinux_2_17_s390x.manylinux2014_s390x.whl
PyYAML-6.0.1-cp310-cp310-manylinux_2_17_x86_64.manylinux2014_x86_64.whl
PyYAML-6.0.1-cp310-cp310-musllinux_1_1_x86_64.whl
PyYAML-6.0.1-cp310-cp310-win32.whl
PyYAML-6.0.1-cp310-cp310-win_amd64.whl
PyYAML-6.0.1-cp311-cp311-macosx_10_9_x86_64.whl
PyYAML-6.0.1-cp311-cp311-macosx_11_0_arm64.whl
PyYAML-6.0.1-cp311-cp311-manylinux_2_17_aarch64.manylinux2014_aarch64.whl
PyYAML-6.0.1-cp311-cp311-manylinux_2_17_s390x.manylinux2014_s390x.whl
PyYAML-6.0.1-cp311-cp311-manylinux_2_17_x86_64.manylinux2014_x86_64.whl
PyYAML-6.0.1-cp311-cp311-musllinux_1_1_x86_64.whl
PyYAML-6.0.1-cp311-cp311-win32.whl
PyYAML-6.0.1-cp311-cp311-win_amd64.whl
PyYAML-6.0.1-cp312-cp312-macosx_10_9_x86_64.whl
PyYAML-6.0.1-cp312-cp312-macosx_11_0_arm64.whl
PyYAML-6.0.1-cp312-cp312-manylinux_2_17_aarch64.manylinux2014_aarch64.whl
PyYAML-6.0.1-cp312-cp312-manylinux_2_17_x86_64.manylinux2014_x86_64.whl
PyYAML-6.0.1-cp312-cp312-musllinux_1_1_x86_64.whl
PyYAML-6.0.1-cp312-cp312-win32.whl
PyYAML-6.0.1-cp312-cp312-win_amd64.whl
PyYAML-6.0.1-cp36-cp36m-macosx_10_9_x86_64.whl
PyYAML-6.0.1-cp36-cp36m-manylinux_2_17_aarch64.manylinux2014_aarch64.whl
PyYAML-6.0.1-cp36-cp36m-manylinux_2_17_s390x.manylinux2014_s390x.whl
PyYAML-6.0.1-cp36-cp36m-manylinux_2_17_x86_64.manylinux2014_x86_64.whl
PyYAML-6.0.1-cp36-cp36m-win32.whl
PyYAML-6.0.1-cp36-cp36m-win_amd64.whl
PyYAML-6.0.1-cp37-cp37m-macosx_10_9_x86_64.whl
PyYAML-6.0.1-cp37-cp37m-manylinux_2_17_aarch64.manylinux2014_aarch64.whl
PyYAML-6.0.1-cp37-cp37m-manylinux_2_17_s390x.manylinux2014_s390x.whl
PyYAML-6.0.1-cp37-cp37m-manylinux_2_17_x86_64.manylinux2014_x86_64.whl
PyYAML-6.0.1-cp37-cp37m-win32.whl
PyYAML-6.0.1-cp37-cp37m-win_amd64.whl
PyYAML-6.0.1-cp38-cp38-macosx_10_9_x86_64.whl
PyYAML-6.0.1-cp38-cp38-manylinux_2_17_aarch64.manylinux2014_aarch64.whl
PyYAML-6.0.1-cp38-cp38-manylinux_2_17_s390x.manylinux2014_s390x.whl
PyYAML-6.0.1-cp38-cp38-manylinux_2_17_x86_64.manylinux2014_x86_64.whl
PyYAML-6.0.1-cp38-cp38-musllinux_1_1_x86_64.whl
PyYAML-6.0.1-cp38-cp38-win32.whl
PyYAML-6.0.1-cp38-cp38-win_amd64.whl
PyYAML-6.0.1-cp39-cp39-macosx_10_9_x86_64.whl
PyYAML-6.0.1-cp39-cp39-macosx_11_0_arm64.whl
PyYAML-6.0.1-cp39-cp39-manylinux_2_17_aarch64.manylinux2014_aarch64.whl
PyYAML-6.0.1-cp39-cp39-manylinux_2_17_s390x.manylinux2014_s390x.whl
PyYAML-6.0.1-cp39-cp39-manylinux_2_17_x86_64.manylinux2014_x86_64.whl
PyYAML-6.0.1-cp39-cp39-musllinux_1_1_x86_64.whl
PyYAML-6.0.1-cp39-cp39-win32.whl
PyYAML-6.0.1-cp39-cp39-win_amd64.whl
PyYAML-6.0.1.tar.gz
RESULT {"executable":"C:\\nvm4w\\nodejs\\node.exe","arguments":["-e","fetch('https://pypi.org/pypi/PyYAML/6.0.1/json').then(r=>r.json()).then(j=>console.log(j.urls.map(u=>u.filename).sort().join('\\n')))"],"exit_code":0,"signal":null,"timed_out":false,"error":null,"duration_ms":223}
