
COMMAND ["C:\\nvm4w\\nodejs\\node.exe","tools/fairpane.mjs","check"]
{
  "result": "pass",
  "level": "bootstrap-integrity-only",
  "tasks": 49,
  "gates": 9,
  "capability_families": 20,
  "fingerprints": {
    "source": {
      "sha256": "521c1328baa707b868cc920b8289d24d4e0437fa4c3b7d800908fa7ef320058e",
      "file_count": 94
    },
    "policy": {
      "sha256": "58966e60ee7bba5632e0e5c53806bc6cd76f4bc7ddfcd17a42b2d083db766614",
      "file_count": 17
    }
  },
  "note": "This check is not browser conformance or an independent security attestation."
}
RESULT {"executable":"C:\\nvm4w\\nodejs\\node.exe","arguments":["tools/fairpane.mjs","check"],"cwd":"C:\\Users\\requi\\.omp\\wt\\td559a5711\\m","started_at":"2026-10-09T02:03:31.317Z","exit_code":0,"signal":null,"timed_out":false,"error":null,"duration_ms":99}
