
COMMAND ["C:\\nvm4w\\nodejs\\node.exe","tools/fairpane.mjs","check"]
{
  "result": "pass",
  "level": "bootstrap-integrity-only",
  "tasks": 34,
  "gates": 9,
  "capability_families": 19,
  "fingerprints": {
    "source": {
      "sha256": "3d331803acf328a8903b609c720dfc8c874041878722a01e714f8ddaa18ff15b",
      "file_count": 87
    },
    "policy": {
      "sha256": "f30ce59952adf363e29dc5408834cdc2e88927559a174fc83074107b242b1051",
      "file_count": 17
    }
  },
  "note": "This check is not browser conformance or an independent security attestation."
}
RESULT {"executable":"C:\\nvm4w\\nodejs\\node.exe","arguments":["tools/fairpane.mjs","check"],"cwd":"C:\\Users\\requi\\.omp\\wt\\t91d469060\\m","started_at":"2026-10-09T01:26:49.382Z","exit_code":0,"signal":null,"timed_out":false,"error":null,"duration_ms":71}
