
COMMAND ["C:\\src\\fairpane\\.tools\\zig\\0.18.0-dev.120+9fe22a29b\\x86_64-windows\\zig.exe","build","lab","check","-Dtarget=x86_64-linux","--summary","all","--prefix","out/fp0054-r1-cross-x86_64-linux","--cache-dir","out/fp0054-r1-cross-log"]
Build Summary: 8/8 steps succeeded
check success
+- compile lib fairpane debug x86_64-linux success 550ms MaxRSS:163M
+- compile test debug x86_64-linux success 1s MaxRSS:219M
+- compile test debug x86_64-linux success 706ms MaxRSS:175M
+- compile exe fairpane-lab debug x86_64-linux success 646ms MaxRSS:150M
+- compile exe fairpane-lab-check debug x86_64-linux success 644ms MaxRSS:150M
lab success
+- install fairpane-lab success
   +- compile exe fairpane-lab debug x86_64-linux (reused)

RESULT {"executable":"C:\\src\\fairpane\\.tools\\zig\\0.18.0-dev.120+9fe22a29b\\x86_64-windows\\zig.exe","arguments":["build","lab","check","-Dtarget=x86_64-linux","--summary","all","--prefix","out/fp0054-r1-cross-x86_64-linux","--cache-dir","out/fp0054-r1-cross-log"],"cwd":"C:\\Users\\requi\\.omp\\wt\\tc15f8143b\\m","started_at":"2026-10-09T09:57:03.806Z","exit_code":0,"signal":null,"timed_out":false,"error":null,"duration_ms":3986,"environment_overrides":{"ZIG_GLOBAL_CACHE_DIR":"C:\\src\\fairpane\\.zig-cache\\global"}}

COMMAND ["C:\\src\\fairpane\\.tools\\zig\\0.18.0-dev.120+9fe22a29b\\x86_64-windows\\zig.exe","build","lab","check","-Dtarget=aarch64-macos","--summary","all","--prefix","out/fp0054-r1-cross-aarch64-macos","--cache-dir","out/fp0054-r1-cross-log"]
Build Summary: 8/8 steps succeeded
check success
+- compile lib fairpane debug aarch64-macos success 1s MaxRSS:225M
+- compile test debug aarch64-macos success 5s MaxRSS:598M
+- compile test debug aarch64-macos success 2s MaxRSS:353M
+- compile exe fairpane-lab debug aarch64-macos success 2s MaxRSS:288M
+- compile exe fairpane-lab-check debug aarch64-macos success 1s MaxRSS:274M
lab success
+- install fairpane-lab success
   +- compile exe fairpane-lab debug aarch64-macos (reused)

RESULT {"executable":"C:\\src\\fairpane\\.tools\\zig\\0.18.0-dev.120+9fe22a29b\\x86_64-windows\\zig.exe","arguments":["build","lab","check","-Dtarget=aarch64-macos","--summary","all","--prefix","out/fp0054-r1-cross-aarch64-macos","--cache-dir","out/fp0054-r1-cross-log"],"cwd":"C:\\Users\\requi\\.omp\\wt\\tc15f8143b\\m","started_at":"2026-10-09T09:57:07.844Z","exit_code":0,"signal":null,"timed_out":false,"error":null,"duration_ms":5584,"environment_overrides":{"ZIG_GLOBAL_CACHE_DIR":"C:\\src\\fairpane\\.zig-cache\\global"}}
