
COMMAND ["C:\\nvm4w\\nodejs\\node.exe","tools/fairpane.mjs","evidence-check","engineering/evidence/FP-0028/gates/2026-10-09T00-29-56-437Z-repo-check-49eea8ab.json"]
{
  "result": "pass",
  "gate": "repo-check",
  "trust": "unsigned-local-integrity-only",
  "current_source": true
}
RESULT {"executable":"C:\\nvm4w\\nodejs\\node.exe","arguments":["tools/fairpane.mjs","evidence-check","engineering/evidence/FP-0028/gates/2026-10-09T00-29-56-437Z-repo-check-49eea8ab.json"],"cwd":"C:\\src\\fairpane","started_at":"2026-10-09T00:29:58.675Z","exit_code":0,"signal":null,"timed_out":false,"error":null,"duration_ms":65}

COMMAND ["C:\\nvm4w\\nodejs\\node.exe","tools/fairpane.mjs","evidence-check","engineering/evidence/FP-0028/gates/2026-10-09T00-29-56-585Z-controller-test-96190cb1.json"]
{
  "result": "pass",
  "gate": "controller-test",
  "trust": "unsigned-local-integrity-only",
  "current_source": true
}
RESULT {"executable":"C:\\nvm4w\\nodejs\\node.exe","arguments":["tools/fairpane.mjs","evidence-check","engineering/evidence/FP-0028/gates/2026-10-09T00-29-56-585Z-controller-test-96190cb1.json"],"cwd":"C:\\src\\fairpane","started_at":"2026-10-09T00:29:58.785Z","exit_code":0,"signal":null,"timed_out":false,"error":null,"duration_ms":66}

COMMAND ["C:\\nvm4w\\nodejs\\node.exe","tools/fairpane.mjs","evidence-check","engineering/evidence/FP-0028/gates/2026-10-09T00-29-58-183Z-zig-test-2ed9ae83.json"]
{
  "result": "pass",
  "gate": "zig-test",
  "trust": "unsigned-local-integrity-only",
  "current_source": true
}
RESULT {"executable":"C:\\nvm4w\\nodejs\\node.exe","arguments":["tools/fairpane.mjs","evidence-check","engineering/evidence/FP-0028/gates/2026-10-09T00-29-58-183Z-zig-test-2ed9ae83.json"],"cwd":"C:\\src\\fairpane","started_at":"2026-10-09T00:29:58.896Z","exit_code":0,"signal":null,"timed_out":false,"error":null,"duration_ms":63}

COMMAND ["C:\\nvm4w\\nodejs\\node.exe","tools/fairpane.mjs","evidence-check","engineering/evidence/FP-0028/gates/2026-10-09T00-29-58-368Z-c-abi-671644d4.json"]
{
  "result": "pass",
  "gate": "c-abi",
  "trust": "unsigned-local-integrity-only",
  "current_source": true
}
RESULT {"executable":"C:\\nvm4w\\nodejs\\node.exe","arguments":["tools/fairpane.mjs","evidence-check","engineering/evidence/FP-0028/gates/2026-10-09T00-29-58-368Z-c-abi-671644d4.json"],"cwd":"C:\\src\\fairpane","started_at":"2026-10-09T00:29:59.003Z","exit_code":0,"signal":null,"timed_out":false,"error":null,"duration_ms":65}
