
COMMAND ["C:\\Program Files\\Git\\cmd\\git.exe","hash-object","src/c_api.zig"]
0f0c3cb89ec13a57d945ac994cf19bf7a8c05a9b
RESULT {"executable":"C:\\Program Files\\Git\\cmd\\git.exe","arguments":["hash-object","src/c_api.zig"],"cwd":"C:\\Users\\requi\\.omp\\wt\\tf07027fe0\\m","started_at":"2026-10-09T20:21:16.116Z","exit_code":0,"signal":null,"timed_out":false,"error":null,"duration_ms":44}

COMMAND ["C:\\nvm4w\\nodejs\\node.exe","-e","const fs=require('fs');fs.copyFileSync('src/c_api.zig','out/fp0106/mutation/c_api.zig.saved');fs.copyFileSync('out/fp0106/mutation/c_api-R.zig','src/c_api.zig')"]
RESULT {"executable":"C:\\nvm4w\\nodejs\\node.exe","arguments":["-e","const fs=require('fs');fs.copyFileSync('src/c_api.zig','out/fp0106/mutation/c_api.zig.saved');fs.copyFileSync('out/fp0106/mutation/c_api-R.zig','src/c_api.zig')"],"cwd":"C:\\Users\\requi\\.omp\\wt\\tf07027fe0\\m","started_at":"2026-10-09T20:21:16.233Z","exit_code":0,"signal":null,"timed_out":false,"error":null,"duration_ms":44}

COMMAND ["C:\\Program Files\\Git\\cmd\\git.exe","hash-object","src/c_api.zig"]
72642bd0681b6b798ab1da639180098040628f74
RESULT {"executable":"C:\\Program Files\\Git\\cmd\\git.exe","arguments":["hash-object","src/c_api.zig"],"cwd":"C:\\Users\\requi\\.omp\\wt\\tf07027fe0\\m","started_at":"2026-10-09T20:21:16.346Z","exit_code":0,"signal":null,"timed_out":false,"error":null,"duration_ms":41}

COMMAND ["C:\\Program Files\\Git\\cmd\\git.exe","status","--short"]
 M build.zig
 M src/c_api.zig
 M src/lab.zig
 M src/lab_main.zig
 M src/root.zig
 M tests/lab/README.md
 M tests/lab/check.zig
 M tools/README.md
 M tools/lib.mjs
 M tools/zig/library_check.zig
?? engineering/evidence/FP-0106/raw/
?? engineering/evidence/ci/dispatch-57df855/
?? src/lab_identity_test.zig
RESULT {"executable":"C:\\Program Files\\Git\\cmd\\git.exe","arguments":["status","--short"],"cwd":"C:\\Users\\requi\\.omp\\wt\\tf07027fe0\\m","started_at":"2026-10-09T20:21:16.456Z","exit_code":0,"signal":null,"timed_out":false,"error":null,"duration_ms":36}

COMMAND ["C:\\nvm4w\\nodejs\\node.exe","tools/fairpane.mjs","run","c-abi","--evidence-dir","out/evidence/fp0106-after-R"]
Execute gate c-abi.
{
  "gate": "c-abi",
  "status": "fail",
  "receipt": "out/evidence/fp0106-after-R/2026-10-09T20-21-19-482Z-c-abi-b493555c.json",
  "error": "Gate command failed: [\"C:\\\\nvm4w\\\\nodejs\\\\node.exe\",\"C:\\\\Users\\\\requi\\\\.omp\\\\wt\\\\tf07027fe0\\\\m\\\\tools\\\\fairpane.mjs\",\"abi-exports\",\"out/c-abi-release/lib/fairpane.lib\"]"
}
RESULT {"executable":"C:\\nvm4w\\nodejs\\node.exe","arguments":["tools/fairpane.mjs","run","c-abi","--evidence-dir","out/evidence/fp0106-after-R"],"cwd":"C:\\Users\\requi\\.omp\\wt\\tf07027fe0\\m","started_at":"2026-10-09T20:21:19.291Z","exit_code":1,"signal":null,"timed_out":false,"error":null,"duration_ms":7016}

COMMAND ["C:\\nvm4w\\nodejs\\node.exe","-e","const fs=require('fs');fs.copyFileSync('out/fp0106/mutation/c_api.zig.saved','src/c_api.zig');const s='out/evidence/fp0106-after-R',d='engineering/evidence/FP-0106/raw/gates-after-R';fs.mkdirSync(d,{recursive:true});for(const f of fs.readdirSync(s))fs.copyFileSync(s+'/'+f,d+'/'+f)"]
RESULT {"executable":"C:\\nvm4w\\nodejs\\node.exe","arguments":["-e","const fs=require('fs');fs.copyFileSync('out/fp0106/mutation/c_api.zig.saved','src/c_api.zig');const s='out/evidence/fp0106-after-R',d='engineering/evidence/FP-0106/raw/gates-after-R';fs.mkdirSync(d,{recursive:true});for(const f of fs.readdirSync(s))fs.copyFileSync(s+'/'+f,d+'/'+f)"],"cwd":"C:\\Users\\requi\\.omp\\wt\\tf07027fe0\\m","started_at":"2026-10-09T20:21:30.508Z","exit_code":0,"signal":null,"timed_out":false,"error":null,"duration_ms":68}

COMMAND ["C:\\Program Files\\Git\\cmd\\git.exe","hash-object","src/c_api.zig"]
0f0c3cb89ec13a57d945ac994cf19bf7a8c05a9b
RESULT {"executable":"C:\\Program Files\\Git\\cmd\\git.exe","arguments":["hash-object","src/c_api.zig"],"cwd":"C:\\Users\\requi\\.omp\\wt\\tf07027fe0\\m","started_at":"2026-10-09T20:21:30.662Z","exit_code":0,"signal":null,"timed_out":false,"error":null,"duration_ms":39}

COMMAND ["C:\\Program Files\\Git\\cmd\\git.exe","status","--short","src/c_api.zig"]
RESULT {"executable":"C:\\Program Files\\Git\\cmd\\git.exe","arguments":["status","--short","src/c_api.zig"],"cwd":"C:\\Users\\requi\\.omp\\wt\\tf07027fe0\\m","started_at":"2026-10-09T20:21:30.793Z","exit_code":0,"signal":null,"timed_out":false,"error":null,"duration_ms":37}
