
COMMAND ["C:srcfairpane.toolszig0.18.0-dev.120+9fe22a29bx86_64-windowszig.exe","fmt","--check","build.zig","src","tests","tools/zig"]
RESULT {"executable":"C:srcfairpane.toolszig0.18.0-dev.120+9fe22a29bx86_64-windowszig.exe","arguments":["fmt","--check","build.zig","src","tests","tools/zig"],"cwd":"C:\\Users\\requi\\.omp\\wt\\tf07027fe0\\m","started_at":"2026-10-09T20:12:45.336Z","exit_code":null,"signal":null,"timed_out":false,"error":"The executable is not on PATH: C:srcfairpane.toolszig0.18.0-dev.120+9fe22a29bx86_64-windowszig.exe","duration_ms":0,"environment_overrides":{"ZIG_GLOBAL_CACHE_DIR":"C:srcfairpane.zig-cacheglobal"}}

COMMAND ["C:\\src\\fairpane\\.tools\\zig\\0.18.0-dev.120+9fe22a29b\\x86_64-windows\\zig.exe","fmt","--check","build.zig","src","tests","tools/zig"]
RESULT {"executable":"C:\\src\\fairpane\\.tools\\zig\\0.18.0-dev.120+9fe22a29b\\x86_64-windows\\zig.exe","arguments":["fmt","--check","build.zig","src","tests","tools/zig"],"cwd":"C:\\Users\\requi\\.omp\\wt\\tf07027fe0\\m","started_at":"2026-10-09T20:12:50.058Z","exit_code":0,"signal":null,"timed_out":false,"error":null,"duration_ms":113,"environment_overrides":{"ZIG_GLOBAL_CACHE_DIR":"C:\\src\\fairpane\\.zig-cache\\global"}}

COMMAND ["C:\\src\\fairpane\\.tools\\zig\\0.18.0-dev.120+9fe22a29b\\x86_64-windows\\zig.exe","build","test","--summary","all","--cache-dir","out/fp0106-dev"]
test
+- FP-0082 case 16: a missing path exits with status 3 w
fairpane-js-parse: tests/js/parse/missing.js: FileNotFound
failed command: cd . && ".\\zig-out\\bin\\fairpane-js-parse.exe" file tests/js/parse/missing.js

test
+- FP-0082 case 16: invalid-utf8.js exits with status 3 w
fairpane-js-parse: .\tests\js\parse\invalid-utf8.js: InvalidUtf8
failed command: ".\\zig-out\\bin\\fairpane-js-parse.exe" file ".\\tests\\js\\parse\\invalid-utf8.js"

test
+- FP-0082 case 17: the census refuses an existing output file and exits with status 3 w
fairpane-js-parse: census: cannot create .\out\fp0106-dev\o\0c925f44918d6f5adba948a0455992d0\existing.jsonl: PathAlreadyExists
failed command: ".\\zig-out\\bin\\fairpane-js-parse.exe" census ".\\tests\\js\\census\\sound" ".\\out\\fp0106-dev\\o\\0c925f44918d6f5adba948a0455992d0\\existing.jsonl"

test
+- run test w
FP-0082 case 10: measured stack use 21104 bytes for 1022 terms and 20976 bytes for 1021 parentheses
failed command: cd . && ".\\out\\fp0106-dev\\o\\7a8a95a567558f98c4b0928a39d9a648\\test.exe" "--cache-dir=.\\out\\fp0106-dev" --seed=0xc69b87b --listen=-

Build Summary: 104/104 steps succeeded; 397/397 tests passed
test success
+- run test 329 pass (329 total) 1m MaxRSS:396M
|  +- compile test debug native success 20s MaxRSS:1G
+- run test 61 pass (61 total) 1s MaxRSS:16M
|  +- compile test debug native success 10s MaxRSS:440M
+- FP-0007 case 13: case 2 passes with exit status 0 success 72ms
|  +- install fairpane-lab success
|     +- compile exe fairpane-lab debug native success 8s MaxRSS:369M
+- FP-0007 case 13: case 3 fails with exit status 1 success 83ms
|  +- install fairpane-lab (+1 more reused dependencies)
+- FP-0007 case 13: case 4 is unsupported with exit status 2 success 82ms
|  +- install fairpane-lab (+1 more reused dependencies)
+- FP-0007 case 13: case 1 is a harness error with exit status 3 success 87ms
|  +- install fairpane-lab (+1 more reused dependencies)
+- FP-0007 case 13: case 8 times out with exit status 4 success 72ms
|  +- install fairpane-lab (+1 more reused dependencies)
+- FP-0007 case 13: an unknown command exits with status 64 and writes no result success 90ms
|  +- install fairpane-lab (+1 more reused dependencies)
+- FP-0008 case 26: case 18 passes with exit status 0 success 75ms
|  +- install fairpane-lab (+1 more reused dependencies)
+- FP-0008 case 26: the token_count variant of case 19 fails with exit status 1 success 79ms
|  +- install fairpane-lab (+1 more reused dependencies)
+- FP-0008 case 26: the <p> case of case 21 is unsupported with exit status 2 success 72ms
|  +- install fairpane-lab (+1 more reused dependencies)
+- FP-0123 case 15 Lab-7: the UTF-16BE tokenize case of Lab-3 passes with exit status 0 success 78ms
|  +- install fairpane-lab (+1 more reused dependencies)
+- FP-0007 case 14: minimize reduces a failing fetch case with a 4096-byte body success 148ms
|  +- install fairpane-lab (+1 more reused dependencies)
+- FP-0007 case 14: the minimized case fails the same check success 12ms
|  +- install fairpane-lab (+1 more reused dependencies)
|  +- FP-0007 case 14: minimize reduces a failing fetch case with a 4096-byte body (+1 more reused dependencies)
+- FP-0007 case 14: the minimized document body is 1-minimal success 104ms
|  +- compile exe fairpane-lab-check debug native success 9s MaxRSS:362M
|  +- FP-0007 case 14: minimize reduces a failing fetch case with a 4096-byte body (+1 more reused dependencies)
+- FP-0007 case 14: minimize refuses a passing case success 94ms
|  +- install fairpane-lab (+1 more reused dependencies)
+- FP-0007 case 14: a refused minimization writes nothing success 91ms
|  +- compile exe fairpane-lab-check debug native (reused)
|  +- FP-0007 case 14: minimize refuses a passing case (+1 more reused dependencies)
+- FP-0054 case 5: minimize refuses an --out path that names the input file through another spelling success 86ms
|  +- install fairpane-lab (+1 more reused dependencies)
|  +- FP-0054 case 5: create a fresh directory success 172ms
|  |  +- compile exe fairpane-lab-check debug native (reused)
|  +- FP-0054 case 5: create a fresh directory (+1 more reused dependencies)
+- FP-0054 case 5: the refused minimization leaves the input unchanged success 69ms
|  +- compile exe fairpane-lab-check debug native (reused)
|  +- FP-0054 case 5: create a fresh directory (+1 more reused dependencies)
|  +- FP-0054 case 5: minimize refuses an --out path that names the input file through another spelling (+3 more reused dependencies)
+- FP-0054 revision 1 case 1: minimize refuses an --out path that is a hard link to the input file success 89ms
|  +- install fairpane-lab (+1 more reused dependencies)
|  +- FP-0054 revision 1 case 1: create a fresh directory success 176ms
|     +- compile exe fairpane-lab-check debug native (reused)
+- FP-0054 revision 1 case 1: the refused command leaves the input unchanged success 64ms
|  +- compile exe fairpane-lab-check debug native (reused)
|  +- FP-0054 revision 1 case 1: create a fresh directory (+1 more reused dependencies)
|  +- FP-0054 revision 1 case 1: minimize refuses an --out path that is a hard link to the input file (+2 more reused dependencies)
+- FP-0054 revision 1 case 2: run refuses a --transcript path that is a hard link to the input file success 94ms
|  +- install fairpane-lab (+1 more reused dependencies)
|  +- FP-0054 revision 1 case 2: create a fresh directory success 180ms
|     +- compile exe fairpane-lab-check debug native (reused)
+- FP-0054 revision 1 case 2: the refused command leaves the input unchanged success 69ms
|  +- compile exe fairpane-lab-check debug native (reused)
|  +- FP-0054 revision 1 case 2: create a fresh directory (+1 more reused dependencies)
|  +- FP-0054 revision 1 case 2: run refuses a --transcript path that is a hard link to the input file (+2 more reused dependencies)
+- FP-0054 revision 1 case 3: minimize refuses an --out path that names the input file in other letter case success 96ms
|  +- install fairpane-lab (+1 more reused dependencies)
|  +- FP-0054 revision 1 case 3: create a fresh directory success 176ms
|     +- compile exe fairpane-lab-check debug native (reused)
+- FP-0054 revision 1 case 3: the refused command leaves the input unchanged success 61ms
|  +- compile exe fairpane-lab-check debug native (reused)
|  +- FP-0054 revision 1 case 3: create a fresh directory (+1 more reused dependencies)
|  +- FP-0054 revision 1 case 3: minimize refuses an --out path that names the input file in other letter case (+2 more reused dependencies)
+- FP-0054 revision 1 case 4: minimize writes over a separate byte-identical copy of the input file success 98ms
|  +- install fairpane-lab (+1 more reused dependencies)
|  +- FP-0054 revision 1 case 4: create a fresh directory success 173ms
|     +- compile exe fairpane-lab-check debug native (reused)
+- FP-0054 revision 1 case 4: the written case is a version 2 case derived from the input digest success 60ms
|  +- compile exe fairpane-lab-check debug native (reused)
|  +- FP-0054 revision 1 case 4: create a fresh directory (+1 more reused dependencies)
|  +- FP-0054 revision 1 case 4: minimize writes over a separate byte-identical copy of the input file (+2 more reused dependencies)
+- FP-0054 revision 1 case 5: run, minimize, and replay report files one byte above the size limit success 175ms
|  +- compile exe fairpane-lab-check debug native (reused)
|  +- FP-0054 revision 1 case 5: create a fresh directory success 160ms
|  |  +- compile exe fairpane-lab-check debug native (reused)
|  +- install fairpane-lab (+1 more reused dependencies)
+- FP-0076 case 3: minimize writes over an existing out.json whose ACL denies read-data access to Everyone success 34ms
|  +- install fairpane-lab (+1 more reused dependencies)
|  +- FP-0076 case 3: create a fresh directory success 163ms
|     +- compile exe fairpane-lab-check debug native (reused)
+- FP-0076 case 3: out.json is a version 2 case derived from the input digest success 63ms
|  +- compile exe fairpane-lab-check debug native (reused)
|  +- FP-0076 case 3: create a fresh directory (+1 more reused dependencies)
|  +- FP-0076 case 3: restore read access to out.json success 84ms
|     +- compile exe fairpane-lab-check debug native (reused)
|     +- FP-0076 case 3: create a fresh directory (+1 more reused dependencies)
|     +- FP-0076 case 3: minimize writes over an existing out.json whose ACL denies read-data access to Everyone (+2 more reused dependencies)
+- FP-0076 case 4: minimize reports the output path out|.json, which cannot be identified success 90ms
|  +- install fairpane-lab (+1 more reused dependencies)
|  +- FP-0076 case 4: create a fresh directory success 167ms
|     +- compile exe fairpane-lab-check debug native (reused)
+- FP-0076 case 4: the directory gains no file success 64ms
|  +- compile exe fairpane-lab-check debug native (reused)
|  +- FP-0076 case 4: create a fresh directory (+1 more reused dependencies)
|  +- FP-0076 case 4: minimize reports the output path out|.json, which cannot be identified (+2 more reused dependencies)
+- FP-0076 case 7: the revision 1 case 5 helper reports failing checks and removes both oversized files success 187ms
|  +- compile exe fairpane-lab-check debug native (reused)
|  +- FP-0076 case 7: create a fresh directory success 163ms
|  |  +- compile exe fairpane-lab-check debug native (reused)
|  +- compile exe fairpane-lab-check debug native (reused)
+- FP-0076 case 7: no file remains after the failing run success 14ms
|  +- compile exe fairpane-lab-check debug native (reused)
|  +- FP-0076 case 7: create a fresh directory (+1 more reused dependencies)
|  +- FP-0076 case 7: the revision 1 case 5 helper reports failing checks and removes both oversized files (+3 more reused dependencies)
+- FP-0106 case 5: minimize reports output file: FileBusy for an --out file that stays pending deletion through every retry success 4s
|  +- compile exe fairpane-lab-check debug native (reused)
|  +- FP-0106 case 5: create a fresh directory success 166ms
|  |  +- compile exe fairpane-lab-check debug native (reused)
|  +- install fairpane-lab (+1 more reused dependencies)
+- FP-0106 case 5: after the helper closes its handle, the directory holds only case.json success 53ms
|  +- compile exe fairpane-lab-check debug native (reused)
|  +- FP-0106 case 5: create a fresh directory (+1 more reused dependencies)
|  +- FP-0106 case 5: minimize reports output file: FileBusy for an --out file that stays pending deletion through every retry (+3 more reused dependencies)
+- FP-0011 case 4: leaf_invokes_to_number.zig success 2s
+- FP-0011 case 4: leaf_invokes_number_to_string.zig success 1s
+- FP-0011 case 4: allocation_invokes_call.zig success 2s
+- FP-0011 case 4: leaf_allocates.zig success 1s
+- FP-0011 case 4: mutation_throws.zig success 2s
+- FP-0011 case 4: leaf_calls_behavior.zig success 2s
+- FP-0011 case 4: leaf_positive.zig success 2s
+- FP-0011 case 5: catalog_callback_alone.zig success 1s
+- FP-0011 case 5: catalog_exception_alone.zig success 2s
+- FP-0011 case 5: catalog_duplicate_id.zig success 1s
+- FP-0011 case 5: kernel_wider_context.zig success 2s
+- FP-0011 case 5: kernel_undeclared_throw.zig success 2s
+- FP-0011 case 8: layout_undescribed_field.zig success 1s
+- FP-0011 case 8: layout_plain_reference.zig success 2s
+- FP-0011 case 8: layout_missing_field.zig success 1s
+- FP-0011 case 20: abi_reference_value.zig success 1s
+- FP-0011 case 20: abi_nan_box_value.zig success 1s
+- FP-0011 case 20: abi_tagged_index_value.zig success 2s
+- FP-0011 case 34: leaf_reaches_heap.zig success 2s
+- FP-0011 case 35: leaf_widens_context.zig success 2s
+- FP-0011 case 36: binding_missing_kernel.zig success 1s
+- FP-0011 case 36: binding_stray_kernel.zig success 1s
+- library-test success
|  +- run test 7 pass (7 total) 65ms MaxRSS:4M
|  |  +- compile test debug native success 7s MaxRSS:288M
|  +- FP-0066 case 1: ReleaseSafe libraries built in two directories are byte-identical success 17ms
|  |  +- compile exe fairpane-library-check debug native success 7s MaxRSS:281M
|  |  +- archive fairpane.lib safe success 61ms
|  |  |  +- compile obj fairpane_zcu safe native success 9s MaxRSS:175M
|  |  |     +- WriteFile fp0066-tree-a/src success
|  |  +- archive fairpane.lib safe success 33ms
|  |     +- compile obj fairpane_zcu safe native success 9s MaxRSS:175M
|  |        +- WriteFile fp0066-tree-a/src (reused)
|  +- FP-0066 case 2: the ReleaseSafe library contains neither its build directory nor the compiler installation directory success 17ms
|  |  +- compile exe fairpane-library-check debug native (reused)
|  |  +- archive fairpane.lib safe (+1 more reused dependencies)
|  |  +- WriteFile fp0066-tree-a/src (reused)
|  +- FP-0066 case 4: the Debug library keeps debug information that names the absolute source directory success 78ms
|  |  +- compile exe fairpane-library-check debug native (reused)
|  |  +- archive fairpane.lib debug success 36ms
|  |     +- compile obj fairpane_zcu debug native success 6s MaxRSS:278M
|  +- FP-0066 case 5: the ReleaseSafe library's only member is the object, named without a directory success 102ms
|  |  +- compile exe fairpane-library-check debug native (reused)
|  |  +- archive fairpane.lib safe (+1 more reused dependencies)
|  +- FP-0066: every member header of the ReleaseSafe library has a zero time stamp, owner, and group success 100ms
|     +- compile exe fairpane-library-check debug native (reused)
|     +- archive fairpane.lib safe (+1 more reused dependencies)
+- FP-0082 case 16: valid.js exits with status 0 and prints the T9 dump success 64ms
|  +- install fairpane-js-parse success
|     +- compile exe fairpane-js-parse debug native success 8s MaxRSS:345M
|        +- WriteFile src success
+- FP-0082 case 16: syntax.js exits with status 1 and prints its syntax error success 60ms
|  +- install fairpane-js-parse (+1 more reused dependencies)
+- FP-0082 case 16: unsupported.js exits with status 2 and prints its unsupported outcome success 65ms
|  +- install fairpane-js-parse (+1 more reused dependencies)
+- FP-0082 case 16: invalid-utf8.js exits with status 3 success 69ms
|  +- install fairpane-js-parse (+1 more reused dependencies)
+- FP-0082 case 16: a missing path exits with status 3 success 71ms
|  +- install fairpane-js-parse (+1 more reused dependencies)
+- FP-0082 case 16: no arguments exits with status 3 and writes the usage success 69ms
|  +- install fairpane-js-parse (+1 more reused dependencies)
+- FP-0082 case 17: the census of the sound fixture exits with status 0 success 77ms
|  +- install fairpane-js-parse (+1 more reused dependencies)
+- FP-0082 case 17: the census of the unsound fixture exits with status 1 success 75ms
|  +- install fairpane-js-parse (+1 more reused dependencies)
+- FP-0082 case 17: the census refuses an existing output file and exits with status 3 success 74ms
   +- install fairpane-js-parse (+1 more reused dependencies)
   +- WriteFile existing.jsonl success

RESULT {"executable":"C:\\src\\fairpane\\.tools\\zig\\0.18.0-dev.120+9fe22a29b\\x86_64-windows\\zig.exe","arguments":["build","test","--summary","all","--cache-dir","out/fp0106-dev"],"cwd":"C:\\Users\\requi\\.omp\\wt\\tf07027fe0\\m","started_at":"2026-10-09T20:12:54.408Z","exit_code":0,"signal":null,"timed_out":false,"error":null,"duration_ms":92505,"environment_overrides":{"ZIG_GLOBAL_CACHE_DIR":"C:\\src\\fairpane\\.zig-cache\\global"}}
