
COMMAND ["C:\\nvm4w\\nodejs\\node.exe","tools/fairpane.mjs","check"]
{
  "result": "pass",
  "level": "bootstrap-integrity-only",
  "tasks": 134,
  "gates": 9,
  "capability_families": 21,
  "fingerprints": {
    "source": {
      "sha256": "f145fe95e71c854ae54c607d86ab774553a67537565fddddf0874d100b1c5eb7",
      "file_count": 344
    },
    "policy": {
      "sha256": "29d3333e47b6bd5348370ff23baeb443b7579ff82a58fff942da03f2c720c6a7",
      "file_count": 24
    }
  },
  "note": "This check is not browser conformance or an independent security attestation."
}
RESULT {"executable":"C:\\nvm4w\\nodejs\\node.exe","arguments":["tools/fairpane.mjs","check"],"cwd":"C:\\Users\\requi\\.omp\\wt\\tf07027fe0\\m","started_at":"2026-10-09T20:34:44.040Z","exit_code":0,"signal":null,"timed_out":false,"error":null,"duration_ms":232}
