
COMMAND ["C:\\nvm4w\\nodejs\\node.exe","tools/fairpane.mjs","check"]
{
  "result": "pass",
  "level": "bootstrap-integrity-only",
  "tasks": 98,
  "gates": 9,
  "capability_families": 21,
  "fingerprints": {
    "source": {
      "sha256": "ade1254435f57c66709e6c8cc2752d4793114c6f555ef3be1f19424331d816cf",
      "file_count": 284
    },
    "policy": {
      "sha256": "7f54414c3c601aa711ad9de04dfe9c3d4b4fd3999cc01dd1f1ea7de2d3ea17ee",
      "file_count": 23
    }
  },
  "note": "This check is not browser conformance or an independent security attestation."
}
RESULT {"executable":"C:\\nvm4w\\nodejs\\node.exe","arguments":["tools/fairpane.mjs","check"],"cwd":"C:\\Users\\requi\\.omp\\wt\\td8cf3dc9c\\m","started_at":"2026-10-09T13:19:02.026Z","exit_code":0,"signal":null,"timed_out":false,"error":null,"duration_ms":156}
