
COMMAND ["C:\\Program Files\\Git\\cmd\\git.exe","status","--short"]
 M .github/workflows/gates.yml
 M engineering/evidence/FP-0051/README.md
 M tools/README.md
 M tools/attest.test.mjs
 M tools/workflow-check.mjs
 M tools/workflow-check.test.mjs
?? engineering/evidence/FP-0067/raw/check-after.log
?? engineering/evidence/FP-0067/raw/controller-tests-after.log
?? engineering/evidence/FP-0067/raw/files-after.log
?? engineering/evidence/FP-0067/raw/mutation-M1.diff
?? engineering/evidence/FP-0067/raw/mutation-M2.diff
?? engineering/evidence/FP-0067/raw/mutation.log
?? engineering/evidence/FP-0067/raw/tests-before.log
?? engineering/evidence/FP-0067/raw/workflow-tests-attempt-1.log
?? engineering/evidence/FP-0079/reviews/
?? engineering/evidence/FP-0082/
RESULT {"executable":"C:\\Program Files\\Git\\cmd\\git.exe","arguments":["status","--short"],"cwd":"C:\\Users\\requi\\.omp\\wt\\td8cf3dc9c\\m","started_at":"2026-10-09T13:19:54.059Z","exit_code":0,"signal":null,"timed_out":false,"error":null,"duration_ms":27}

COMMAND ["C:\\Program Files\\Git\\cmd\\git.exe","hash-object","tools/workflow-check.mjs","tools/workflow-check.test.mjs","tools/attest.mjs","tools/attest.test.mjs",".github/workflows/gates.yml",".github/workflows/pages.yml","tools/README.md","engineering/evidence/FP-0051/README.md"]
d997513bee16f1f7a2cd3051ce0d34c18f9158c9
c67790960de3b7539facd8de5fd731f83564442f
6f9a4ae4a06cef40f0b2951a131fe32cddf89e2d
0608e2f364a029d3652c456fcc7e187e5735ebe2
20081873a7f0b0d899c957d39b50ff1644ad88fd
a70741af57639e29f6646c5d0308959f39991843
1747170187aca784aadcb3763262f7331fbc4c3b
0b2a810e5e46ddba53048c041b1e6a5f9d6cf0ae
RESULT {"executable":"C:\\Program Files\\Git\\cmd\\git.exe","arguments":["hash-object","tools/workflow-check.mjs","tools/workflow-check.test.mjs","tools/attest.mjs","tools/attest.test.mjs",".github/workflows/gates.yml",".github/workflows/pages.yml","tools/README.md","engineering/evidence/FP-0051/README.md"],"cwd":"C:\\Users\\requi\\.omp\\wt\\td8cf3dc9c\\m","started_at":"2026-10-09T13:19:54.143Z","exit_code":0,"signal":null,"timed_out":false,"error":null,"duration_ms":19}
