
COMMAND ["C:\\Windows\\System32\\wsl.exe","-d","Ubuntu","-e","sh","-c","set -e; rm -rf \"$HOME/fairpane-linux\"; mkdir -p \"$HOME/fairpane-linux/tools\"; cd \"$HOME/fairpane-linux/tools\"; curl -sfL -o zig.tar.xz \"https://ziglang.org/builds/zig-x86_64-linux-0.18.0-dev.120+9fe22a29b.tar.xz\"; stat -c \"%s bytes\" zig.tar.xz; echo \"3951b362fb29a478fe299f8904a3e7fa7f137c627cac81710af958a791536ad6  zig.tar.xz\" | sha256sum -c -; tar -xJf zig.tar.xz; ./zig-x86_64-linux-0.18.0-dev.120+9fe22a29b/zig version"]
59064972 bytes
zig.tar.xz: OK
0.18.0-dev.120+9fe22a29b
RESULT {"executable":"C:\\Windows\\System32\\wsl.exe","arguments":["-d","Ubuntu","-e","sh","-c","set -e; rm -rf \"$HOME/fairpane-linux\"; mkdir -p \"$HOME/fairpane-linux/tools\"; cd \"$HOME/fairpane-linux/tools\"; curl -sfL -o zig.tar.xz \"https://ziglang.org/builds/zig-x86_64-linux-0.18.0-dev.120+9fe22a29b.tar.xz\"; stat -c \"%s bytes\" zig.tar.xz; echo \"3951b362fb29a478fe299f8904a3e7fa7f137c627cac81710af958a791536ad6  zig.tar.xz\" | sha256sum -c -; tar -xJf zig.tar.xz; ./zig-x86_64-linux-0.18.0-dev.120+9fe22a29b/zig version"],"cwd":"C:\\src\\fairpane","started_at":"2026-10-09T12:02:29.750Z","exit_code":0,"signal":null,"timed_out":false,"error":null,"duration_ms":64115}

COMMAND ["C:\\Windows\\System32\\wsl.exe","-d","Ubuntu","-e","sh","-c","set -e; cd \"$HOME/fairpane-linux\"; rm -rf repo cache zig-global-cache; git -c safe.directory=\"*\" clone -q /mnt/c/src/fairpane repo; cd repo; git checkout -q --detach 8d945fed450ddd56a502f6545666bf31f5368407; git rev-parse HEAD; echo \"status lines: $(git status --porcelain --untracked-files=all | wc -l)\"; ZIG_GLOBAL_CACHE_DIR=\"$HOME/fairpane-linux/zig-global-cache\" \"$HOME/fairpane-linux/tools/zig-x86_64-linux-0.18.0-dev.120+9fe22a29b/zig\" build test --summary all --cache-dir \"$HOME/fairpane-linux/cache\""]
8d945fed450ddd56a502f6545666bf31f5368407
status lines: 0
Build Summary: 62/62 steps succeeded; 272/272 tests passed
test success
+- run test 227 pass (227 total) 3m MaxRSS:388M
|  +- compile test debug native success 2s MaxRSS:345M
+- run test 45 pass (45 total) 305ms MaxRSS:24M
|  +- compile test debug native success 1s MaxRSS:251M
+- FP-0007 case 13: case 2 passes with exit status 0 success 7ms
|  +- install fairpane-lab success
|     +- compile exe fairpane-lab debug native success 891ms MaxRSS:224M
+- FP-0007 case 13: case 3 fails with exit status 1 success 9ms
|  +- install fairpane-lab (+1 more reused dependencies)
+- FP-0007 case 13: case 4 is unsupported with exit status 2 success 8ms
|  +- install fairpane-lab (+1 more reused dependencies)
+- FP-0007 case 13: case 1 is a harness error with exit status 3 success 8ms
|  +- install fairpane-lab (+1 more reused dependencies)
+- FP-0007 case 13: case 8 times out with exit status 4 success 7ms
|  +- install fairpane-lab (+1 more reused dependencies)
+- FP-0007 case 13: an unknown command exits with status 64 and writes no result success 10ms
|  +- install fairpane-lab (+1 more reused dependencies)
+- FP-0008 case 26: case 18 passes with exit status 0 success 11ms
|  +- install fairpane-lab (+1 more reused dependencies)
+- FP-0008 case 26: the token_count variant of case 19 fails with exit status 1 success 7ms
|  +- install fairpane-lab (+1 more reused dependencies)
+- FP-0008 case 26: the <p> case of case 21 is unsupported with exit status 2 success 7ms
|  +- install fairpane-lab (+1 more reused dependencies)
+- FP-0007 case 14: minimize reduces a failing fetch case with a 4096-byte body success 91ms
|  +- install fairpane-lab (+1 more reused dependencies)
+- FP-0007 case 14: the minimized case fails the same check success 5ms
|  +- install fairpane-lab (+1 more reused dependencies)
|  +- FP-0007 case 14: minimize reduces a failing fetch case with a 4096-byte body (+1 more reused dependencies)
+- FP-0007 case 14: the minimized document body is 1-minimal success 17ms
|  +- compile exe fairpane-lab-check debug native success 839ms MaxRSS:223M
|  +- FP-0007 case 14: minimize reduces a failing fetch case with a 4096-byte body (+1 more reused dependencies)
+- FP-0007 case 14: minimize refuses a passing case success 6ms
|  +- install fairpane-lab (+1 more reused dependencies)
+- FP-0007 case 14: a refused minimization writes nothing success 3ms
|  +- compile exe fairpane-lab-check debug native (reused)
|  +- FP-0007 case 14: minimize refuses a passing case (+1 more reused dependencies)
+- FP-0054 case 5: minimize refuses an --out path that names the input file through another spelling success 9ms
|  +- install fairpane-lab (+1 more reused dependencies)
|  +- WriteFile case.json success
|  +- WriteFile case.json (reused)
+- FP-0054 case 5: the refused minimization leaves the input unchanged success 4ms
|  +- compile exe fairpane-lab-check debug native (reused)
|  +- WriteFile case.json (reused)
|  +- FP-0054 case 5: minimize refuses an --out path that names the input file through another spelling (+3 more reused dependencies)
+- FP-0054 revision 1 case 1: minimize refuses an --out path that is a hard link to the input file success 7ms
|  +- install fairpane-lab (+1 more reused dependencies)
|  +- FP-0054 revision 1 case 1: create a fresh directory success 5ms
|     +- compile exe fairpane-lab-check debug native (reused)
+- FP-0054 revision 1 case 1: the refused command leaves the input unchanged success 6ms
|  +- compile exe fairpane-lab-check debug native (reused)
|  +- FP-0054 revision 1 case 1: create a fresh directory (+1 more reused dependencies)
|  +- FP-0054 revision 1 case 1: minimize refuses an --out path that is a hard link to the input file (+2 more reused dependencies)
+- FP-0054 revision 1 case 2: run refuses a --transcript path that is a hard link to the input file success 9ms
|  +- install fairpane-lab (+1 more reused dependencies)
|  +- FP-0054 revision 1 case 2: create a fresh directory success 4ms
|     +- compile exe fairpane-lab-check debug native (reused)
+- FP-0054 revision 1 case 2: the refused command leaves the input unchanged success 6ms
|  +- compile exe fairpane-lab-check debug native (reused)
|  +- FP-0054 revision 1 case 2: create a fresh directory (+1 more reused dependencies)
|  +- FP-0054 revision 1 case 2: run refuses a --transcript path that is a hard link to the input file (+2 more reused dependencies)
+- FP-0054 revision 1 case 4: minimize writes over a separate byte-identical copy of the input file success 23ms
|  +- install fairpane-lab (+1 more reused dependencies)
|  +- FP-0054 revision 1 case 4: create a fresh directory success 6ms
|     +- compile exe fairpane-lab-check debug native (reused)
+- FP-0054 revision 1 case 4: the written case is a version 2 case derived from the input digest success 4ms
|  +- compile exe fairpane-lab-check debug native (reused)
|  +- FP-0054 revision 1 case 4: create a fresh directory (+1 more reused dependencies)
|  +- FP-0054 revision 1 case 4: minimize writes over a separate byte-identical copy of the input file (+2 more reused dependencies)
+- FP-0054 revision 1 case 5: remove the oversized files success 5ms
|  +- compile exe fairpane-lab-check debug native (reused)
|  +- FP-0054 revision 1 case 5: create a fresh directory success 4ms
|  |  +- compile exe fairpane-lab-check debug native (reused)
|  +- FP-0054 revision 1 case 5: run reports a case file one byte above the size limit success 7ms
|  |  +- install fairpane-lab (+1 more reused dependencies)
|  |  +- FP-0054 revision 1 case 5: create a fresh directory (+1 more reused dependencies)
|  +- FP-0054 revision 1 case 5: the failed minimization creates no output file success 5ms
|  |  +- compile exe fairpane-lab-check debug native (reused)
|  |  +- FP-0054 revision 1 case 5: create a fresh directory (+1 more reused dependencies)
|  |  +- FP-0054 revision 1 case 5: minimize reports a case file one byte above the size limit success 7ms
|  |     +- install fairpane-lab (+1 more reused dependencies)
|  |     +- FP-0054 revision 1 case 5: create a fresh directory (+1 more reused dependencies)
|  +- FP-0054 revision 1 case 5: replay reports a transcript file one byte above the size limit success 7ms
|     +- install fairpane-lab (+1 more reused dependencies)
|     +- FP-0054 revision 1 case 5: create a fresh directory (+1 more reused dependencies)
+- FP-0011 case 4: leaf_invokes_to_number.zig success 824ms
+- FP-0011 case 4: leaf_invokes_number_to_string.zig success 801ms
+- FP-0011 case 4: allocation_invokes_call.zig success 728ms
+- FP-0011 case 4: leaf_allocates.zig success 706ms
+- FP-0011 case 4: mutation_throws.zig success 670ms
+- FP-0011 case 4: leaf_calls_behavior.zig success 692ms
+- FP-0011 case 4: leaf_positive.zig success 704ms
+- FP-0011 case 5: catalog_callback_alone.zig success 719ms
+- FP-0011 case 5: catalog_exception_alone.zig success 719ms
+- FP-0011 case 5: catalog_duplicate_id.zig success 747ms
+- FP-0011 case 5: kernel_wider_context.zig success 660ms
+- FP-0011 case 5: kernel_undeclared_throw.zig success 650ms
+- FP-0011 case 8: layout_undescribed_field.zig success 676ms
+- FP-0011 case 8: layout_plain_reference.zig success 719ms
+- FP-0011 case 8: layout_missing_field.zig success 708ms
+- FP-0011 case 20: abi_reference_value.zig success 651ms
+- FP-0011 case 20: abi_nan_box_value.zig success 737ms
+- FP-0011 case 20: abi_tagged_index_value.zig success 736ms
+- FP-0011 case 34: leaf_reaches_heap.zig success 627ms
+- FP-0011 case 35: leaf_widens_context.zig success 661ms
+- FP-0011 case 36: binding_missing_kernel.zig success 683ms
+- FP-0011 case 36: binding_stray_kernel.zig success 706ms

RESULT {"executable":"C:\\Windows\\System32\\wsl.exe","arguments":["-d","Ubuntu","-e","sh","-c","set -e; cd \"$HOME/fairpane-linux\"; rm -rf repo cache zig-global-cache; git -c safe.directory=\"*\" clone -q /mnt/c/src/fairpane repo; cd repo; git checkout -q --detach 8d945fed450ddd56a502f6545666bf31f5368407; git rev-parse HEAD; echo \"status lines: $(git status --porcelain --untracked-files=all | wc -l)\"; ZIG_GLOBAL_CACHE_DIR=\"$HOME/fairpane-linux/zig-global-cache\" \"$HOME/fairpane-linux/tools/zig-x86_64-linux-0.18.0-dev.120+9fe22a29b/zig\" build test --summary all --cache-dir \"$HOME/fairpane-linux/cache\""],"cwd":"C:\\src\\fairpane","started_at":"2026-10-09T12:03:56.189Z","exit_code":0,"signal":null,"timed_out":false,"error":null,"duration_ms":299883}
