
COMMAND ["C:\\Program Files\\Git\\usr\\bin\\sha256sum.exe","C:\\src\\fairpane\\out\\whatwg-html-source-efc54f7b70858d9fcf06d1a5871ae215f448c029"]
\8184f8d730b5a3c47bbf657c01c3021149774c9efb8e59a2183bf6857704f70b *C:\\src\\fairpane\\out\\whatwg-html-source-efc54f7b70858d9fcf06d1a5871ae215f448c029
RESULT {"executable":"C:\\Program Files\\Git\\usr\\bin\\sha256sum.exe","arguments":["C:\\src\\fairpane\\out\\whatwg-html-source-efc54f7b70858d9fcf06d1a5871ae215f448c029"],"cwd":"C:\\Users\\requi\\.omp\\wt\\t14e7c73ce\\m","started_at":"2026-10-09T12:44:37.170Z","exit_code":0,"signal":null,"timed_out":false,"error":null,"duration_ms":28}

COMMAND ["C:\\Program Files\\Git\\usr\\bin\\grep.exe","-n","<h5><dfn[^>]*>[^<]* state</dfn></h5>","C:\\src\\fairpane\\out\\whatwg-html-source-efc54f7b70858d9fcf06d1a5871ae215f448c029"]
142577:  <h5><dfn>Data state</dfn></h5>
142605:  <h5><dfn>RCDATA state</dfn></h5>
142633:  <h5><dfn>RAWTEXT state</dfn></h5>
142657:  <h5><dfn>Script data state</dfn></h5>
142681:  <h5><dfn>PLAINTEXT state</dfn></h5>
142702:  <h5><dfn>Tag open state</dfn></h5>
142736:  <h5><dfn>End tag open state</dfn></h5>
142765:  <h5><dfn>Tag name state</dfn></h5>
142805:  <h5><dfn>RCDATA less-than sign state</dfn></h5>
142824:  <h5><dfn>RCDATA end tag open state</dfn></h5>
142843:  <h5><dfn>RCDATA end tag name state</dfn></h5>
142889:  <h5><dfn>RAWTEXT less-than sign state</dfn></h5>
142908:  <h5><dfn>RAWTEXT end tag open state</dfn></h5>
142927:  <h5><dfn>RAWTEXT end tag name state</dfn></h5>
142973:  <h5><dfn>Script data less-than sign state</dfn></h5>
142995:  <h5><dfn>Script data end tag open state</dfn></h5>
143014:  <h5><dfn>Script data end tag name state</dfn></h5>
143060:  <h5><dfn>Script data escape start state</dfn></h5>
143077:  <h5><dfn>Script data escape start dash state</dfn></h5>
143094:  <h5><dfn>Script data escaped state</dfn></h5>
143124:  <h5><dfn>Script data escaped dash state</dfn></h5>
143156:  <h5><dfn>Script data escaped dash dash state</dfn></h5>
143191:  <h5><dfn>Script data escaped less-than sign state</dfn></h5>
143214:  <h5><dfn>Script data escaped end tag open state</dfn></h5>
143232:  <h5><dfn>Script data escaped end tag name state</dfn></h5>
143277:  <h5><dfn>Script data double escape start state</dfn></h5>
143312:  <h5><dfn>Script data double escaped state</dfn></h5>
143343:  <h5><dfn>Script data double escaped dash state</dfn></h5>
143376:  <h5><dfn>Script data double escaped dash dash state</dfn></h5>
143412:  <h5><dfn>Script data double escaped less-than sign state</dfn></h5>
143429:  <h5><dfn>Script data double escape end state</dfn></h5>
143464:  <h5><dfn>Before attribute name state</dfn></h5>
143497:  <h5><dfn>Attribute name state</dfn></h5>
143551:  <h5><dfn>After attribute name state</dfn></h5>
143585:  <h5><dfn>Before attribute value state</dfn></h5>
143615:  <h5><dfn>Attribute value (double-quoted) state</dfn></h5>
143645:  <h5><dfn>Attribute value (single-quoted) state</dfn></h5>
143675:  <h5><dfn>Attribute value (unquoted) state</dfn></h5>
143721:  <h5><dfn>After attribute value (quoted) state</dfn></h5>
143754:  <h5><dfn>Self-closing start tag state</dfn></h5>
143777:  <h5><dfn>Bogus comment state</dfn></h5>
143801:  <h5><dfn>Markup declaration open state</dfn></h5>
143833:  <h5><dfn>Comment start state</dfn></h5>
143854:  <h5><dfn>Comment start dash state</dfn></h5>
143880:  <h5><dfn id="comment">Comment state</dfn></h5>
143909:  <h5><dfn>Comment less-than sign state</dfn></h5>
143929:  <h5><dfn>Comment less-than sign bang state</dfn></h5>
143945:  <h5><dfn>Comment less-than sign bang dash state</dfn></h5>
143961:  <h5><dfn>Comment less-than sign bang dash dash state</dfn></h5>
143979:  <h5><dfn>Comment end dash state</dfn></h5>
144000:  <h5><dfn>Comment end state</dfn></h5>
144027:  <h5><dfn>Comment end bang state</dfn></h5>
144054:  <h5><dfn>DOCTYPE state</dfn></h5>
144085:  <h5><dfn>Before DOCTYPE name state</dfn></h5>
144128:  <h5><dfn>DOCTYPE name state</dfn></h5>
144166:  <h5><dfn>After DOCTYPE name state</dfn></h5>
144207:  <h5><dfn>After DOCTYPE public keyword state</dfn></h5>
144253:  <h5><dfn>Before DOCTYPE public identifier state</dfn></h5>
144295:  <h5><dfn>DOCTYPE public identifier (double-quoted) state</dfn></h5>
144329:  <h5><dfn>DOCTYPE public identifier (single-quoted) state</dfn></h5>
144363:  <h5><dfn>After DOCTYPE public identifier state</dfn></h5>
144406:  <h5><dfn>Between DOCTYPE public and system identifiers state</dfn></h5>
144445:  <h5><dfn>After DOCTYPE system keyword state</dfn></h5>
144491:  <h5><dfn>Before DOCTYPE system identifier state</dfn></h5>
144533:  <h5><dfn>DOCTYPE system identifier (double-quoted) state</dfn></h5>
144567:  <h5><dfn>DOCTYPE system identifier (single-quoted) state</dfn></h5>
144601:  <h5><dfn>After DOCTYPE system identifier state</dfn></h5>
144633:  <h5><dfn>Bogus DOCTYPE state</dfn></h5>
144657:  <h5><dfn>CDATA section state</dfn></h5>
144680:  <h5><dfn>CDATA section bracket state</dfn></h5>
144697:  <h5><dfn>CDATA section end state</dfn></h5>
144718:  <h5><dfn>Processing instruction open state</dfn></h5>
144741:  <h5><dfn>Processing instruction target state</dfn></h5>
144801:  <h5><dfn>After processing instruction target state</dfn></h5>
144821:  <h5><dfn>Processing instruction data state</dfn></h5>
144844:  <h5><dfn>Processing instruction questionable state</dfn></h5>
144865:  <h5><dfn>Character reference state</dfn></h5>
144889:  <h5><dfn>Named character reference state</dfn></h5>
144949:  <h5><dfn>Ambiguous ampersand state</dfn></h5>
144974:  <h5><dfn>Numeric character reference state</dfn></h5>
145001:  <h5><dfn>Hexadecimal character reference start state</dfn></h5>
145019:  <h5><dfn>Hexadecimal character reference state</dfn></h5>
145056:  <h5><dfn>Decimal character reference state</dfn></h5>
145081:  <h5><dfn>Numeric character reference end state</dfn></h5>
RESULT {"executable":"C:\\Program Files\\Git\\usr\\bin\\grep.exe","arguments":["-n","<h5><dfn[^>]*>[^<]* state</dfn></h5>","C:\\src\\fairpane\\out\\whatwg-html-source-efc54f7b70858d9fcf06d1a5871ae215f448c029"],"cwd":"C:\\Users\\requi\\.omp\\wt\\t14e7c73ce\\m","started_at":"2026-10-09T12:44:37.254Z","exit_code":0,"signal":null,"timed_out":false,"error":null,"duration_ms":20}

COMMAND ["C:\\Program Files\\Git\\usr\\bin\\grep.exe","-n","-i","-E","(switch|leave) the tokenizer","C:\\src\\fairpane\\out\\whatwg-html-source-efc54f7b70858d9fcf06d1a5871ae215f448c029"]
145806:   algorithm</span>, switch the tokenizer to the <span>RAWTEXT state</span>; otherwise the algorithm
145807:   invoked was the <span>generic RCDATA element parsing algorithm</span>, switch the tokenizer to
146301:     <li><p>Switch the tokenizer to the <span>script data state</span>.</p></li>
147165:    <p>Switch the tokenizer to the <span>PLAINTEXT state</span>.</p>
147169:    switch the tokenizer out of the <span>PLAINTEXT state</span>. However, as the tree builder
147585:     <li><p>Switch the tokenizer to the <span>RCDATA state</span>.</p></li>
150772:     <dd>Switch the tokenizer to the <span>RCDATA state</span>.</dd>
150779:     <dd>Switch the tokenizer to the <span>RAWTEXT state</span>.</dd>
150782:     <dd>Switch the tokenizer to the <span>script data state</span>.</dd>
150786:     data-x="scripting-mode-disabled">Disabled</span>, switch the tokenizer to the <span>RAWTEXT
150787:     state</span>. Otherwise, leave the tokenizer in the <span>data state</span>.</dd>
150790:     <dd>Switch the tokenizer to the <span>PLAINTEXT state</span>.</dd>
150793:     <dd>Leave the tokenizer in the <span>data state</span>.</dd>
RESULT {"executable":"C:\\Program Files\\Git\\usr\\bin\\grep.exe","arguments":["-n","-i","-E","(switch|leave) the tokenizer","C:\\src\\fairpane\\out\\whatwg-html-source-efc54f7b70858d9fcf06d1a5871ae215f448c029"],"cwd":"C:\\Users\\requi\\.omp\\wt\\t14e7c73ce\\m","started_at":"2026-10-09T12:44:37.326Z","exit_code":0,"signal":null,"timed_out":false,"error":null,"duration_ms":28}

COMMAND ["C:\\Program Files\\Git\\usr\\bin\\grep.exe","-n","-i","-E","parser</span>'s tokenizer|generic (raw text|RCDATA) element parsing algorithm","C:\\src\\fairpane\\out\\whatwg-html-source-efc54f7b70858d9fcf06d1a5871ae215f448c029"]
114105:    doesn't get eaten itself-->, and switch the <span>HTML parser</span>'s tokenizer to the
145798:  <p>The <dfn>generic raw text element parsing algorithm</dfn> and the <dfn>generic RCDATA element
145807:   invoked was the <span>generic RCDATA element parsing algorithm</span>, switch the tokenizer to
146231:    <p>Follow the <span>generic RCDATA element parsing algorithm</span>.</p>
146238:    <p>Follow the <span>generic raw text element parsing algorithm</span>.</p>
147607:    <p>Follow the <span>generic raw text element parsing algorithm</span>.</p>
147614:    <p>Follow the <span>generic raw text element parsing algorithm</span>.</p>
147621:    <p>Follow the <span>generic raw text element parsing algorithm</span>.</p>
RESULT {"executable":"C:\\Program Files\\Git\\usr\\bin\\grep.exe","arguments":["-n","-i","-E","parser</span>'s tokenizer|generic (raw text|RCDATA) element parsing algorithm","C:\\src\\fairpane\\out\\whatwg-html-source-efc54f7b70858d9fcf06d1a5871ae215f448c029"],"cwd":"C:\\Users\\requi\\.omp\\wt\\t14e7c73ce\\m","started_at":"2026-10-09T12:44:45.695Z","exit_code":0,"signal":null,"timed_out":false,"error":null,"duration_ms":28}

COMMAND ["C:\\Program Files\\Git\\usr\\bin\\sed.exe","-n","114100,114106p;145798,145808p;150765,150794p","C:\\src\\fairpane\\out\\whatwg-html-source-efc54f7b70858d9fcf06d1a5871ae215f448c029"]

   <li>
    <p>Create an <span>HTML parser</span> and associate it with the <var>document</var>. Act as
    if the tokenizer had emitted a start tag token with the tag name "pre" followed by a single
    U+000A LINE FEED (LF) character<!-- to get eaten, so that a leading LF in the text/plain stream
    doesn't get eaten itself-->, and switch the <span>HTML parser</span>'s tokenizer to the
    <span>PLAINTEXT state</span>. Each <span data-x="concept-task">task</span> that the
  <p>The <dfn>generic raw text element parsing algorithm</dfn> and the <dfn>generic RCDATA element
  parsing algorithm</dfn> consist of the following steps. These algorithms are always invoked in
  response to a start tag token.</p>

  <ol>
   <li><p><span>Insert an HTML element</span> for the token.</p></li>

   <li><p>If the algorithm that was invoked is the <span>generic raw text element parsing
   algorithm</span>, switch the tokenizer to the <span>RAWTEXT state</span>; otherwise the algorithm
   invoked was the <span>generic RCDATA element parsing algorithm</span>, switch the tokenizer to
   the <span>RCDATA state</span>.</p></li>
   <li>
    <p>Set the state of the <span>HTML parser</span>'s <span>tokenization</span> stage as
    follows, switching on <var data-x="concept-frag-parse-context">context</var>:</p>

    <dl class="switch">
     <dt><code>title</code></dt>
     <dt><code>textarea</code></dt>
     <dd>Switch the tokenizer to the <span>RCDATA state</span>.</dd>

     <dt><code>style</code></dt>
     <dt><code>xmp</code></dt>
     <dt><code>iframe</code></dt>
     <dt><code>noembed</code></dt>
     <dt><code>noframes</code></dt>
     <dd>Switch the tokenizer to the <span>RAWTEXT state</span>.</dd>

     <dt><code>script</code></dt>
     <dd>Switch the tokenizer to the <span>script data state</span>.</dd>

     <dt><code>noscript</code></dt>
     <dd>If <span>scripting mode</span> is not <span
     data-x="scripting-mode-disabled">Disabled</span>, switch the tokenizer to the <span>RAWTEXT
     state</span>. Otherwise, leave the tokenizer in the <span>data state</span>.</dd>

     <dt><code>plaintext</code></dt>
     <dd>Switch the tokenizer to the <span>PLAINTEXT state</span>.</dd>

     <dt>Any other element</dt>
     <dd>Leave the tokenizer in the <span>data state</span>.</dd>
    </dl>
RESULT {"executable":"C:\\Program Files\\Git\\usr\\bin\\sed.exe","arguments":["-n","114100,114106p;145798,145808p;150765,150794p","C:\\src\\fairpane\\out\\whatwg-html-source-efc54f7b70858d9fcf06d1a5871ae215f448c029"],"cwd":"C:\\Users\\requi\\.omp\\wt\\t14e7c73ce\\m","started_at":"2026-10-09T12:44:45.789Z","exit_code":0,"signal":null,"timed_out":false,"error":null,"duration_ms":32}
