
COMMAND ["C:\\Program Files\\Git\\usr\\bin\\sha256sum.exe","C:\\src\\fairpane\\out\\whatwg-html-source-efc54f7b70858d9fcf06d1a5871ae215f448c029"]
\8184f8d730b5a3c47bbf657c01c3021149774c9efb8e59a2183bf6857704f70b *C:\\src\\fairpane\\out\\whatwg-html-source-efc54f7b70858d9fcf06d1a5871ae215f448c029
RESULT {"executable":"C:\\Program Files\\Git\\usr\\bin\\sha256sum.exe","arguments":["C:\\src\\fairpane\\out\\whatwg-html-source-efc54f7b70858d9fcf06d1a5871ae215f448c029"],"cwd":"C:\\src\\fairpane","started_at":"2026-10-09T12:30:21.822Z","exit_code":0,"signal":null,"timed_out":false,"error":null,"duration_ms":26}

COMMAND ["C:\\Program Files\\Git\\usr\\bin\\grep.exe","-n","-i","-E","(switch|leave) the (HTML parser's )?tokenizer|tokenizer to the|follow the generic (raw text|RCDATA) element parsing algorithm","C:\\src\\fairpane\\out\\whatwg-html-source-efc54f7b70858d9fcf06d1a5871ae215f448c029"]
114105:    doesn't get eaten itself-->, and switch the <span>HTML parser</span>'s tokenizer to the
145806:   algorithm</span>, switch the tokenizer to the <span>RAWTEXT state</span>; otherwise the algorithm
145807:   invoked was the <span>generic RCDATA element parsing algorithm</span>, switch the tokenizer to
146301:     <li><p>Switch the tokenizer to the <span>script data state</span>.</p></li>
147165:    <p>Switch the tokenizer to the <span>PLAINTEXT state</span>.</p>
147169:    switch the tokenizer out of the <span>PLAINTEXT state</span>. However, as the tree builder
147585:     <li><p>Switch the tokenizer to the <span>RCDATA state</span>.</p></li>
150772:     <dd>Switch the tokenizer to the <span>RCDATA state</span>.</dd>
150779:     <dd>Switch the tokenizer to the <span>RAWTEXT state</span>.</dd>
150782:     <dd>Switch the tokenizer to the <span>script data state</span>.</dd>
150786:     data-x="scripting-mode-disabled">Disabled</span>, switch the tokenizer to the <span>RAWTEXT
150787:     state</span>. Otherwise, leave the tokenizer in the <span>data state</span>.</dd>
150790:     <dd>Switch the tokenizer to the <span>PLAINTEXT state</span>.</dd>
150793:     <dd>Leave the tokenizer in the <span>data state</span>.</dd>
RESULT {"executable":"C:\\Program Files\\Git\\usr\\bin\\grep.exe","arguments":["-n","-i","-E","(switch|leave) the (HTML parser's )?tokenizer|tokenizer to the|follow the generic (raw text|RCDATA) element parsing algorithm","C:\\src\\fairpane\\out\\whatwg-html-source-efc54f7b70858d9fcf06d1a5871ae215f448c029"],"cwd":"C:\\src\\fairpane","started_at":"2026-10-09T12:30:21.904Z","exit_code":0,"signal":null,"timed_out":false,"error":null,"duration_ms":44}

COMMAND ["C:\\Program Files\\Git\\usr\\bin\\grep.exe","-n","-i","-E","generic (raw text|RCDATA) element parsing algorithm","C:\\src\\fairpane\\out\\whatwg-html-source-efc54f7b70858d9fcf06d1a5871ae215f448c029"]
145798:  <p>The <dfn>generic raw text element parsing algorithm</dfn> and the <dfn>generic RCDATA element
145807:   invoked was the <span>generic RCDATA element parsing algorithm</span>, switch the tokenizer to
146231:    <p>Follow the <span>generic RCDATA element parsing algorithm</span>.</p>
146238:    <p>Follow the <span>generic raw text element parsing algorithm</span>.</p>
147607:    <p>Follow the <span>generic raw text element parsing algorithm</span>.</p>
147614:    <p>Follow the <span>generic raw text element parsing algorithm</span>.</p>
147621:    <p>Follow the <span>generic raw text element parsing algorithm</span>.</p>
RESULT {"executable":"C:\\Program Files\\Git\\usr\\bin\\grep.exe","arguments":["-n","-i","-E","generic (raw text|RCDATA) element parsing algorithm","C:\\src\\fairpane\\out\\whatwg-html-source-efc54f7b70858d9fcf06d1a5871ae215f448c029"],"cwd":"C:\\src\\fairpane","started_at":"2026-10-09T12:30:28.639Z","exit_code":0,"signal":null,"timed_out":false,"error":null,"duration_ms":39}
