
COMMAND ["C:\\src\\fairpane\\.tools\\zig\\0.18.0-dev.120+9fe22a29b\\x86_64-windows\\zig.exe","test","--cache-dir","out/fp0050-probe","--dep","engine","-Mroot=engineering/evidence/FP-0050/raw/case-1-capacity-probe.zig","-Mengine=src/engine.zig"]
1/1 case-1-capacity-probe.test.FP-0050 probe: case 1 capacities...reloads=0 extra=false answered=false capacity=5 length=4 free=1 requests=2 floor_holds=false destroy=ok
reloads=0 extra=false answered=true capacity=5 length=4 free=1 requests=2 floor_holds=false destroy=ok
reloads=0 extra=true answered=false capacity=5 length=5 free=0 requests=1 floor_holds=false destroy=OutOfMemory
reloads=0 extra=true answered=true capacity=5 length=5 free=0 requests=1 floor_holds=false destroy=OutOfMemory
reloads=1 extra=false answered=false capacity=11 length=6 free=5 requests=2 floor_holds=true destroy=ok
reloads=1 extra=false answered=true capacity=11 length=6 free=5 requests=2 floor_holds=true destroy=ok
reloads=1 extra=true answered=false capacity=11 length=7 free=4 requests=1 floor_holds=true destroy=ok
reloads=1 extra=true answered=true capacity=11 length=7 free=4 requests=1 floor_holds=true destroy=ok
reloads=2 extra=false answered=false capacity=11 length=8 free=3 requests=2 floor_holds=true destroy=ok
reloads=2 extra=false answered=true capacity=11 length=8 free=3 requests=2 floor_holds=true destroy=ok
reloads=2 extra=true answered=false capacity=11 length=9 free=2 requests=1 floor_holds=true destroy=ok
reloads=2 extra=true answered=true capacity=11 length=9 free=2 requests=1 floor_holds=true destroy=ok
reloads=3 extra=false answered=false capacity=11 length=10 free=1 requests=2 floor_holds=false destroy=ok
reloads=3 extra=false answered=true capacity=11 length=10 free=1 requests=2 floor_holds=false destroy=ok
reloads=3 extra=true answered=false capacity=11 length=11 free=0 requests=1 floor_holds=false destroy=OutOfMemory
reloads=3 extra=true answered=true capacity=11 length=11 free=0 requests=1 floor_holds=false destroy=OutOfMemory
reloads=4 extra=false answered=false capacity=20 length=12 free=8 requests=2 floor_holds=true destroy=ok
reloads=4 extra=false answered=true capacity=20 length=12 free=8 requests=2 floor_holds=true destroy=ok
reloads=4 extra=true answered=false capacity=20 length=13 free=7 requests=1 floor_holds=true destroy=ok
reloads=4 extra=true answered=true capacity=20 length=13 free=7 requests=1 floor_holds=true destroy=ok
reloads=5 extra=false answered=false capacity=20 length=14 free=6 requests=2 floor_holds=true destroy=ok
reloads=5 extra=false answered=true capacity=20 length=14 free=6 requests=2 floor_holds=true destroy=ok
reloads=5 extra=true answered=false capacity=20 length=15 free=5 requests=1 floor_holds=true destroy=ok
reloads=5 extra=true answered=true capacity=20 length=15 free=5 requests=1 floor_holds=true destroy=ok
reloads=6 extra=false answered=false capacity=20 length=16 free=4 requests=2 floor_holds=true destroy=ok
reloads=6 extra=false answered=true capacity=20 length=16 free=4 requests=2 floor_holds=true destroy=ok
reloads=6 extra=true answered=false capacity=20 length=17 free=3 requests=1 floor_holds=true destroy=ok
reloads=6 extra=true answered=true capacity=20 length=17 free=3 requests=1 floor_holds=true destroy=ok
reloads=7 extra=false answered=false capacity=20 length=18 free=2 requests=2 floor_holds=true destroy=ok
reloads=7 extra=false answered=true capacity=20 length=18 free=2 requests=2 floor_holds=true destroy=ok
reloads=7 extra=true answered=false capacity=20 length=19 free=1 requests=1 floor_holds=true destroy=ok
reloads=7 extra=true answered=true capacity=20 length=19 free=1 requests=1 floor_holds=true destroy=ok
reloads=8 extra=false answered=false capacity=20 length=20 free=0 requests=2 floor_holds=false destroy=OutOfMemory
reloads=8 extra=false answered=true capacity=20 length=20 free=0 requests=2 floor_holds=false destroy=OutOfMemory
reloads=8 extra=true answered=false capacity=33 length=21 free=12 requests=1 floor_holds=true destroy=ok
reloads=8 extra=true answered=true capacity=33 length=21 free=12 requests=1 floor_holds=true destroy=ok
reloads=9 extra=false answered=false capacity=35 length=22 free=13 requests=2 floor_holds=true destroy=ok
reloads=9 extra=false answered=true capacity=35 length=22 free=13 requests=2 floor_holds=true destroy=ok
reloads=9 extra=true answered=false capacity=35 length=23 free=12 requests=1 floor_holds=true destroy=ok
reloads=9 extra=true answered=true capacity=35 length=23 free=12 requests=1 floor_holds=true destroy=ok
reloads=10 extra=false answered=false capacity=35 length=24 free=11 requests=2 floor_holds=true destroy=ok
reloads=10 extra=false answered=true capacity=35 length=24 free=11 requests=2 floor_holds=true destroy=ok
reloads=10 extra=true answered=false capacity=35 length=25 free=10 requests=1 floor_holds=true destroy=ok
reloads=10 extra=true answered=true capacity=35 length=25 free=10 requests=1 floor_holds=true destroy=ok
reloads=11 extra=false answered=false capacity=35 length=26 free=9 requests=2 floor_holds=true destroy=ok
reloads=11 extra=false answered=true capacity=35 length=26 free=9 requests=2 floor_holds=true destroy=ok
reloads=11 extra=true answered=false capacity=35 length=27 free=8 requests=1 floor_holds=true destroy=ok
reloads=11 extra=true answered=true capacity=35 length=27 free=8 requests=1 floor_holds=true destroy=ok
reloads=12 extra=false answered=false capacity=35 length=28 free=7 requests=2 floor_holds=true destroy=ok
reloads=12 extra=false answered=true capacity=35 length=28 free=7 requests=2 floor_holds=true destroy=ok
reloads=12 extra=true answered=false capacity=35 length=29 free=6 requests=1 floor_holds=true destroy=ok
reloads=12 extra=true answered=true capacity=35 length=29 free=6 requests=1 floor_holds=true destroy=ok
reloads=13 extra=false answered=false capacity=35 length=30 free=5 requests=2 floor_holds=true destroy=ok
reloads=13 extra=false answered=true capacity=35 length=30 free=5 requests=2 floor_holds=true destroy=ok
reloads=13 extra=true answered=false capacity=35 length=31 free=4 requests=1 floor_holds=true destroy=ok
reloads=13 extra=true answered=true capacity=35 length=31 free=4 requests=1 floor_holds=true destroy=ok
reloads=14 extra=false answered=false capacity=35 length=32 free=3 requests=2 floor_holds=true destroy=ok
reloads=14 extra=false answered=true capacity=35 length=32 free=3 requests=2 floor_holds=true destroy=ok
reloads=14 extra=true answered=false capacity=35 length=33 free=2 requests=1 floor_holds=true destroy=ok
reloads=14 extra=true answered=true capacity=35 length=33 free=2 requests=1 floor_holds=true destroy=ok
reloads=15 extra=false answered=false capacity=35 length=34 free=1 requests=2 floor_holds=false destroy=ok
reloads=15 extra=false answered=true capacity=35 length=34 free=1 requests=2 floor_holds=false destroy=ok
reloads=15 extra=true answered=false capacity=35 length=35 free=0 requests=1 floor_holds=false destroy=OutOfMemory
reloads=15 extra=true answered=true capacity=35 length=35 free=0 requests=1 floor_holds=false destroy=OutOfMemory
reloads=16 extra=false answered=false capacity=56 length=36 free=20 requests=2 floor_holds=true destroy=ok
reloads=16 extra=false answered=true capacity=56 length=36 free=20 requests=2 floor_holds=true destroy=ok
reloads=16 extra=true answered=false capacity=56 length=37 free=19 requests=1 floor_holds=true destroy=ok
reloads=16 extra=true answered=true capacity=56 length=37 free=19 requests=1 floor_holds=true destroy=ok
reloads=17 extra=false answered=false capacity=56 length=38 free=18 requests=2 floor_holds=true destroy=ok
reloads=17 extra=false answered=true capacity=56 length=38 free=18 requests=2 floor_holds=true destroy=ok
reloads=17 extra=true answered=false capacity=56 length=39 free=17 requests=1 floor_holds=true destroy=ok
reloads=17 extra=true answered=true capacity=56 length=39 free=17 requests=1 floor_holds=true destroy=ok
reloads=18 extra=false answered=false capacity=56 length=40 free=16 requests=2 floor_holds=true destroy=ok
reloads=18 extra=false answered=true capacity=56 length=40 free=16 requests=2 floor_holds=true destroy=ok
reloads=18 extra=true answered=false capacity=56 length=41 free=15 requests=1 floor_holds=true destroy=ok
reloads=18 extra=true answered=true capacity=56 length=41 free=15 requests=1 floor_holds=true destroy=ok
reloads=19 extra=false answered=false capacity=56 length=42 free=14 requests=2 floor_holds=true destroy=ok
reloads=19 extra=false answered=true capacity=56 length=42 free=14 requests=2 floor_holds=true destroy=ok
reloads=19 extra=true answered=false capacity=56 length=43 free=13 requests=1 floor_holds=true destroy=ok
reloads=19 extra=true answered=true capacity=56 length=43 free=13 requests=1 floor_holds=true destroy=ok
reloads=20 extra=false answered=false capacity=56 length=44 free=12 requests=2 floor_holds=true destroy=ok
reloads=20 extra=false answered=true capacity=56 length=44 free=12 requests=2 floor_holds=true destroy=ok
reloads=20 extra=true answered=false capacity=56 length=45 free=11 requests=1 floor_holds=true destroy=ok
reloads=20 extra=true answered=true capacity=56 length=45 free=11 requests=1 floor_holds=true destroy=ok
reloads=21 extra=false answered=false capacity=56 length=46 free=10 requests=2 floor_holds=true destroy=ok
reloads=21 extra=false answered=true capacity=56 length=46 free=10 requests=2 floor_holds=true destroy=ok
reloads=21 extra=true answered=false capacity=56 length=47 free=9 requests=1 floor_holds=true destroy=ok
reloads=21 extra=true answered=true capacity=56 length=47 free=9 requests=1 floor_holds=true destroy=ok
reloads=22 extra=false answered=false capacity=56 length=48 free=8 requests=2 floor_holds=true destroy=ok
reloads=22 extra=false answered=true capacity=56 length=48 free=8 requests=2 floor_holds=true destroy=ok
reloads=22 extra=true answered=false capacity=56 length=49 free=7 requests=1 floor_holds=true destroy=ok
reloads=22 extra=true answered=true capacity=56 length=49 free=7 requests=1 floor_holds=true destroy=ok
reloads=23 extra=false answered=false capacity=56 length=50 free=6 requests=2 floor_holds=true destroy=ok
reloads=23 extra=false answered=true capacity=56 length=50 free=6 requests=2 floor_holds=true destroy=ok
reloads=23 extra=true answered=false capacity=56 length=51 free=5 requests=1 floor_holds=true destroy=ok
reloads=23 extra=true answered=true capacity=56 length=51 free=5 requests=1 floor_holds=true destroy=ok
reloads=24 extra=false answered=false capacity=56 length=52 free=4 requests=2 floor_holds=true destroy=ok
reloads=24 extra=false answered=true capacity=56 length=52 free=4 requests=2 floor_holds=true destroy=ok
reloads=24 extra=true answered=false capacity=56 length=53 free=3 requests=1 floor_holds=true destroy=ok
reloads=24 extra=true answered=true capacity=56 length=53 free=3 requests=1 floor_holds=true destroy=ok
reloads=25 extra=false answered=false capacity=56 length=54 free=2 requests=2 floor_holds=true destroy=ok
reloads=25 extra=false answered=true capacity=56 length=54 free=2 requests=2 floor_holds=true destroy=ok
reloads=25 extra=true answered=false capacity=56 length=55 free=1 requests=1 floor_holds=true destroy=ok
reloads=25 extra=true answered=true capacity=56 length=55 free=1 requests=1 floor_holds=true destroy=ok
reloads=26 extra=false answered=false capacity=56 length=56 free=0 requests=2 floor_holds=false destroy=OutOfMemory
reloads=26 extra=false answered=true capacity=56 length=56 free=0 requests=2 floor_holds=false destroy=OutOfMemory
reloads=26 extra=true answered=false capacity=87 length=57 free=30 requests=1 floor_holds=true destroy=ok
reloads=26 extra=true answered=true capacity=87 length=57 free=30 requests=1 floor_holds=true destroy=ok
reloads=27 extra=false answered=false capacity=89 length=58 free=31 requests=2 floor_holds=true destroy=ok
reloads=27 extra=false answered=true capacity=89 length=58 free=31 requests=2 floor_holds=true destroy=ok
reloads=27 extra=true answered=false capacity=89 length=59 free=30 requests=1 floor_holds=true destroy=ok
reloads=27 extra=true answered=true capacity=89 length=59 free=30 requests=1 floor_holds=true destroy=ok
reloads=28 extra=false answered=false capacity=89 length=60 free=29 requests=2 floor_holds=true destroy=ok
reloads=28 extra=false answered=true capacity=89 length=60 free=29 requests=2 floor_holds=true destroy=ok
reloads=28 extra=true answered=false capacity=89 length=61 free=28 requests=1 floor_holds=true destroy=ok
reloads=28 extra=true answered=true capacity=89 length=61 free=28 requests=1 floor_holds=true destroy=ok
reloads=29 extra=false answered=false capacity=89 length=62 free=27 requests=2 floor_holds=true destroy=ok
reloads=29 extra=false answered=true capacity=89 length=62 free=27 requests=2 floor_holds=true destroy=ok
reloads=29 extra=true answered=false capacity=89 length=63 free=26 requests=1 floor_holds=true destroy=ok
reloads=29 extra=true answered=true capacity=89 length=63 free=26 requests=1 floor_holds=true destroy=ok
reloads=30 extra=false answered=false capacity=89 length=64 free=25 requests=2 floor_holds=true destroy=ok
reloads=30 extra=false answered=true capacity=89 length=64 free=25 requests=2 floor_holds=true destroy=ok
reloads=30 extra=true answered=false capacity=89 length=65 free=24 requests=1 floor_holds=true destroy=ok
reloads=30 extra=true answered=true capacity=89 length=65 free=24 requests=1 floor_holds=true destroy=ok
reloads=31 extra=false answered=false capacity=89 length=66 free=23 requests=2 floor_holds=true destroy=ok
reloads=31 extra=false answered=true capacity=89 length=66 free=23 requests=2 floor_holds=true destroy=ok
reloads=31 extra=true answered=false capacity=89 length=67 free=22 requests=1 floor_holds=true destroy=ok
reloads=31 extra=true answered=true capacity=89 length=67 free=22 requests=1 floor_holds=true destroy=ok
reloads=32 extra=false answered=false capacity=89 length=68 free=21 requests=2 floor_holds=true destroy=ok
reloads=32 extra=false answered=true capacity=89 length=68 free=21 requests=2 floor_holds=true destroy=ok
reloads=32 extra=true answered=false capacity=89 length=69 free=20 requests=1 floor_holds=true destroy=ok
reloads=32 extra=true answered=true capacity=89 length=69 free=20 requests=1 floor_holds=true destroy=ok
reloads=33 extra=false answered=false capacity=89 length=70 free=19 requests=2 floor_holds=true destroy=ok
reloads=33 extra=false answered=true capacity=89 length=70 free=19 requests=2 floor_holds=true destroy=ok
reloads=33 extra=true answered=false capacity=89 length=71 free=18 requests=1 floor_holds=true destroy=ok
reloads=33 extra=true answered=true capacity=89 length=71 free=18 requests=1 floor_holds=true destroy=ok
reloads=34 extra=false answered=false capacity=89 length=72 free=17 requests=2 floor_holds=true destroy=ok
reloads=34 extra=false answered=true capacity=89 length=72 free=17 requests=2 floor_holds=true destroy=ok
reloads=34 extra=true answered=false capacity=89 length=73 free=16 requests=1 floor_holds=true destroy=ok
reloads=34 extra=true answered=true capacity=89 length=73 free=16 requests=1 floor_holds=true destroy=ok
reloads=35 extra=false answered=false capacity=89 length=74 free=15 requests=2 floor_holds=true destroy=ok
reloads=35 extra=false answered=true capacity=89 length=74 free=15 requests=2 floor_holds=true destroy=ok
reloads=35 extra=true answered=false capacity=89 length=75 free=14 requests=1 floor_holds=true destroy=ok
reloads=35 extra=true answered=true capacity=89 length=75 free=14 requests=1 floor_holds=true destroy=ok
reloads=36 extra=false answered=false capacity=89 length=76 free=13 requests=2 floor_holds=true destroy=ok
reloads=36 extra=false answered=true capacity=89 length=76 free=13 requests=2 floor_holds=true destroy=ok
reloads=36 extra=true answered=false capacity=89 length=77 free=12 requests=1 floor_holds=true destroy=ok
reloads=36 extra=true answered=true capacity=89 length=77 free=12 requests=1 floor_holds=true destroy=ok
reloads=37 extra=false answered=false capacity=89 length=78 free=11 requests=2 floor_holds=true destroy=ok
reloads=37 extra=false answered=true capacity=89 length=78 free=11 requests=2 floor_holds=true destroy=ok
reloads=37 extra=true answered=false capacity=89 length=79 free=10 requests=1 floor_holds=true destroy=ok
reloads=37 extra=true answered=true capacity=89 length=79 free=10 requests=1 floor_holds=true destroy=ok
reloads=38 extra=false answered=false capacity=89 length=80 free=9 requests=2 floor_holds=true destroy=ok
reloads=38 extra=false answered=true capacity=89 length=80 free=9 requests=2 floor_holds=true destroy=ok
reloads=38 extra=true answered=false capacity=89 length=81 free=8 requests=1 floor_holds=true destroy=ok
reloads=38 extra=true answered=true capacity=89 length=81 free=8 requests=1 floor_holds=true destroy=ok
reloads=39 extra=false answered=false capacity=89 length=82 free=7 requests=2 floor_holds=true destroy=ok
reloads=39 extra=false answered=true capacity=89 length=82 free=7 requests=2 floor_holds=true destroy=ok
reloads=39 extra=true answered=false capacity=89 length=83 free=6 requests=1 floor_holds=true destroy=ok
reloads=39 extra=true answered=true capacity=89 length=83 free=6 requests=1 floor_holds=true destroy=ok
reloads=40 extra=false answered=false capacity=89 length=84 free=5 requests=2 floor_holds=true destroy=ok
reloads=40 extra=false answered=true capacity=89 length=84 free=5 requests=2 floor_holds=true destroy=ok
reloads=40 extra=true answered=false capacity=89 length=85 free=4 requests=1 floor_holds=true destroy=ok
reloads=40 extra=true answered=true capacity=89 length=85 free=4 requests=1 floor_holds=true destroy=ok
reloads=41 extra=false answered=false capacity=89 length=86 free=3 requests=2 floor_holds=true destroy=ok
reloads=41 extra=false answered=true capacity=89 length=86 free=3 requests=2 floor_holds=true destroy=ok
reloads=41 extra=true answered=false capacity=89 length=87 free=2 requests=1 floor_holds=true destroy=ok
reloads=41 extra=true answered=true capacity=89 length=87 free=2 requests=1 floor_holds=true destroy=ok
reloads=42 extra=false answered=false capacity=89 length=88 free=1 requests=2 floor_holds=false destroy=ok
reloads=42 extra=false answered=true capacity=89 length=88 free=1 requests=2 floor_holds=false destroy=ok
reloads=42 extra=true answered=false capacity=89 length=89 free=0 requests=1 floor_holds=false destroy=OutOfMemory
reloads=42 extra=true answered=true capacity=89 length=89 free=0 requests=1 floor_holds=false destroy=OutOfMemory
reloads=43 extra=false answered=false capacity=137 length=90 free=47 requests=2 floor_holds=true destroy=ok
reloads=43 extra=false answered=true capacity=137 length=90 free=47 requests=2 floor_holds=true destroy=ok
reloads=43 extra=true answered=false capacity=137 length=91 free=46 requests=1 floor_holds=true destroy=ok
reloads=43 extra=true answered=true capacity=137 length=91 free=46 requests=1 floor_holds=true destroy=ok
reloads=44 extra=false answered=false capacity=137 length=92 free=45 requests=2 floor_holds=true destroy=ok
reloads=44 extra=false answered=true capacity=137 length=92 free=45 requests=2 floor_holds=true destroy=ok
reloads=44 extra=true answered=false capacity=137 length=93 free=44 requests=1 floor_holds=true destroy=ok
reloads=44 extra=true answered=true capacity=137 length=93 free=44 requests=1 floor_holds=true destroy=ok
reloads=45 extra=false answered=false capacity=137 length=94 free=43 requests=2 floor_holds=true destroy=ok
reloads=45 extra=false answered=true capacity=137 length=94 free=43 requests=2 floor_holds=true destroy=ok
reloads=45 extra=true answered=false capacity=137 length=95 free=42 requests=1 floor_holds=true destroy=ok
reloads=45 extra=true answered=true capacity=137 length=95 free=42 requests=1 floor_holds=true destroy=ok
reloads=46 extra=false answered=false capacity=137 length=96 free=41 requests=2 floor_holds=true destroy=ok
reloads=46 extra=false answered=true capacity=137 length=96 free=41 requests=2 floor_holds=true destroy=ok
reloads=46 extra=true answered=false capacity=137 length=97 free=40 requests=1 floor_holds=true destroy=ok
reloads=46 extra=true answered=true capacity=137 length=97 free=40 requests=1 floor_holds=true destroy=ok
reloads=47 extra=false answered=false capacity=137 length=98 free=39 requests=2 floor_holds=true destroy=ok
reloads=47 extra=false answered=true capacity=137 length=98 free=39 requests=2 floor_holds=true destroy=ok
reloads=47 extra=true answered=false capacity=137 length=99 free=38 requests=1 floor_holds=true destroy=ok
reloads=47 extra=true answered=true capacity=137 length=99 free=38 requests=1 floor_holds=true destroy=ok
reloads=48 extra=false answered=false capacity=137 length=100 free=37 requests=2 floor_holds=true destroy=ok
reloads=48 extra=false answered=true capacity=137 length=100 free=37 requests=2 floor_holds=true destroy=ok
reloads=48 extra=true answered=false capacity=137 length=101 free=36 requests=1 floor_holds=true destroy=ok
reloads=48 extra=true answered=true capacity=137 length=101 free=36 requests=1 floor_holds=true destroy=ok
combinations=196 floor_failures=20 destroy_out_of_memory=12
OK
All 1 tests passed.
RESULT {"executable":"C:\\src\\fairpane\\.tools\\zig\\0.18.0-dev.120+9fe22a29b\\x86_64-windows\\zig.exe","arguments":["test","--cache-dir","out/fp0050-probe","--dep","engine","-Mroot=engineering/evidence/FP-0050/raw/case-1-capacity-probe.zig","-Mengine=src/engine.zig"],"cwd":"C:\\Users\\requi\\.omp\\wt\\tc1a4abe99\\m","started_at":"2026-10-09T10:53:33.413Z","exit_code":0,"signal":null,"timed_out":false,"error":null,"duration_ms":2083,"environment_overrides":{"ZIG_GLOBAL_CACHE_DIR":"C:\\src\\fairpane\\.zig-cache\\global"}}
