
COMMAND ["C:\\nvm4w\\nodejs\\node.exe","tools/fairpane.mjs","check"]
{
  "result": "pass",
  "level": "bootstrap-integrity-only",
  "tasks": 77,
  "gates": 9,
  "capability_families": 21,
  "fingerprints": {
    "source": {
      "sha256": "efb912a8f3f2a71d85da2b444bcca576d9c64e4faac7740b656b9ec23444fc98",
      "file_count": 235
    },
    "policy": {
      "sha256": "020a784a88c0d7e5e855f975c9f7722121b36e8e21b578b5c46100ccafafdb51",
      "file_count": 22
    }
  },
  "note": "This check is not browser conformance or an independent security attestation."
}
RESULT {"executable":"C:\\nvm4w\\nodejs\\node.exe","arguments":["tools/fairpane.mjs","check"],"cwd":"C:\\Users\\requi\\.omp\\wt\\tc1a4abe99\\m","started_at":"2026-10-09T11:05:41.167Z","exit_code":0,"signal":null,"timed_out":false,"error":null,"duration_ms":146}
