Fairpane local gate: repo-check
Trust: unsigned-local-integrity-only

COMMAND ["C:\\nvm4w\\nodejs\\node.exe","C:\\src\\fairpane\\tools\\fairpane.mjs","check"]
{
  "result": "pass",
  "level": "bootstrap-integrity-only",
  "tasks": 50,
  "gates": 9,
  "capability_families": 21,
  "fingerprints": {
    "source": {
      "sha256": "f1d4684ff245c29a3b55ff91c6420e2c3284fabe9fedf57070839988f97a0f4a",
      "file_count": 95
    },
    "policy": {
      "sha256": "782bc4031600ed76e12e503135470bfd71c6b65e6fdf3fafc00880989f5f6d53",
      "file_count": 17
    }
  },
  "note": "This check is not browser conformance or an independent security attestation."
}
RESULT {"executable":"C:\\nvm4w\\nodejs\\node.exe","arguments":["C:\\src\\fairpane\\tools\\fairpane.mjs","check"],"cwd":"C:\\src\\fairpane","started_at":"2026-10-09T02:05:37.530Z","exit_code":0,"signal":null,"timed_out":false,"error":null,"duration_ms":94}
