Fairpane local gate: repo-check
Trust: unsigned-local-integrity-only

COMMAND ["C:\\nvm4w\\nodejs\\node.exe","C:\\src\\fairpane\\tools\\fairpane.mjs","check"]
{
  "result": "pass",
  "level": "bootstrap-integrity-only",
  "tasks": 31,
  "gates": 9,
  "capability_families": 19,
  "fingerprints": {
    "source": {
      "sha256": "95d74b67ef7b7d1b234c1cdba198af30861d9fc66b76b5ab050afc23e5ba30cf",
      "file_count": 86
    },
    "policy": {
      "sha256": "004e50361ed3cec0b9eaea1f411cf64ac7c2e49d684a494d6c6ebfea07537436",
      "file_count": 17
    }
  },
  "note": "This check is not browser conformance or an independent security attestation."
}
RESULT {"executable":"C:\\nvm4w\\nodejs\\node.exe","arguments":["C:\\src\\fairpane\\tools\\fairpane.mjs","check"],"cwd":"C:\\src\\fairpane","started_at":"2026-10-09T00:48:44.042Z","exit_code":0,"signal":null,"timed_out":false,"error":null,"duration_ms":81}
