Fairpane local gate: repo-check
Trust: unsigned-local-integrity-only

COMMAND ["C:\\nvm4w\\nodejs\\node.exe","C:\\src\\fairpane\\tools\\fairpane.mjs","check"]
{
  "result": "pass",
  "level": "bootstrap-integrity-only",
  "tasks": 51,
  "gates": 9,
  "capability_families": 21,
  "fingerprints": {
    "source": {
      "sha256": "b9abbf85ad5db2056693b96d39ccf10c57d41e69e396f3ca2cefd1a4a980bbea",
      "file_count": 98
    },
    "policy": {
      "sha256": "5f13eb78e3a06811038946e46adef809eef65af69ec1fa3b65c118bc6d7955fd",
      "file_count": 17
    }
  },
  "note": "This check is not browser conformance or an independent security attestation."
}
RESULT {"executable":"C:\\nvm4w\\nodejs\\node.exe","arguments":["C:\\src\\fairpane\\tools\\fairpane.mjs","check"],"cwd":"C:\\src\\fairpane","started_at":"2026-10-09T02:32:09.888Z","exit_code":0,"signal":null,"timed_out":false,"error":null,"duration_ms":76}
