Fairpane local gate: repo-check
Trust: unsigned-local-integrity-only

COMMAND ["C:\\nvm4w\\nodejs\\node.exe","C:\\src\\fairpane\\tools\\fairpane.mjs","check"]
{
  "result": "pass",
  "level": "bootstrap-integrity-only",
  "tasks": 46,
  "gates": 9,
  "capability_families": 21,
  "fingerprints": {
    "source": {
      "sha256": "9aedf581e65e9966043b8c09faf008e88d8a18171df196252012260e75e487d5",
      "file_count": 91
    },
    "policy": {
      "sha256": "90a4c70111629ebd7d9bbbdb67c851878a432c6dff8be998342b07498df09e83",
      "file_count": 17
    }
  },
  "note": "This check is not browser conformance or an independent security attestation."
}
RESULT {"executable":"C:\\nvm4w\\nodejs\\node.exe","arguments":["C:\\src\\fairpane\\tools\\fairpane.mjs","check"],"cwd":"C:\\src\\fairpane","started_at":"2026-10-09T01:30:40.268Z","exit_code":0,"signal":null,"timed_out":false,"error":null,"duration_ms":100}
