Fairpane local gate: repo-check
Trust: unsigned-local-integrity-only

COMMAND ["/opt/hostedtoolcache/node/24.21.0/x64/bin/node","/home/runner/work/fairpane/fairpane/tools/fairpane.mjs","check"]
{
  "result": "pass",
  "level": "bootstrap-integrity-only",
  "tasks": 98,
  "gates": 9,
  "capability_families": 21,
  "fingerprints": {
    "source": {
      "sha256": "ade1254435f57c66709e6c8cc2752d4793114c6f555ef3be1f19424331d816cf",
      "file_count": 284
    },
    "policy": {
      "sha256": "7f54414c3c601aa711ad9de04dfe9c3d4b4fd3999cc01dd1f1ea7de2d3ea17ee",
      "file_count": 23
    }
  },
  "note": "This check is not browser conformance or an independent security attestation."
}
RESULT {"executable":"/opt/hostedtoolcache/node/24.21.0/x64/bin/node","arguments":["/home/runner/work/fairpane/fairpane/tools/fairpane.mjs","check"],"cwd":"/home/runner/work/fairpane/fairpane","started_at":"2026-10-09T13:24:47.894Z","exit_code":0,"signal":null,"timed_out":false,"error":null,"duration_ms":121}
