
COMMAND ["C:\\nvm4w\\nodejs\\node.exe","tools/fairpane.mjs","check"]
{
  "result": "pass",
  "level": "bootstrap-integrity-only",
  "tasks": 130,
  "gates": 9,
  "capability_families": 21,
  "fingerprints": {
    "source": {
      "sha256": "9696156d930ef61d31527a8bc629815f9b063a4bdb1b6eb5b811fdc4676711e4",
      "file_count": 324
    },
    "policy": {
      "sha256": "a5e70373b661ace47536ea765670c8ab6e4b4dd43254859d0616c4938d1697b0",
      "file_count": 24
    }
  },
  "note": "This check is not browser conformance or an independent security attestation."
}
RESULT {"executable":"C:\\nvm4w\\nodejs\\node.exe","arguments":["tools/fairpane.mjs","check"],"cwd":"C:\\Users\\requi\\.omp\\wt\\t6b5416396\\m","started_at":"2026-10-09T18:35:32.804Z","exit_code":0,"signal":null,"timed_out":false,"error":null,"duration_ms":271}
