Fairpane local gate: repo-check
Trust: unsigned-local-integrity-only

COMMAND ["C:\\nvm4w\\nodejs\\node.exe","C:\\src\\fairpane\\tools\\fairpane.mjs","check"]
{
  "result": "pass",
  "level": "bootstrap-integrity-only",
  "tasks": 27,
  "gates": 9,
  "capability_families": 19,
  "fingerprints": {
    "source": {
      "sha256": "f2d2e0e6d03370c93235066bb420fb81419448f05e97b7af54483579c4c46087",
      "file_count": 76
    },
    "policy": {
      "sha256": "ec1505889dbe8cc3aef2fa1e6a9d9da2afd5a7f847fcbe23e1559761d35f3e91",
      "file_count": 12
    }
  },
  "note": "This check is not browser conformance or an independent security attestation."
}
RESULT {"executable":"C:\\nvm4w\\nodejs\\node.exe","arguments":["C:\\src\\fairpane\\tools\\fairpane.mjs","check"],"exit_code":0,"signal":null,"timed_out":false,"error":null,"duration_ms":65}
