Fairpane local gate: repo-check
Trust: unsigned-local-integrity-only

COMMAND ["C:\\nvm4w\\nodejs\\node.exe","C:\\src\\fairpane\\tools\\fairpane.mjs","check"]
{
  "result": "pass",
  "level": "bootstrap-integrity-only",
  "tasks": 97,
  "gates": 9,
  "capability_families": 21,
  "fingerprints": {
    "source": {
      "sha256": "42dc534a8df8200d69ba05ee06762fa1844811a7fcfe670a903172611795802d",
      "file_count": 279
    },
    "policy": {
      "sha256": "7244083c32fa3e016846e5aafdbed9616899a9c617921d3f14d4ba5800f8e700",
      "file_count": 22
    }
  },
  "note": "This check is not browser conformance or an independent security attestation."
}
RESULT {"executable":"C:\\nvm4w\\nodejs\\node.exe","arguments":["C:\\src\\fairpane\\tools\\fairpane.mjs","check"],"cwd":"C:\\src\\fairpane","started_at":"2026-10-09T12:53:45.258Z","exit_code":0,"signal":null,"timed_out":false,"error":null,"duration_ms":169}
