Fairpane local gate: repo-check
Trust: unsigned-local-integrity-only

COMMAND ["C:\\nvm4w\\nodejs\\node.exe","C:\\src\\fairpane\\tools\\fairpane.mjs","check"]
{
  "result": "pass",
  "level": "bootstrap-integrity-only",
  "tasks": 78,
  "gates": 9,
  "capability_families": 21,
  "fingerprints": {
    "source": {
      "sha256": "cce742267cc6532d6543861e2977b573bf622f86abfca6ac5d07e5cbfe3094ea",
      "file_count": 278
    },
    "policy": {
      "sha256": "7244083c32fa3e016846e5aafdbed9616899a9c617921d3f14d4ba5800f8e700",
      "file_count": 22
    }
  },
  "note": "This check is not browser conformance or an independent security attestation."
}
RESULT {"executable":"C:\\nvm4w\\nodejs\\node.exe","arguments":["C:\\src\\fairpane\\tools\\fairpane.mjs","check"],"cwd":"C:\\src\\fairpane","started_at":"2026-10-09T11:43:15.322Z","exit_code":0,"signal":null,"timed_out":false,"error":null,"duration_ms":142}
