
COMMAND ["C:\\Windows\\System32\\curl.exe","-sS","--fail","-H","Accept: application/vnd.github+json","-H","X-GitHub-Api-Version: 2022-11-28","https://api.github.com/repos/actions/checkout/git/ref/tags/v7.0.1","https://api.github.com/repos/actions/setup-node/git/ref/tags/v7.1.0","https://api.github.com/repos/actions/upload-artifact/git/ref/tags/v7.0.2","https://api.github.com/repos/rhysd/actionlint/git/ref/tags/v1.7.12"]
{
  "ref": "refs/tags/v7.0.1",
  "node_id": "MDM6UmVmMTk3ODE0NjI5OnJlZnMvdGFncy92Ny4wLjE=",
  "url": "https://api.github.com/repos/actions/checkout/git/refs/tags/v7.0.1",
  "object": {
    "sha": "3d3c42e5aac5ba805825da76410c181273ba90b1",
    "type": "commit",
    "url": "https://api.github.com/repos/actions/checkout/git/commits/3d3c42e5aac5ba805825da76410c181273ba90b1"
  }
}
{
  "ref": "refs/tags/v7.1.0",
  "node_id": "MDM6UmVmMTg5NDc2OTA0OnJlZnMvdGFncy92Ny4xLjA=",
  "url": "https://api.github.com/repos/actions/setup-node/git/refs/tags/v7.1.0",
  "object": {
    "sha": "949feb2413d6458794dcd2491c4babbbce0c15c1",
    "type": "commit",
    "url": "https://api.github.com/repos/actions/setup-node/git/commits/949feb2413d6458794dcd2491c4babbbce0c15c1"
  }
}
{
  "ref": "refs/tags/v7.0.2",
  "node_id": "MDM6UmVmMTkyNjI1OTU1OnJlZnMvdGFncy92Ny4wLjI=",
  "url": "https://api.github.com/repos/actions/upload-artifact/git/refs/tags/v7.0.2",
  "object": {
    "sha": "cf430e030ddbb5b0abf93d22962f4752f3646cd9",
    "type": "commit",
    "url": "https://api.github.com/repos/actions/upload-artifact/git/commits/cf430e030ddbb5b0abf93d22962f4752f3646cd9"
  }
}
{
  "ref": "refs/tags/v1.7.12",
  "node_id": "MDM6UmVmMzcwNjY4NTA3OnJlZnMvdGFncy92MS43LjEy",
  "url": "https://api.github.com/repos/rhysd/actionlint/git/refs/tags/v1.7.12",
  "object": {
    "sha": "914e7df21a07ef503a81201c76d2b11c789d3fca",
    "type": "commit",
    "url": "https://api.github.com/repos/rhysd/actionlint/git/commits/914e7df21a07ef503a81201c76d2b11c789d3fca"
  }
}
RESULT {"executable":"C:\\Windows\\System32\\curl.exe","arguments":["-sS","--fail","-H","Accept: application/vnd.github+json","-H","X-GitHub-Api-Version: 2022-11-28","https://api.github.com/repos/actions/checkout/git/ref/tags/v7.0.1","https://api.github.com/repos/actions/setup-node/git/ref/tags/v7.1.0","https://api.github.com/repos/actions/upload-artifact/git/ref/tags/v7.0.2","https://api.github.com/repos/rhysd/actionlint/git/ref/tags/v1.7.12"],"cwd":"C:\\Users\\requi\\.omp\\wt\\t245a36d6d\\m","started_at":"2026-10-09T01:57:40.874Z","exit_code":0,"signal":null,"timed_out":false,"error":null,"duration_ms":701}
