
COMMAND ["C:\\nvm4w\\nodejs\\node.exe","tools/fairpane.mjs","check"]
{
  "result": "pass",
  "level": "bootstrap-integrity-only",
  "tasks": 49,
  "gates": 9,
  "capability_families": 20,
  "fingerprints": {
    "source": {
      "sha256": "f7b365d57753f23d2a555f1927111dcda03d646915378b03579a1897eb5c9b33",
      "file_count": 97
    },
    "policy": {
      "sha256": "366776e09af8c5f000b5f2b8f85795ca4bb8f2098e9f7bc20e34ea97cb58c425",
      "file_count": 17
    }
  },
  "note": "This check is not browser conformance or an independent security attestation."
}
RESULT {"executable":"C:\\nvm4w\\nodejs\\node.exe","arguments":["tools/fairpane.mjs","check"],"cwd":"C:\\Users\\requi\\.omp\\wt\\t245a36d6d\\m","started_at":"2026-10-09T02:03:44.270Z","exit_code":0,"signal":null,"timed_out":false,"error":null,"duration_ms":148}
