
COMMAND ["C:\\Program Files\\Git\\cmd\\git.exe","rev-parse","HEAD"]
c53c69690971fa44cafcea64dc0305af33295f3a
RESULT {"executable":"C:\\Program Files\\Git\\cmd\\git.exe","arguments":["rev-parse","HEAD"],"cwd":"C:\\src\\fairpane","started_at":"2026-10-09T04:41:50.880Z","exit_code":0,"signal":null,"timed_out":false,"error":null,"duration_ms":26}

COMMAND ["C:\\Program Files\\Git\\cmd\\git.exe","status","--porcelain","--untracked-files=all","--ignored","--","AGENTS.md","AGENT_LAUNCH.md","README.md","build.zig","src","include","api","tests","tools","scripts","toolchains","specs",".omp","docs","engineering/plan.json","engineering/workstreams.json","engineering/gates.json","engineering/qualification.json","engineering/policy.json","engineering/dependencies.json","START_HERE.md","LICENSE-DECISION.md","CONTRIBUTING.md","SECURITY.md",".gitignore",".gitattributes",".editorconfig","engineering/decisions","engineering/templates",".github"]
RESULT {"executable":"C:\\Program Files\\Git\\cmd\\git.exe","arguments":["status","--porcelain","--untracked-files=all","--ignored","--","AGENTS.md","AGENT_LAUNCH.md","README.md","build.zig","src","include","api","tests","tools","scripts","toolchains","specs",".omp","docs","engineering/plan.json","engineering/workstreams.json","engineering/gates.json","engineering/qualification.json","engineering/policy.json","engineering/dependencies.json","START_HERE.md","LICENSE-DECISION.md","CONTRIBUTING.md","SECURITY.md",".gitignore",".gitattributes",".editorconfig","engineering/decisions","engineering/templates",".github"],"cwd":"C:\\src\\fairpane","started_at":"2026-10-09T04:41:50.953Z","exit_code":0,"signal":null,"timed_out":false,"error":null,"duration_ms":22}

COMMAND ["C:\\Program Files\\Git\\cmd\\git.exe","show","--stat","--format=%H%n%s","c53c696"]
c53c69690971fa44cafcea64dc0305af33295f3a
FP-0033: accept only reviewed action commits

 engineering/evidence/FP-0033/CONTRACT.md           |   9 ++
 .../FP-0033/raw/github-run-37884244035.log         |   4 +
 .../FP-0033/raw/revision-3-tests-before.log        |  42 ++++++
 .../evidence/FP-0033/reviews/review-3-reject.json  | 159 +++++++++++++++++++++
 tools/README.md                                    |  10 +-
 tools/workflow-check.mjs                           |  22 ++-
 tools/workflow-check.test.mjs                      |  14 +-
 7 files changed, 254 insertions(+), 6 deletions(-)
RESULT {"executable":"C:\\Program Files\\Git\\cmd\\git.exe","arguments":["show","--stat","--format=%H%n%s","c53c696"],"cwd":"C:\\src\\fairpane","started_at":"2026-10-09T04:41:51.026Z","exit_code":0,"signal":null,"timed_out":false,"error":null,"duration_ms":21}

COMMAND ["C:\\Program Files\\Git\\cmd\\git.exe","rev-parse","HEAD:.github/workflows/gates.yml","HEAD:.github/workflows/pages.yml"]
ccbd330eb01756973b71fc9464cec7a2043d0a00
a70741af57639e29f6646c5d0308959f39991843
RESULT {"executable":"C:\\Program Files\\Git\\cmd\\git.exe","arguments":["rev-parse","HEAD:.github/workflows/gates.yml","HEAD:.github/workflows/pages.yml"],"cwd":"C:\\src\\fairpane","started_at":"2026-10-09T04:41:51.110Z","exit_code":0,"signal":null,"timed_out":false,"error":null,"duration_ms":19}
