
COMMAND ["C:\\Windows\\System32\\curl.exe","-sS","--fail","--head","https://ziglang.org/builds/zig-x86_64-windows-0.18.0-dev.120+9fe22a29b.zip","https://ziglang.org/builds/zig-x86_64-linux-0.18.0-dev.120+9fe22a29b.tar.xz"]
HTTP/1.1 200 OK
Server: nginx
Date: Fri, 09 Oct 2026 01:58:15 GMT
Content-Type: application/zip
Content-Length: 102765659
Last-Modified: Thu, 08 Oct 2026 14:43:44 GMT
Connection: keep-alive
ETag: "6ac7ac20-620145b"
Accept-Ranges: bytes

HTTP/1.1 200 OK
Server: nginx
Date: Fri, 09 Oct 2026 01:58:15 GMT
Content-Type: application/octet-stream
Content-Length: 59064972
Last-Modified: Thu, 08 Oct 2026 14:33:59 GMT
Connection: keep-alive
ETag: "6ac7a9d7-385428c"
Accept-Ranges: bytes

RESULT {"executable":"C:\\Windows\\System32\\curl.exe","arguments":["-sS","--fail","--head","https://ziglang.org/builds/zig-x86_64-windows-0.18.0-dev.120+9fe22a29b.zip","https://ziglang.org/builds/zig-x86_64-linux-0.18.0-dev.120+9fe22a29b.tar.xz"],"cwd":"C:\\Users\\requi\\.omp\\wt\\t245a36d6d\\m","started_at":"2026-10-09T01:58:12.845Z","exit_code":0,"signal":null,"timed_out":false,"error":null,"duration_ms":747}
