
COMMAND ["C:\\Program Files\\Git\\cmd\\git.exe","rev-parse","HEAD"]
ea3433abcc09ef22dec71b4e03e697e61f21cb16
RESULT {"executable":"C:\\Program Files\\Git\\cmd\\git.exe","arguments":["rev-parse","HEAD"],"cwd":"C:\\src\\fairpane","started_at":"2026-10-09T09:50:12.896Z","exit_code":0,"signal":null,"timed_out":false,"error":null,"duration_ms":28}

COMMAND ["C:\\Program Files\\Git\\cmd\\git.exe","status","--porcelain","--untracked-files=all","--ignored","--","AGENTS.md","AGENT_LAUNCH.md","README.md","build.zig","src","include","api","tests","tools","scripts","toolchains","specs",".omp","docs","engineering/plan.json","engineering/workstreams.json","engineering/gates.json","engineering/qualification.json","engineering/policy.json","engineering/dependencies.json","START_HERE.md","LICENSE-DECISION.md","CONTRIBUTING.md","SECURITY.md",".gitignore",".gitattributes",".editorconfig","engineering/decisions","engineering/templates",".github"]
RESULT {"executable":"C:\\Program Files\\Git\\cmd\\git.exe","arguments":["status","--porcelain","--untracked-files=all","--ignored","--","AGENTS.md","AGENT_LAUNCH.md","README.md","build.zig","src","include","api","tests","tools","scripts","toolchains","specs",".omp","docs","engineering/plan.json","engineering/workstreams.json","engineering/gates.json","engineering/qualification.json","engineering/policy.json","engineering/dependencies.json","START_HERE.md","LICENSE-DECISION.md","CONTRIBUTING.md","SECURITY.md",".gitignore",".gitattributes",".editorconfig","engineering/decisions","engineering/templates",".github"],"cwd":"C:\\src\\fairpane","started_at":"2026-10-09T09:50:12.983Z","exit_code":0,"signal":null,"timed_out":false,"error":null,"duration_ms":25}

COMMAND ["C:\\Program Files\\Git\\cmd\\git.exe","--version"]
git version 2.54.0.windows.1
RESULT {"executable":"C:\\Program Files\\Git\\cmd\\git.exe","arguments":["--version"],"cwd":"C:\\src\\fairpane","started_at":"2026-10-09T09:50:13.064Z","exit_code":0,"signal":null,"timed_out":false,"error":null,"duration_ms":18}

COMMAND ["C:\\nvm4w\\nodejs\\node.exe","--version"]
v26.7.0
RESULT {"executable":"C:\\nvm4w\\nodejs\\node.exe","arguments":["--version"],"cwd":"C:\\src\\fairpane","started_at":"2026-10-09T09:50:13.138Z","exit_code":0,"signal":null,"timed_out":false,"error":null,"duration_ms":18}

COMMAND ["C:\\src\\fairpane\\.tools\\zig\\0.18.0-dev.120+9fe22a29b\\x86_64-windows\\zig.exe","version"]
0.18.0-dev.120+9fe22a29b
RESULT {"executable":"C:\\src\\fairpane\\.tools\\zig\\0.18.0-dev.120+9fe22a29b\\x86_64-windows\\zig.exe","arguments":["version"],"cwd":"C:\\src\\fairpane","started_at":"2026-10-09T09:50:13.208Z","exit_code":0,"signal":null,"timed_out":false,"error":null,"duration_ms":16}

COMMAND ["C:\\Program Files\\Git\\cmd\\git.exe","rev-parse","HEAD"]
60c0c90690fcde15e02b83fadc603b108200df0e
RESULT {"executable":"C:\\Program Files\\Git\\cmd\\git.exe","arguments":["rev-parse","HEAD"],"cwd":"C:\\src\\fairpane","started_at":"2026-10-09T10:10:32.219Z","exit_code":0,"signal":null,"timed_out":false,"error":null,"duration_ms":18}

COMMAND ["C:\\Program Files\\Git\\cmd\\git.exe","diff","--stat","ea3433abcc09ef22dec71b4e03e697e61f21cb16","HEAD","--","tools/release.mjs","tools/attest.mjs","tools/lib.mjs","tools/fairpane.mjs"]
RESULT {"executable":"C:\\Program Files\\Git\\cmd\\git.exe","arguments":["diff","--stat","ea3433abcc09ef22dec71b4e03e697e61f21cb16","HEAD","--","tools/release.mjs","tools/attest.mjs","tools/lib.mjs","tools/fairpane.mjs"],"cwd":"C:\\src\\fairpane","started_at":"2026-10-09T10:10:32.291Z","exit_code":0,"signal":null,"timed_out":false,"error":null,"duration_ms":20}

COMMAND ["C:\\Program Files\\Git\\cmd\\git.exe","status","--porcelain","--untracked-files=all","--ignored","--","AGENTS.md","AGENT_LAUNCH.md","README.md","build.zig","src","include","api","tests","tools","scripts","toolchains","specs",".omp","docs","engineering/plan.json","engineering/workstreams.json","engineering/gates.json","engineering/qualification.json","engineering/policy.json","engineering/dependencies.json","START_HERE.md","LICENSE-DECISION.md","CONTRIBUTING.md","SECURITY.md",".gitignore",".gitattributes",".editorconfig","engineering/decisions","engineering/templates",".github"]
RESULT {"executable":"C:\\Program Files\\Git\\cmd\\git.exe","arguments":["status","--porcelain","--untracked-files=all","--ignored","--","AGENTS.md","AGENT_LAUNCH.md","README.md","build.zig","src","include","api","tests","tools","scripts","toolchains","specs",".omp","docs","engineering/plan.json","engineering/workstreams.json","engineering/gates.json","engineering/qualification.json","engineering/policy.json","engineering/dependencies.json","START_HERE.md","LICENSE-DECISION.md","CONTRIBUTING.md","SECURITY.md",".gitignore",".gitattributes",".editorconfig","engineering/decisions","engineering/templates",".github"],"cwd":"C:\\src\\fairpane","started_at":"2026-10-09T10:12:34.437Z","exit_code":0,"signal":null,"timed_out":false,"error":null,"duration_ms":26}
