
COMMAND ["C:\\nvm4w\\nodejs\\node.exe","tools/fairpane.mjs","source-archive","ea3433abcc09ef22dec71b4e03e697e61f21cb16","C:\\Users\\requi\\AppData\\Local\\Temp\\fairpane-fp0027-r1-ea3433abcc09ef22dec71b4e03e697e61f21cb16"]
{
  "result": "pass",
  "commit": "ea3433abcc09ef22dec71b4e03e697e61f21cb16",
  "tree": "25e56b07e54eab101e136f1dbbcf08b7a4f0170f",
  "files": 917,
  "tar": {
    "path": "C:\\Users\\requi\\AppData\\Local\\Temp\\fairpane-fp0027-r1-ea3433abcc09ef22dec71b4e03e697e61f21cb16\\fairpane-ea3433abcc09ef22dec71b4e03e697e61f21cb16.tar",
    "size": 10373120,
    "sha256": "d5514c5e05f37527b8438459f0bc3e48d8e12cae5bb6e2e9d39888d64a5c4635"
  },
  "manifest": {
    "path": "C:\\Users\\requi\\AppData\\Local\\Temp\\fairpane-fp0027-r1-ea3433abcc09ef22dec71b4e03e697e61f21cb16\\fairpane-ea3433abcc09ef22dec71b4e03e697e61f21cb16.manifest.json",
    "sha256": "9fa150fb7b35f428f83cfbcd35c67bac2aeb0bdc2413962d3cf7005a062f0475"
  }
}
RESULT {"executable":"C:\\nvm4w\\nodejs\\node.exe","arguments":["tools/fairpane.mjs","source-archive","ea3433abcc09ef22dec71b4e03e697e61f21cb16","C:\\Users\\requi\\AppData\\Local\\Temp\\fairpane-fp0027-r1-ea3433abcc09ef22dec71b4e03e697e61f21cb16"],"cwd":"C:\\src\\fairpane","started_at":"2026-10-09T09:50:51.397Z","exit_code":0,"signal":null,"timed_out":false,"error":null,"duration_ms":359}

COMMAND ["C:\\Program Files\\Git\\usr\\bin\\sha256sum.exe","C:\\Users\\requi\\AppData\\Local\\Temp\\fairpane-fp0027-r1-ea3433abcc09ef22dec71b4e03e697e61f21cb16\\fairpane-ea3433abcc09ef22dec71b4e03e697e61f21cb16.tar","C:\\Users\\requi\\AppData\\Local\\Temp\\fairpane-fp0027-r1-ea3433abcc09ef22dec71b4e03e697e61f21cb16\\fairpane-ea3433abcc09ef22dec71b4e03e697e61f21cb16.manifest.json"]
\d5514c5e05f37527b8438459f0bc3e48d8e12cae5bb6e2e9d39888d64a5c4635 *C:\\Users\\requi\\AppData\\Local\\Temp\\fairpane-fp0027-r1-ea3433abcc09ef22dec71b4e03e697e61f21cb16\\fairpane-ea3433abcc09ef22dec71b4e03e697e61f21cb16.tar
\9fa150fb7b35f428f83cfbcd35c67bac2aeb0bdc2413962d3cf7005a062f0475 *C:\\Users\\requi\\AppData\\Local\\Temp\\fairpane-fp0027-r1-ea3433abcc09ef22dec71b4e03e697e61f21cb16\\fairpane-ea3433abcc09ef22dec71b4e03e697e61f21cb16.manifest.json
RESULT {"executable":"C:\\Program Files\\Git\\usr\\bin\\sha256sum.exe","arguments":["C:\\Users\\requi\\AppData\\Local\\Temp\\fairpane-fp0027-r1-ea3433abcc09ef22dec71b4e03e697e61f21cb16\\fairpane-ea3433abcc09ef22dec71b4e03e697e61f21cb16.tar","C:\\Users\\requi\\AppData\\Local\\Temp\\fairpane-fp0027-r1-ea3433abcc09ef22dec71b4e03e697e61f21cb16\\fairpane-ea3433abcc09ef22dec71b4e03e697e61f21cb16.manifest.json"],"cwd":"C:\\src\\fairpane","started_at":"2026-10-09T09:50:51.813Z","exit_code":0,"signal":null,"timed_out":false,"error":null,"duration_ms":35}
