
COMMAND ["C:\\Program Files\\Git\\cmd\\git.exe","rev-parse","HEAD"]
c0cbf85c65a51892318c7f4076d3a9b3e8842907
RESULT {"executable":"C:\\Program Files\\Git\\cmd\\git.exe","arguments":["rev-parse","HEAD"],"cwd":"C:\\src\\fairpane","started_at":"2026-10-09T10:24:24.889Z","exit_code":0,"signal":null,"timed_out":false,"error":null,"duration_ms":17}

COMMAND ["C:\\Program Files\\Git\\cmd\\git.exe","status","--porcelain","--untracked-files=all","--ignored","--","AGENTS.md","AGENT_LAUNCH.md","README.md","build.zig","src","include","api","tests","tools","scripts","toolchains","specs",".omp","docs","engineering/plan.json","engineering/workstreams.json","engineering/gates.json","engineering/qualification.json","engineering/policy.json","engineering/dependencies.json","START_HERE.md","LICENSE-DECISION.md","CONTRIBUTING.md","SECURITY.md",".gitignore",".gitattributes",".editorconfig","engineering/decisions","engineering/templates",".github"]
RESULT {"executable":"C:\\Program Files\\Git\\cmd\\git.exe","arguments":["status","--porcelain","--untracked-files=all","--ignored","--","AGENTS.md","AGENT_LAUNCH.md","README.md","build.zig","src","include","api","tests","tools","scripts","toolchains","specs",".omp","docs","engineering/plan.json","engineering/workstreams.json","engineering/gates.json","engineering/qualification.json","engineering/policy.json","engineering/dependencies.json","START_HERE.md","LICENSE-DECISION.md","CONTRIBUTING.md","SECURITY.md",".gitignore",".gitattributes",".editorconfig","engineering/decisions","engineering/templates",".github"],"cwd":"C:\\src\\fairpane","started_at":"2026-10-09T10:24:24.963Z","exit_code":0,"signal":null,"timed_out":false,"error":null,"duration_ms":22}

COMMAND ["C:\\Program Files\\Git\\cmd\\git.exe","--version"]
git version 2.54.0.windows.1
RESULT {"executable":"C:\\Program Files\\Git\\cmd\\git.exe","arguments":["--version"],"cwd":"C:\\src\\fairpane","started_at":"2026-10-09T10:24:25.033Z","exit_code":0,"signal":null,"timed_out":false,"error":null,"duration_ms":16}

COMMAND ["C:\\nvm4w\\nodejs\\node.exe","--version"]
v26.7.0
RESULT {"executable":"C:\\nvm4w\\nodejs\\node.exe","arguments":["--version"],"cwd":"C:\\src\\fairpane","started_at":"2026-10-09T10:24:25.097Z","exit_code":0,"signal":null,"timed_out":false,"error":null,"duration_ms":24}

COMMAND ["C:\\src\\fairpane\\.tools\\zig\\0.18.0-dev.120+9fe22a29b\\x86_64-windows\\zig.exe","version"]
0.18.0-dev.120+9fe22a29b
RESULT {"executable":"C:\\src\\fairpane\\.tools\\zig\\0.18.0-dev.120+9fe22a29b\\x86_64-windows\\zig.exe","arguments":["version"],"cwd":"C:\\src\\fairpane","started_at":"2026-10-09T10:24:25.170Z","exit_code":0,"signal":null,"timed_out":false,"error":null,"duration_ms":14}

COMMAND ["C:\\nvm4w\\nodejs\\node.exe","-e","console.log(JSON.stringify(Object.keys(process.env).filter(k => /^zig_/i.test(k))))"]
[]
RESULT {"executable":"C:\\nvm4w\\nodejs\\node.exe","arguments":["-e","console.log(JSON.stringify(Object.keys(process.env).filter(k => /^zig_/i.test(k))))"],"cwd":"C:\\src\\fairpane","started_at":"2026-10-09T10:24:25.233Z","exit_code":0,"signal":null,"timed_out":false,"error":null,"duration_ms":30}

COMMAND ["C:\\Program Files\\Git\\cmd\\git.exe","rev-parse","HEAD"]
c0cbf85c65a51892318c7f4076d3a9b3e8842907
RESULT {"executable":"C:\\Program Files\\Git\\cmd\\git.exe","arguments":["rev-parse","HEAD"],"cwd":"C:\\src\\fairpane","started_at":"2026-10-09T10:28:04.473Z","exit_code":0,"signal":null,"timed_out":false,"error":null,"duration_ms":17}

COMMAND ["C:\\Program Files\\Git\\cmd\\git.exe","status","--porcelain","--untracked-files=all","--ignored","--","AGENTS.md","AGENT_LAUNCH.md","README.md","build.zig","src","include","api","tests","tools","scripts","toolchains","specs",".omp","docs","engineering/plan.json","engineering/workstreams.json","engineering/gates.json","engineering/qualification.json","engineering/policy.json","engineering/dependencies.json","START_HERE.md","LICENSE-DECISION.md","CONTRIBUTING.md","SECURITY.md",".gitignore",".gitattributes",".editorconfig","engineering/decisions","engineering/templates",".github"]
RESULT {"executable":"C:\\Program Files\\Git\\cmd\\git.exe","arguments":["status","--porcelain","--untracked-files=all","--ignored","--","AGENTS.md","AGENT_LAUNCH.md","README.md","build.zig","src","include","api","tests","tools","scripts","toolchains","specs",".omp","docs","engineering/plan.json","engineering/workstreams.json","engineering/gates.json","engineering/qualification.json","engineering/policy.json","engineering/dependencies.json","START_HERE.md","LICENSE-DECISION.md","CONTRIBUTING.md","SECURITY.md",".gitignore",".gitattributes",".editorconfig","engineering/decisions","engineering/templates",".github"],"cwd":"C:\\src\\fairpane","started_at":"2026-10-09T10:28:04.539Z","exit_code":0,"signal":null,"timed_out":false,"error":null,"duration_ms":22}
