
COMMAND ["C:\\nvm4w\\nodejs\\node.exe","-e","require('fs').mkdirSync(process.argv[1])","C:\\Users\\requi\\AppData\\Local\\Temp\\fairpane-fp0027-r2-c0cbf85c65a51892318c7f4076d3a9b3e8842907"]
RESULT {"executable":"C:\\nvm4w\\nodejs\\node.exe","arguments":["-e","require('fs').mkdirSync(process.argv[1])","C:\\Users\\requi\\AppData\\Local\\Temp\\fairpane-fp0027-r2-c0cbf85c65a51892318c7f4076d3a9b3e8842907"],"cwd":"C:\\src\\fairpane","started_at":"2026-10-09T10:24:57.406Z","exit_code":0,"signal":null,"timed_out":false,"error":null,"duration_ms":29}

COMMAND ["C:\\nvm4w\\nodejs\\node.exe","tools/fairpane.mjs","source-archive","c0cbf85c65a51892318c7f4076d3a9b3e8842907","C:\\Users\\requi\\AppData\\Local\\Temp\\fairpane-fp0027-r2-c0cbf85c65a51892318c7f4076d3a9b3e8842907"]
{
  "result": "pass",
  "commit": "c0cbf85c65a51892318c7f4076d3a9b3e8842907",
  "tree": "c7ed6f8d5fcdd684722dae828fef69ea5de2979a",
  "files": 966,
  "tar": {
    "path": "C:\\Users\\requi\\AppData\\Local\\Temp\\fairpane-fp0027-r2-c0cbf85c65a51892318c7f4076d3a9b3e8842907\\fairpane-c0cbf85c65a51892318c7f4076d3a9b3e8842907.tar",
    "size": 11253760,
    "sha256": "cf304d8cd797413c79caaf40f53b9788d6f44a91e7eef7bcbb9db5914b445a81"
  },
  "manifest": {
    "path": "C:\\Users\\requi\\AppData\\Local\\Temp\\fairpane-fp0027-r2-c0cbf85c65a51892318c7f4076d3a9b3e8842907\\fairpane-c0cbf85c65a51892318c7f4076d3a9b3e8842907.manifest.json",
    "sha256": "7e6b2b1dd0548e4e66435077757fc700b1c73450e49bfe5fecc07c95a086bf8a"
  }
}
RESULT {"executable":"C:\\nvm4w\\nodejs\\node.exe","arguments":["tools/fairpane.mjs","source-archive","c0cbf85c65a51892318c7f4076d3a9b3e8842907","C:\\Users\\requi\\AppData\\Local\\Temp\\fairpane-fp0027-r2-c0cbf85c65a51892318c7f4076d3a9b3e8842907"],"cwd":"C:\\src\\fairpane","started_at":"2026-10-09T10:24:57.484Z","exit_code":0,"signal":null,"timed_out":false,"error":null,"duration_ms":336}

COMMAND ["C:\\Program Files\\Git\\usr\\bin\\sha256sum.exe","C:\\Users\\requi\\AppData\\Local\\Temp\\fairpane-fp0027-r2-c0cbf85c65a51892318c7f4076d3a9b3e8842907\\fairpane-c0cbf85c65a51892318c7f4076d3a9b3e8842907.tar","C:\\Users\\requi\\AppData\\Local\\Temp\\fairpane-fp0027-r2-c0cbf85c65a51892318c7f4076d3a9b3e8842907\\fairpane-c0cbf85c65a51892318c7f4076d3a9b3e8842907.manifest.json"]
\cf304d8cd797413c79caaf40f53b9788d6f44a91e7eef7bcbb9db5914b445a81 *C:\\Users\\requi\\AppData\\Local\\Temp\\fairpane-fp0027-r2-c0cbf85c65a51892318c7f4076d3a9b3e8842907\\fairpane-c0cbf85c65a51892318c7f4076d3a9b3e8842907.tar
\7e6b2b1dd0548e4e66435077757fc700b1c73450e49bfe5fecc07c95a086bf8a *C:\\Users\\requi\\AppData\\Local\\Temp\\fairpane-fp0027-r2-c0cbf85c65a51892318c7f4076d3a9b3e8842907\\fairpane-c0cbf85c65a51892318c7f4076d3a9b3e8842907.manifest.json
RESULT {"executable":"C:\\Program Files\\Git\\usr\\bin\\sha256sum.exe","arguments":["C:\\Users\\requi\\AppData\\Local\\Temp\\fairpane-fp0027-r2-c0cbf85c65a51892318c7f4076d3a9b3e8842907\\fairpane-c0cbf85c65a51892318c7f4076d3a9b3e8842907.tar","C:\\Users\\requi\\AppData\\Local\\Temp\\fairpane-fp0027-r2-c0cbf85c65a51892318c7f4076d3a9b3e8842907\\fairpane-c0cbf85c65a51892318c7f4076d3a9b3e8842907.manifest.json"],"cwd":"C:\\src\\fairpane","started_at":"2026-10-09T10:24:57.885Z","exit_code":0,"signal":null,"timed_out":false,"error":null,"duration_ms":35}
