Fairpane local gate: c-abi
Trust: unsigned-local-integrity-only

COMMAND ["D:\\a\\fairpane\\fairpane\\.tools\\zig\\0.18.0-dev.120+9fe22a29b\\x86_64-windows\\zig.exe","build","--prefix","D:\\a\\fairpane\\fairpane\\out\\c-abi-build"]
RESULT {"executable":"D:\\a\\fairpane\\fairpane\\.tools\\zig\\0.18.0-dev.120+9fe22a29b\\x86_64-windows\\zig.exe","arguments":["build","--prefix","D:\\a\\fairpane\\fairpane\\out\\c-abi-build"],"cwd":"D:\\a\\fairpane\\fairpane","started_at":"2026-10-09T21:01:11.483Z","exit_code":0,"signal":null,"timed_out":false,"error":null,"duration_ms":89,"environment_overrides":{"ZIG_GLOBAL_CACHE_DIR":"D:\\a\\fairpane\\fairpane\\.zig-cache\\global"}}

COMMAND ["C:\\hostedtoolcache\\windows\\node\\24.21.0\\x64\\node.exe","D:\\a\\fairpane\\fairpane\\tools\\fairpane.mjs","abi-exports","out/c-abi-build/lib/fairpane.lib"]
{
  "result": "pass",
  "schema": "api/fairpane.schema.json",
  "library": "out/c-abi-build/lib/fairpane.lib",
  "exports": 15
}
RESULT {"executable":"C:\\hostedtoolcache\\windows\\node\\24.21.0\\x64\\node.exe","arguments":["D:\\a\\fairpane\\fairpane\\tools\\fairpane.mjs","abi-exports","out/c-abi-build/lib/fairpane.lib"],"cwd":"D:\\a\\fairpane\\fairpane","started_at":"2026-10-09T21:01:11.573Z","exit_code":0,"signal":null,"timed_out":false,"error":null,"duration_ms":62,"environment_overrides":{"ZIG_GLOBAL_CACHE_DIR":"D:\\a\\fairpane\\fairpane\\.zig-cache\\global"}}

COMMAND ["D:\\a\\fairpane\\fairpane\\.tools\\zig\\0.18.0-dev.120+9fe22a29b\\x86_64-windows\\zig.exe","cc","-std=c11","-Wall","-Wextra","-Werror","tests/c/abi_smoke.c","-Iinclude","D:\\a\\fairpane\\fairpane\\out\\c-abi-build\\lib\\fairpane.lib","-o","D:\\a\\fairpane\\fairpane\\out\\c-abi-smoke.exe"]
RESULT {"executable":"D:\\a\\fairpane\\fairpane\\.tools\\zig\\0.18.0-dev.120+9fe22a29b\\x86_64-windows\\zig.exe","arguments":["cc","-std=c11","-Wall","-Wextra","-Werror","tests/c/abi_smoke.c","-Iinclude","D:\\a\\fairpane\\fairpane\\out\\c-abi-build\\lib\\fairpane.lib","-o","D:\\a\\fairpane\\fairpane\\out\\c-abi-smoke.exe"],"cwd":"D:\\a\\fairpane\\fairpane","started_at":"2026-10-09T21:01:11.635Z","exit_code":0,"signal":null,"timed_out":false,"error":null,"duration_ms":79321,"environment_overrides":{"ZIG_GLOBAL_CACHE_DIR":"D:\\a\\fairpane\\fairpane\\.zig-cache\\global"}}

COMMAND ["D:\\a\\fairpane\\fairpane\\out\\c-abi-smoke.exe"]
RESULT {"executable":"D:\\a\\fairpane\\fairpane\\out\\c-abi-smoke.exe","arguments":[],"cwd":"D:\\a\\fairpane\\fairpane","started_at":"2026-10-09T21:02:30.956Z","exit_code":0,"signal":null,"timed_out":false,"error":null,"duration_ms":19,"environment_overrides":{"ZIG_GLOBAL_CACHE_DIR":"D:\\a\\fairpane\\fairpane\\.zig-cache\\global"}}

COMMAND ["D:\\a\\fairpane\\fairpane\\.tools\\zig\\0.18.0-dev.120+9fe22a29b\\x86_64-windows\\zig.exe","build","-Doptimize=ReleaseSafe","--prefix","D:\\a\\fairpane\\fairpane\\out\\c-abi-release"]
RESULT {"executable":"D:\\a\\fairpane\\fairpane\\.tools\\zig\\0.18.0-dev.120+9fe22a29b\\x86_64-windows\\zig.exe","arguments":["build","-Doptimize=ReleaseSafe","--prefix","D:\\a\\fairpane\\fairpane\\out\\c-abi-release"],"cwd":"D:\\a\\fairpane\\fairpane","started_at":"2026-10-09T21:02:30.975Z","exit_code":0,"signal":null,"timed_out":false,"error":null,"duration_ms":4132,"environment_overrides":{"ZIG_GLOBAL_CACHE_DIR":"D:\\a\\fairpane\\fairpane\\.zig-cache\\global"}}

COMMAND ["C:\\hostedtoolcache\\windows\\node\\24.21.0\\x64\\node.exe","D:\\a\\fairpane\\fairpane\\tools\\fairpane.mjs","abi-exports","out/c-abi-release/lib/fairpane.lib"]
{
  "result": "pass",
  "schema": "api/fairpane.schema.json",
  "library": "out/c-abi-release/lib/fairpane.lib",
  "exports": 15
}
RESULT {"executable":"C:\\hostedtoolcache\\windows\\node\\24.21.0\\x64\\node.exe","arguments":["D:\\a\\fairpane\\fairpane\\tools\\fairpane.mjs","abi-exports","out/c-abi-release/lib/fairpane.lib"],"cwd":"D:\\a\\fairpane\\fairpane","started_at":"2026-10-09T21:02:35.107Z","exit_code":0,"signal":null,"timed_out":false,"error":null,"duration_ms":72,"environment_overrides":{"ZIG_GLOBAL_CACHE_DIR":"D:\\a\\fairpane\\fairpane\\.zig-cache\\global"}}
