Fairpane local gate: repo-check
Trust: unsigned-local-integrity-only

COMMAND ["C:\\nvm4w\\nodejs\\node.exe","C:\\src\\fairpane\\tools\\fairpane.mjs","check"]
{
  "result": "pass",
  "level": "bootstrap-integrity-only",
  "tasks": 67,
  "gates": 9,
  "capability_families": 21,
  "fingerprints": {
    "source": {
      "sha256": "0abbab1b6a27e3a4155159f389a56e9ae4e93bc9ca261371763b58bca35e0757",
      "file_count": 166
    },
    "policy": {
      "sha256": "b142ba18629ac87351de6da7273563614be02a8042e940750babcac427ecd5b3",
      "file_count": 17
    }
  },
  "note": "This check is not browser conformance or an independent security attestation."
}
RESULT {"executable":"C:\\nvm4w\\nodejs\\node.exe","arguments":["C:\\src\\fairpane\\tools\\fairpane.mjs","check"],"cwd":"C:\\src\\fairpane","started_at":"2026-10-09T09:30:14.406Z","exit_code":0,"signal":null,"timed_out":false,"error":null,"duration_ms":95}
