
COMMAND ["C:\\nvm4w\\nodejs\\node.exe","tools/fairpane.mjs","check"]
{
  "result": "pass",
  "level": "bootstrap-integrity-only",
  "tasks": 135,
  "gates": 9,
  "capability_families": 21,
  "fingerprints": {
    "source": {
      "sha256": "281d3708ab7bb453d4fd55bf7a2c8e97426d1b4821c7566c74c8e970b6427d2c",
      "file_count": 345
    },
    "policy": {
      "sha256": "428949ab12432f1189e6739ff4e6018e8441a5d7fa8951457cddfda2c501c297",
      "file_count": 24
    }
  },
  "note": "This check is not browser conformance or an independent security attestation."
}
RESULT {"executable":"C:\\nvm4w\\nodejs\\node.exe","arguments":["tools/fairpane.mjs","check"],"cwd":"C:\\Users\\requi\\.omp\\wt\\tf019b84f8\\m","started_at":"2026-10-09T21:28:56.609Z","exit_code":0,"signal":null,"timed_out":false,"error":null,"duration_ms":244}
