
COMMAND ["C:\\nvm4w\\nodejs\\node.exe","tools/fairpane.mjs","check"]
{
  "result": "pass",
  "level": "bootstrap-integrity-only",
  "tasks": 134,
  "gates": 9,
  "capability_families": 21,
  "fingerprints": {
    "source": {
      "sha256": "849a02501a15d25b4f64fc49985d9ae58a95ae92a0759906516b2b6d4ed0a9a4",
      "file_count": 344
    },
    "policy": {
      "sha256": "29d3333e47b6bd5348370ff23baeb443b7579ff82a58fff942da03f2c720c6a7",
      "file_count": 24
    }
  },
  "note": "This check is not browser conformance or an independent security attestation."
}
RESULT {"executable":"C:\\nvm4w\\nodejs\\node.exe","arguments":["tools/fairpane.mjs","check"],"cwd":"C:\\Users\\requi\\.omp\\wt\\t5ba943653\\m","started_at":"2026-10-09T20:16:00.723Z","exit_code":0,"signal":null,"timed_out":false,"error":null,"duration_ms":436}
