
COMMAND ["C:\\nvm4w\\nodejs\\node.exe","tools/fairpane.mjs","check"]
{
  "result": "pass",
  "level": "bootstrap-integrity-only",
  "tasks": 135,
  "gates": 9,
  "capability_families": 21,
  "fingerprints": {
    "source": {
      "sha256": "329c1d4948b16011c18384baf899afed75eb358e724ebd1f251a38099f78b3d9",
      "file_count": 345
    },
    "policy": {
      "sha256": "de0d17351e612d8f47c46a7d3415e841bb4820d616eaa86595fc3bbcde6541c9",
      "file_count": 24
    }
  },
  "note": "This check is not browser conformance or an independent security attestation."
}
RESULT {"executable":"C:\\nvm4w\\nodejs\\node.exe","arguments":["tools/fairpane.mjs","check"],"cwd":"C:\\Users\\requi\\.omp\\wt\\tf019b84f8\\m","started_at":"2026-10-09T21:30:01.196Z","exit_code":0,"signal":null,"timed_out":false,"error":null,"duration_ms":258}
