
COMMAND ["C:\\nvm4w\\nodejs\\node.exe","tools/fairpane.mjs","check"]
{
  "result": "pass",
  "level": "bootstrap-integrity-only",
  "tasks": 134,
  "gates": 9,
  "capability_families": 21,
  "fingerprints": {
    "source": {
      "sha256": "00ada10068ca4a0d049d152067ca3946937297ffea28c3d441e982ff4b566195",
      "file_count": 344
    },
    "policy": {
      "sha256": "3f79772d2e8ca3b073d48772dec9911d4530c56c8e5d900434e3ff4a290227c8",
      "file_count": 24
    }
  },
  "note": "This check is not browser conformance or an independent security attestation."
}
RESULT {"executable":"C:\\nvm4w\\nodejs\\node.exe","arguments":["tools/fairpane.mjs","check"],"cwd":"C:\\Users\\requi\\.omp\\wt\\t5ba943653\\m","started_at":"2026-10-09T20:17:25.568Z","exit_code":0,"signal":null,"timed_out":false,"error":null,"duration_ms":503}
