
COMMAND ["C:\\Windows\\system32\\curl.exe","--proto","=https","--tlsv1.2","-sSfI","https://static.rust-lang.org/dist/2026-10-01/rust-std-1.99.0-i686-unknown-linux-gnu.tar.gz"]
HTTP/1.1 200 OK
Connection: keep-alive
Content-Length: 46083412
x-amz-request-id: 4SXNG8PA4XGMK5KB
x-amz-id-2: 9hjCys25WNi4/dqon2pmbwajsVTa4ci2j4kiyJ5udqsn2Vjb79I+frvWsAURq22nzfgey1nFEGwBYKbhsP3OaYxZenWAxnKy
Server: AmazonS3
Last-Modified: Thu, 01 Oct 2026 12:21:30 GMT
ETag: "affc3f6620692464c9480db6cccfe887-6"
x-amz-version-id: 8MJac81fRA_JU09vn9B.ppeRkbOpHCvv
Cache-Control: public
Content-Type: application/x-tar
x-amz-server-side-encryption: AES256
x-amz-storage-class: INTELLIGENT_TIERING
Accept-Ranges: bytes
Age: 26758
Date: Fri, 09 Oct 2026 19:51:11 GMT
Via: 1.1 varnish
X-Served-By: cache-mia-kmia1760041-MIA
X-Cache: HIT
X-Cache-Hits: 0
X-Timer: S1791575472.813063,VS0,VE1

RESULT {"executable":"C:\\Windows\\system32\\curl.exe","arguments":["--proto","=https","--tlsv1.2","-sSfI","https://static.rust-lang.org/dist/2026-10-01/rust-std-1.99.0-i686-unknown-linux-gnu.tar.gz"],"cwd":"C:\\Users\\requi\\.omp\\wt\\t5ba943653\\m","started_at":"2026-10-09T19:51:09.751Z","exit_code":0,"signal":null,"timed_out":false,"error":null,"duration_ms":111}
