
COMMAND ["C:\\Windows\\system32\\wsl.exe","-d","Ubuntu","-e","bash","-c","cd \"$HOME/fairpane-linux/work/FP-0132-r2\" && exec \"$HOME/fairpane-linux/node/bin/node\" tools/fairpane.mjs install-rust"]
{
  "toolchain": "/home/autark/fairpane-linux/work/FP-0132-r2/.tools/rust/1.99.0/x86_64-linux/bin/rustc",
  "downloaded": true,
  "components": [
    {
      "package": "rustc",
      "sha256": "238e72b8617f79bc96f27a5bfeb1a208b5755fe1a48f8bc190fe403ef6d54ab8",
      "installer_components": [
        "rustc"
      ]
    },
    {
      "package": "cargo",
      "sha256": "c2b8ba1f59e7a230aa5522684f3f7aa620b98e5ad37683a5e5cf9b41f534fa1e",
      "installer_components": [
        "cargo"
      ]
    },
    {
      "package": "rust-std",
      "sha256": "1dcaa01beb6bc78fdb13815b4f15214719167c58e3d79fbdf214591f8c195ee1",
      "installer_components": [
        "rust-std-x86_64-unknown-linux-gnu"
      ]
    },
    {
      "package": "rustfmt-preview",
      "sha256": "9fc3a87d3d4f6e5e2bd87e6fb8779b7a95831f533cb8cc8ae1304a797c648733",
      "installer_components": [
        "rustfmt-preview"
      ]
    },
    {
      "package": "rust-std",
      "target": "i686-unknown-linux-gnu",
      "sha256": "2b7db847af9888ddb249d3e1c8aeaeeb82ae529bf62426b82330a4cddac8bb38",
      "installer_components": [
        "rust-std-i686-unknown-linux-gnu"
      ]
    }
  ]
}
RESULT {"executable":"C:\\Windows\\system32\\wsl.exe","arguments":["-d","Ubuntu","-e","bash","-c","cd \"$HOME/fairpane-linux/work/FP-0132-r2\" && exec \"$HOME/fairpane-linux/node/bin/node\" tools/fairpane.mjs install-rust"],"cwd":"C:\\Users\\requi\\.omp\\wt\\t5ba943653\\m","started_at":"2026-10-09T20:22:33.044Z","exit_code":0,"signal":null,"timed_out":false,"error":null,"duration_ms":8031}

COMMAND ["C:\\Windows\\system32\\wsl.exe","-d","Ubuntu","-e","bash","-c","cd \"$HOME/fairpane-linux/work/FP-0132-r2\" && exec \"$HOME/fairpane-linux/node/bin/node\" tools/fairpane.mjs install-rust"]
{
  "toolchain": "/home/autark/fairpane-linux/work/FP-0132-r2/.tools/rust/1.99.0/x86_64-linux/bin/rustc",
  "downloaded": false
}
RESULT {"executable":"C:\\Windows\\system32\\wsl.exe","arguments":["-d","Ubuntu","-e","bash","-c","cd \"$HOME/fairpane-linux/work/FP-0132-r2\" && exec \"$HOME/fairpane-linux/node/bin/node\" tools/fairpane.mjs install-rust"],"cwd":"C:\\Users\\requi\\.omp\\wt\\t5ba943653\\m","started_at":"2026-10-09T20:22:41.178Z","exit_code":0,"signal":null,"timed_out":false,"error":null,"duration_ms":197}
