
COMMAND ["C:\\nvm4w\\nodejs\\node.exe","-e","console.log('M1',process.argv[1],require('crypto').createHash('sha256').update(require('fs').readFileSync(process.argv[1])).digest('hex'))","tools/lib.mjs"]
M1 tools/lib.mjs 59c087f9410a6374be9c529ace86ba0631107b57a4a4c03c7bd94b477fc85a4d
RESULT {"executable":"C:\\nvm4w\\nodejs\\node.exe","arguments":["-e","console.log('M1',process.argv[1],require('crypto').createHash('sha256').update(require('fs').readFileSync(process.argv[1])).digest('hex'))","tools/lib.mjs"],"cwd":"C:\\Users\\requi\\.omp\\wt\\tf019b84f8\\m","started_at":"2026-10-09T21:35:50.619Z","exit_code":0,"signal":null,"timed_out":false,"error":null,"duration_ms":43}

COMMAND ["C:\\Program Files\\Git\\cmd\\git.exe","apply","engineering/evidence/FP-0132/raw/mutation-M1-r3.diff"]
RESULT {"executable":"C:\\Program Files\\Git\\cmd\\git.exe","arguments":["apply","engineering/evidence/FP-0132/raw/mutation-M1-r3.diff"],"cwd":"C:\\Users\\requi\\.omp\\wt\\tf019b84f8\\m","started_at":"2026-10-09T21:35:50.725Z","exit_code":0,"signal":null,"timed_out":false,"error":null,"duration_ms":27}

COMMAND ["C:\\nvm4w\\nodejs\\node.exe","-e","console.log('M1',process.argv[1],require('crypto').createHash('sha256').update(require('fs').readFileSync(process.argv[1])).digest('hex'))","tools/lib.mjs"]
M1 tools/lib.mjs 83ba6defaefd011e80a3344558906a9cc34bc39807aa6429d19cb9a7bb70e5fe
RESULT {"executable":"C:\\nvm4w\\nodejs\\node.exe","arguments":["-e","console.log('M1',process.argv[1],require('crypto').createHash('sha256').update(require('fs').readFileSync(process.argv[1])).digest('hex'))","tools/lib.mjs"],"cwd":"C:\\Users\\requi\\.omp\\wt\\tf019b84f8\\m","started_at":"2026-10-09T21:35:50.809Z","exit_code":0,"signal":null,"timed_out":false,"error":null,"duration_ms":41}

COMMAND ["C:\\nvm4w\\nodejs\\node.exe","tools/rust.test.mjs"]
TAP version 13
ok 1 - FP-0079 case 1: the committed Rust lock pins the frozen 1.99.0 artifacts
ok 2 - FP-0079 case 2: the Rust lock validator rejects every malformed field
ok 3 - FP-0079 case 3: rust-toolchain.toml names the locked version
ok 4 - FP-0079 case 4: rust-lock-verify compares the lock with the manifest's signed entries
ok 5 - FP-0079 case 5: the archive reader accepts only regular files, directories, and GNU long names inside the root
ok 6 - FP-0079 case 6: a component installs exactly what its manifest.in lists
ok 7 - FP-0079 case 7: install-rust verifies, stages, checks, and then installs, and leaves nothing behind on failure
ok 8 - FP-0079 case 8: the version checks accept only the locked release, commit, and host
ok 9 - FP-0079 case 9: the controller documents and exposes the Rust commands
ok 10 - FP-0079 case 10: the toolchain documents and declarations record the pin
not ok 11 - FP-0132 case 1: the Rust lock validator accepts the frozen target and rejects every malformed target
  ---
  message: "Expected values to be strictly deep-equal:\n+ actual - expected\n\n+ [\n+   'row d: Unexpected component URL for rust-std on x86_64-unknown-linux-musl.',\n+   'row e: Unexpected component URL for rust-std on x86_64-unknown-linux-gnu.'\n+ ]\n- []\n"
  ...
ok 12 - FP-0132 case 2: rust-lock-verify checks each target against the signed manifest
ok 13 - FP-0132 case 3: install-rust installs each locked target into every host toolchain and replaces a stale toolchain only after the new one passes
ok 14 - FP-0132 case 4: the toolchain check rejects a toolchain whose receipt differs from the lock before any version check
ok 15 - FP-0132 case 5: the toolchain documents describe the locked targets
ok 16 - FP-0132 case 6: install-rust restores the earlier toolchain when the new one cannot move into place
1..16
# tests 16
# pass 15
# fail 1
RESULT {"executable":"C:\\nvm4w\\nodejs\\node.exe","arguments":["tools/rust.test.mjs"],"cwd":"C:\\Users\\requi\\.omp\\wt\\tf019b84f8\\m","started_at":"2026-10-09T21:35:50.904Z","exit_code":1,"signal":null,"timed_out":false,"error":null,"duration_ms":1541}

COMMAND ["C:\\Program Files\\Git\\cmd\\git.exe","apply","-R","engineering/evidence/FP-0132/raw/mutation-M1-r3.diff"]
RESULT {"executable":"C:\\Program Files\\Git\\cmd\\git.exe","arguments":["apply","-R","engineering/evidence/FP-0132/raw/mutation-M1-r3.diff"],"cwd":"C:\\Users\\requi\\.omp\\wt\\tf019b84f8\\m","started_at":"2026-10-09T21:35:52.508Z","exit_code":0,"signal":null,"timed_out":false,"error":null,"duration_ms":25}

COMMAND ["C:\\nvm4w\\nodejs\\node.exe","-e","console.log('M1',process.argv[1],require('crypto').createHash('sha256').update(require('fs').readFileSync(process.argv[1])).digest('hex'))","tools/lib.mjs"]
M1 tools/lib.mjs 59c087f9410a6374be9c529ace86ba0631107b57a4a4c03c7bd94b477fc85a4d
RESULT {"executable":"C:\\nvm4w\\nodejs\\node.exe","arguments":["-e","console.log('M1',process.argv[1],require('crypto').createHash('sha256').update(require('fs').readFileSync(process.argv[1])).digest('hex'))","tools/lib.mjs"],"cwd":"C:\\Users\\requi\\.omp\\wt\\tf019b84f8\\m","started_at":"2026-10-09T21:35:52.589Z","exit_code":0,"signal":null,"timed_out":false,"error":null,"duration_ms":40}

COMMAND ["C:\\nvm4w\\nodejs\\node.exe","-e","console.log('M2',process.argv[1],require('crypto').createHash('sha256').update(require('fs').readFileSync(process.argv[1])).digest('hex'))","tools/rust.mjs"]
M2 tools/rust.mjs 63f502e0dffd68af98d66953b937a85797649b1692aa06bc9fa6460971c0535f
RESULT {"executable":"C:\\nvm4w\\nodejs\\node.exe","arguments":["-e","console.log('M2',process.argv[1],require('crypto').createHash('sha256').update(require('fs').readFileSync(process.argv[1])).digest('hex'))","tools/rust.mjs"],"cwd":"C:\\Users\\requi\\.omp\\wt\\tf019b84f8\\m","started_at":"2026-10-09T21:35:52.726Z","exit_code":0,"signal":null,"timed_out":false,"error":null,"duration_ms":40}

COMMAND ["C:\\Program Files\\Git\\cmd\\git.exe","apply","engineering/evidence/FP-0132/raw/mutation-M2-r3.diff"]
RESULT {"executable":"C:\\Program Files\\Git\\cmd\\git.exe","arguments":["apply","engineering/evidence/FP-0132/raw/mutation-M2-r3.diff"],"cwd":"C:\\Users\\requi\\.omp\\wt\\tf019b84f8\\m","started_at":"2026-10-09T21:35:52.820Z","exit_code":0,"signal":null,"timed_out":false,"error":null,"duration_ms":22}

COMMAND ["C:\\nvm4w\\nodejs\\node.exe","-e","console.log('M2',process.argv[1],require('crypto').createHash('sha256').update(require('fs').readFileSync(process.argv[1])).digest('hex'))","tools/rust.mjs"]
M2 tools/rust.mjs bf956b57a52a1a03099f872754164997d22a0885c619aa3db7ee92ef741a9fa2
RESULT {"executable":"C:\\nvm4w\\nodejs\\node.exe","arguments":["-e","console.log('M2',process.argv[1],require('crypto').createHash('sha256').update(require('fs').readFileSync(process.argv[1])).digest('hex'))","tools/rust.mjs"],"cwd":"C:\\Users\\requi\\.omp\\wt\\tf019b84f8\\m","started_at":"2026-10-09T21:35:52.896Z","exit_code":0,"signal":null,"timed_out":false,"error":null,"duration_ms":38}

COMMAND ["C:\\nvm4w\\nodejs\\node.exe","tools/rust.test.mjs"]
TAP version 13
ok 1 - FP-0079 case 1: the committed Rust lock pins the frozen 1.99.0 artifacts
ok 2 - FP-0079 case 2: the Rust lock validator rejects every malformed field
ok 3 - FP-0079 case 3: rust-toolchain.toml names the locked version
ok 4 - FP-0079 case 4: rust-lock-verify compares the lock with the manifest's signed entries
ok 5 - FP-0079 case 5: the archive reader accepts only regular files, directories, and GNU long names inside the root
ok 6 - FP-0079 case 6: a component installs exactly what its manifest.in lists
ok 7 - FP-0079 case 7: install-rust verifies, stages, checks, and then installs, and leaves nothing behind on failure
ok 8 - FP-0079 case 8: the version checks accept only the locked release, commit, and host
ok 9 - FP-0079 case 9: the controller documents and exposes the Rust commands
ok 10 - FP-0079 case 10: the toolchain documents and declarations record the pin
ok 11 - FP-0132 case 1: the Rust lock validator accepts the frozen target and rejects every malformed target
not ok 12 - FP-0132 case 2: rust-lock-verify checks each target against the signed manifest
  ---
  message: "Expected values to be strictly deep-equal:\n+ actual - expected\n\n+ []\n- [\n-   'The manifest hash of rust-std for i686-unknown-linux-gnu differs from the lock.'\n- ]\n"
  ...
ok 13 - FP-0132 case 3: install-rust installs each locked target into every host toolchain and replaces a stale toolchain only after the new one passes
ok 14 - FP-0132 case 4: the toolchain check rejects a toolchain whose receipt differs from the lock before any version check
ok 15 - FP-0132 case 5: the toolchain documents describe the locked targets
ok 16 - FP-0132 case 6: install-rust restores the earlier toolchain when the new one cannot move into place
1..16
# tests 16
# pass 15
# fail 1
RESULT {"executable":"C:\\nvm4w\\nodejs\\node.exe","arguments":["tools/rust.test.mjs"],"cwd":"C:\\Users\\requi\\.omp\\wt\\tf019b84f8\\m","started_at":"2026-10-09T21:35:52.987Z","exit_code":1,"signal":null,"timed_out":false,"error":null,"duration_ms":1591}

COMMAND ["C:\\Program Files\\Git\\cmd\\git.exe","apply","-R","engineering/evidence/FP-0132/raw/mutation-M2-r3.diff"]
RESULT {"executable":"C:\\Program Files\\Git\\cmd\\git.exe","arguments":["apply","-R","engineering/evidence/FP-0132/raw/mutation-M2-r3.diff"],"cwd":"C:\\Users\\requi\\.omp\\wt\\tf019b84f8\\m","started_at":"2026-10-09T21:35:54.626Z","exit_code":0,"signal":null,"timed_out":false,"error":null,"duration_ms":23}

COMMAND ["C:\\nvm4w\\nodejs\\node.exe","-e","console.log('M2',process.argv[1],require('crypto').createHash('sha256').update(require('fs').readFileSync(process.argv[1])).digest('hex'))","tools/rust.mjs"]
M2 tools/rust.mjs 63f502e0dffd68af98d66953b937a85797649b1692aa06bc9fa6460971c0535f
RESULT {"executable":"C:\\nvm4w\\nodejs\\node.exe","arguments":["-e","console.log('M2',process.argv[1],require('crypto').createHash('sha256').update(require('fs').readFileSync(process.argv[1])).digest('hex'))","tools/rust.mjs"],"cwd":"C:\\Users\\requi\\.omp\\wt\\tf019b84f8\\m","started_at":"2026-10-09T21:35:54.700Z","exit_code":0,"signal":null,"timed_out":false,"error":null,"duration_ms":38}

COMMAND ["C:\\nvm4w\\nodejs\\node.exe","-e","console.log('M3',process.argv[1],require('crypto').createHash('sha256').update(require('fs').readFileSync(process.argv[1])).digest('hex'))","tools/rust.mjs"]
M3 tools/rust.mjs 63f502e0dffd68af98d66953b937a85797649b1692aa06bc9fa6460971c0535f
RESULT {"executable":"C:\\nvm4w\\nodejs\\node.exe","arguments":["-e","console.log('M3',process.argv[1],require('crypto').createHash('sha256').update(require('fs').readFileSync(process.argv[1])).digest('hex'))","tools/rust.mjs"],"cwd":"C:\\Users\\requi\\.omp\\wt\\tf019b84f8\\m","started_at":"2026-10-09T21:35:54.791Z","exit_code":0,"signal":null,"timed_out":false,"error":null,"duration_ms":36}

COMMAND ["C:\\Program Files\\Git\\cmd\\git.exe","apply","engineering/evidence/FP-0132/raw/mutation-M3-r3.diff"]
RESULT {"executable":"C:\\Program Files\\Git\\cmd\\git.exe","arguments":["apply","engineering/evidence/FP-0132/raw/mutation-M3-r3.diff"],"cwd":"C:\\Users\\requi\\.omp\\wt\\tf019b84f8\\m","started_at":"2026-10-09T21:35:54.875Z","exit_code":0,"signal":null,"timed_out":false,"error":null,"duration_ms":21}

COMMAND ["C:\\nvm4w\\nodejs\\node.exe","-e","console.log('M3',process.argv[1],require('crypto').createHash('sha256').update(require('fs').readFileSync(process.argv[1])).digest('hex'))","tools/rust.mjs"]
M3 tools/rust.mjs ddcb231f36ed2e31efdee3b5dc39f39cde08b9de9d5be99d1e166b862e7846c7
RESULT {"executable":"C:\\nvm4w\\nodejs\\node.exe","arguments":["-e","console.log('M3',process.argv[1],require('crypto').createHash('sha256').update(require('fs').readFileSync(process.argv[1])).digest('hex'))","tools/rust.mjs"],"cwd":"C:\\Users\\requi\\.omp\\wt\\tf019b84f8\\m","started_at":"2026-10-09T21:35:54.945Z","exit_code":0,"signal":null,"timed_out":false,"error":null,"duration_ms":84}

COMMAND ["C:\\nvm4w\\nodejs\\node.exe","tools/rust.test.mjs"]
TAP version 13
ok 1 - FP-0079 case 1: the committed Rust lock pins the frozen 1.99.0 artifacts
ok 2 - FP-0079 case 2: the Rust lock validator rejects every malformed field
ok 3 - FP-0079 case 3: rust-toolchain.toml names the locked version
ok 4 - FP-0079 case 4: rust-lock-verify compares the lock with the manifest's signed entries
ok 5 - FP-0079 case 5: the archive reader accepts only regular files, directories, and GNU long names inside the root
ok 6 - FP-0079 case 6: a component installs exactly what its manifest.in lists
not ok 7 - FP-0079 case 7: install-rust verifies, stages, checks, and then installs, and leaves nothing behind on failure
  ---
  message: "Expected values to be strictly deep-equal:\n+ actual - expected\n\n  {\n+   components: [\n+     {\n+       installer_components: [\n+         'rustc'\n+       ],\n+       package: 'rustc',\n+       sha256: '64a25a7c74001c2fca48f8f9bfc2b4c20511b3ff80b1effb371f194787b3c461'\n+     },\n+     {\n+       installer_components: [\n+         'cargo'\n+       ],\n+       package: 'cargo',\n+       sha256: '9a24f224aa7a03128b623eb9c753ac5fda086b293af5208400b5ba3266f8666f'\n+     },\n+     {\n+       installer_components: [\n+         'rust-std-x86_64-pc-windows-gnu'\n+       ],\n+       package: 'rust-std',\n+       sha256: '96c8e4ead8ab71dec916ac94a017b83e15c9efd51285ccde16bb9691b582fb3e'\n+     },\n+     {\n+       installer_components: [\n+         'rust-mingw-x86_64-pc-windows-gnu'\n+       ],\n+       package: 'rust-mingw',\n+       sha256: '0338f4e88d728672e6c7313c21ef753aaaf6959e5cf398c5408da7519ac0e96a'\n+     },\n+     {\n+       installer_components: [\n+         'rustfmt-preview'\n+       ],\n+       package: 'rustfmt-preview',\n+       sha256: '4840f016ef4912b73f6f1d096551c158792647ff89441044a7161102b74255c1'\n+     },\n+     {\n+       installer_components: [\n+         'rust-std-i686-unknown-linux-gnu'\n+       ],\n+       package: 'rust-std',\n+       sha256: 'bd8715ccc7c032d5e57c579712681b9f6baab7f96ef700249de17032f7c02da5',\n+       target: 'i686-unknown-linux-gnu'\n+     }\n+   ],\n+   downloaded: true,\n+   replaced: true,\n-   downloaded: false,\n    toolchain: 'C:\\\\Users\\\\requi\\\\AppData\\\\Local\\\\Temp\\\\fairpane-rust-jqiCPo\\\\.tools\\\\rust\\\\1.99.0\\\\x86_64-windows\\\\bin\\\\rustc.exe'\n  }\n"
  ...
ok 8 - FP-0079 case 8: the version checks accept only the locked release, commit, and host
ok 9 - FP-0079 case 9: the controller documents and exposes the Rust commands
ok 10 - FP-0079 case 10: the toolchain documents and declarations record the pin
ok 11 - FP-0132 case 1: the Rust lock validator accepts the frozen target and rejects every malformed target
ok 12 - FP-0132 case 2: rust-lock-verify checks each target against the signed manifest
not ok 13 - FP-0132 case 3: install-rust installs each locked target into every host toolchain and replaces a stale toolchain only after the new one passes
  ---
  message: "Expected values to be strictly deep-equal:\n+ actual - expected\n\n  {\n+   components: [\n+     {\n+       installer_components: [\n+         'rustc'\n+       ],\n+       package: 'rustc',\n+       sha256: '64a25a7c74001c2fca48f8f9bfc2b4c20511b3ff80b1effb371f194787b3c461'\n+     },\n+     {\n+       installer_components: [\n+         'cargo'\n+       ],\n+       package: 'cargo',\n+       sha256: '9a24f224aa7a03128b623eb9c753ac5fda086b293af5208400b5ba3266f8666f'\n+     },\n+     {\n+       installer_components: [\n+         'rust-std-x86_64-pc-windows-gnu'\n+       ],\n+       package: 'rust-std',\n+       sha256: '96c8e4ead8ab71dec916ac94a017b83e15c9efd51285ccde16bb9691b582fb3e'\n+     },\n+     {\n+       installer_components: [\n+         'rust-mingw-x86_64-pc-windows-gnu'\n+       ],\n+       package: 'rust-mingw',\n+       sha256: '0338f4e88d728672e6c7313c21ef753aaaf6959e5cf398c5408da7519ac0e96a'\n+     },\n+     {\n+       installer_components: [\n+         'rustfmt-preview'\n+       ],\n+       package: 'rustfmt-preview',\n+       sha256: '4840f016ef4912b73f6f1d096551c158792647ff89441044a7161102b74255c1'\n+     },\n+     {\n+       installer_components: [\n+         'rust-std-i686-unknown-linux-gnu'\n+       ],\n+       package: 'rust-std',\n+       sha256: 'bd8715ccc7c032d5e57c579712681b9f6baab7f96ef700249de17032f7c02da5',\n+       target: 'i686-unknown-linux-gnu'\n+     }\n+   ],\n+   downloaded: true,\n+   replaced: true,\n-   downloaded: false,\n    toolchain: 'C:\\\\Users\\\\requi\\\\AppData\\\\Local\\\\Temp\\\\fairpane-rust-OFWkC2\\\\.tools\\\\rust\\\\1.99.0\\\\x86_64-windows\\\\bin\\\\rustc.exe'\n  }\n"
  ...
not ok 14 - FP-0132 case 4: the toolchain check rejects a toolchain whose receipt differs from the lock before any version check
  ---
  message: "The installed Rust toolchain differs from the lock. Run node tools/fairpane.mjs install-rust."
  ...
ok 15 - FP-0132 case 5: the toolchain documents describe the locked targets
not ok 16 - FP-0132 case 6: install-rust restores the earlier toolchain when the new one cannot move into place
  ---
  message: "Missing expected rejection."
  ...
1..16
# tests 16
# pass 12
# fail 4
RESULT {"executable":"C:\\nvm4w\\nodejs\\node.exe","arguments":["tools/rust.test.mjs"],"cwd":"C:\\Users\\requi\\.omp\\wt\\tf019b84f8\\m","started_at":"2026-10-09T21:35:55.076Z","exit_code":1,"signal":null,"timed_out":false,"error":null,"duration_ms":1078}

COMMAND ["C:\\Program Files\\Git\\cmd\\git.exe","apply","-R","engineering/evidence/FP-0132/raw/mutation-M3-r3.diff"]
RESULT {"executable":"C:\\Program Files\\Git\\cmd\\git.exe","arguments":["apply","-R","engineering/evidence/FP-0132/raw/mutation-M3-r3.diff"],"cwd":"C:\\Users\\requi\\.omp\\wt\\tf019b84f8\\m","started_at":"2026-10-09T21:35:56.221Z","exit_code":0,"signal":null,"timed_out":false,"error":null,"duration_ms":29}

COMMAND ["C:\\nvm4w\\nodejs\\node.exe","-e","console.log('M3',process.argv[1],require('crypto').createHash('sha256').update(require('fs').readFileSync(process.argv[1])).digest('hex'))","tools/rust.mjs"]
M3 tools/rust.mjs 63f502e0dffd68af98d66953b937a85797649b1692aa06bc9fa6460971c0535f
RESULT {"executable":"C:\\nvm4w\\nodejs\\node.exe","arguments":["-e","console.log('M3',process.argv[1],require('crypto').createHash('sha256').update(require('fs').readFileSync(process.argv[1])).digest('hex'))","tools/rust.mjs"],"cwd":"C:\\Users\\requi\\.omp\\wt\\tf019b84f8\\m","started_at":"2026-10-09T21:35:56.336Z","exit_code":0,"signal":null,"timed_out":false,"error":null,"duration_ms":46}

COMMAND ["C:\\nvm4w\\nodejs\\node.exe","-e","console.log('M4',process.argv[1],require('crypto').createHash('sha256').update(require('fs').readFileSync(process.argv[1])).digest('hex'))","tools/rust.mjs"]
M4 tools/rust.mjs 63f502e0dffd68af98d66953b937a85797649b1692aa06bc9fa6460971c0535f
RESULT {"executable":"C:\\nvm4w\\nodejs\\node.exe","arguments":["-e","console.log('M4',process.argv[1],require('crypto').createHash('sha256').update(require('fs').readFileSync(process.argv[1])).digest('hex'))","tools/rust.mjs"],"cwd":"C:\\Users\\requi\\.omp\\wt\\tf019b84f8\\m","started_at":"2026-10-09T21:35:56.451Z","exit_code":0,"signal":null,"timed_out":false,"error":null,"duration_ms":54}

COMMAND ["C:\\Program Files\\Git\\cmd\\git.exe","apply","engineering/evidence/FP-0132/raw/mutation-M4-r3.diff"]
RESULT {"executable":"C:\\Program Files\\Git\\cmd\\git.exe","arguments":["apply","engineering/evidence/FP-0132/raw/mutation-M4-r3.diff"],"cwd":"C:\\Users\\requi\\.omp\\wt\\tf019b84f8\\m","started_at":"2026-10-09T21:35:56.565Z","exit_code":0,"signal":null,"timed_out":false,"error":null,"duration_ms":24}

COMMAND ["C:\\nvm4w\\nodejs\\node.exe","-e","console.log('M4',process.argv[1],require('crypto').createHash('sha256').update(require('fs').readFileSync(process.argv[1])).digest('hex'))","tools/rust.mjs"]
M4 tools/rust.mjs d4182e189f04968ec792c4fdee693d0ee8f84fd679dc2c2c5ad872a6a1c19a1d
RESULT {"executable":"C:\\nvm4w\\nodejs\\node.exe","arguments":["-e","console.log('M4',process.argv[1],require('crypto').createHash('sha256').update(require('fs').readFileSync(process.argv[1])).digest('hex'))","tools/rust.mjs"],"cwd":"C:\\Users\\requi\\.omp\\wt\\tf019b84f8\\m","started_at":"2026-10-09T21:35:56.644Z","exit_code":0,"signal":null,"timed_out":false,"error":null,"duration_ms":42}

COMMAND ["C:\\nvm4w\\nodejs\\node.exe","tools/rust.test.mjs"]
TAP version 13
ok 1 - FP-0079 case 1: the committed Rust lock pins the frozen 1.99.0 artifacts
ok 2 - FP-0079 case 2: the Rust lock validator rejects every malformed field
ok 3 - FP-0079 case 3: rust-toolchain.toml names the locked version
ok 4 - FP-0079 case 4: rust-lock-verify compares the lock with the manifest's signed entries
ok 5 - FP-0079 case 5: the archive reader accepts only regular files, directories, and GNU long names inside the root
ok 6 - FP-0079 case 6: a component installs exactly what its manifest.in lists
ok 7 - FP-0079 case 7: install-rust verifies, stages, checks, and then installs, and leaves nothing behind on failure
ok 8 - FP-0079 case 8: the version checks accept only the locked release, commit, and host
ok 9 - FP-0079 case 9: the controller documents and exposes the Rust commands
ok 10 - FP-0079 case 10: the toolchain documents and declarations record the pin
ok 11 - FP-0132 case 1: the Rust lock validator accepts the frozen target and rejects every malformed target
ok 12 - FP-0132 case 2: rust-lock-verify checks each target against the signed manifest
not ok 13 - FP-0132 case 3: install-rust installs each locked target into every host toolchain and replaces a stale toolchain only after the new one passes
  ---
  message: "digest row\n+ actual - expected\n\n+ []\n- [\n-   'bin/',\n-   'bin/cargo-fmt.exe',\n-   'bin/cargo.exe',\n-   'bin/rustc.exe',\n-   'bin/rustdoc.exe',\n-   'bin/rustfmt.exe',\n-   'fairpane-install.json',\n-   'lib/',\n-   'lib/rustlib/',\n-   'lib/rustlib/x86_64-pc-windows-gnu/',\n-   'lib/rustlib/x86_64-pc-windows-gnu/bin/',\n-   'lib/rustlib/x86_64-pc-windows-gnu/bin/self-contained/',\n-   'lib/rustlib/x86_64-pc-windows-gnu/bin/self-contained/ld.exe',\n-   'lib/rustlib/x86_64-pc-windows-gnu/codegen-backends/',\n-   'lib/rustlib/x86_64-pc-windows-gnu/codegen-backends/README.md',\n-   'lib/rustlib/x86_64-pc-windows-gnu/lib/',\n-   'lib/rustlib/x86_64-pc-windows-gnu/lib/libstd-fixture.rlib',\n-   'lib/rustlib/x86_64-pc-windows-gnu/lib/self-contained/',\n-   'lib/rustlib/x86_64-pc-windows-gnu/lib/self-contained/crt2.o',\n-   'share/',\n-   'share/doc/',\n-   'share/doc/cargo/',\n-   'share/doc/cargo/README.md'\n- ]\n"
  ...
ok 14 - FP-0132 case 4: the toolchain check rejects a toolchain whose receipt differs from the lock before any version check
ok 15 - FP-0132 case 5: the toolchain documents describe the locked targets
not ok 16 - FP-0132 case 6: install-rust restores the earlier toolchain when the new one cannot move into place
  ---
  message: "Expected values to be strictly deep-equal:\n+ actual - expected\n\n+ []\n- [\n-   'bin/',\n-   'bin/cargo-fmt.exe',\n-   'bin/cargo.exe',\n-   'bin/rustc.exe',\n-   'bin/rustdoc.exe',\n-   'bin/rustfmt.exe',\n-   'fairpane-install.json',\n-   'lib/',\n-   'lib/rustlib/',\n-   'lib/rustlib/x86_64-pc-windows-gnu/',\n-   'lib/rustlib/x86_64-pc-windows-gnu/bin/',\n-   'lib/rustlib/x86_64-pc-windows-gnu/bin/self-contained/',\n-   'lib/rustlib/x86_64-pc-windows-gnu/bin/self-contained/ld.exe',\n-   'lib/rustlib/x86_64-pc-windows-gnu/codegen-backends/',\n-   'lib/rustlib/x86_64-pc-windows-gnu/codegen-backends/README.md',\n-   'lib/rustlib/x86_64-pc-windows-gnu/lib/',\n-   'lib/rustlib/x86_64-pc-windows-gnu/lib/libstd-fixture.rlib',\n-   'lib/rustlib/x86_64-pc-windows-gnu/lib/self-contained/',\n-   'lib/rustlib/x86_64-pc-windows-gnu/lib/self-contained/crt2.o',\n-   'share/',\n-   'share/doc/',\n-   'share/doc/cargo/',\n-   'share/doc/cargo/README.md'\n- ]\n"
  ...
1..16
# tests 16
# pass 14
# fail 2
RESULT {"executable":"C:\\nvm4w\\nodejs\\node.exe","arguments":["tools/rust.test.mjs"],"cwd":"C:\\Users\\requi\\.omp\\wt\\tf019b84f8\\m","started_at":"2026-10-09T21:35:56.743Z","exit_code":1,"signal":null,"timed_out":false,"error":null,"duration_ms":1340}

COMMAND ["C:\\Program Files\\Git\\cmd\\git.exe","apply","-R","engineering/evidence/FP-0132/raw/mutation-M4-r3.diff"]
RESULT {"executable":"C:\\Program Files\\Git\\cmd\\git.exe","arguments":["apply","-R","engineering/evidence/FP-0132/raw/mutation-M4-r3.diff"],"cwd":"C:\\Users\\requi\\.omp\\wt\\tf019b84f8\\m","started_at":"2026-10-09T21:35:58.142Z","exit_code":0,"signal":null,"timed_out":false,"error":null,"duration_ms":27}

COMMAND ["C:\\nvm4w\\nodejs\\node.exe","-e","console.log('M4',process.argv[1],require('crypto').createHash('sha256').update(require('fs').readFileSync(process.argv[1])).digest('hex'))","tools/rust.mjs"]
M4 tools/rust.mjs 63f502e0dffd68af98d66953b937a85797649b1692aa06bc9fa6460971c0535f
RESULT {"executable":"C:\\nvm4w\\nodejs\\node.exe","arguments":["-e","console.log('M4',process.argv[1],require('crypto').createHash('sha256').update(require('fs').readFileSync(process.argv[1])).digest('hex'))","tools/rust.mjs"],"cwd":"C:\\Users\\requi\\.omp\\wt\\tf019b84f8\\m","started_at":"2026-10-09T21:35:58.235Z","exit_code":0,"signal":null,"timed_out":false,"error":null,"duration_ms":50}

COMMAND ["C:\\nvm4w\\nodejs\\node.exe","-e","console.log('M5',process.argv[1],require('crypto').createHash('sha256').update(require('fs').readFileSync(process.argv[1])).digest('hex'))","tests/rust/pointer_width_probe.rs"]
M5 tests/rust/pointer_width_probe.rs 8f4902a953008723235e4554901dc8a92e8958b84c14b3cc3ca8b62a7d98b6b5
RESULT {"executable":"C:\\nvm4w\\nodejs\\node.exe","arguments":["-e","console.log('M5',process.argv[1],require('crypto').createHash('sha256').update(require('fs').readFileSync(process.argv[1])).digest('hex'))","tests/rust/pointer_width_probe.rs"],"cwd":"C:\\Users\\requi\\.omp\\wt\\tf019b84f8\\m","started_at":"2026-10-09T21:35:58.350Z","exit_code":0,"signal":null,"timed_out":false,"error":null,"duration_ms":49}

COMMAND ["C:\\Program Files\\Git\\cmd\\git.exe","apply","engineering/evidence/FP-0132/raw/mutation-M5-r3.diff"]
RESULT {"executable":"C:\\Program Files\\Git\\cmd\\git.exe","arguments":["apply","engineering/evidence/FP-0132/raw/mutation-M5-r3.diff"],"cwd":"C:\\Users\\requi\\.omp\\wt\\tf019b84f8\\m","started_at":"2026-10-09T21:35:58.461Z","exit_code":0,"signal":null,"timed_out":false,"error":null,"duration_ms":31}

COMMAND ["C:\\nvm4w\\nodejs\\node.exe","-e","console.log('M5',process.argv[1],require('crypto').createHash('sha256').update(require('fs').readFileSync(process.argv[1])).digest('hex'))","tests/rust/pointer_width_probe.rs"]
M5 tests/rust/pointer_width_probe.rs c902b687f1e5f1b6722570908c69c2e1298efecf15b0c4d6a240c6cdfbf48eeb
RESULT {"executable":"C:\\nvm4w\\nodejs\\node.exe","arguments":["-e","console.log('M5',process.argv[1],require('crypto').createHash('sha256').update(require('fs').readFileSync(process.argv[1])).digest('hex'))","tests/rust/pointer_width_probe.rs"],"cwd":"C:\\Users\\requi\\.omp\\wt\\tf019b84f8\\m","started_at":"2026-10-09T21:35:58.556Z","exit_code":0,"signal":null,"timed_out":false,"error":null,"duration_ms":43}

COMMAND ["C:\\Users\\requi\\.omp\\wt\\tf019b84f8\\m\\.tools\\rust\\1.99.0\\x86_64-windows\\bin\\rustc.exe","--edition","2024","--crate-type","lib","--crate-name","pointer_width_probe","--emit","metadata","--target","i686-unknown-linux-gnu","-o","out/fp0132/pointer-width-i686.rmeta","tests/rust/pointer_width_probe.rs"]
error[E0080]: evaluation panicked: the probe needs 4-byte pointers
  --> tests/rust/pointer_width_probe.rs:8:15
   |
 8 |   const _: () = assert!(
   |  _______________^
 9 | |     core::mem::size_of::<usize>() == 8,
10 | |     "the probe needs 4-byte pointers"
11 | | );
   | |_^ evaluation of `_` failed here

error: aborting due to 1 previous error

For more information about this error, try `rustc --explain E0080`.
RESULT {"executable":"C:\\Users\\requi\\.omp\\wt\\tf019b84f8\\m\\.tools\\rust\\1.99.0\\x86_64-windows\\bin\\rustc.exe","arguments":["--edition","2024","--crate-type","lib","--crate-name","pointer_width_probe","--emit","metadata","--target","i686-unknown-linux-gnu","-o","out/fp0132/pointer-width-i686.rmeta","tests/rust/pointer_width_probe.rs"],"cwd":"C:\\Users\\requi\\.omp\\wt\\tf019b84f8\\m","started_at":"2026-10-09T21:35:58.654Z","exit_code":1,"signal":null,"timed_out":false,"error":null,"duration_ms":37,"environment_overrides":{"CARGO_HOME":"C:\\Users\\requi\\.omp\\wt\\tf019b84f8\\m\\.tools\\cargo-home"}}

COMMAND ["C:\\Users\\requi\\.omp\\wt\\tf019b84f8\\m\\.tools\\rust\\1.99.0\\x86_64-windows\\bin\\rustc.exe","--edition","2024","--crate-type","lib","--crate-name","pointer_width_probe","--emit","metadata","--target","x86_64-pc-windows-gnu","-o","out/fp0132/pointer-width-host.rmeta","tests/rust/pointer_width_probe.rs"]
RESULT {"executable":"C:\\Users\\requi\\.omp\\wt\\tf019b84f8\\m\\.tools\\rust\\1.99.0\\x86_64-windows\\bin\\rustc.exe","arguments":["--edition","2024","--crate-type","lib","--crate-name","pointer_width_probe","--emit","metadata","--target","x86_64-pc-windows-gnu","-o","out/fp0132/pointer-width-host.rmeta","tests/rust/pointer_width_probe.rs"],"cwd":"C:\\Users\\requi\\.omp\\wt\\tf019b84f8\\m","started_at":"2026-10-09T21:35:58.749Z","exit_code":0,"signal":null,"timed_out":false,"error":null,"duration_ms":38,"environment_overrides":{"CARGO_HOME":"C:\\Users\\requi\\.omp\\wt\\tf019b84f8\\m\\.tools\\cargo-home"}}

COMMAND ["C:\\Program Files\\Git\\cmd\\git.exe","apply","-R","engineering/evidence/FP-0132/raw/mutation-M5-r3.diff"]
RESULT {"executable":"C:\\Program Files\\Git\\cmd\\git.exe","arguments":["apply","-R","engineering/evidence/FP-0132/raw/mutation-M5-r3.diff"],"cwd":"C:\\Users\\requi\\.omp\\wt\\tf019b84f8\\m","started_at":"2026-10-09T21:35:58.883Z","exit_code":0,"signal":null,"timed_out":false,"error":null,"duration_ms":23}

COMMAND ["C:\\nvm4w\\nodejs\\node.exe","-e","console.log('M5',process.argv[1],require('crypto').createHash('sha256').update(require('fs').readFileSync(process.argv[1])).digest('hex'))","tests/rust/pointer_width_probe.rs"]
M5 tests/rust/pointer_width_probe.rs 8f4902a953008723235e4554901dc8a92e8958b84c14b3cc3ca8b62a7d98b6b5
RESULT {"executable":"C:\\nvm4w\\nodejs\\node.exe","arguments":["-e","console.log('M5',process.argv[1],require('crypto').createHash('sha256').update(require('fs').readFileSync(process.argv[1])).digest('hex'))","tests/rust/pointer_width_probe.rs"],"cwd":"C:\\Users\\requi\\.omp\\wt\\tf019b84f8\\m","started_at":"2026-10-09T21:35:58.962Z","exit_code":0,"signal":null,"timed_out":false,"error":null,"duration_ms":41}

COMMAND ["C:\\nvm4w\\nodejs\\node.exe","-e","console.log('M6',process.argv[1],require('crypto').createHash('sha256').update(require('fs').readFileSync(process.argv[1])).digest('hex'))","toolchains/rust.lock.json"]
M6 toolchains/rust.lock.json 05588f0c6905ddaae099323b63eec742ffca309e78e4dd9204017feed2a86926
RESULT {"executable":"C:\\nvm4w\\nodejs\\node.exe","arguments":["-e","console.log('M6',process.argv[1],require('crypto').createHash('sha256').update(require('fs').readFileSync(process.argv[1])).digest('hex'))","toolchains/rust.lock.json"],"cwd":"C:\\Users\\requi\\.omp\\wt\\tf019b84f8\\m","started_at":"2026-10-09T21:35:59.058Z","exit_code":0,"signal":null,"timed_out":false,"error":null,"duration_ms":43}

COMMAND ["C:\\Program Files\\Git\\cmd\\git.exe","apply","engineering/evidence/FP-0132/raw/mutation-M6-r3.diff"]
RESULT {"executable":"C:\\Program Files\\Git\\cmd\\git.exe","arguments":["apply","engineering/evidence/FP-0132/raw/mutation-M6-r3.diff"],"cwd":"C:\\Users\\requi\\.omp\\wt\\tf019b84f8\\m","started_at":"2026-10-09T21:35:59.157Z","exit_code":0,"signal":null,"timed_out":false,"error":null,"duration_ms":26}

COMMAND ["C:\\nvm4w\\nodejs\\node.exe","-e","console.log('M6',process.argv[1],require('crypto').createHash('sha256').update(require('fs').readFileSync(process.argv[1])).digest('hex'))","toolchains/rust.lock.json"]
M6 toolchains/rust.lock.json 95221244b4d8c2394c2e2b3fc5bf0cf913eddfd8f521f67a4486bf0995543ab7
RESULT {"executable":"C:\\nvm4w\\nodejs\\node.exe","arguments":["-e","console.log('M6',process.argv[1],require('crypto').createHash('sha256').update(require('fs').readFileSync(process.argv[1])).digest('hex'))","toolchains/rust.lock.json"],"cwd":"C:\\Users\\requi\\.omp\\wt\\tf019b84f8\\m","started_at":"2026-10-09T21:35:59.237Z","exit_code":0,"signal":null,"timed_out":false,"error":null,"duration_ms":41}

COMMAND ["C:\\nvm4w\\nodejs\\node.exe","tools/rust.test.mjs"]
TAP version 13
ok 1 - FP-0079 case 1: the committed Rust lock pins the frozen 1.99.0 artifacts
ok 2 - FP-0079 case 2: the Rust lock validator rejects every malformed field
ok 3 - FP-0079 case 3: rust-toolchain.toml names the locked version
ok 4 - FP-0079 case 4: rust-lock-verify compares the lock with the manifest's signed entries
ok 5 - FP-0079 case 5: the archive reader accepts only regular files, directories, and GNU long names inside the root
ok 6 - FP-0079 case 6: a component installs exactly what its manifest.in lists
ok 7 - FP-0079 case 7: install-rust verifies, stages, checks, and then installs, and leaves nothing behind on failure
ok 8 - FP-0079 case 8: the version checks accept only the locked release, commit, and host
ok 9 - FP-0079 case 9: the controller documents and exposes the Rust commands
ok 10 - FP-0079 case 10: the toolchain documents and declarations record the pin
not ok 11 - FP-0132 case 1: the Rust lock validator accepts the frozen target and rejects every malformed target
  ---
  message: "Expected values to be strictly deep-equal:\n+ actual - expected\n\n+ undefined\n- {\n-   'i686-unknown-linux-gnu': {\n-     archive_root: 'rust-std-1.99.0-i686-unknown-linux-gnu',\n-     package: 'rust-std',\n-     sha256: '2b7db847af9888ddb249d3e1c8aeaeeb82ae529bf62426b82330a4cddac8bb38',\n-     size: 46083412,\n-     url: 'https://static.rust-lang.org/dist/2026-10-01/rust-std-1.99.0-i686-unknown-linux-gnu.tar.gz'\n-   }\n- }\n"
  ...
ok 12 - FP-0132 case 2: rust-lock-verify checks each target against the signed manifest
ok 13 - FP-0132 case 3: install-rust installs each locked target into every host toolchain and replaces a stale toolchain only after the new one passes
ok 14 - FP-0132 case 4: the toolchain check rejects a toolchain whose receipt differs from the lock before any version check
ok 15 - FP-0132 case 5: the toolchain documents describe the locked targets
ok 16 - FP-0132 case 6: install-rust restores the earlier toolchain when the new one cannot move into place
1..16
# tests 16
# pass 15
# fail 1
RESULT {"executable":"C:\\nvm4w\\nodejs\\node.exe","arguments":["tools/rust.test.mjs"],"cwd":"C:\\Users\\requi\\.omp\\wt\\tf019b84f8\\m","started_at":"2026-10-09T21:35:59.332Z","exit_code":1,"signal":null,"timed_out":false,"error":null,"duration_ms":1593}

COMMAND ["C:\\Program Files\\Git\\cmd\\git.exe","apply","-R","engineering/evidence/FP-0132/raw/mutation-M6-r3.diff"]
RESULT {"executable":"C:\\Program Files\\Git\\cmd\\git.exe","arguments":["apply","-R","engineering/evidence/FP-0132/raw/mutation-M6-r3.diff"],"cwd":"C:\\Users\\requi\\.omp\\wt\\tf019b84f8\\m","started_at":"2026-10-09T21:36:00.990Z","exit_code":0,"signal":null,"timed_out":false,"error":null,"duration_ms":24}

COMMAND ["C:\\nvm4w\\nodejs\\node.exe","-e","console.log('M6',process.argv[1],require('crypto').createHash('sha256').update(require('fs').readFileSync(process.argv[1])).digest('hex'))","toolchains/rust.lock.json"]
M6 toolchains/rust.lock.json 05588f0c6905ddaae099323b63eec742ffca309e78e4dd9204017feed2a86926
RESULT {"executable":"C:\\nvm4w\\nodejs\\node.exe","arguments":["-e","console.log('M6',process.argv[1],require('crypto').createHash('sha256').update(require('fs').readFileSync(process.argv[1])).digest('hex'))","toolchains/rust.lock.json"],"cwd":"C:\\Users\\requi\\.omp\\wt\\tf019b84f8\\m","started_at":"2026-10-09T21:36:01.067Z","exit_code":0,"signal":null,"timed_out":false,"error":null,"duration_ms":40}

COMMAND ["C:\\nvm4w\\nodejs\\node.exe","-e","console.log('M7',process.argv[1],require('crypto').createHash('sha256').update(require('fs').readFileSync(process.argv[1])).digest('hex'))","tools/rust.mjs"]
M7 tools/rust.mjs 63f502e0dffd68af98d66953b937a85797649b1692aa06bc9fa6460971c0535f
RESULT {"executable":"C:\\nvm4w\\nodejs\\node.exe","arguments":["-e","console.log('M7',process.argv[1],require('crypto').createHash('sha256').update(require('fs').readFileSync(process.argv[1])).digest('hex'))","tools/rust.mjs"],"cwd":"C:\\Users\\requi\\.omp\\wt\\tf019b84f8\\m","started_at":"2026-10-09T21:36:01.211Z","exit_code":0,"signal":null,"timed_out":false,"error":null,"duration_ms":40}

COMMAND ["C:\\Program Files\\Git\\cmd\\git.exe","apply","engineering/evidence/FP-0132/raw/mutation-M7-r3.diff"]
RESULT {"executable":"C:\\Program Files\\Git\\cmd\\git.exe","arguments":["apply","engineering/evidence/FP-0132/raw/mutation-M7-r3.diff"],"cwd":"C:\\Users\\requi\\.omp\\wt\\tf019b84f8\\m","started_at":"2026-10-09T21:36:01.307Z","exit_code":0,"signal":null,"timed_out":false,"error":null,"duration_ms":30}

COMMAND ["C:\\nvm4w\\nodejs\\node.exe","-e","console.log('M7',process.argv[1],require('crypto').createHash('sha256').update(require('fs').readFileSync(process.argv[1])).digest('hex'))","tools/rust.mjs"]
M7 tools/rust.mjs 97f83b8a64823c63eed905ed23bf8753b346d4763980d553a5c5c4bbfab82a30
RESULT {"executable":"C:\\nvm4w\\nodejs\\node.exe","arguments":["-e","console.log('M7',process.argv[1],require('crypto').createHash('sha256').update(require('fs').readFileSync(process.argv[1])).digest('hex'))","tools/rust.mjs"],"cwd":"C:\\Users\\requi\\.omp\\wt\\tf019b84f8\\m","started_at":"2026-10-09T21:36:01.409Z","exit_code":0,"signal":null,"timed_out":false,"error":null,"duration_ms":49}

COMMAND ["C:\\nvm4w\\nodejs\\node.exe","tools/rust.test.mjs"]
TAP version 13
ok 1 - FP-0079 case 1: the committed Rust lock pins the frozen 1.99.0 artifacts
ok 2 - FP-0079 case 2: the Rust lock validator rejects every malformed field
ok 3 - FP-0079 case 3: rust-toolchain.toml names the locked version
ok 4 - FP-0079 case 4: rust-lock-verify compares the lock with the manifest's signed entries
ok 5 - FP-0079 case 5: the archive reader accepts only regular files, directories, and GNU long names inside the root
ok 6 - FP-0079 case 6: a component installs exactly what its manifest.in lists
ok 7 - FP-0079 case 7: install-rust verifies, stages, checks, and then installs, and leaves nothing behind on failure
ok 8 - FP-0079 case 8: the version checks accept only the locked release, commit, and host
ok 9 - FP-0079 case 9: the controller documents and exposes the Rust commands
ok 10 - FP-0079 case 10: the toolchain documents and declarations record the pin
ok 11 - FP-0132 case 1: the Rust lock validator accepts the frozen target and rejects every malformed target
ok 12 - FP-0132 case 2: rust-lock-verify checks each target against the signed manifest
ok 13 - FP-0132 case 3: install-rust installs each locked target into every host toolchain and replaces a stale toolchain only after the new one passes
not ok 14 - FP-0132 case 4: the toolchain check rejects a toolchain whose receipt differs from the lock before any version check
  ---
  message: "row a ran a version check\n\n12 !== 8\n"
  ...
ok 15 - FP-0132 case 5: the toolchain documents describe the locked targets
ok 16 - FP-0132 case 6: install-rust restores the earlier toolchain when the new one cannot move into place
1..16
# tests 16
# pass 15
# fail 1
RESULT {"executable":"C:\\nvm4w\\nodejs\\node.exe","arguments":["tools/rust.test.mjs"],"cwd":"C:\\Users\\requi\\.omp\\wt\\tf019b84f8\\m","started_at":"2026-10-09T21:36:01.523Z","exit_code":1,"signal":null,"timed_out":false,"error":null,"duration_ms":1898}

COMMAND ["C:\\Program Files\\Git\\cmd\\git.exe","apply","-R","engineering/evidence/FP-0132/raw/mutation-M7-r3.diff"]
RESULT {"executable":"C:\\Program Files\\Git\\cmd\\git.exe","arguments":["apply","-R","engineering/evidence/FP-0132/raw/mutation-M7-r3.diff"],"cwd":"C:\\Users\\requi\\.omp\\wt\\tf019b84f8\\m","started_at":"2026-10-09T21:36:03.485Z","exit_code":0,"signal":null,"timed_out":false,"error":null,"duration_ms":31}

COMMAND ["C:\\nvm4w\\nodejs\\node.exe","-e","console.log('M7',process.argv[1],require('crypto').createHash('sha256').update(require('fs').readFileSync(process.argv[1])).digest('hex'))","tools/rust.mjs"]
M7 tools/rust.mjs 63f502e0dffd68af98d66953b937a85797649b1692aa06bc9fa6460971c0535f
RESULT {"executable":"C:\\nvm4w\\nodejs\\node.exe","arguments":["-e","console.log('M7',process.argv[1],require('crypto').createHash('sha256').update(require('fs').readFileSync(process.argv[1])).digest('hex'))","tools/rust.mjs"],"cwd":"C:\\Users\\requi\\.omp\\wt\\tf019b84f8\\m","started_at":"2026-10-09T21:36:03.593Z","exit_code":0,"signal":null,"timed_out":false,"error":null,"duration_ms":47}

COMMAND ["C:\\nvm4w\\nodejs\\node.exe","-e","console.log('M8',process.argv[1],require('crypto').createHash('sha256').update(require('fs').readFileSync(process.argv[1])).digest('hex'))","tools/rust.mjs"]
M8 tools/rust.mjs 63f502e0dffd68af98d66953b937a85797649b1692aa06bc9fa6460971c0535f
RESULT {"executable":"C:\\nvm4w\\nodejs\\node.exe","arguments":["-e","console.log('M8',process.argv[1],require('crypto').createHash('sha256').update(require('fs').readFileSync(process.argv[1])).digest('hex'))","tools/rust.mjs"],"cwd":"C:\\Users\\requi\\.omp\\wt\\tf019b84f8\\m","started_at":"2026-10-09T21:36:03.704Z","exit_code":0,"signal":null,"timed_out":false,"error":null,"duration_ms":48}

COMMAND ["C:\\Program Files\\Git\\cmd\\git.exe","apply","engineering/evidence/FP-0132/raw/mutation-M8-r3.diff"]
RESULT {"executable":"C:\\Program Files\\Git\\cmd\\git.exe","arguments":["apply","engineering/evidence/FP-0132/raw/mutation-M8-r3.diff"],"cwd":"C:\\Users\\requi\\.omp\\wt\\tf019b84f8\\m","started_at":"2026-10-09T21:36:03.829Z","exit_code":0,"signal":null,"timed_out":false,"error":null,"duration_ms":26}

COMMAND ["C:\\nvm4w\\nodejs\\node.exe","-e","console.log('M8',process.argv[1],require('crypto').createHash('sha256').update(require('fs').readFileSync(process.argv[1])).digest('hex'))","tools/rust.mjs"]
M8 tools/rust.mjs c1835ea77fe6152aec6d83cb6c4d3166974832424952e70baad2895e22d1e0ab
RESULT {"executable":"C:\\nvm4w\\nodejs\\node.exe","arguments":["-e","console.log('M8',process.argv[1],require('crypto').createHash('sha256').update(require('fs').readFileSync(process.argv[1])).digest('hex'))","tools/rust.mjs"],"cwd":"C:\\Users\\requi\\.omp\\wt\\tf019b84f8\\m","started_at":"2026-10-09T21:36:03.933Z","exit_code":0,"signal":null,"timed_out":false,"error":null,"duration_ms":51}

COMMAND ["C:\\nvm4w\\nodejs\\node.exe","tools/rust.test.mjs"]
TAP version 13
ok 1 - FP-0079 case 1: the committed Rust lock pins the frozen 1.99.0 artifacts
ok 2 - FP-0079 case 2: the Rust lock validator rejects every malformed field
ok 3 - FP-0079 case 3: rust-toolchain.toml names the locked version
ok 4 - FP-0079 case 4: rust-lock-verify compares the lock with the manifest's signed entries
ok 5 - FP-0079 case 5: the archive reader accepts only regular files, directories, and GNU long names inside the root
ok 6 - FP-0079 case 6: a component installs exactly what its manifest.in lists
ok 7 - FP-0079 case 7: install-rust verifies, stages, checks, and then installs, and leaves nothing behind on failure
ok 8 - FP-0079 case 8: the version checks accept only the locked release, commit, and host
ok 9 - FP-0079 case 9: the controller documents and exposes the Rust commands
ok 10 - FP-0079 case 10: the toolchain documents and declarations record the pin
ok 11 - FP-0132 case 1: the Rust lock validator accepts the frozen target and rejects every malformed target
ok 12 - FP-0132 case 2: rust-lock-verify checks each target against the signed manifest
ok 13 - FP-0132 case 3: install-rust installs each locked target into every host toolchain and replaces a stale toolchain only after the new one passes
ok 14 - FP-0132 case 4: the toolchain check rejects a toolchain whose receipt differs from the lock before any version check
ok 15 - FP-0132 case 5: the toolchain documents describe the locked targets
not ok 16 - FP-0132 case 6: install-rust restores the earlier toolchain when the new one cannot move into place
  ---
  message: "Expected values to be strictly deep-equal:\n+ actual - expected\n\n+ []\n- [\n-   'bin/',\n-   'bin/cargo-fmt.exe',\n-   'bin/cargo.exe',\n-   'bin/rustc.exe',\n-   'bin/rustdoc.exe',\n-   'bin/rustfmt.exe',\n-   'fairpane-install.json',\n-   'lib/',\n-   'lib/rustlib/',\n-   'lib/rustlib/x86_64-pc-windows-gnu/',\n-   'lib/rustlib/x86_64-pc-windows-gnu/bin/',\n-   'lib/rustlib/x86_64-pc-windows-gnu/bin/self-contained/',\n-   'lib/rustlib/x86_64-pc-windows-gnu/bin/self-contained/ld.exe',\n-   'lib/rustlib/x86_64-pc-windows-gnu/codegen-backends/',\n-   'lib/rustlib/x86_64-pc-windows-gnu/codegen-backends/README.md',\n-   'lib/rustlib/x86_64-pc-windows-gnu/lib/',\n-   'lib/rustlib/x86_64-pc-windows-gnu/lib/libstd-fixture.rlib',\n-   'lib/rustlib/x86_64-pc-windows-gnu/lib/self-contained/',\n-   'lib/rustlib/x86_64-pc-windows-gnu/lib/self-contained/crt2.o',\n-   'share/',\n-   'share/doc/',\n-   'share/doc/cargo/',\n-   'share/doc/cargo/README.md'\n- ]\n"
  ...
1..16
# tests 16
# pass 15
# fail 1
RESULT {"executable":"C:\\nvm4w\\nodejs\\node.exe","arguments":["tools/rust.test.mjs"],"cwd":"C:\\Users\\requi\\.omp\\wt\\tf019b84f8\\m","started_at":"2026-10-09T21:36:04.053Z","exit_code":1,"signal":null,"timed_out":false,"error":null,"duration_ms":1638}

COMMAND ["C:\\Program Files\\Git\\cmd\\git.exe","apply","-R","engineering/evidence/FP-0132/raw/mutation-M8-r3.diff"]
RESULT {"executable":"C:\\Program Files\\Git\\cmd\\git.exe","arguments":["apply","-R","engineering/evidence/FP-0132/raw/mutation-M8-r3.diff"],"cwd":"C:\\Users\\requi\\.omp\\wt\\tf019b84f8\\m","started_at":"2026-10-09T21:36:05.766Z","exit_code":0,"signal":null,"timed_out":false,"error":null,"duration_ms":27}

COMMAND ["C:\\nvm4w\\nodejs\\node.exe","-e","console.log('M8',process.argv[1],require('crypto').createHash('sha256').update(require('fs').readFileSync(process.argv[1])).digest('hex'))","tools/rust.mjs"]
M8 tools/rust.mjs 63f502e0dffd68af98d66953b937a85797649b1692aa06bc9fa6460971c0535f
RESULT {"executable":"C:\\nvm4w\\nodejs\\node.exe","arguments":["-e","console.log('M8',process.argv[1],require('crypto').createHash('sha256').update(require('fs').readFileSync(process.argv[1])).digest('hex'))","tools/rust.mjs"],"cwd":"C:\\Users\\requi\\.omp\\wt\\tf019b84f8\\m","started_at":"2026-10-09T21:36:05.852Z","exit_code":0,"signal":null,"timed_out":false,"error":null,"duration_ms":94}

COMMAND ["C:\\nvm4w\\nodejs\\node.exe","-e","console.log('M9',process.argv[1],require('crypto').createHash('sha256').update(require('fs').readFileSync(process.argv[1])).digest('hex'))","tools/rust.mjs"]
M9 tools/rust.mjs 63f502e0dffd68af98d66953b937a85797649b1692aa06bc9fa6460971c0535f
RESULT {"executable":"C:\\nvm4w\\nodejs\\node.exe","arguments":["-e","console.log('M9',process.argv[1],require('crypto').createHash('sha256').update(require('fs').readFileSync(process.argv[1])).digest('hex'))","tools/rust.mjs"],"cwd":"C:\\Users\\requi\\.omp\\wt\\tf019b84f8\\m","started_at":"2026-10-09T21:36:06.003Z","exit_code":0,"signal":null,"timed_out":false,"error":null,"duration_ms":51}

COMMAND ["C:\\Program Files\\Git\\cmd\\git.exe","apply","engineering/evidence/FP-0132/raw/mutation-M9-r3.diff"]
RESULT {"executable":"C:\\Program Files\\Git\\cmd\\git.exe","arguments":["apply","engineering/evidence/FP-0132/raw/mutation-M9-r3.diff"],"cwd":"C:\\Users\\requi\\.omp\\wt\\tf019b84f8\\m","started_at":"2026-10-09T21:36:06.113Z","exit_code":0,"signal":null,"timed_out":false,"error":null,"duration_ms":28}

COMMAND ["C:\\nvm4w\\nodejs\\node.exe","-e","console.log('M9',process.argv[1],require('crypto').createHash('sha256').update(require('fs').readFileSync(process.argv[1])).digest('hex'))","tools/rust.mjs"]
M9 tools/rust.mjs 91c93a70568867ac12d1f5214467efeeb05c0ccbf4d973553c6159e70d8550eb
RESULT {"executable":"C:\\nvm4w\\nodejs\\node.exe","arguments":["-e","console.log('M9',process.argv[1],require('crypto').createHash('sha256').update(require('fs').readFileSync(process.argv[1])).digest('hex'))","tools/rust.mjs"],"cwd":"C:\\Users\\requi\\.omp\\wt\\tf019b84f8\\m","started_at":"2026-10-09T21:36:06.200Z","exit_code":0,"signal":null,"timed_out":false,"error":null,"duration_ms":39}

COMMAND ["C:\\nvm4w\\nodejs\\node.exe","tools/rust.test.mjs"]
TAP version 13
ok 1 - FP-0079 case 1: the committed Rust lock pins the frozen 1.99.0 artifacts
ok 2 - FP-0079 case 2: the Rust lock validator rejects every malformed field
ok 3 - FP-0079 case 3: rust-toolchain.toml names the locked version
ok 4 - FP-0079 case 4: rust-lock-verify compares the lock with the manifest's signed entries
ok 5 - FP-0079 case 5: the archive reader accepts only regular files, directories, and GNU long names inside the root
ok 6 - FP-0079 case 6: a component installs exactly what its manifest.in lists
ok 7 - FP-0079 case 7: install-rust verifies, stages, checks, and then installs, and leaves nothing behind on failure
ok 8 - FP-0079 case 8: the version checks accept only the locked release, commit, and host
ok 9 - FP-0079 case 9: the controller documents and exposes the Rust commands
ok 10 - FP-0079 case 10: the toolchain documents and declarations record the pin
ok 11 - FP-0132 case 1: the Rust lock validator accepts the frozen target and rejects every malformed target
ok 12 - FP-0132 case 2: rust-lock-verify checks each target against the signed manifest
ok 13 - FP-0132 case 3: install-rust installs each locked target into every host toolchain and replaces a stale toolchain only after the new one passes
ok 14 - FP-0132 case 4: the toolchain check rejects a toolchain whose receipt differs from the lock before any version check
ok 15 - FP-0132 case 5: the toolchain documents describe the locked targets
not ok 16 - FP-0132 case 6: install-rust restores the earlier toolchain when the new one cannot move into place
  ---
  message: "injected removal failure"
  ...
1..16
# tests 16
# pass 15
# fail 1
RESULT {"executable":"C:\\nvm4w\\nodejs\\node.exe","arguments":["tools/rust.test.mjs"],"cwd":"C:\\Users\\requi\\.omp\\wt\\tf019b84f8\\m","started_at":"2026-10-09T21:36:06.292Z","exit_code":1,"signal":null,"timed_out":false,"error":null,"duration_ms":1368}

COMMAND ["C:\\Program Files\\Git\\cmd\\git.exe","apply","-R","engineering/evidence/FP-0132/raw/mutation-M9-r3.diff"]
RESULT {"executable":"C:\\Program Files\\Git\\cmd\\git.exe","arguments":["apply","-R","engineering/evidence/FP-0132/raw/mutation-M9-r3.diff"],"cwd":"C:\\Users\\requi\\.omp\\wt\\tf019b84f8\\m","started_at":"2026-10-09T21:36:07.740Z","exit_code":0,"signal":null,"timed_out":false,"error":null,"duration_ms":24}

COMMAND ["C:\\nvm4w\\nodejs\\node.exe","-e","console.log('M9',process.argv[1],require('crypto').createHash('sha256').update(require('fs').readFileSync(process.argv[1])).digest('hex'))","tools/rust.mjs"]
M9 tools/rust.mjs 63f502e0dffd68af98d66953b937a85797649b1692aa06bc9fa6460971c0535f
RESULT {"executable":"C:\\nvm4w\\nodejs\\node.exe","arguments":["-e","console.log('M9',process.argv[1],require('crypto').createHash('sha256').update(require('fs').readFileSync(process.argv[1])).digest('hex'))","tools/rust.mjs"],"cwd":"C:\\Users\\requi\\.omp\\wt\\tf019b84f8\\m","started_at":"2026-10-09T21:36:07.825Z","exit_code":0,"signal":null,"timed_out":false,"error":null,"duration_ms":44}
