
COMMAND ["C:\\Program Files\\Git\\cmd\\git.exe","diff","--stat","416130e"]
 docs/TOOLCHAIN.md         |   7 ++
 toolchains/rust.lock.json |   3 +
 tools/README.md           |   2 +-
 tools/lib.mjs             |  22 +++-
 tools/rust.mjs            | 115 +++++++++++++++-----
 tools/rust.test.mjs       | 272 +++++++++++++++++++++++++++++++++++++++++-----
 6 files changed, 361 insertions(+), 60 deletions(-)
RESULT {"executable":"C:\\Program Files\\Git\\cmd\\git.exe","arguments":["diff","--stat","416130e"],"cwd":"C:\\Users\\requi\\.omp\\wt\\t5ba943653\\m","started_at":"2026-10-09T20:21:56.707Z","exit_code":0,"signal":null,"timed_out":false,"error":null,"duration_ms":51}

COMMAND ["C:\\Program Files\\Git\\cmd\\git.exe","diff","--exit-code","416130e","--","rust-toolchain.toml","AGENTS.md","docs/CHARTER.md","engineering/qualification.json","engineering/policy.json","engineering/gates.json","toolchains/zig.lock.json","specs/corpora.json"]
RESULT {"executable":"C:\\Program Files\\Git\\cmd\\git.exe","arguments":["diff","--exit-code","416130e","--","rust-toolchain.toml","AGENTS.md","docs/CHARTER.md","engineering/qualification.json","engineering/policy.json","engineering/gates.json","toolchains/zig.lock.json","specs/corpora.json"],"cwd":"C:\\Users\\requi\\.omp\\wt\\t5ba943653\\m","started_at":"2026-10-09T20:21:56.849Z","exit_code":0,"signal":null,"timed_out":false,"error":null,"duration_ms":38}

COMMAND ["C:\\Program Files\\Git\\cmd\\git.exe","diff","--stat","416130e"]
 docs/TOOLCHAIN.md                 |   7 +
 tests/rust/pointer_width_probe.rs |  11 ++
 toolchains/rust.lock.json         |   3 +
 tools/README.md                   |   2 +-
 tools/lib.mjs                     |  22 ++-
 tools/rust.mjs                    | 115 +++++++++++-----
 tools/rust.test.mjs               | 272 ++++++++++++++++++++++++++++++++++----
 7 files changed, 372 insertions(+), 60 deletions(-)
RESULT {"executable":"C:\\Program Files\\Git\\cmd\\git.exe","arguments":["diff","--stat","416130e"],"cwd":"C:\\Users\\requi\\.omp\\wt\\t5ba943653\\m","started_at":"2026-10-09T20:22:04.948Z","exit_code":0,"signal":null,"timed_out":false,"error":null,"duration_ms":67}
