Fairpane local gate: repo-check
Trust: unsigned-local-integrity-only

COMMAND ["C:\\nvm4w\\nodejs\\node.EXE","C:\\src\\fairpane\\out\\fp0098-r1-binding\\tools\\fairpane.mjs","check"]
{
  "result": "pass",
  "level": "bootstrap-integrity-only",
  "tasks": 130,
  "gates": 9,
  "capability_families": 21,
  "fingerprints": {
    "source": {
      "sha256": "4d10abde133b28093da817ee3bb56b056ca663e22a3aa2bd43d52b7f331b3ae2",
      "file_count": 313
    },
    "policy": {
      "sha256": "41db075b6c8bb74b70b19a058fb52d5bdec9b0cbcfc17e142453f120d4d03aea",
      "file_count": 24
    }
  },
  "note": "This check is not browser conformance or an independent security attestation."
}
RESULT {"executable":"C:\\nvm4w\\nodejs\\node.EXE","arguments":["C:\\src\\fairpane\\out\\fp0098-r1-binding\\tools\\fairpane.mjs","check"],"cwd":"C:\\src\\fairpane\\out\\fp0098-r1-binding","started_at":"2026-10-09T20:26:06.440Z","exit_code":0,"signal":null,"timed_out":false,"error":null,"duration_ms":285}
