
COMMAND ["C:\\nvm4w\\nodejs\\node.exe","out/verify-2069b4d/tools/fairpane.mjs","check"]
{
  "result": "pass",
  "level": "bootstrap-integrity-only",
  "tasks": 47,
  "gates": 9,
  "capability_families": 20,
  "fingerprints": {
    "source": {
      "sha256": "883ea52002cdfa18a482083c25755d9e2aa1f101e9fe0d1dae2d537557fb2c64",
      "file_count": 94
    },
    "policy": {
      "sha256": "366776e09af8c5f000b5f2b8f85795ca4bb8f2098e9f7bc20e34ea97cb58c425",
      "file_count": 17
    }
  },
  "note": "This check is not browser conformance or an independent security attestation."
}
RESULT {"executable":"C:\\nvm4w\\nodejs\\node.exe","arguments":["out/verify-2069b4d/tools/fairpane.mjs","check"],"cwd":"C:\\src\\fairpane","started_at":"2026-10-09T01:47:32.766Z","exit_code":0,"signal":null,"timed_out":false,"error":null,"duration_ms":84}
