
COMMAND ["C:\\nvm4w\\nodejs\\node.exe","C:\\src\\fairpane/out/verify-799dcba/tools/fairpane.mjs","check"]
{
  "result": "pass",
  "level": "bootstrap-integrity-only",
  "tasks": 34,
  "gates": 9,
  "capability_families": 21,
  "fingerprints": {
    "source": {
      "sha256": "9dd6110fa417d230c0f91628a4d34c7114bca9d396056385bbfd25fe11ab37d9",
      "file_count": 89
    },
    "policy": {
      "sha256": "a62931e5769ceee40c268530445a7e0ac967bcd254d638b3b44b665bce355a8f",
      "file_count": 17
    }
  },
  "note": "This check is not browser conformance or an independent security attestation."
}
RESULT {"executable":"C:\\nvm4w\\nodejs\\node.exe","arguments":["C:\\src\\fairpane/out/verify-799dcba/tools/fairpane.mjs","check"],"cwd":"C:\\src\\fairpane","started_at":"2026-10-09T01:25:45.249Z","exit_code":0,"signal":null,"timed_out":false,"error":null,"duration_ms":90}
