
COMMAND ["C:\\nvm4w\\nodejs\\node.exe","C:\\src\\fairpane/out/verify-ec425ea/tools/fairpane.mjs","check"]
{
  "result": "pass",
  "level": "bootstrap-integrity-only",
  "tasks": 46,
  "gates": 9,
  "capability_families": 21,
  "fingerprints": {
    "source": {
      "sha256": "84090e705e75e4e9fa86d6c0b4b7dbc569be46a1cbb823b9f0457ec3062023fb",
      "file_count": 91
    },
    "policy": {
      "sha256": "a62931e5769ceee40c268530445a7e0ac967bcd254d638b3b44b665bce355a8f",
      "file_count": 17
    }
  },
  "note": "This check is not browser conformance or an independent security attestation."
}
RESULT {"executable":"C:\\nvm4w\\nodejs\\node.exe","arguments":["C:\\src\\fairpane/out/verify-ec425ea/tools/fairpane.mjs","check"],"cwd":"C:\\src\\fairpane","started_at":"2026-10-09T01:25:50.124Z","exit_code":0,"signal":null,"timed_out":false,"error":null,"duration_ms":89}
