Fairpane local gate: repo-check
Trust: unsigned-local-integrity-only

COMMAND ["C:\\nvm4w\\nodejs\\node.exe","C:\\src\\fairpane\\tools\\fairpane.mjs","check"]
{
  "result": "pass",
  "level": "bootstrap-integrity-only",
  "tasks": 99,
  "gates": 9,
  "capability_families": 21,
  "fingerprints": {
    "source": {
      "sha256": "785a91911252a90a9e3fc351bbb0cb92fd8b8cc9b7af502678a8eccb36d89508",
      "file_count": 313
    },
    "policy": {
      "sha256": "ea0669104222d035a4cf5318aab1824d6fccce518ac8a6704d14965d7b99724e",
      "file_count": 24
    }
  },
  "note": "This check is not browser conformance or an independent security attestation."
}
RESULT {"executable":"C:\\nvm4w\\nodejs\\node.exe","arguments":["C:\\src\\fairpane\\tools\\fairpane.mjs","check"],"cwd":"C:\\src\\fairpane","started_at":"2026-10-09T15:42:32.019Z","exit_code":0,"signal":null,"timed_out":false,"error":null,"duration_ms":183}
