
COMMAND ["C:\\nvm4w\\nodejs\\node.exe","tools/fairpane.mjs","ucd-generate"]
{
  "result": "written",
  "version": "18.0.0",
  "inputs": [
    "src/unicode/ucd/Scripts.txt",
    "src/unicode/ucd/ScriptExtensions.txt",
    "src/unicode/ucd/PropertyValueAliases.txt",
    "src/unicode/ucd/extracted/DerivedBidiClass.txt",
    "src/unicode/ucd/extracted/DerivedJoiningType.txt",
    "src/unicode/ucd/extracted/DerivedGeneralCategory.txt",
    "src/unicode/ucd/IndicSyllabicCategory.txt",
    "src/unicode/ucd/IndicPositionalCategory.txt",
    "src/unicode/ucd/auxiliary/GraphemeBreakProperty.txt",
    "src/unicode/ucd/DerivedCoreProperties.txt",
    "src/unicode/ucd/emoji/emoji-data.txt",
    "src/unicode/ucd/license.txt"
  ],
  "file": "src/unicode/tables.zig",
  "bytes": 625217
}
RESULT {"executable":"C:\\nvm4w\\nodejs\\node.exe","arguments":["tools/fairpane.mjs","ucd-generate"],"cwd":"C:\\Users\\requi\\.omp\\wt\\tfbcb615b9\\m","started_at":"2026-10-09T17:49:54.047Z","exit_code":0,"signal":null,"timed_out":false,"error":null,"duration_ms":163}
