
COMMAND ["C:\\nvm4w\\nodejs\\node.exe","tools/fairpane.mjs","corpus-applicability","wpt"]
{
  "result": "pass",
  "record": "specs/applicability/wpt.json",
  "schema_version": 1,
  "corpus": "wpt",
  "commit": "b60c4b349d9d167bf354a40bc0d4cbed15174606",
  "status": "counted",
  "discovery": {
    "rule": "Read the manifest that wpt.fyi publishes for the pinned commit after binding every manifest path and hash to the Git blob IDs of the pinned tree. Count the items of each manifest item type; each file entry contributes its array length minus one, because the first element is the file hash and each other element is one test URL. Discovered tests are the items of every type except \"spec\" and \"support\", minus the \"test262\" items whose path starts with \"third_party/test262/\", the vendored Test262 copy. Upstream gives the \"test262\" type to a \".js\" file with a \"test262\" directory component only when no earlier rule of manifest_items applies to it, its name does not end in \"_FIXTURE.js\", and it contains a \"/*---\" to \"---*/\" frontmatter block; any other such file becomes a \"support\" item. The \"test262\" type therefore does not identify the vendored copy, and \"test262\" items elsewhere, such as the WPT tests under \"infrastructure/test262/\", count in discovery. The record reports the vendored \"test262\" items separately, counted by their directory under \"third_party/test262/\", with the vendored Test262 revision from third_party/test262/vendored.toml.",
    "command": "node tools/fairpane.mjs corpus-applicability wpt"
  },
  "manifest": {
    "url": "https://wpt.fyi/api/manifest?sha=b60c4b349d9d167bf354a40bc0d4cbed15174606",
    "size": 40224677,
    "sha256": "86d55bee991997a4753d0987397883249a0d6fc94e0901ed3efb84cceed53067",
    "version": 9,
    "item_counts": {
      "aamtest": 190,
      "crashtest": 2030,
      "manual": 3047,
      "print-reftest": 432,
      "reftest": 28489,
      "support": 41779,
      "test262": 53660,
      "testharness": 39050,
      "visual": 2714,
      "wdspec": 648
    }
  },
  "discovered": 76620,
  "selected": 0,
  "excluded": [],
  "unclassified": 76620,
  "breakdown": {
    "by": "WPT manifest item type",
    "counts": {
      "aamtest": 190,
      "crashtest": 2030,
      "manual": 3047,
      "print-reftest": 432,
      "reftest": 28489,
      "test262": 20,
      "testharness": 39050,
      "visual": 2714,
      "wdspec": 648
    }
  },
  "reported_separately": {
    "test262": {
      "path": "third_party/test262/",
      "items": 53640,
      "by_prefix": {
        "third_party/test262/harness/": {
          "items": 43,
          "content": "Test262 harness includes, not tests"
        },
        "third_party/test262/test/": {
          "items": 53597,
          "content": "Test262 tests"
        }
      },
      "vendored": {
        "path": "third_party/test262/vendored.toml",
        "source": "https://github.com/tc39/test262",
        "revision": "7ab7fafa0003f73fc85c1b95d88094d33f7eb8bd"
      },
      "reason": "Fairpane runs Test262 from its own pinned test262 corpus, so the vendored copy under third_party/test262/ stays outside the WPT denominator. Every other \"test262\" item is a WPT test and counts in discovery."
    }
  }
}
RESULT {"executable":"C:\\nvm4w\\nodejs\\node.exe","arguments":["tools/fairpane.mjs","corpus-applicability","wpt"],"cwd":"C:\\Users\\requi\\.omp\\wt\\t5accd974d\\m","started_at":"2026-10-09T14:32:55.791Z","exit_code":0,"signal":null,"timed_out":false,"error":null,"duration_ms":880,"environment_overrides":{"FAIRPANE_CORPORA_DIR":"C:\\src\\fairpane\\.tools\\corpora"}}
