
COMMAND ["C:\\nvm4w\\nodejs\\node.exe","tools/fairpane.mjs","check"]
{
  "result": "pass",
  "level": "bootstrap-integrity-only",
  "tasks": 127,
  "gates": 9,
  "capability_families": 21,
  "fingerprints": {
    "source": {
      "sha256": "be517732e2c08e93bf4891d9eddb71ce07fc322e409f47fb841cb74eb9db6ce2",
      "file_count": 313
    },
    "policy": {
      "sha256": "41db075b6c8bb74b70b19a058fb52d5bdec9b0cbcfc17e142453f120d4d03aea",
      "file_count": 24
    }
  },
  "note": "This check is not browser conformance or an independent security attestation."
}
RESULT {"executable":"C:\\nvm4w\\nodejs\\node.exe","arguments":["tools/fairpane.mjs","check"],"cwd":"C:\\Users\\requi\\.omp\\wt\\t2933d7c95\\m","started_at":"2026-10-09T17:16:43.148Z","exit_code":0,"signal":null,"timed_out":false,"error":null,"duration_ms":215}
