
COMMAND ["C:\\nvm4w\\nodejs\\node.exe","tools/fairpane.mjs","check"]
{
  "result": "pass",
  "level": "bootstrap-integrity-only",
  "tasks": 99,
  "gates": 9,
  "capability_families": 21,
  "fingerprints": {
    "source": {
      "sha256": "6b532d4f217347f266f1cfa2666a3bf666c39ca41b73cf1efff6cd33783294a6",
      "file_count": 287
    },
    "policy": {
      "sha256": "ea0669104222d035a4cf5318aab1824d6fccce518ac8a6704d14965d7b99724e",
      "file_count": 24
    }
  },
  "note": "This check is not browser conformance or an independent security attestation."
}
RESULT {"executable":"C:\\nvm4w\\nodejs\\node.exe","arguments":["tools/fairpane.mjs","check"],"cwd":"C:\\Users\\requi\\.omp\\wt\\t5accd974d\\m","started_at":"2026-10-09T14:33:09.814Z","exit_code":0,"signal":null,"timed_out":false,"error":null,"duration_ms":174}
