Fairpane local gate: repo-check
Trust: unsigned-local-integrity-only

COMMAND ["C:\\nvm4w\\nodejs\\node.exe","C:\\src\\fairpane\\tools\\fairpane.mjs","check"]
{
  "result": "pass",
  "level": "bootstrap-integrity-only",
  "tasks": 77,
  "gates": 9,
  "capability_families": 21,
  "fingerprints": {
    "source": {
      "sha256": "9d253d42f2780e5a804bf8aac904ec86139810fb585fb0824174ddfd0d521215",
      "file_count": 235
    },
    "policy": {
      "sha256": "020a784a88c0d7e5e855f975c9f7722121b36e8e21b578b5c46100ccafafdb51",
      "file_count": 22
    }
  },
  "note": "This check is not browser conformance or an independent security attestation."
}
RESULT {"executable":"C:\\nvm4w\\nodejs\\node.exe","arguments":["C:\\src\\fairpane\\tools\\fairpane.mjs","check"],"cwd":"C:\\src\\fairpane","started_at":"2026-10-09T10:24:25.371Z","exit_code":0,"signal":null,"timed_out":false,"error":null,"duration_ms":120}
