Fairpane local gate: repo-check
Trust: unsigned-local-integrity-only

COMMAND ["C:\\nvm4w\\nodejs\\node.exe","C:\\src\\fairpane\\tools\\fairpane.mjs","check"]
{
  "result": "pass",
  "level": "bootstrap-integrity-only",
  "tasks": 67,
  "gates": 9,
  "capability_families": 21,
  "fingerprints": {
    "source": {
      "sha256": "87469322b38cd688cad0afcf9feb8b773efc0553f15fb84c9c3bdfc610e5421a",
      "file_count": 230
    },
    "policy": {
      "sha256": "70e1709e3c60e13510541ab5ee2c0885dbac86856c946a3271ffbc1d48c9c2f9",
      "file_count": 22
    }
  },
  "note": "This check is not browser conformance or an independent security attestation."
}
RESULT {"executable":"C:\\nvm4w\\nodejs\\node.exe","arguments":["C:\\src\\fairpane\\tools\\fairpane.mjs","check"],"cwd":"C:\\src\\fairpane","started_at":"2026-10-09T09:50:13.343Z","exit_code":0,"signal":null,"timed_out":false,"error":null,"duration_ms":131}
