Fairpane local gate: repo-check
Trust: unsigned-local-integrity-only

COMMAND ["C:\\hostedtoolcache\\windows\\node\\24.21.0\\x64\\node.exe","D:\\a\\fairpane\\fairpane\\tools\\fairpane.mjs","check"]
{
  "result": "pass",
  "level": "bootstrap-integrity-only",
  "tasks": 81,
  "gates": 9,
  "capability_families": 21,
  "fingerprints": {
    "source": {
      "sha256": "702b02e9b4904d7ca0fdad07eb2b6aeca129d3a2f552fafdf24f6e0d81441986",
      "file_count": 278
    },
    "policy": {
      "sha256": "7244083c32fa3e016846e5aafdbed9616899a9c617921d3f14d4ba5800f8e700",
      "file_count": 22
    }
  },
  "note": "This check is not browser conformance or an independent security attestation."
}
RESULT {"executable":"C:\\hostedtoolcache\\windows\\node\\24.21.0\\x64\\node.exe","arguments":["D:\\a\\fairpane\\fairpane\\tools\\fairpane.mjs","check"],"cwd":"D:\\a\\fairpane\\fairpane","started_at":"2026-10-09T12:39:42.719Z","exit_code":0,"signal":null,"timed_out":false,"error":null,"duration_ms":210}
