Fairpane local gate: repo-check
Trust: unsigned-local-integrity-only

COMMAND ["C:\\nvm4w\\nodejs\\node.exe","C:\\src\\fairpane\\tools\\fairpane.mjs","check"]
{
  "result": "pass",
  "level": "bootstrap-integrity-only",
  "tasks": 134,
  "gates": 9,
  "capability_families": 21,
  "fingerprints": {
    "source": {
      "sha256": "765aa6eae1d6b40bbc30971d3f0aa4cb90c3335c4a4d1e492144e32d04b526c8",
      "file_count": 343
    },
    "policy": {
      "sha256": "29d3333e47b6bd5348370ff23baeb443b7579ff82a58fff942da03f2c720c6a7",
      "file_count": 24
    }
  },
  "note": "This check is not browser conformance or an independent security attestation."
}
RESULT {"executable":"C:\\nvm4w\\nodejs\\node.exe","arguments":["C:\\src\\fairpane\\tools\\fairpane.mjs","check"],"cwd":"C:\\src\\fairpane","started_at":"2026-10-09T19:30:14.126Z","exit_code":0,"signal":null,"timed_out":false,"error":null,"duration_ms":270}
