
COMMAND ["C:\\nvm4w\\nodejs\\node.exe","tools/fairpane.mjs","check"]
{
  "result": "pass",
  "level": "bootstrap-integrity-only",
  "tasks": 134,
  "gates": 9,
  "capability_families": 21,
  "fingerprints": {
    "source": {
      "sha256": "7f0351840c1eac295de8dae5dda1f59d1febefc577a0ae00d06f0be251db7b37",
      "file_count": 348
    },
    "policy": {
      "sha256": "97ad46a6ccb50f3a14607b7a09d2124da08136b71a643bb5114d7568a6ae1bc7",
      "file_count": 24
    }
  },
  "note": "This check is not browser conformance or an independent security attestation."
}
RESULT {"executable":"C:\\nvm4w\\nodejs\\node.exe","arguments":["tools/fairpane.mjs","check"],"cwd":"C:\\Users\\requi\\.omp\\wt\\te63ab7b1b\\m","started_at":"2026-10-09T20:32:11.981Z","exit_code":0,"signal":null,"timed_out":false,"error":null,"duration_ms":269}
