
COMMAND ["C:\\nvm4w\\nodejs\\node.exe","engineering/evidence/FP-0111/raw/observations.mjs"]
# tests/text/fonts/noto-sans/NotoSans-Regular.ttf
expectation version 1 at ca026e8: 754044 bytes, SHA-256 c29f5a4a9cac02a7d66434b9e68cec89ce34b786bf0c3a574c2088f11e825834
expectation version 2: 1042753 bytes, SHA-256 ca7555c21dfc4a4a0ca285ce0b983fb4bfdc5409bda4eb4182d0ad16da1610de
gsub: version 0x00010000, feature_variations false, 4 scripts, 37 features, 48 lookups, 50 subtables
gsub subtables by effective type and format: type1/format1=11 type1/format2=24 type2/format1=1 type3/format1=1 type4/format1=7 type6/format1=1 type6/format3=5
gsub extension lookups: 0; lookups with a mark filtering set: 4
gsub lookups with each flag bit: 0x0008=1 0x0010=4
gsub primary coverages by format: format1=36 format2=14
gsub LangSys tables: 15; nonzero lookupOrderOffset: 0
gpos: version 0x00010000, feature_variations false, 4 scripts, 3 features, 16 lookups, 17 subtables
gpos subtables by effective type and format: type1/format1=1 type2/format1=1 type2/format2=2 type4/format1=4 type5/format1=4 type6/format1=4 type8/format3=1
gpos extension lookups: 0; lookups with a mark filtering set: 6
gpos lookups with each flag bit: 0x0008=2 0x0010=6
gpos primary coverages by format: format1=13 format2=4
gpos LangSys tables: 15; nonzero lookupOrderOffset: 0
gdef: version 0x00010002, AttachList offset 0, item_var_store false
gdef glyph_class_def: format 2, 3112 classed glyphs
gdef mark_attach_class_def: absent
gdef mark_glyph_sets: 6 sets
gdef lig_caret_list: 5 ligatures, carets format1=7
# tests/text/fonts/noto-sans-arabic/NotoSansArabic-Regular.ttf
expectation version 1 at ca026e8: 305477 bytes, SHA-256 a77355ff3aafdb72161028d67e72ab58d1bdc8c4c897571b08a883d67b0fa139
expectation version 2: 388897 bytes, SHA-256 4e4b18e0d8ff4b5adaba6074ed7129d709a7a411aa30c34e088c29735f08570e
gsub: version 0x00010000, feature_variations false, 2 scripts, 16 features, 41 lookups, 51 subtables
gsub subtables by effective type and format: type1/format1=10 type1/format2=12 type2/format1=6 type3/format1=1 type4/format1=4 type5/format3=12 type6/format1=1 type6/format3=5
gsub extension lookups: 0; lookups with a mark filtering set: 7
gsub lookups with each flag bit: 0x0008=4 0x0010=7
gsub primary coverages by format: format1=43 format2=8
gsub LangSys tables: 7; nonzero lookupOrderOffset: 0
gpos: version 0x00010000, feature_variations false, 2 scripts, 3 features, 22 lookups, 23 subtables
gpos subtables by effective type and format: type2/format1=1 type2/format2=1 type4/format1=14 type5/format1=2 type6/format1=5
gpos extension lookups: 0; lookups with a mark filtering set: 5
gpos lookups with each flag bit: 0x0008=1 0x0010=5
gpos primary coverages by format: format1=10 format2=13
gpos LangSys tables: 7; nonzero lookupOrderOffset: 0
gdef: version 0x00010002, AttachList offset 0, item_var_store false
gdef glyph_class_def: format 2, 423 classed glyphs
gdef mark_attach_class_def: absent
gdef mark_glyph_sets: 9 sets
gdef lig_caret_list: 2 ligatures, carets format1=5
# tests/text/fonts/noto-sans-devanagari/NotoSansDevanagari-Regular.ttf
expectation version 1 at ca026e8: 84302 bytes, SHA-256 529eb3234d7b2662afa44fab7ce46a8550fe86106c3d1f4e9a71ecdf47fdd68d
expectation version 2: 291107 bytes, SHA-256 a980b4d567be50c9f5436138e10c6ed05cbb3dec87745f28d698d561057f7502
gsub: version 0x00010000, feature_variations false, 3 scripts, 30 features, 171 lookups, 439 subtables
gsub subtables by effective type and format: type1/format1=73 type1/format2=27 type2/format1=3 type4/format1=34 type5/format1=1 type5/format2=5 type5/format3=79 type6/format1=5 type6/format2=1 type6/format3=211
gsub extension lookups: 0; lookups with a mark filtering set: 10
gsub lookups with each flag bit: 0x0008=4 0x0010=10
gsub primary coverages by format: format1=392 format2=47
gsub LangSys tables: 10; nonzero lookupOrderOffset: 0
gpos: version 0x00010000, feature_variations false, 3 scripts, 5 features, 28 lookups, 31 subtables
gpos subtables by effective type and format: type1/format1=5 type2/format1=1 type2/format2=1 type4/format1=16 type6/format1=4 type8/format3=4
gpos extension lookups: 0; lookups with a mark filtering set: 5
gpos lookups with each flag bit: 0x0010=5
gpos primary coverages by format: format1=16 format2=15
gpos LangSys tables: 10; nonzero lookupOrderOffset: 0
gdef: version 0x00010002, AttachList offset 0, item_var_store false
gdef glyph_class_def: format 2, 517 classed glyphs
gdef mark_attach_class_def: absent
gdef mark_glyph_sets: 6 sets
gdef lig_caret_list: absent
# tests/text/fonts/noto-sans-cjk-jp-subset/cjk-subset.otf
expectation version 1 at ca026e8: 13945 bytes, SHA-256 09fc2123afd8115ecf450f21c626606eec8e72d93048ed1f44bd33db4469f195
expectation version 2: 33917 bytes, SHA-256 ec2a9ec3645792cc0837e93634dc65eb390e662d1c40379aac3c7b6ee286b4b2
gsub: version 0x00010000, feature_variations false, 7 scripts, 11 features, 11 lookups, 11 subtables
gsub subtables by effective type and format: type1/format1=3 type1/format2=6 type3/format1=1 type6/format3=1
gsub extension lookups: 3; lookups with a mark filtering set: 0
gsub lookups with each flag bit: none
gsub primary coverages by format: format1=10 format2=1
gsub LangSys tables: 31; nonzero lookupOrderOffset: 0
gpos: version 0x00010000, feature_variations false, 7 scripts, 6 features, 6 lookups, 12 subtables
gpos subtables by effective type and format: type1/format1=5 type1/format2=5 type2/format1=2
gpos extension lookups: 0; lookups with a mark filtering set: 0
gpos lookups with each flag bit: none
gpos primary coverages by format: format1=11 format2=1
gpos LangSys tables: 7; nonzero lookupOrderOffset: 0
gdef: absent
RESULT {"executable":"C:\\nvm4w\\nodejs\\node.exe","arguments":["engineering/evidence/FP-0111/raw/observations.mjs"],"cwd":"C:\\Users\\requi\\.omp\\wt\\te63ab7b1b\\m","started_at":"2026-10-09T20:24:10.185Z","exit_code":0,"signal":null,"timed_out":false,"error":null,"duration_ms":183}
