Fairpane local gate: repo-check
Trust: unsigned-local-integrity-only

COMMAND ["C:\\nvm4w\\nodejs\\node.exe","C:\\src\\fairpane\\tools\\fairpane.mjs","check"]
{
  "result": "pass",
  "level": "bootstrap-integrity-only",
  "tasks": 53,
  "gates": 9,
  "capability_families": 21,
  "fingerprints": {
    "source": {
      "sha256": "65b43fc6ef3ee6043fa7f4af7c74131bed16e45bc2f8a0cb9b7392d839b03641",
      "file_count": 128
    },
    "policy": {
      "sha256": "bb313e06aa163d637b1c2d51829d14f55ebcca9a7a84df2bba4f6fba9f57c8c2",
      "file_count": 17
    }
  },
  "note": "This check is not browser conformance or an independent security attestation."
}
RESULT {"executable":"C:\\nvm4w\\nodejs\\node.exe","arguments":["C:\\src\\fairpane\\tools\\fairpane.mjs","check"],"cwd":"C:\\src\\fairpane","started_at":"2026-10-09T04:27:14.163Z","exit_code":0,"signal":null,"timed_out":false,"error":null,"duration_ms":82}
