
COMMAND ["C:\\src\\fairpane\\.tools\\zig\\0.18.0-dev.120+9fe22a29b\\x86_64-windows\\zig.exe","build","-Dtarget=aarch64-macos","-Doptimize=ReleaseSafe","--prefix","out/fp0066-aarch64-macos","--cache-dir","out/fp0066-cross-cache"]
RESULT {"executable":"C:\\src\\fairpane\\.tools\\zig\\0.18.0-dev.120+9fe22a29b\\x86_64-windows\\zig.exe","arguments":["build","-Dtarget=aarch64-macos","-Doptimize=ReleaseSafe","--prefix","out/fp0066-aarch64-macos","--cache-dir","out/fp0066-cross-cache"],"cwd":"C:\\Users\\requi\\.omp\\wt\\t93143ef4f\\m","started_at":"2026-10-09T14:43:38.056Z","exit_code":0,"signal":null,"timed_out":false,"error":null,"duration_ms":5654,"environment_overrides":{"ZIG_GLOBAL_CACHE_DIR":"C:\\src\\fairpane\\.zig-cache\\global"}}

COMMAND ["C:\\nvm4w\\nodejs\\node.exe","tools/fairpane.mjs","abi-exports","out/fp0066-aarch64-macos/lib/libfairpane.a"]
{
  "result": "pass",
  "schema": "api/fairpane.schema.json",
  "library": "out/fp0066-aarch64-macos/lib/libfairpane.a",
  "exports": 15
}
RESULT {"executable":"C:\\nvm4w\\nodejs\\node.exe","arguments":["tools/fairpane.mjs","abi-exports","out/fp0066-aarch64-macos/lib/libfairpane.a"],"cwd":"C:\\Users\\requi\\.omp\\wt\\t93143ef4f\\m","started_at":"2026-10-09T14:43:43.769Z","exit_code":0,"signal":null,"timed_out":false,"error":null,"duration_ms":55}

COMMAND ["C:\\src\\fairpane\\.tools\\zig\\0.18.0-dev.120+9fe22a29b\\x86_64-windows\\zig.exe","run","--cache-dir","out/fp0066-check-cache","tools/zig/library_check.zig","--","members","out/fp0066-aarch64-macos/lib/libfairpane.a","fairpane_zcu.o"]
RESULT {"executable":"C:\\src\\fairpane\\.tools\\zig\\0.18.0-dev.120+9fe22a29b\\x86_64-windows\\zig.exe","arguments":["run","--cache-dir","out/fp0066-check-cache","tools/zig/library_check.zig","--","members","out/fp0066-aarch64-macos/lib/libfairpane.a","fairpane_zcu.o"],"cwd":"C:\\Users\\requi\\.omp\\wt\\t93143ef4f\\m","started_at":"2026-10-09T14:43:43.888Z","exit_code":0,"signal":null,"timed_out":false,"error":null,"duration_ms":44,"environment_overrides":{"ZIG_GLOBAL_CACHE_DIR":"C:\\src\\fairpane\\.zig-cache\\global"}}

COMMAND ["C:\\src\\fairpane\\.tools\\zig\\0.18.0-dev.120+9fe22a29b\\x86_64-windows\\zig.exe","run","--cache-dir","out/fp0066-check-cache","tools/zig/library_check.zig","--","metadata","out/fp0066-aarch64-macos/lib/libfairpane.a"]
RESULT {"executable":"C:\\src\\fairpane\\.tools\\zig\\0.18.0-dev.120+9fe22a29b\\x86_64-windows\\zig.exe","arguments":["run","--cache-dir","out/fp0066-check-cache","tools/zig/library_check.zig","--","metadata","out/fp0066-aarch64-macos/lib/libfairpane.a"],"cwd":"C:\\Users\\requi\\.omp\\wt\\t93143ef4f\\m","started_at":"2026-10-09T14:43:43.992Z","exit_code":0,"signal":null,"timed_out":false,"error":null,"duration_ms":39,"environment_overrides":{"ZIG_GLOBAL_CACHE_DIR":"C:\\src\\fairpane\\.zig-cache\\global"}}

COMMAND ["C:\\src\\fairpane\\.tools\\zig\\0.18.0-dev.120+9fe22a29b\\x86_64-windows\\zig.exe","run","--cache-dir","out/fp0066-check-cache","tools/zig/library_check.zig","--","absent","out/fp0066-aarch64-macos/lib/libfairpane.a","--dir",".","--dir","C:\\src\\fairpane\\.tools\\zig\\0.18.0-dev.120+9fe22a29b\\x86_64-windows"]
RESULT {"executable":"C:\\src\\fairpane\\.tools\\zig\\0.18.0-dev.120+9fe22a29b\\x86_64-windows\\zig.exe","arguments":["run","--cache-dir","out/fp0066-check-cache","tools/zig/library_check.zig","--","absent","out/fp0066-aarch64-macos/lib/libfairpane.a","--dir",".","--dir","C:\\src\\fairpane\\.tools\\zig\\0.18.0-dev.120+9fe22a29b\\x86_64-windows"],"cwd":"C:\\Users\\requi\\.omp\\wt\\t93143ef4f\\m","started_at":"2026-10-09T14:43:44.093Z","exit_code":0,"signal":null,"timed_out":false,"error":null,"duration_ms":44,"environment_overrides":{"ZIG_GLOBAL_CACHE_DIR":"C:\\src\\fairpane\\.zig-cache\\global"}}

COMMAND ["C:\\src\\fairpane\\.tools\\zig\\0.18.0-dev.120+9fe22a29b\\x86_64-windows\\zig.exe","build","-Dtarget=aarch64-linux","-Doptimize=ReleaseSafe","--prefix","out/fp0066-aarch64-linux","--cache-dir","out/fp0066-cross-cache"]
RESULT {"executable":"C:\\src\\fairpane\\.tools\\zig\\0.18.0-dev.120+9fe22a29b\\x86_64-windows\\zig.exe","arguments":["build","-Dtarget=aarch64-linux","-Doptimize=ReleaseSafe","--prefix","out/fp0066-aarch64-linux","--cache-dir","out/fp0066-cross-cache"],"cwd":"C:\\Users\\requi\\.omp\\wt\\t93143ef4f\\m","started_at":"2026-10-09T14:43:44.201Z","exit_code":0,"signal":null,"timed_out":false,"error":null,"duration_ms":2971,"environment_overrides":{"ZIG_GLOBAL_CACHE_DIR":"C:\\src\\fairpane\\.zig-cache\\global"}}

COMMAND ["C:\\nvm4w\\nodejs\\node.exe","tools/fairpane.mjs","abi-exports","out/fp0066-aarch64-linux/lib/libfairpane.a"]
{
  "result": "pass",
  "schema": "api/fairpane.schema.json",
  "library": "out/fp0066-aarch64-linux/lib/libfairpane.a",
  "exports": 15
}
RESULT {"executable":"C:\\nvm4w\\nodejs\\node.exe","arguments":["tools/fairpane.mjs","abi-exports","out/fp0066-aarch64-linux/lib/libfairpane.a"],"cwd":"C:\\Users\\requi\\.omp\\wt\\t93143ef4f\\m","started_at":"2026-10-09T14:43:47.228Z","exit_code":0,"signal":null,"timed_out":false,"error":null,"duration_ms":52}

COMMAND ["C:\\src\\fairpane\\.tools\\zig\\0.18.0-dev.120+9fe22a29b\\x86_64-windows\\zig.exe","run","--cache-dir","out/fp0066-check-cache","tools/zig/library_check.zig","--","members","out/fp0066-aarch64-linux/lib/libfairpane.a","fairpane_zcu.o"]
RESULT {"executable":"C:\\src\\fairpane\\.tools\\zig\\0.18.0-dev.120+9fe22a29b\\x86_64-windows\\zig.exe","arguments":["run","--cache-dir","out/fp0066-check-cache","tools/zig/library_check.zig","--","members","out/fp0066-aarch64-linux/lib/libfairpane.a","fairpane_zcu.o"],"cwd":"C:\\Users\\requi\\.omp\\wt\\t93143ef4f\\m","started_at":"2026-10-09T14:43:47.334Z","exit_code":0,"signal":null,"timed_out":false,"error":null,"duration_ms":42,"environment_overrides":{"ZIG_GLOBAL_CACHE_DIR":"C:\\src\\fairpane\\.zig-cache\\global"}}

COMMAND ["C:\\src\\fairpane\\.tools\\zig\\0.18.0-dev.120+9fe22a29b\\x86_64-windows\\zig.exe","run","--cache-dir","out/fp0066-check-cache","tools/zig/library_check.zig","--","metadata","out/fp0066-aarch64-linux/lib/libfairpane.a"]
RESULT {"executable":"C:\\src\\fairpane\\.tools\\zig\\0.18.0-dev.120+9fe22a29b\\x86_64-windows\\zig.exe","arguments":["run","--cache-dir","out/fp0066-check-cache","tools/zig/library_check.zig","--","metadata","out/fp0066-aarch64-linux/lib/libfairpane.a"],"cwd":"C:\\Users\\requi\\.omp\\wt\\t93143ef4f\\m","started_at":"2026-10-09T14:43:47.431Z","exit_code":0,"signal":null,"timed_out":false,"error":null,"duration_ms":37,"environment_overrides":{"ZIG_GLOBAL_CACHE_DIR":"C:\\src\\fairpane\\.zig-cache\\global"}}

COMMAND ["C:\\src\\fairpane\\.tools\\zig\\0.18.0-dev.120+9fe22a29b\\x86_64-windows\\zig.exe","run","--cache-dir","out/fp0066-check-cache","tools/zig/library_check.zig","--","absent","out/fp0066-aarch64-linux/lib/libfairpane.a","--dir",".","--dir","C:\\src\\fairpane\\.tools\\zig\\0.18.0-dev.120+9fe22a29b\\x86_64-windows"]
RESULT {"executable":"C:\\src\\fairpane\\.tools\\zig\\0.18.0-dev.120+9fe22a29b\\x86_64-windows\\zig.exe","arguments":["run","--cache-dir","out/fp0066-check-cache","tools/zig/library_check.zig","--","absent","out/fp0066-aarch64-linux/lib/libfairpane.a","--dir",".","--dir","C:\\src\\fairpane\\.tools\\zig\\0.18.0-dev.120+9fe22a29b\\x86_64-windows"],"cwd":"C:\\Users\\requi\\.omp\\wt\\t93143ef4f\\m","started_at":"2026-10-09T14:43:47.527Z","exit_code":0,"signal":null,"timed_out":false,"error":null,"duration_ms":42,"environment_overrides":{"ZIG_GLOBAL_CACHE_DIR":"C:\\src\\fairpane\\.zig-cache\\global"}}

COMMAND ["C:\\src\\fairpane\\.tools\\zig\\0.18.0-dev.120+9fe22a29b\\x86_64-windows\\zig.exe","build","-Dtarget=x86_64-windows-msvc","-Doptimize=ReleaseSafe","--prefix","out/fp0066-x86_64-windows-msvc","--cache-dir","out/fp0066-cross-cache"]
RESULT {"executable":"C:\\src\\fairpane\\.tools\\zig\\0.18.0-dev.120+9fe22a29b\\x86_64-windows\\zig.exe","arguments":["build","-Dtarget=x86_64-windows-msvc","-Doptimize=ReleaseSafe","--prefix","out/fp0066-x86_64-windows-msvc","--cache-dir","out/fp0066-cross-cache"],"cwd":"C:\\Users\\requi\\.omp\\wt\\t93143ef4f\\m","started_at":"2026-10-09T14:43:47.637Z","exit_code":0,"signal":null,"timed_out":false,"error":null,"duration_ms":2819,"environment_overrides":{"ZIG_GLOBAL_CACHE_DIR":"C:\\src\\fairpane\\.zig-cache\\global"}}

COMMAND ["C:\\nvm4w\\nodejs\\node.exe","tools/fairpane.mjs","abi-exports","out/fp0066-x86_64-windows-msvc/lib/fairpane.lib"]
{
  "result": "pass",
  "schema": "api/fairpane.schema.json",
  "library": "out/fp0066-x86_64-windows-msvc/lib/fairpane.lib",
  "exports": 15
}
RESULT {"executable":"C:\\nvm4w\\nodejs\\node.exe","arguments":["tools/fairpane.mjs","abi-exports","out/fp0066-x86_64-windows-msvc/lib/fairpane.lib"],"cwd":"C:\\Users\\requi\\.omp\\wt\\t93143ef4f\\m","started_at":"2026-10-09T14:43:50.516Z","exit_code":0,"signal":null,"timed_out":false,"error":null,"duration_ms":50}

COMMAND ["C:\\src\\fairpane\\.tools\\zig\\0.18.0-dev.120+9fe22a29b\\x86_64-windows\\zig.exe","run","--cache-dir","out/fp0066-check-cache","tools/zig/library_check.zig","--","members","out/fp0066-x86_64-windows-msvc/lib/fairpane.lib","fairpane_zcu.obj"]
RESULT {"executable":"C:\\src\\fairpane\\.tools\\zig\\0.18.0-dev.120+9fe22a29b\\x86_64-windows\\zig.exe","arguments":["run","--cache-dir","out/fp0066-check-cache","tools/zig/library_check.zig","--","members","out/fp0066-x86_64-windows-msvc/lib/fairpane.lib","fairpane_zcu.obj"],"cwd":"C:\\Users\\requi\\.omp\\wt\\t93143ef4f\\m","started_at":"2026-10-09T14:43:50.629Z","exit_code":0,"signal":null,"timed_out":false,"error":null,"duration_ms":38,"environment_overrides":{"ZIG_GLOBAL_CACHE_DIR":"C:\\src\\fairpane\\.zig-cache\\global"}}

COMMAND ["C:\\src\\fairpane\\.tools\\zig\\0.18.0-dev.120+9fe22a29b\\x86_64-windows\\zig.exe","run","--cache-dir","out/fp0066-check-cache","tools/zig/library_check.zig","--","metadata","out/fp0066-x86_64-windows-msvc/lib/fairpane.lib"]
RESULT {"executable":"C:\\src\\fairpane\\.tools\\zig\\0.18.0-dev.120+9fe22a29b\\x86_64-windows\\zig.exe","arguments":["run","--cache-dir","out/fp0066-check-cache","tools/zig/library_check.zig","--","metadata","out/fp0066-x86_64-windows-msvc/lib/fairpane.lib"],"cwd":"C:\\Users\\requi\\.omp\\wt\\t93143ef4f\\m","started_at":"2026-10-09T14:43:50.720Z","exit_code":0,"signal":null,"timed_out":false,"error":null,"duration_ms":32,"environment_overrides":{"ZIG_GLOBAL_CACHE_DIR":"C:\\src\\fairpane\\.zig-cache\\global"}}

COMMAND ["C:\\src\\fairpane\\.tools\\zig\\0.18.0-dev.120+9fe22a29b\\x86_64-windows\\zig.exe","run","--cache-dir","out/fp0066-check-cache","tools/zig/library_check.zig","--","absent","out/fp0066-x86_64-windows-msvc/lib/fairpane.lib","--dir",".","--dir","C:\\src\\fairpane\\.tools\\zig\\0.18.0-dev.120+9fe22a29b\\x86_64-windows"]
RESULT {"executable":"C:\\src\\fairpane\\.tools\\zig\\0.18.0-dev.120+9fe22a29b\\x86_64-windows\\zig.exe","arguments":["run","--cache-dir","out/fp0066-check-cache","tools/zig/library_check.zig","--","absent","out/fp0066-x86_64-windows-msvc/lib/fairpane.lib","--dir",".","--dir","C:\\src\\fairpane\\.tools\\zig\\0.18.0-dev.120+9fe22a29b\\x86_64-windows"],"cwd":"C:\\Users\\requi\\.omp\\wt\\t93143ef4f\\m","started_at":"2026-10-09T14:43:50.802Z","exit_code":0,"signal":null,"timed_out":false,"error":null,"duration_ms":40,"environment_overrides":{"ZIG_GLOBAL_CACHE_DIR":"C:\\src\\fairpane\\.zig-cache\\global"}}
