
COMMAND ["C:\\nvm4w\\nodejs\\node.exe","tools/fairpane.mjs","run","zig-build"]
Execute gate zig-build.
{
  "gate": "zig-build",
  "status": "fail",
  "receipt": "out/evidence/2026-10-09T14-41-06-555Z-zig-build-2ab5c1c9.json",
  "error": "The locked compiler is absent. Run the local compiler installer."
}
RESULT {"executable":"C:\\nvm4w\\nodejs\\node.exe","arguments":["tools/fairpane.mjs","run","zig-build"],"cwd":"C:\\Users\\requi\\.omp\\wt\\t93143ef4f\\m","started_at":"2026-10-09T14:41:06.444Z","exit_code":1,"signal":null,"timed_out":false,"error":null,"duration_ms":192}

COMMAND ["C:\\nvm4w\\nodejs\\node.exe","tools/fairpane.mjs","run","c-abi"]
Execute gate c-abi.
{
  "gate": "c-abi",
  "status": "fail",
  "receipt": "out/evidence/2026-10-09T14-41-06-796Z-c-abi-c94843cf.json",
  "error": "The locked compiler is absent. Run the local compiler installer."
}
RESULT {"executable":"C:\\nvm4w\\nodejs\\node.exe","arguments":["tools/fairpane.mjs","run","c-abi"],"cwd":"C:\\Users\\requi\\.omp\\wt\\t93143ef4f\\m","started_at":"2026-10-09T14:41:06.688Z","exit_code":1,"signal":null,"timed_out":false,"error":null,"duration_ms":190}

COMMAND ["C:\\nvm4w\\nodejs\\node.exe","tools/fairpane.mjs","run","cross-windows-x86_64"]
Execute gate cross-windows-x86_64.
{
  "gate": "cross-windows-x86_64",
  "status": "fail",
  "receipt": "out/evidence/2026-10-09T14-41-07-039Z-cross-windows-x86_64-106c9853.json",
  "error": "The locked compiler is absent. Run the local compiler installer."
}
RESULT {"executable":"C:\\nvm4w\\nodejs\\node.exe","arguments":["tools/fairpane.mjs","run","cross-windows-x86_64"],"cwd":"C:\\Users\\requi\\.omp\\wt\\t93143ef4f\\m","started_at":"2026-10-09T14:41:06.927Z","exit_code":1,"signal":null,"timed_out":false,"error":null,"duration_ms":191}

COMMAND ["C:\\nvm4w\\nodejs\\node.exe","tools/fairpane.mjs","run","cross-linux-aarch64"]
Execute gate cross-linux-aarch64.
{
  "gate": "cross-linux-aarch64",
  "status": "fail",
  "receipt": "out/evidence/2026-10-09T14-41-07-288Z-cross-linux-aarch64-b79b4152.json",
  "error": "The locked compiler is absent. Run the local compiler installer."
}
RESULT {"executable":"C:\\nvm4w\\nodejs\\node.exe","arguments":["tools/fairpane.mjs","run","cross-linux-aarch64"],"cwd":"C:\\Users\\requi\\.omp\\wt\\t93143ef4f\\m","started_at":"2026-10-09T14:41:07.179Z","exit_code":1,"signal":null,"timed_out":false,"error":null,"duration_ms":187}

COMMAND ["C:\\nvm4w\\nodejs\\node.exe","tools/fairpane.mjs","run","cross-macos-aarch64"]
Execute gate cross-macos-aarch64.
{
  "gate": "cross-macos-aarch64",
  "status": "fail",
  "receipt": "out/evidence/2026-10-09T14-41-07-539Z-cross-macos-aarch64-1daafd53.json",
  "error": "The locked compiler is absent. Run the local compiler installer."
}
RESULT {"executable":"C:\\nvm4w\\nodejs\\node.exe","arguments":["tools/fairpane.mjs","run","cross-macos-aarch64"],"cwd":"C:\\Users\\requi\\.omp\\wt\\t93143ef4f\\m","started_at":"2026-10-09T14:41:07.431Z","exit_code":1,"signal":null,"timed_out":false,"error":null,"duration_ms":188}
