
COMMAND ["C:\\Windows\\system32\\wsl.exe","-d","Ubuntu","-e","sh","-c","set -e; W=\"$HOME/fairpane-linux/work/FP-0066\"; test ! -e \"$W\"; mkdir -p \"$W\"; cd \"$W\"; git -c safe.directory=\"*\" clone -q --no-local /mnt/c/Users/requi/.omp/wt/t93143ef4f/m/out/fp0066-scratch repo; cd repo; git checkout -q --detach 00803cff8da2db46a3d58c8fa360f65fc3896cd5; git rev-parse HEAD; echo \"status lines: $(git status --porcelain --untracked-files=all | wc -l)\"; mkdir -p .tools/zig/0.18.0-dev.120+9fe22a29b; ln -s \"$HOME/fairpane-linux/tools/zig-x86_64-linux-0.18.0-dev.120+9fe22a29b\" .tools/zig/0.18.0-dev.120+9fe22a29b/x86_64-linux; .tools/zig/0.18.0-dev.120+9fe22a29b/x86_64-linux/zig version; ZIG_GLOBAL_CACHE_DIR=\"$W/zig-global-cache\" .tools/zig/0.18.0-dev.120+9fe22a29b/x86_64-linux/zig build library-test --summary all --cache-dir \"$W/cache-library-test\""]
00803cff8da2db46a3d58c8fa360f65fc3896cd5
status lines: 0
0.18.0-dev.120+9fe22a29b
Build Summary: 16/16 steps succeeded; 6/6 tests passed
library-test success
+- run test 6 pass (6 total) 5ms MaxRSS:6M
|  +- compile test debug native success 421ms MaxRSS:197M
+- FP-0066 case 1: ReleaseSafe libraries built in two directories are byte-identical success 3ms
|  +- compile exe fairpane-library-check debug native success 398ms MaxRSS:195M
|  +- archive libfairpane.a safe success 3ms
|  |  +- compile obj fairpane_zcu safe native success 3s MaxRSS:281M
|  |     +- WriteFile fp0066-tree-a/src success
|  +- archive libfairpane.a safe success 5ms
|     +- compile obj fairpane_zcu safe native success 3s MaxRSS:281M
|        +- WriteFile fp0066-tree-a/src (reused)
+- FP-0066 case 2: the ReleaseSafe library contains neither its build directory nor the compiler installation directory success 23ms
|  +- compile exe fairpane-library-check debug native (reused)
|  +- archive libfairpane.a safe (+1 more reused dependencies)
|  +- WriteFile fp0066-tree-a/src (reused)
+- FP-0066 case 4: the Debug library keeps debug information that names the absolute source directory success 56ms
|  +- compile exe fairpane-library-check debug native (reused)
|  +- archive libfairpane.a debug success 12ms
|     +- compile obj fairpane_zcu debug native success 361ms MaxRSS:204M
+- FP-0066 case 5: the ReleaseSafe library's only member is the object, named without a directory success 3ms
|  +- compile exe fairpane-library-check debug native (reused)
|  +- archive libfairpane.a safe (+1 more reused dependencies)
+- FP-0066: every member header of the ReleaseSafe library has a zero time stamp, owner, and group success 2ms
   +- compile exe fairpane-library-check debug native (reused)
   +- archive libfairpane.a safe (+1 more reused dependencies)

RESULT {"executable":"C:\\Windows\\system32\\wsl.exe","arguments":["-d","Ubuntu","-e","sh","-c","set -e; W=\"$HOME/fairpane-linux/work/FP-0066\"; test ! -e \"$W\"; mkdir -p \"$W\"; cd \"$W\"; git -c safe.directory=\"*\" clone -q --no-local /mnt/c/Users/requi/.omp/wt/t93143ef4f/m/out/fp0066-scratch repo; cd repo; git checkout -q --detach 00803cff8da2db46a3d58c8fa360f65fc3896cd5; git rev-parse HEAD; echo \"status lines: $(git status --porcelain --untracked-files=all | wc -l)\"; mkdir -p .tools/zig/0.18.0-dev.120+9fe22a29b; ln -s \"$HOME/fairpane-linux/tools/zig-x86_64-linux-0.18.0-dev.120+9fe22a29b\" .tools/zig/0.18.0-dev.120+9fe22a29b/x86_64-linux; .tools/zig/0.18.0-dev.120+9fe22a29b/x86_64-linux/zig version; ZIG_GLOBAL_CACHE_DIR=\"$W/zig-global-cache\" .tools/zig/0.18.0-dev.120+9fe22a29b/x86_64-linux/zig build library-test --summary all --cache-dir \"$W/cache-library-test\""],"cwd":"C:\\Users\\requi\\.omp\\wt\\t93143ef4f\\m","started_at":"2026-10-09T14:34:26.813Z","exit_code":0,"signal":null,"timed_out":false,"error":null,"duration_ms":62986}

COMMAND ["C:\\Windows\\system32\\wsl.exe","-d","Ubuntu","-e","sh","-c","set -e; W=\"$HOME/fairpane-linux/work/FP-0066\"; cd \"$W/repo\"; Z=.tools/zig/0.18.0-dev.120+9fe22a29b/x86_64-linux/zig; ZIG_GLOBAL_CACHE_DIR=\"$W/zig-global-cache\" \"$Z\" build -Doptimize=ReleaseSafe --prefix out/fp0066-ReleaseSafe --cache-dir \"$W/cache-release\"; \"$HOME/fairpane-linux/node/bin/node\" tools/fairpane.mjs abi-exports out/fp0066-ReleaseSafe/lib/libfairpane.a; ZIG_GLOBAL_CACHE_DIR=\"$W/zig-global-cache\" \"$Z\" ar t out/fp0066-ReleaseSafe/lib/libfairpane.a; sha256sum out/fp0066-ReleaseSafe/lib/libfairpane.a; stat -c \"%s bytes\" out/fp0066-ReleaseSafe/lib/libfairpane.a"]
{
  "result": "pass",
  "schema": "api/fairpane.schema.json",
  "library": "out/fp0066-ReleaseSafe/lib/libfairpane.a",
  "exports": 15
}
fairpane_zcu.o
30a44076be407b8647dbe1ce9f9b01eb039a975bfa8f9f90ef776ed0981c43e1  out/fp0066-ReleaseSafe/lib/libfairpane.a
644396 bytes
RESULT {"executable":"C:\\Windows\\system32\\wsl.exe","arguments":["-d","Ubuntu","-e","sh","-c","set -e; W=\"$HOME/fairpane-linux/work/FP-0066\"; cd \"$W/repo\"; Z=.tools/zig/0.18.0-dev.120+9fe22a29b/x86_64-linux/zig; ZIG_GLOBAL_CACHE_DIR=\"$W/zig-global-cache\" \"$Z\" build -Doptimize=ReleaseSafe --prefix out/fp0066-ReleaseSafe --cache-dir \"$W/cache-release\"; \"$HOME/fairpane-linux/node/bin/node\" tools/fairpane.mjs abi-exports out/fp0066-ReleaseSafe/lib/libfairpane.a; ZIG_GLOBAL_CACHE_DIR=\"$W/zig-global-cache\" \"$Z\" ar t out/fp0066-ReleaseSafe/lib/libfairpane.a; sha256sum out/fp0066-ReleaseSafe/lib/libfairpane.a; stat -c \"%s bytes\" out/fp0066-ReleaseSafe/lib/libfairpane.a"],"cwd":"C:\\Users\\requi\\.omp\\wt\\t93143ef4f\\m","started_at":"2026-10-09T14:35:49.902Z","exit_code":0,"signal":null,"timed_out":false,"error":null,"duration_ms":3848}

COMMAND ["C:\\Windows\\system32\\wsl.exe","-d","Ubuntu","-e","sh","-c","set -e; cd \"$HOME/fairpane-linux/work/FP-0066/repo\"; \"$HOME/fairpane-linux/node/bin/node\" tools/fairpane.mjs reproduce-check 00803cff8da2db46a3d58c8fa360f65fc3896cd5"]
{
  "result": "reproducible",
  "commit": "00803cff8da2db46a3d58c8fa360f65fc3896cd5",
  "tree": "de875c235527838fcc1f9d387cfc0141ed1ceb3c",
  "source_tar_sha256": "51588238ac75f11534a1c055abc89c0957b19e29f6cc2bbc5df5c0c3488897c1",
  "build_type_command": [
    "zig",
    "build",
    "-Doptimize=ReleaseSafe",
    "--prefix",
    "zig-out"
  ],
  "work_trees": [
    "/home/autark/fairpane-linux/work/FP-0066/repo/out/reproduce/00803cff8da2-SdeypL/a",
    "/home/autark/fairpane-linux/work/FP-0066/repo/out/reproduce/00803cff8da2-SdeypL/b"
  ],
  "builds": [
    {
      "work_tree": "/home/autark/fairpane-linux/work/FP-0066/repo/out/reproduce/00803cff8da2-SdeypL/a",
      "executable": "/home/autark/fairpane-linux/work/FP-0066/repo/.tools/zig/0.18.0-dev.120+9fe22a29b/x86_64-linux/zig",
      "arguments": [
        "build",
        "-Doptimize=ReleaseSafe",
        "--prefix",
        "/home/autark/fairpane-linux/work/FP-0066/repo/out/reproduce/00803cff8da2-SdeypL/a/zig-out"
      ],
      "environment": {
        "ZIG_LOCAL_CACHE_DIR": "/home/autark/fairpane-linux/work/FP-0066/repo/out/reproduce/00803cff8da2-SdeypL/a/.zig-cache",
        "ZIG_GLOBAL_CACHE_DIR": "/home/autark/fairpane-linux/work/FP-0066/repo/out/reproduce/00803cff8da2-SdeypL/a/.zig-global-cache"
      },
      "exit_code": 0,
      "signal": null,
      "timed_out": false,
      "error": null,
      "duration_ms": 64767,
      "stdout": "",
      "stderr": ""
    },
    {
      "work_tree": "/home/autark/fairpane-linux/work/FP-0066/repo/out/reproduce/00803cff8da2-SdeypL/b",
      "executable": "/home/autark/fairpane-linux/work/FP-0066/repo/.tools/zig/0.18.0-dev.120+9fe22a29b/x86_64-linux/zig",
      "arguments": [
        "build",
        "-Doptimize=ReleaseSafe",
        "--prefix",
        "/home/autark/fairpane-linux/work/FP-0066/repo/out/reproduce/00803cff8da2-SdeypL/b/zig-out"
      ],
      "environment": {
        "ZIG_LOCAL_CACHE_DIR": "/home/autark/fairpane-linux/work/FP-0066/repo/out/reproduce/00803cff8da2-SdeypL/b/.zig-cache",
        "ZIG_GLOBAL_CACHE_DIR": "/home/autark/fairpane-linux/work/FP-0066/repo/out/reproduce/00803cff8da2-SdeypL/b/.zig-global-cache"
      },
      "exit_code": 0,
      "signal": null,
      "timed_out": false,
      "error": null,
      "duration_ms": 60053,
      "stdout": "",
      "stderr": ""
    }
  ],
  "files": [
    {
      "path": "include/fairpane.h",
      "a": "32298a3ead8fa1f20af8beb52a31525d82c002a0538a625f52361b3ad34f76dc",
      "b": "32298a3ead8fa1f20af8beb52a31525d82c002a0538a625f52361b3ad34f76dc"
    },
    {
      "path": "lib/libfairpane.a",
      "a": "30a44076be407b8647dbe1ce9f9b01eb039a975bfa8f9f90ef776ed0981c43e1",
      "b": "30a44076be407b8647dbe1ce9f9b01eb039a975bfa8f9f90ef776ed0981c43e1"
    }
  ],
  "differing": [],
  "error": null,
  "removal": {
    "removed": true,
    "errors": []
  }
}
RESULT {"executable":"C:\\Windows\\system32\\wsl.exe","arguments":["-d","Ubuntu","-e","sh","-c","set -e; cd \"$HOME/fairpane-linux/work/FP-0066/repo\"; \"$HOME/fairpane-linux/node/bin/node\" tools/fairpane.mjs reproduce-check 00803cff8da2db46a3d58c8fa360f65fc3896cd5"],"cwd":"C:\\Users\\requi\\.omp\\wt\\t93143ef4f\\m","started_at":"2026-10-09T14:35:53.806Z","exit_code":0,"signal":null,"timed_out":false,"error":null,"duration_ms":125527}

COMMAND ["C:\\Windows\\system32\\wsl.exe","-d","Ubuntu","-e","sh","-c","set -e; W=\"$HOME/fairpane-linux/work/FP-0066\"; cd \"$W/repo\"; git rev-parse HEAD; ZIG_GLOBAL_CACHE_DIR=\"$W/zig-global-cache\" .tools/zig/0.18.0-dev.120+9fe22a29b/x86_64-linux/zig build test --summary all --cache-dir \"$W/cache-test\""]
00803cff8da2db46a3d58c8fa360f65fc3896cd5
Build Summary: 78/78 steps succeeded; 306/306 tests passed
test success
+- run test 255 pass (255 total) 41s MaxRSS:397M
|  +- compile test debug native success 2s MaxRSS:351M
+- run test 45 pass (45 total) 335ms MaxRSS:27M
|  +- compile test debug native success 1s MaxRSS:243M
+- FP-0007 case 13: case 2 passes with exit status 0 success 9ms
|  +- install fairpane-lab success
|     +- compile exe fairpane-lab debug native success 1s MaxRSS:222M
+- FP-0007 case 13: case 3 fails with exit status 1 success 8ms
|  +- install fairpane-lab (+1 more reused dependencies)
+- FP-0007 case 13: case 4 is unsupported with exit status 2 success 7ms
|  +- install fairpane-lab (+1 more reused dependencies)
+- FP-0007 case 13: case 1 is a harness error with exit status 3 success 10ms
|  +- install fairpane-lab (+1 more reused dependencies)
+- FP-0007 case 13: case 8 times out with exit status 4 success 7ms
|  +- install fairpane-lab (+1 more reused dependencies)
+- FP-0007 case 13: an unknown command exits with status 64 and writes no result success 7ms
|  +- install fairpane-lab (+1 more reused dependencies)
+- FP-0008 case 26: case 18 passes with exit status 0 success 9ms
|  +- install fairpane-lab (+1 more reused dependencies)
+- FP-0008 case 26: the token_count variant of case 19 fails with exit status 1 success 11ms
|  +- install fairpane-lab (+1 more reused dependencies)
+- FP-0008 case 26: the <p> case of case 21 is unsupported with exit status 2 success 9ms
|  +- install fairpane-lab (+1 more reused dependencies)
+- FP-0007 case 14: minimize reduces a failing fetch case with a 4096-byte body success 90ms
|  +- install fairpane-lab (+1 more reused dependencies)
+- FP-0007 case 14: the minimized case fails the same check success 5ms
|  +- install fairpane-lab (+1 more reused dependencies)
|  +- FP-0007 case 14: minimize reduces a failing fetch case with a 4096-byte body (+1 more reused dependencies)
+- FP-0007 case 14: the minimized document body is 1-minimal success 20ms
|  +- compile exe fairpane-lab-check debug native success 1s MaxRSS:216M
|  +- FP-0007 case 14: minimize reduces a failing fetch case with a 4096-byte body (+1 more reused dependencies)
+- FP-0007 case 14: minimize refuses a passing case success 7ms
|  +- install fairpane-lab (+1 more reused dependencies)
+- FP-0007 case 14: a refused minimization writes nothing success 4ms
|  +- compile exe fairpane-lab-check debug native (reused)
|  +- FP-0007 case 14: minimize refuses a passing case (+1 more reused dependencies)
+- FP-0054 case 5: minimize refuses an --out path that names the input file through another spelling success 5ms
|  +- install fairpane-lab (+1 more reused dependencies)
|  +- WriteFile case.json success
|  +- WriteFile case.json (reused)
+- FP-0054 case 5: the refused minimization leaves the input unchanged success 4ms
|  +- compile exe fairpane-lab-check debug native (reused)
|  +- WriteFile case.json (reused)
|  +- FP-0054 case 5: minimize refuses an --out path that names the input file through another spelling (+3 more reused dependencies)
+- FP-0054 revision 1 case 1: minimize refuses an --out path that is a hard link to the input file success 8ms
|  +- install fairpane-lab (+1 more reused dependencies)
|  +- FP-0054 revision 1 case 1: create a fresh directory success 5ms
|     +- compile exe fairpane-lab-check debug native (reused)
+- FP-0054 revision 1 case 1: the refused command leaves the input unchanged success 7ms
|  +- compile exe fairpane-lab-check debug native (reused)
|  +- FP-0054 revision 1 case 1: create a fresh directory (+1 more reused dependencies)
|  +- FP-0054 revision 1 case 1: minimize refuses an --out path that is a hard link to the input file (+2 more reused dependencies)
+- FP-0054 revision 1 case 2: run refuses a --transcript path that is a hard link to the input file success 6ms
|  +- install fairpane-lab (+1 more reused dependencies)
|  +- FP-0054 revision 1 case 2: create a fresh directory success 4ms
|     +- compile exe fairpane-lab-check debug native (reused)
+- FP-0054 revision 1 case 2: the refused command leaves the input unchanged success 7ms
|  +- compile exe fairpane-lab-check debug native (reused)
|  +- FP-0054 revision 1 case 2: create a fresh directory (+1 more reused dependencies)
|  +- FP-0054 revision 1 case 2: run refuses a --transcript path that is a hard link to the input file (+2 more reused dependencies)
+- FP-0054 revision 1 case 4: minimize writes over a separate byte-identical copy of the input file success 10ms
|  +- install fairpane-lab (+1 more reused dependencies)
|  +- FP-0054 revision 1 case 4: create a fresh directory success 5ms
|     +- compile exe fairpane-lab-check debug native (reused)
+- FP-0054 revision 1 case 4: the written case is a version 2 case derived from the input digest success 5ms
|  +- compile exe fairpane-lab-check debug native (reused)
|  +- FP-0054 revision 1 case 4: create a fresh directory (+1 more reused dependencies)
|  +- FP-0054 revision 1 case 4: minimize writes over a separate byte-identical copy of the input file (+2 more reused dependencies)
+- FP-0054 revision 1 case 5: remove the oversized files success 6ms
|  +- compile exe fairpane-lab-check debug native (reused)
|  +- FP-0054 revision 1 case 5: create a fresh directory success 5ms
|  |  +- compile exe fairpane-lab-check debug native (reused)
|  +- FP-0054 revision 1 case 5: run reports a case file one byte above the size limit success 9ms
|  |  +- install fairpane-lab (+1 more reused dependencies)
|  |  +- FP-0054 revision 1 case 5: create a fresh directory (+1 more reused dependencies)
|  +- FP-0054 revision 1 case 5: the failed minimization creates no output file success 6ms
|  |  +- compile exe fairpane-lab-check debug native (reused)
|  |  +- FP-0054 revision 1 case 5: create a fresh directory (+1 more reused dependencies)
|  |  +- FP-0054 revision 1 case 5: minimize reports a case file one byte above the size limit success 7ms
|  |     +- install fairpane-lab (+1 more reused dependencies)
|  |     +- FP-0054 revision 1 case 5: create a fresh directory (+1 more reused dependencies)
|  +- FP-0054 revision 1 case 5: replay reports a transcript file one byte above the size limit success 7ms
|     +- install fairpane-lab (+1 more reused dependencies)
|     +- FP-0054 revision 1 case 5: create a fresh directory (+1 more reused dependencies)
+- FP-0011 case 4: leaf_invokes_to_number.zig success 838ms
+- FP-0011 case 4: leaf_invokes_number_to_string.zig success 790ms
+- FP-0011 case 4: allocation_invokes_call.zig success 789ms
+- FP-0011 case 4: leaf_allocates.zig success 739ms
+- FP-0011 case 4: mutation_throws.zig success 719ms
+- FP-0011 case 4: leaf_calls_behavior.zig success 692ms
+- FP-0011 case 4: leaf_positive.zig success 881ms
+- FP-0011 case 5: catalog_callback_alone.zig success 694ms
+- FP-0011 case 5: catalog_exception_alone.zig success 731ms
+- FP-0011 case 5: catalog_duplicate_id.zig success 815ms
+- FP-0011 case 5: kernel_wider_context.zig success 739ms
+- FP-0011 case 5: kernel_undeclared_throw.zig success 750ms
+- FP-0011 case 8: layout_undescribed_field.zig success 668ms
+- FP-0011 case 8: layout_plain_reference.zig success 778ms
+- FP-0011 case 8: layout_missing_field.zig success 737ms
+- FP-0011 case 20: abi_reference_value.zig success 691ms
+- FP-0011 case 20: abi_nan_box_value.zig success 690ms
+- FP-0011 case 20: abi_tagged_index_value.zig success 751ms
+- FP-0011 case 34: leaf_reaches_heap.zig success 788ms
+- FP-0011 case 35: leaf_widens_context.zig success 705ms
+- FP-0011 case 36: binding_missing_kernel.zig success 788ms
+- FP-0011 case 36: binding_stray_kernel.zig success 724ms
+- library-test success
   +- run test 6 pass (6 total) 5ms MaxRSS:26M
   |  +- compile test debug native success 1s MaxRSS:198M
   +- FP-0066 case 1: ReleaseSafe libraries built in two directories are byte-identical success 3ms
   |  +- compile exe fairpane-library-check debug native success 980ms MaxRSS:202M
   |  +- archive libfairpane.a safe success 9ms
   |  |  +- compile obj fairpane_zcu safe native success 3s MaxRSS:276M
   |  |     +- WriteFile fp0066-tree-a/src success
   |  +- archive libfairpane.a safe success 7ms
   |     +- compile obj fairpane_zcu safe native success 3s MaxRSS:262M
   |        +- WriteFile fp0066-tree-a/src (reused)
   +- FP-0066 case 2: the ReleaseSafe library contains neither its build directory nor the compiler installation directory success 24ms
   |  +- compile exe fairpane-library-check debug native (reused)
   |  +- archive libfairpane.a safe (+1 more reused dependencies)
   |  +- WriteFile fp0066-tree-a/src (reused)
   +- FP-0066 case 4: the Debug library keeps debug information that names the absolute source directory success 72ms
   |  +- compile exe fairpane-library-check debug native (reused)
   |  +- archive libfairpane.a debug success 21ms
   |     +- compile obj fairpane_zcu debug native success 890ms MaxRSS:192M
   +- FP-0066 case 5: the ReleaseSafe library's only member is the object, named without a directory success 3ms
   |  +- compile exe fairpane-library-check debug native (reused)
   |  +- archive libfairpane.a safe (+1 more reused dependencies)
   +- FP-0066: every member header of the ReleaseSafe library has a zero time stamp, owner, and group success 3ms
      +- compile exe fairpane-library-check debug native (reused)
      +- archive libfairpane.a safe (+1 more reused dependencies)

RESULT {"executable":"C:\\Windows\\system32\\wsl.exe","arguments":["-d","Ubuntu","-e","sh","-c","set -e; W=\"$HOME/fairpane-linux/work/FP-0066\"; cd \"$W/repo\"; git rev-parse HEAD; ZIG_GLOBAL_CACHE_DIR=\"$W/zig-global-cache\" .tools/zig/0.18.0-dev.120+9fe22a29b/x86_64-linux/zig build test --summary all --cache-dir \"$W/cache-test\""],"cwd":"C:\\Users\\requi\\.omp\\wt\\t93143ef4f\\m","started_at":"2026-10-09T14:39:02.269Z","exit_code":0,"signal":null,"timed_out":false,"error":null,"duration_ms":45011}
