
COMMAND ["C:\\src\\fairpane\\.tools\\zig\\0.18.0-dev.120+9fe22a29b\\x86_64-windows\\zig.exe","ar","t","C:\\src\\fairpane\\out\\fp0027-r2-release\\zig-out\\lib\\fairpane.lib"]
.zig-cache\o\61c2b72ff156fe963e2d6fc2510b6176\fairpane_zcu.obj
RESULT {"executable":"C:\\src\\fairpane\\.tools\\zig\\0.18.0-dev.120+9fe22a29b\\x86_64-windows\\zig.exe","arguments":["ar","t","C:\\src\\fairpane\\out\\fp0027-r2-release\\zig-out\\lib\\fairpane.lib"],"cwd":"C:\\src\\fairpane","started_at":"2026-10-09T12:14:22.777Z","exit_code":0,"signal":null,"timed_out":false,"error":null,"duration_ms":16}

COMMAND ["C:\\Program Files\\Git\\usr\\bin\\grep.exe","-c","-a","fp0027-r2-release","C:\\src\\fairpane\\out\\fp0027-r2-release\\zig-out\\lib\\fairpane.lib"]
5
RESULT {"executable":"C:\\Program Files\\Git\\usr\\bin\\grep.exe","arguments":["-c","-a","fp0027-r2-release","C:\\src\\fairpane\\out\\fp0027-r2-release\\zig-out\\lib\\fairpane.lib"],"cwd":"C:\\src\\fairpane","started_at":"2026-10-09T12:14:22.859Z","exit_code":0,"signal":null,"timed_out":false,"error":null,"duration_ms":24}

COMMAND ["C:\\src\\fairpane\\.tools\\zig\\0.18.0-dev.120+9fe22a29b\\x86_64-windows\\zig.exe","ar","x","C:\\src\\fairpane\\out\\fp0027-r2-release\\zig-out\\lib\\fairpane.lib"]
RESULT {"executable":"C:\\src\\fairpane\\.tools\\zig\\0.18.0-dev.120+9fe22a29b\\x86_64-windows\\zig.exe","arguments":["ar","x","C:\\src\\fairpane\\out\\fp0027-r2-release\\zig-out\\lib\\fairpane.lib"],"cwd":"C:\\src\\fairpane\\out\\fp0066-probe","started_at":"2026-10-09T12:14:22.933Z","exit_code":0,"signal":null,"timed_out":false,"error":null,"duration_ms":23}

COMMAND ["C:\\Program Files\\Git\\usr\\bin\\grep.exe","-c","-a","fp0027-r2-release","out/fp0066-probe/fairpane_zcu.obj"]
5
RESULT {"executable":"C:\\Program Files\\Git\\usr\\bin\\grep.exe","arguments":["-c","-a","fp0027-r2-release","out/fp0066-probe/fairpane_zcu.obj"],"cwd":"C:\\src\\fairpane","started_at":"2026-10-09T12:14:23.012Z","exit_code":0,"signal":null,"timed_out":false,"error":null,"duration_ms":13}

COMMAND ["C:\\src\\fairpane\\.tools\\zig\\0.18.0-dev.120+9fe22a29b\\x86_64-windows\\zig.exe","build-lib","--help"]
Usage: zig build-exe   [options] [files]
       zig build-lib   [options] [files]
       zig build-obj   [options] [files]
       zig test        [options] [files]
       zig run         [options] [files] [-- [args]]
       zig translate-c [options] [file]

Supported file types:
                         .zig    Zig source code
                           .o    ELF object file
                           .o    Mach-O (macOS) object file
                           .o    WebAssembly object file
                         .obj    COFF (Windows) object file
                         .lib    COFF (Windows) static library
                           .a    ELF static library
                           .a    Mach-O (macOS) static library
                           .a    WebAssembly static library
                          .so    ELF shared object (dynamic link)
                         .dll    Windows Dynamic Link Library
                       .dylib    Mach-O (macOS) dynamic library
                         .tbd    (macOS) text-based dylib definition
                           .s    Target-specific assembly source code
                           .S    Assembly with C preprocessor (requires LLVM extensions)
                           .c    C source code (requires LLVM extensions)
        .cxx .cc .C .cpp .c++    C++ source code (requires LLVM extensions)
                           .m    Objective-C source code (requires LLVM extensions)
                          .mm    Objective-C++ source code (requires LLVM extensions)
                          .bc    LLVM IR Module (requires LLVM extensions)

General Options:
  -h, --help                Print this help and exit
  --color [auto|off|on]     Enable or disable colored error messages
  -j<N>                     Limit concurrent jobs (default is to use all CPU cores)
  -fincremental             Enable incremental compilation
  -fno-incremental          Disable incremental compilation
  -femit-bin[=path]         (default) Output machine code
  -fno-emit-bin             Do not output machine code
  -femit-asm[=path]         Output .s (assembly code)
  -fno-emit-asm             (default) Do not output .s (assembly code)
  -femit-llvm-ir[=path]     Produce a .ll file with optimized LLVM IR (requires LLVM extensions)
  -fno-emit-llvm-ir         (default) Do not produce a .ll file with optimized LLVM IR
  -femit-llvm-bc[=path]     Produce an optimized LLVM module as a .bc file (requires LLVM extensions)
  -fno-emit-llvm-bc         (default) Do not produce an optimized LLVM module as a .bc file
  -femit-h[=path]           Generate a C header file (.h)
  -fno-emit-h               (default) Do not generate a C header file (.h)
  -femit-docs[=path]        Create a docs/ dir with html documentation
  -fno-emit-docs            (default) Do not produce docs/ dir with html documentation
  -femit-implib[=path]      (default) Produce an import .lib when building a Windows DLL
  -fno-emit-implib          Do not produce an import .lib when building a Windows DLL
  --show-builtin            Output the source of @import("builtin") then exit
  --cache-dir [path]        Override the local cache directory
  --global-cache-dir [path] Override the global cache directory
  --zig-lib-dir [path]      Override path to Zig installation lib directory
  --build-root [path]       Override path to project source files

Global Compile Options:
  --name [name]                    Compilation unit name (not a file path)
  -M[name][=src]                   Create a module based on the current per-module settings.
                                   The first module is the main module.
                                   "std" can be configured by omitting src
                                   After a -M argument, per-module settings are reset.
  --libc [file]                    Provide a file which specifies libc paths
  -x [language]                    Treat subsequent input files as having type <language>
  --error-limit [num]              Set the maximum amount of distinct error values
  -fllvm                           Force using LLVM as the codegen backend
  -fno-llvm                        Prevent using LLVM as the codegen backend
  -flibllvm                        Force using the LLVM API in the codegen backend
  -fno-libllvm                     Prevent using the LLVM API in the codegen backend
  -fclang                          Force using Clang as the C/C++ compilation backend
  -fno-clang                       Prevent using Clang as the C/C++ compilation backend
  -fPIE                            Force-enable Position Independent Executable
  -fno-PIE                         Force-disable Position Independent Executable
  -flto                            Force-enable Link Time Optimization (requires LLVM extensions)
  -fno-lto                         Force-disable Link Time Optimization
  -fdll-export-fns                 Mark exported functions as DLL exports (Windows)
  -fno-dll-export-fns              Force-disable marking exported functions as DLL exports
  -freference-trace[=num]          Show num lines of reference trace per compile error
  -fno-reference-trace             Disable reference trace
  -ffunction-sections              Places each function in a separate section
  -fno-function-sections           All functions go into same section
  -fdata-sections                  Places each data in a separate section
  -fno-data-sections               All data go into same section
  -fpatchable-function-entry=[num] Add num NOPs of padding in function prologues
  -mexec-model=[value]             (WASI) Execution model
  -municode                        (Windows) Use wmain/wWinMain as entry point
  --time-report                    Send timing diagnostics to '--listen' clients

Per-Module Compile Options:
  --dep [[import=]name]     Add an entry to the next module's import table
  -target [name]            <arch><sub>-<os>-<abi> see the targets command
  -O [mode]                 Choose what to optimize for
    debug (default)         Prioritize bug detection, accurate debug info, compilation speed
    fast                    Prioritize runtime performance. Safety checks off.
    safe                    Enable both safety checks and machine code optimizations
    small                   Prioritize small binary size. Safety checks off.
  -ofmt=[fmt]               Override target object format
    elf                     Executable and Linking Format
    c                       C source code
    wasm                    WebAssembly
    coff                    Common Object File Format (Windows)
    macho                   macOS relocatables
    spirv                   Standard, Portable Intermediate Representation V (SPIR-V)
    plan9                   Plan 9 from Bell Labs object format
    hex  (planned feature)  Intel IHEX
    raw  (planned feature)  Dump machine code directly
  -mcpu [cpu]               Specify target CPU and feature set
  -mcmodel=[model]          Limit range of code and data virtual addresses
    default
    extreme
    kernel
    large
    medany
    medium
    medlow
    medmid
    normal
    small
    tiny
  -mred-zone                Force-enable the "red-zone"
  -mno-red-zone             Force-disable the "red-zone"
  -fomit-frame-pointer      Omit the stack frame pointer
  -fno-omit-frame-pointer   Store the stack frame pointer
  -fPIC                     Force-enable Position Independent Code
  -fno-PIC                  Force-disable Position Independent Code
  -fstack-check             Enable stack probing in unsafe builds
  -fno-stack-check          Disable stack probing in safe builds
  -fstack-protector         Enable stack protection in unsafe builds
  -fno-stack-protector      Disable stack protection in safe builds
  -fvalgrind                Include valgrind client requests in release builds
  -fno-valgrind             Omit valgrind client requests in debug builds
  -fsanitize-c[=mode]       Enable C undefined behavior detection in unsafe builds
    trap                    Insert trap instructions on undefined behavior
    full                    (Default) Insert runtime calls on undefined behavior
  -fno-sanitize-c           Disable C undefined behavior detection in safe builds
  -fsanitize-thread         Enable Thread Sanitizer
  -fno-sanitize-thread      Disable Thread Sanitizer
  -ffuzz                    Enable fuzz testing instrumentation
  -fno-fuzz                 Disable fuzz testing instrumentation
  -fbuiltin                 Enable implicit builtin knowledge of functions
  -fno-builtin              Disable implicit builtin knowledge of functions
  -funwind-tables           Always produce unwind table entries for all functions
  -fasync-unwind-tables     Always produce asynchronous unwind table entries for all functions
  -fno-unwind-tables        Never produce unwind table entries
  -ferror-tracing           Enable error tracing in release builds
  -fno-error-tracing        Disable error tracing in debug builds
  -fsingle-threaded         Code assumes there is only one thread
  -fno-single-threaded      Code may not assume there is only one thread
  -fstrip                   Omit debug symbols
  -fno-strip                Keep debug symbols
  -idirafter [dir]          Add directory to AFTER include search path
  -isystem  [dir]           Add directory to SYSTEM include search path
  -I[dir]                   Add directory to include search path
  --embed-dir=[dir]         Add directory to embed search path
  -D[macro]=[value]         Define C [macro] to [value] (1 if [value] omitted)
  -cflags [flags] --        Set extra flags for the next positional C source files
  -rcflags [flags] --       Set extra flags for the next positional .rc source files
  -rcincludes=[type]        Set the type of includes to use when compiling .rc source files
    any                     (default) Use msvc if available, fall back to gnu
    msvc                    Use msvc include paths (must be present on the system)
    gnu                     Use mingw include paths (distributed with Zig)
    none                    Do not use any autodetected include paths

Global Link Options:
  -T[script], --script [script]  Use a custom linker script
  --version-script [path]        Provide a version .map file
  --undefined-version            Allow version scripts to refer to undefined symbols
  --no-undefined-version         (default) Disallow version scripts from referring to undefined symbols
  --enable-new-dtags             Use the new behavior for dynamic tags (RUNPATH)
  --disable-new-dtags            Use the old behavior for dynamic tags (RPATH)
  --dynamic-linker [path]        Set the dynamic interpreter path (usually ld.so)
  --no-dynamic-linker            Do not set any dynamic interpreter path
  --sysroot [path]               Set the system root directory (usually /)
  --version [ver]                Dynamic library semver
  -fentry                        Enable entry point with default symbol name
  -fentry=[name]                 Override the entry point symbol name
  -fno-entry                     Do not output any entry point
  --force_undefined [name]       Specify the symbol must be defined for the link to succeed
  -fsoname[=name]                Override the default SONAME value
  -fno-soname                    Disable emitting a SONAME
  -flld                          Force using LLD as the linker
  -fno-lld                       Prevent using LLD as the linker
  -fcompiler-rt                  Always include compiler-rt symbols in output
  -fno-compiler-rt               Prevent including compiler-rt symbols in output
  -fubsan-rt                     Always include ubsan-rt symbols in the output
  -fno-ubsan-rt                  Prevent including ubsan-rt symbols in the output
  -rdynamic                      Add all symbols to the dynamic symbol table
  -feach-lib-rpath               Ensure adding rpath for each used dynamic library
  -fno-each-lib-rpath            Prevent adding rpath for each used dynamic library
  -fallow-shlib-undefined        Allows undefined symbols in shared libraries
  -fno-allow-shlib-undefined     Disallows undefined symbols in shared libraries
  -fallow-so-scripts             Allows .so files to be GNU ld scripts
  -fno-allow-so-scripts          (default) .so files must be ELF files
  --build-id[=style]             At a minor link-time expense, embeds a build ID in binaries
      fast                       8-byte non-cryptographic hash (COFF, ELF, WASM)
      sha1, tree                 20-byte cryptographic hash (ELF, WASM)
      md5                        16-byte cryptographic hash (ELF)
      uuid                       16-byte random UUID (ELF, WASM)
      0x[hexstring]              Constant ID, maximum 32 bytes (ELF, WASM)
      none                     (default) No build ID
  --eh-frame-hdr                 Enable C++ exception handling by passing --eh-frame-hdr to linker
  --no-eh-frame-hdr              Disable C++ exception handling by passing --no-eh-frame-hdr to linker
  --emit-relocs                  Enable output of relocation sections for post build tools
  -z [arg]                       Set linker extension flags
    nodelete                     Indicate that the object cannot be deleted from a process
    notext                       Permit read-only relocations in read-only segments
    defs                         Force a fatal error if any undefined symbols remain
    undefs                       Reverse of -z defs
    origin                       Indicate that the object must have its origin processed
    nocopyreloc                  Disable the creation of copy relocations
    now                          (default) Force all relocations to be processed on load
    lazy                         Don't force all relocations to be processed on load
    relro                        (default) Force all relocations to be read-only after processing
    norelro                      Don't force all relocations to be read-only after processing
    common-page-size=[bytes]     Set the common page size for ELF binaries
    max-page-size=[bytes]        Set the max page size for ELF binaries
  -dynamic                       Force output to be dynamically linked
  -static                        Force output to be statically linked
  -Bsymbolic                     Bind global references locally
  --compress-debug-sections=[e]  Debug section compression settings
      none                       No compression
      zlib                       Compression with deflate/inflate
      zstd                       Compression with zstandard
  --gc-sections                  Force removal of functions and data that are unreachable by the entry point or exported symbols
  --no-gc-sections               Don't force removal of unreachable functions and data
  --sort-section=[value]         Sort wildcard section patterns by 'name' or 'alignment'
  --subsystem [subsystem]        (Windows) /SUBSYSTEM:<subsystem> to the linker
  --stack [size]                 Override default stack size
  --image-base [addr]            Set base address for executable image
  -install_name=[value]          (Darwin) add dylib's install name
  --entitlements [path]          (Darwin) add path to entitlements file for embedding in code signature
  -pagezero_size [value]         (Darwin) size of the __PAGEZERO segment in hexadecimal notation
  -headerpad [value]             (Darwin) set minimum space for future expansion of the load commands in hexadecimal notation
  -headerpad_max_install_names   (Darwin) set enough space as if all paths were MAXPATHLEN
  -dead_strip                    (Darwin) remove functions and data that are unreachable by the entry point or exported symbols
  -dead_strip_dylibs             (Darwin) remove dylibs that are unreachable by the entry point or exported symbols
  -ObjC                          (Darwin) force load all members of static archives that implement an Objective-C class or category
  --import-memory                (WebAssembly) import memory from the environment
  --export-memory                (WebAssembly) export memory to the host (Default unless --import-memory used)
  --import-symbols               (WebAssembly) import missing symbols from the host environment
  --import-table                 (WebAssembly) import function table from the host environment
  --export-table                 (WebAssembly) export function table to the host environment
  --growable-table               (WebAssembly) remove maximum size from function table, allowing table to grow
  --initial-memory=[bytes]       (WebAssembly) initial size of the linear memory
  --max-memory=[bytes]           (WebAssembly) maximum size of the linear memory
  --shared-memory                (WebAssembly) use shared linear memory
  --global-base=[addr]           (WebAssembly) where to start to place global data

Per-Module Link Options:
  -l[lib], --library [lib]       Link against system library (only if actually used)
  -needed-l[lib],                Link against system library (even if unused)
    --needed-library [lib]
  -weak-l[lib]                   link against system library marking it and all
    -weak_library [lib]          referenced symbols as weak
  -L[d], --library-directory [d] Add a directory to the library search path
  -search_paths_first            For each library search path, check for dynamic
                                 lib then static lib before proceeding to next path.
  -search_paths_first_static     For each library search path, check for static
                                 lib then dynamic lib before proceeding to next path.
  -search_dylibs_first           Search for dynamic libs in all library search
                                 paths, then static libs.
  -search_static_first           Search for static libs in all library search
                                 paths, then dynamic libs.
  -search_dylibs_only            Only search for dynamic libs.
  -search_static_only            Only search for static libs.
  -rpath [path]                  Add directory to the runtime library search path
  -framework [name]              (Darwin) link against framework
  -needed_framework [name]       (Darwin) link against framework (even if unused)
  -needed_library [lib]          (Darwin) link against system library (even if unused)
  -weak_framework [name]         (Darwin) link against framework and mark it and all referenced symbols as weak
  -F[dir]                        (Darwin) add search path for frameworks
  --export=[value]               (WebAssembly) Force a symbol to be exported

Test Options:
  --test-filter [text]           Skip tests that do not match any filter
  --test-cmd [arg]               Specify test execution command one arg at a time
  --test-cmd-bin                 Appends test binary path to test cmd args
  --test-no-exec                 Compiles test binary without running it
  --test-runner [path]           Specify a custom test runner
  --test-execve                  Runs the test binary with execve if available instead of as a child process

Debug Options (Zig Compiler Development):
  -fopt-bisect-limit=[limit]   Only run [limit] first LLVM optimization passes
  -fstack-report               Print stack size diagnostics
  --verbose-link               Display linker invocations
  --verbose-cc                 Display C compiler invocations
  --verbose-air                Enable compiler debug output for Zig AIR
  --verbose-intern-pool        Enable compiler debug output for InternPool
  --verbose-generic-instances  Enable compiler debug output for generic instance generation
  --verbose-llvm-ir[=path]     Enable compiler debug output for unoptimized LLVM IR
  --verbose-llvm-bc=[path]     Enable compiler debug output for unoptimized LLVM BC
  --verbose-cimport            Enable compiler debug output for C imports
  --verbose-llvm-cpu-features  Enable compiler debug output for LLVM CPU features
  --debug-log [scope]          Enable printing debug/info log messages for scope
  --debug-compile-errors       Crash with helpful diagnostics at the first compile error
  --debug-link-snapshot        Dump linker state and output file information for troubleshooting
  --debug-rt[=mode]            Build compiler runtime libraries with [mode] optimization
                               (debug if [=mode] is omitted)
  --debug-incremental          Enable incremental compilation debug features
RESULT {"executable":"C:\\src\\fairpane\\.tools\\zig\\0.18.0-dev.120+9fe22a29b\\x86_64-windows\\zig.exe","arguments":["build-lib","--help"],"cwd":"C:\\src\\fairpane","started_at":"2026-10-09T12:14:23.089Z","exit_code":0,"signal":null,"timed_out":false,"error":null,"duration_ms":13}
