Fairpane local gate: c-abi
Trust: unsigned-local-integrity-only

COMMAND ["C:\\src\\fairpane\\.tools\\zig\\0.18.0-dev.120+9fe22a29b\\x86_64-windows\\zig.exe","build","--prefix","C:\\src\\fairpane\\out\\c-abi-build"]
RESULT {"executable":"C:\\src\\fairpane\\.tools\\zig\\0.18.0-dev.120+9fe22a29b\\x86_64-windows\\zig.exe","arguments":["build","--prefix","C:\\src\\fairpane\\out\\c-abi-build"],"cwd":"C:\\src\\fairpane","started_at":"2026-10-09T20:39:04.049Z","exit_code":0,"signal":null,"timed_out":false,"error":null,"duration_ms":87,"environment_overrides":{"ZIG_GLOBAL_CACHE_DIR":"C:\\src\\fairpane\\.zig-cache\\global"}}

COMMAND ["C:\\nvm4w\\nodejs\\node.exe","C:\\src\\fairpane\\tools\\fairpane.mjs","abi-exports","out/c-abi-build/lib/fairpane.lib"]
{
  "result": "pass",
  "schema": "api/fairpane.schema.json",
  "library": "out/c-abi-build/lib/fairpane.lib",
  "exports": 15
}
RESULT {"executable":"C:\\nvm4w\\nodejs\\node.exe","arguments":["C:\\src\\fairpane\\tools\\fairpane.mjs","abi-exports","out/c-abi-build/lib/fairpane.lib"],"cwd":"C:\\src\\fairpane","started_at":"2026-10-09T20:39:04.136Z","exit_code":0,"signal":null,"timed_out":false,"error":null,"duration_ms":52,"environment_overrides":{"ZIG_GLOBAL_CACHE_DIR":"C:\\src\\fairpane\\.zig-cache\\global"}}

COMMAND ["C:\\src\\fairpane\\.tools\\zig\\0.18.0-dev.120+9fe22a29b\\x86_64-windows\\zig.exe","cc","-std=c11","-Wall","-Wextra","-Werror","tests/c/abi_smoke.c","-Iinclude","C:\\src\\fairpane\\out\\c-abi-build\\lib\\fairpane.lib","-o","C:\\src\\fairpane\\out\\c-abi-smoke.exe"]
RESULT {"executable":"C:\\src\\fairpane\\.tools\\zig\\0.18.0-dev.120+9fe22a29b\\x86_64-windows\\zig.exe","arguments":["cc","-std=c11","-Wall","-Wextra","-Werror","tests/c/abi_smoke.c","-Iinclude","C:\\src\\fairpane\\out\\c-abi-build\\lib\\fairpane.lib","-o","C:\\src\\fairpane\\out\\c-abi-smoke.exe"],"cwd":"C:\\src\\fairpane","started_at":"2026-10-09T20:39:04.188Z","exit_code":0,"signal":null,"timed_out":false,"error":null,"duration_ms":500,"environment_overrides":{"ZIG_GLOBAL_CACHE_DIR":"C:\\src\\fairpane\\.zig-cache\\global"}}

COMMAND ["C:\\src\\fairpane\\out\\c-abi-smoke.exe"]
RESULT {"executable":"C:\\src\\fairpane\\out\\c-abi-smoke.exe","arguments":[],"cwd":"C:\\src\\fairpane","started_at":"2026-10-09T20:39:04.689Z","exit_code":0,"signal":null,"timed_out":false,"error":null,"duration_ms":43,"environment_overrides":{"ZIG_GLOBAL_CACHE_DIR":"C:\\src\\fairpane\\.zig-cache\\global"}}

COMMAND ["C:\\src\\fairpane\\.tools\\zig\\0.18.0-dev.120+9fe22a29b\\x86_64-windows\\zig.exe","build","-Doptimize=ReleaseSafe","--prefix","C:\\src\\fairpane\\out\\c-abi-release"]
RESULT {"executable":"C:\\src\\fairpane\\.tools\\zig\\0.18.0-dev.120+9fe22a29b\\x86_64-windows\\zig.exe","arguments":["build","-Doptimize=ReleaseSafe","--prefix","C:\\src\\fairpane\\out\\c-abi-release"],"cwd":"C:\\src\\fairpane","started_at":"2026-10-09T20:39:04.732Z","exit_code":0,"signal":null,"timed_out":false,"error":null,"duration_ms":3245,"environment_overrides":{"ZIG_GLOBAL_CACHE_DIR":"C:\\src\\fairpane\\.zig-cache\\global"}}

COMMAND ["C:\\nvm4w\\nodejs\\node.exe","C:\\src\\fairpane\\tools\\fairpane.mjs","abi-exports","out/c-abi-release/lib/fairpane.lib"]
{
  "result": "pass",
  "schema": "api/fairpane.schema.json",
  "library": "out/c-abi-release/lib/fairpane.lib",
  "exports": 15
}
RESULT {"executable":"C:\\nvm4w\\nodejs\\node.exe","arguments":["C:\\src\\fairpane\\tools\\fairpane.mjs","abi-exports","out/c-abi-release/lib/fairpane.lib"],"cwd":"C:\\src\\fairpane","started_at":"2026-10-09T20:39:07.978Z","exit_code":0,"signal":null,"timed_out":false,"error":null,"duration_ms":64,"environment_overrides":{"ZIG_GLOBAL_CACHE_DIR":"C:\\src\\fairpane\\.zig-cache\\global"}}
